[INFO] [2024-11-29 12:04:00:169] [api.js]: - CheckAbuseipAttacker.mjs loading successfully
[INFO] [2024-11-29 12:04:00:171] [api.js]: - CheckTokenEndpointAuth.mjs loading successfully
[INFO] [2024-11-29 12:04:00:173] [api.js]: - ControlUserPermissionToken.mjs loading successfully
[INFO] [2024-11-29 12:04:00:173] [api.js]: - DecisionRepetiteAttackRequest.mjs loading successfully
[INFO] [2024-11-29 12:04:00:174] [api.js]: - GetActiveRepetiteAttackRequest.mjs loading successfully
[INFO] [2024-11-29 12:04:00:175] [api.js]: - GetAllServerInfo.mjs loading successfully
[INFO] [2024-11-29 12:04:00:177] [api.js]: - GetBatchHealth.mjs loading successfully
[INFO] [2024-11-29 12:04:00:178] [api.js]: - GetEndpoints.mjs loading successfully
[INFO] [2024-11-29 12:04:00:179] [api.js]: - GetPermissionToken.mjs loading successfully
[INFO] [2024-11-29 12:04:00:180] [api.js]: - GetServerInfo.mjs loading successfully
[INFO] [2024-11-29 12:04:00:182] [api.js]: - GetUserService.mjs loading successfully
[INFO] [2024-11-29 12:04:00:184] [api.js]: - GetUserWithEmail.mjs loading successfully
[INFO] [2024-11-29 12:04:00:186] [api.js]: - GetUserWithUserId.mjs loading successfully
[INFO] [2024-11-29 12:04:00:188] [api.js]: - LoginService.mjs loading successfully
[INFO] [2024-11-29 12:04:00:190] [api.js]: - LogoutService.mjs loading successfully
[INFO] [2024-11-29 12:04:00:191] [api.js]: - SaveApiLog.mjs loading successfully
[INFO] [2024-11-29 12:04:00:193] [api.js]: - SaveRepetiteAttackRequest.mjs loading successfully
[INFO] [2024-11-29 12:04:00:194] [api.js]: - SaveServerInfo.mjs loading successfully
[INFO] [2024-11-29 12:04:00:195] [api.js]: - UpdatePermissionToken.mjs loading successfully
[INFO] [2024-11-29 12:04:00:197] [api.js]: - UpdateRepetiteAttackRequest.mjs loading successfully
[INFO] [2024-11-29 12:04:00:198] [api.js]: - UpdateUserService.mjs loading successfully
[INFO] [2024-11-29 12:04:00:203] [api.js]: - DashboardApi.mjs loading successfully
[INFO] [2024-11-29 12:04:00:204] [api.js]: - GetBatchInfo.mjs loading successfully
[INFO] [2024-11-29 12:04:00:205] [api.js]: - GetPocketLog.mjs loading successfully
[INFO] [2024-11-29 12:04:00:210] [api.js]: - UpdateExchangeRate.mjs loading successfully
[INFO] [2024-11-29 12:04:00:216] [api.js]: - CheckOtpAndAccountActivate.mjs loading successfully
[INFO] [2024-11-29 12:04:00:218] [api.js]: - GetUserWithEmail.mjs loading successfully
[INFO] [2024-11-29 12:04:00:219] [api.js]: - LoginService.mjs loading successfully
[INFO] [2024-11-29 12:04:00:220] [api.js]: - PasswordResetSendOTP.mjs loading successfully
[INFO] [2024-11-29 12:04:00:221] [api.js]: - SaveUserService.mjs loading successfully
[INFO] [2024-11-29 12:04:00:222] [api.js]: - SignUpService.mjs loading successfully
[INFO] [2024-11-29 12:04:00:224] [api.js]: - UpdateUserWithEmail.mjs loading successfully
[INFO] [2024-11-29 12:04:00:227] [api.js]: - GetAccount.mjs loading successfully
[INFO] [2024-11-29 12:04:00:228] [api.js]: - Login.mjs loading successfully
[INFO] [2024-11-29 12:04:00:234] [api.js]: - CheckOTP.mjs loading successfully
[INFO] [2024-11-29 12:04:00:235] [api.js]: - CheckTOKEN.mjs loading successfully
[INFO] [2024-11-29 12:04:00:236] [api.js]: - GenerateOTP.mjs loading successfully
[INFO] [2024-11-29 12:04:00:238] [api.js]: - GetOTP.mjs loading successfully
[INFO] [2024-11-29 12:04:00:239] [api.js]: - GetTOKEN.mjs loading successfully
[INFO] [2024-11-29 12:04:00:241] [api.js]: - ITReportSender.mjs loading successfully
[INFO] [2024-11-29 12:04:00:242] [api.js]: - SaveOTP.mjs loading successfully
[INFO] [2024-11-29 12:04:00:243] [api.js]: - SendEmailActivation.mjs loading successfully
[INFO] [2024-11-29 12:04:00:243] [api.js]: - SendNotificationCode.mjs loading successfully
[INFO] [2024-11-29 12:04:00:244] [api.js]: - SendOTP.mjs loading successfully
[INFO] [2024-11-29 12:04:00:246] [api.js]: - SendResumeMail.mjs loading successfully
[INFO] [2024-11-29 12:04:00:247] [api.js]: - SendResumeMailForSuspicious.mjs loading successfully
[INFO] [2024-11-29 12:04:00:248] [api.js]: - UpdateOTP.mjs loading successfully
[INFO] [2024-11-29 12:04:00:250] [api.js]: - ValidateVerifyEmailToken.mjs loading successfully
[INFO] [2024-11-29 12:04:00:255] [api.js]: - GetBatchJobs.mjs loading successfully
[INFO] [2024-11-29 12:04:00:256] [api.js]: - GetBatchJobWithParameter.mjs loading successfully
[INFO] [2024-11-29 12:04:00:257] [api.js]: - GetSecret.mjs loading successfully
[INFO] [2024-11-29 12:04:00:258] [api.js]: - SaveBatchJobs.mjs loading successfully
[INFO] [2024-11-29 12:04:00:259] [api.js]: - SaveServiceInfo.mjs loading successfully
[INFO] [2024-11-29 12:04:00:261] [api.js]: - UpdateBatchJob.mjs loading successfully
[INFO] [2024-11-29 12:04:00:265] [api.js]: - AnalysisAndReportBatch.mjs loading successfully
[INFO] [2024-11-29 12:04:00:266] [api.js]: - APIQueryResume.mjs loading successfully
[INFO] [2024-11-29 12:04:00:267] [api.js]: - DecisionResumeEntry.mjs loading successfully
[INFO] [2024-11-29 12:04:00:269] [api.js]: - FindIpContext.mjs loading successfully
[INFO] [2024-11-29 12:04:00:270] [api.js]: - GetBatchCounter.mjs loading successfully
[INFO] [2024-11-29 12:04:00:272] [api.js]: - GetCounter.mjs loading successfully
[INFO] [2024-11-29 12:04:00:273] [api.js]: - GetResumeData.mjs loading successfully
[INFO] [2024-11-29 12:04:00:274] [api.js]: - QueryDecisionResume.mjs loading successfully
[INFO] [2024-11-29 12:04:00:275] [api.js]: - SaveDecisionResume.mjs loading successfully
[INFO] [2024-11-29 12:04:00:276] [api.js]: - SaveMail.mjs loading successfully
[INFO] [2024-11-29 12:04:00:277] [api.js]: - SearchMail.mjs loading successfully
[INFO] [2024-11-29 12:04:00:278] [api.js]: - UpdateBatchCounter.mjs loading successfully
[INFO] [2024-11-29 12:04:00:280] [api.js]: - UpdateCounter.mjs loading successfully
[INFO] [2024-11-29 12:04:00:281] [api.js]: - UpdateDecisionResume.mjs loading successfully
[INFO] [2024-11-29 12:04:00:282] [api.js]: - VerifyCaptcha.mjs loading successfully
[INFO] [2024-11-29 12:04:00:287] [api.js]: - CeyrekAltinBatch.mjs loading successfully
[INFO] [2024-11-29 12:04:00:289] [api.js]: - DovizKurlariBatch.mjs loading successfully
[INFO] [2024-11-29 12:04:00:291] [api.js]: - GetCurrencyWithName.mjs loading successfully
[INFO] [2024-11-29 12:04:00:292] [api.js]: - UpdateCurrency.mjs loading successfully
[INFO] [2024-11-29 12:04:00:295] [api.js]: - HtmlTemplateTest.mjs loading successfully
[INFO] [2024-11-29 12:04:00:301] [api.js]: - GenerateToken.mjs loading successfully
[INFO] [2024-11-29 12:04:00:306] [api.js]: - GenerateUniqueID.mjs loading successfully
[INFO] [2024-11-29 12:04:00:307] [api.js]: - IpService.mjs loading successfully
[INFO] [2024-11-29 12:04:00:310] [api.js]:
Success process: 77
Fail process: 0
Total Modules: 12
Total Service: 77
[INFO] [2024-11-29 12:04:00:313] [api.js]:
Module and service static check has been completed successfully.
[INFO] [2024-11-29 12:04:00:398] [PocketService.js]: Trigger : SaveServerInfo
[INFO] [2024-11-29 12:04:00:402] [PocketService.js]: Trigger : GetServerInfo
[INFO] [2024-11-29 12:04:00:497] [unknown]: Server is started on port 3000
[REQUEST] [2024-11-29 12:04:02:366] [api.js]:
                                   [MODULE]       : Admpanel
                                   [SERVICE]      : GetPocketLog
                                   [ENDPOINT]     : adm-pocket-log
                                   [METHOD]       : GET
                                   [X-USER-TOKEN] : 65d78580994151d94460ea1f
                                   [IP]           : ::1
[INFO] [2024-11-29 12:04:02:375] [PocketService.js]: Trigger : ControlUserPermissionToken
[INFO] [2024-11-29 12:04:02:380] [PocketService.js]: Trigger : GetPermissionToken
[INFO] [2024-11-29 12:04:02:397] [PocketService.js]: Trigger : UpdatePermissionToken
[INFO] [2024-11-29 12:04:02:460] [PocketService.js]: Trigger : GetPocketLog
[ERROR] [2024-11-29 12:04:02:463] [GetPocketLog.mjs]: GetPocketLog servisinde hata meydana geldi."ReferenceError: path is not defined
undefined
[INFO] [2024-11-29 12:04:02:474] [PocketService.js]: Trigger : SaveApiLog
[ERROR] [2024-11-29 12:04:56:069] [unknown]: SIGINT signal received. The application is shutting down.
Error
[INFO] [2024-11-29 12:04:57:324] [api.js]: - CheckAbuseipAttacker.mjs loading successfully
[INFO] [2024-11-29 12:04:57:326] [api.js]: - CheckTokenEndpointAuth.mjs loading successfully
[INFO] [2024-11-29 12:04:57:328] [api.js]: - ControlUserPermissionToken.mjs loading successfully
[INFO] [2024-11-29 12:04:57:330] [api.js]: - DecisionRepetiteAttackRequest.mjs loading successfully
[INFO] [2024-11-29 12:04:57:332] [api.js]: - GetActiveRepetiteAttackRequest.mjs loading successfully
[INFO] [2024-11-29 12:04:57:333] [api.js]: - GetAllServerInfo.mjs loading successfully
[INFO] [2024-11-29 12:04:57:335] [api.js]: - GetBatchHealth.mjs loading successfully
[INFO] [2024-11-29 12:04:57:338] [api.js]: - GetEndpoints.mjs loading successfully
[INFO] [2024-11-29 12:04:57:339] [api.js]: - GetPermissionToken.mjs loading successfully
[INFO] [2024-11-29 12:04:57:341] [api.js]: - GetServerInfo.mjs loading successfully
[INFO] [2024-11-29 12:04:57:342] [api.js]: - GetUserService.mjs loading successfully
[INFO] [2024-11-29 12:04:57:344] [api.js]: - GetUserWithEmail.mjs loading successfully
[INFO] [2024-11-29 12:04:57:347] [api.js]: - GetUserWithUserId.mjs loading successfully
[INFO] [2024-11-29 12:04:57:348] [api.js]: - LoginService.mjs loading successfully
[INFO] [2024-11-29 12:04:57:349] [api.js]: - LogoutService.mjs loading successfully
[INFO] [2024-11-29 12:04:57:351] [api.js]: - SaveApiLog.mjs loading successfully
[INFO] [2024-11-29 12:04:57:352] [api.js]: - SaveRepetiteAttackRequest.mjs loading successfully
[INFO] [2024-11-29 12:04:57:353] [api.js]: - SaveServerInfo.mjs loading successfully
[INFO] [2024-11-29 12:04:57:355] [api.js]: - UpdatePermissionToken.mjs loading successfully
[INFO] [2024-11-29 12:04:57:357] [api.js]: - UpdateRepetiteAttackRequest.mjs loading successfully
[INFO] [2024-11-29 12:04:57:358] [api.js]: - UpdateUserService.mjs loading successfully
[INFO] [2024-11-29 12:04:57:362] [api.js]: - DashboardApi.mjs loading successfully
[INFO] [2024-11-29 12:04:57:366] [api.js]: - GetBatchInfo.mjs loading successfully
[INFO] [2024-11-29 12:04:57:368] [api.js]: - GetPocketLog.mjs loading successfully
[INFO] [2024-11-29 12:04:57:374] [api.js]: - UpdateExchangeRate.mjs loading successfully
[INFO] [2024-11-29 12:04:57:378] [api.js]: - CheckOtpAndAccountActivate.mjs loading successfully
[INFO] [2024-11-29 12:04:57:380] [api.js]: - GetUserWithEmail.mjs loading successfully
[INFO] [2024-11-29 12:04:57:381] [api.js]: - LoginService.mjs loading successfully
[INFO] [2024-11-29 12:04:57:382] [api.js]: - PasswordResetSendOTP.mjs loading successfully
[INFO] [2024-11-29 12:04:57:383] [api.js]: - SaveUserService.mjs loading successfully
[INFO] [2024-11-29 12:04:57:384] [api.js]: - SignUpService.mjs loading successfully
[INFO] [2024-11-29 12:04:57:385] [api.js]: - UpdateUserWithEmail.mjs loading successfully
[INFO] [2024-11-29 12:04:57:390] [api.js]: - GetAccount.mjs loading successfully
[INFO] [2024-11-29 12:04:57:391] [api.js]: - Login.mjs loading successfully
[INFO] [2024-11-29 12:04:57:396] [api.js]: - CheckOTP.mjs loading successfully
[INFO] [2024-11-29 12:04:57:397] [api.js]: - CheckTOKEN.mjs loading successfully
[INFO] [2024-11-29 12:04:57:398] [api.js]: - GenerateOTP.mjs loading successfully
[INFO] [2024-11-29 12:04:57:399] [api.js]: - GetOTP.mjs loading successfully
[INFO] [2024-11-29 12:04:57:400] [api.js]: - GetTOKEN.mjs loading successfully
[INFO] [2024-11-29 12:04:57:401] [api.js]: - ITReportSender.mjs loading successfully
[INFO] [2024-11-29 12:04:57:402] [api.js]: - SaveOTP.mjs loading successfully
[INFO] [2024-11-29 12:04:57:403] [api.js]: - SendEmailActivation.mjs loading successfully
[INFO] [2024-11-29 12:04:57:404] [api.js]: - SendNotificationCode.mjs loading successfully
[INFO] [2024-11-29 12:04:57:406] [api.js]: - SendOTP.mjs loading successfully
[INFO] [2024-11-29 12:04:57:407] [api.js]: - SendResumeMail.mjs loading successfully
[INFO] [2024-11-29 12:04:57:408] [api.js]: - SendResumeMailForSuspicious.mjs loading successfully
[INFO] [2024-11-29 12:04:57:409] [api.js]: - UpdateOTP.mjs loading successfully
[INFO] [2024-11-29 12:04:57:410] [api.js]: - ValidateVerifyEmailToken.mjs loading successfully
[INFO] [2024-11-29 12:04:57:415] [api.js]: - GetBatchJobs.mjs loading successfully
[INFO] [2024-11-29 12:04:57:416] [api.js]: - GetBatchJobWithParameter.mjs loading successfully
[INFO] [2024-11-29 12:04:57:417] [api.js]: - GetSecret.mjs loading successfully
[INFO] [2024-11-29 12:04:57:418] [api.js]: - SaveBatchJobs.mjs loading successfully
[INFO] [2024-11-29 12:04:57:419] [api.js]: - SaveServiceInfo.mjs loading successfully
[INFO] [2024-11-29 12:04:57:420] [api.js]: - UpdateBatchJob.mjs loading successfully
[INFO] [2024-11-29 12:04:57:424] [api.js]: - AnalysisAndReportBatch.mjs loading successfully
[INFO] [2024-11-29 12:04:57:426] [api.js]: - APIQueryResume.mjs loading successfully
[INFO] [2024-11-29 12:04:57:427] [api.js]: - DecisionResumeEntry.mjs loading successfully
[INFO] [2024-11-29 12:04:57:429] [api.js]: - FindIpContext.mjs loading successfully
[INFO] [2024-11-29 12:04:57:430] [api.js]: - GetBatchCounter.mjs loading successfully
[INFO] [2024-11-29 12:04:57:432] [api.js]: - GetCounter.mjs loading successfully
[INFO] [2024-11-29 12:04:57:433] [api.js]: - GetResumeData.mjs loading successfully
[INFO] [2024-11-29 12:04:57:434] [api.js]: - QueryDecisionResume.mjs loading successfully
[INFO] [2024-11-29 12:04:57:434] [api.js]: - SaveDecisionResume.mjs loading successfully
[INFO] [2024-11-29 12:04:57:435] [api.js]: - SaveMail.mjs loading successfully
[INFO] [2024-11-29 12:04:57:437] [api.js]: - SearchMail.mjs loading successfully
[INFO] [2024-11-29 12:04:57:438] [api.js]: - UpdateBatchCounter.mjs loading successfully
[INFO] [2024-11-29 12:04:57:439] [api.js]: - UpdateCounter.mjs loading successfully
[INFO] [2024-11-29 12:04:57:441] [api.js]: - UpdateDecisionResume.mjs loading successfully
[INFO] [2024-11-29 12:04:57:442] [api.js]: - VerifyCaptcha.mjs loading successfully
[INFO] [2024-11-29 12:04:57:447] [api.js]: - CeyrekAltinBatch.mjs loading successfully
[INFO] [2024-11-29 12:04:57:448] [api.js]: - DovizKurlariBatch.mjs loading successfully
[INFO] [2024-11-29 12:04:57:449] [api.js]: - GetCurrencyWithName.mjs loading successfully
[INFO] [2024-11-29 12:04:57:450] [api.js]: - UpdateCurrency.mjs loading successfully
[INFO] [2024-11-29 12:04:57:454] [api.js]: - HtmlTemplateTest.mjs loading successfully
[INFO] [2024-11-29 12:04:57:459] [api.js]: - GenerateToken.mjs loading successfully
[INFO] [2024-11-29 12:04:57:464] [api.js]: - GenerateUniqueID.mjs loading successfully
[INFO] [2024-11-29 12:04:57:465] [api.js]: - IpService.mjs loading successfully
[INFO] [2024-11-29 12:04:57:467] [api.js]:
Success process: 77
Fail process: 0
Total Modules: 12
Total Service: 77
[INFO] [2024-11-29 12:04:57:470] [api.js]:
Module and service static check has been completed successfully.
[INFO] [2024-11-29 12:04:57:540] [PocketService.js]: Trigger : SaveServerInfo
[INFO] [2024-11-29 12:04:57:544] [PocketService.js]: Trigger : GetServerInfo
[INFO] [2024-11-29 12:04:57:634] [unknown]: Server is started on port 3000
[REQUEST] [2024-11-29 12:05:01:721] [api.js]:
                                   [MODULE]       : Admpanel
                                   [SERVICE]      : GetPocketLog
                                   [ENDPOINT]     : adm-pocket-log
                                   [METHOD]       : GET
                                   [X-USER-TOKEN] : 65d78580994151d94460ea1f
                                   [IP]           : ::1
[INFO] [2024-11-29 12:05:01:728] [PocketService.js]: Trigger : ControlUserPermissionToken
[INFO] [2024-11-29 12:05:01:733] [PocketService.js]: Trigger : GetPermissionToken
[INFO] [2024-11-29 12:05:01:759] [PocketService.js]: Trigger : UpdatePermissionToken
[INFO] [2024-11-29 12:05:01:786] [PocketService.js]: Trigger : GetPocketLog
[INFO] [2024-11-29 12:05:01:815] [PocketService.js]: Trigger : SaveApiLog
[ERROR] [2024-11-29 12:08:43:282] [unknown]: SIGINT signal received. The application is shutting down.
Error
[INFO] [2024-11-29 12:09:02:471] [api.js]: - CheckAbuseipAttacker.mjs loading successfully
[INFO] [2024-11-29 12:09:02:474] [api.js]: - CheckTokenEndpointAuth.mjs loading successfully
[INFO] [2024-11-29 12:09:02:476] [api.js]: - ControlUserPermissionToken.mjs loading successfully
[INFO] [2024-11-29 12:09:02:478] [api.js]: - DecisionRepetiteAttackRequest.mjs loading successfully
[INFO] [2024-11-29 12:09:02:483] [api.js]: - GetActiveRepetiteAttackRequest.mjs loading successfully
[INFO] [2024-11-29 12:09:02:485] [api.js]: - GetAllServerInfo.mjs loading successfully
[INFO] [2024-11-29 12:09:02:488] [api.js]: - GetBatchHealth.mjs loading successfully
[INFO] [2024-11-29 12:09:02:490] [api.js]: - GetEndpoints.mjs loading successfully
[INFO] [2024-11-29 12:09:02:492] [api.js]: - GetPermissionToken.mjs loading successfully
[INFO] [2024-11-29 12:09:02:496] [api.js]: - GetServerInfo.mjs loading successfully
[INFO] [2024-11-29 12:09:02:500] [api.js]: - GetUserService.mjs loading successfully
[INFO] [2024-11-29 12:09:02:502] [api.js]: - GetUserWithEmail.mjs loading successfully
[INFO] [2024-11-29 12:09:02:505] [api.js]: - GetUserWithUserId.mjs loading successfully
[INFO] [2024-11-29 12:09:02:508] [api.js]: - LoginService.mjs loading successfully
[INFO] [2024-11-29 12:09:02:510] [api.js]: - LogoutService.mjs loading successfully
[INFO] [2024-11-29 12:09:02:513] [api.js]: - SaveApiLog.mjs loading successfully
[INFO] [2024-11-29 12:09:02:516] [api.js]: - SaveRepetiteAttackRequest.mjs loading successfully
[INFO] [2024-11-29 12:09:02:519] [api.js]: - SaveServerInfo.mjs loading successfully
[INFO] [2024-11-29 12:09:02:520] [api.js]: - UpdatePermissionToken.mjs loading successfully
[INFO] [2024-11-29 12:09:02:521] [api.js]: - UpdateRepetiteAttackRequest.mjs loading successfully
[INFO] [2024-11-29 12:09:02:524] [api.js]: - UpdateUserService.mjs loading successfully
[INFO] [2024-11-29 12:09:02:529] [api.js]: - DashboardApi.mjs loading successfully
[INFO] [2024-11-29 12:09:02:532] [api.js]: - GetBatchInfo.mjs loading successfully
[INFO] [2024-11-29 12:09:02:533] [api.js]: - GetPocketLog.mjs loading successfully
[INFO] [2024-11-29 12:09:02:539] [api.js]: - UpdateExchangeRate.mjs loading successfully
[INFO] [2024-11-29 12:09:02:544] [api.js]: - CheckOtpAndAccountActivate.mjs loading successfully
[INFO] [2024-11-29 12:09:02:545] [api.js]: - GetUserWithEmail.mjs loading successfully
[INFO] [2024-11-29 12:09:02:547] [api.js]: - LoginService.mjs loading successfully
[INFO] [2024-11-29 12:09:02:548] [api.js]: - PasswordResetSendOTP.mjs loading successfully
[INFO] [2024-11-29 12:09:02:550] [api.js]: - SaveUserService.mjs loading successfully
[INFO] [2024-11-29 12:09:02:551] [api.js]: - SignUpService.mjs loading successfully
[INFO] [2024-11-29 12:09:02:553] [api.js]: - UpdateUserWithEmail.mjs loading successfully
[INFO] [2024-11-29 12:09:02:558] [api.js]: - GetAccount.mjs loading successfully
[INFO] [2024-11-29 12:09:02:559] [api.js]: - Login.mjs loading successfully
[INFO] [2024-11-29 12:09:02:565] [api.js]: - CheckOTP.mjs loading successfully
[INFO] [2024-11-29 12:09:02:567] [api.js]: - CheckTOKEN.mjs loading successfully
[INFO] [2024-11-29 12:09:02:568] [api.js]: - GenerateOTP.mjs loading successfully
[INFO] [2024-11-29 12:09:02:570] [api.js]: - GetOTP.mjs loading successfully
[INFO] [2024-11-29 12:09:02:572] [api.js]: - GetTOKEN.mjs loading successfully
[INFO] [2024-11-29 12:09:02:573] [api.js]: - ITReportSender.mjs loading successfully
[INFO] [2024-11-29 12:09:02:575] [api.js]: - SaveOTP.mjs loading successfully
[INFO] [2024-11-29 12:09:02:576] [api.js]: - SendEmailActivation.mjs loading successfully
[INFO] [2024-11-29 12:09:02:577] [api.js]: - SendNotificationCode.mjs loading successfully
[INFO] [2024-11-29 12:09:02:579] [api.js]: - SendOTP.mjs loading successfully
[INFO] [2024-11-29 12:09:02:581] [api.js]: - SendResumeMail.mjs loading successfully
[INFO] [2024-11-29 12:09:02:582] [api.js]: - SendResumeMailForSuspicious.mjs loading successfully
[INFO] [2024-11-29 12:09:02:584] [api.js]: - UpdateOTP.mjs loading successfully
[INFO] [2024-11-29 12:09:02:585] [api.js]: - ValidateVerifyEmailToken.mjs loading successfully
[INFO] [2024-11-29 12:09:02:590] [api.js]: - GetBatchJobs.mjs loading successfully
[INFO] [2024-11-29 12:09:02:591] [api.js]: - GetBatchJobWithParameter.mjs loading successfully
[INFO] [2024-11-29 12:09:02:593] [api.js]: - GetSecret.mjs loading successfully
[INFO] [2024-11-29 12:09:02:594] [api.js]: - SaveBatchJobs.mjs loading successfully
[INFO] [2024-11-29 12:09:02:596] [api.js]: - SaveServiceInfo.mjs loading successfully
[INFO] [2024-11-29 12:09:02:597] [api.js]: - UpdateBatchJob.mjs loading successfully
[INFO] [2024-11-29 12:09:02:603] [api.js]: - AnalysisAndReportBatch.mjs loading successfully
[INFO] [2024-11-29 12:09:02:604] [api.js]: - APIQueryResume.mjs loading successfully
[INFO] [2024-11-29 12:09:02:605] [api.js]: - DecisionResumeEntry.mjs loading successfully
[INFO] [2024-11-29 12:09:02:608] [api.js]: - FindIpContext.mjs loading successfully
[INFO] [2024-11-29 12:09:02:609] [api.js]: - GetBatchCounter.mjs loading successfully
[INFO] [2024-11-29 12:09:02:610] [api.js]: - GetCounter.mjs loading successfully
[INFO] [2024-11-29 12:09:02:612] [api.js]: - GetResumeData.mjs loading successfully
[INFO] [2024-11-29 12:09:02:613] [api.js]: - QueryDecisionResume.mjs loading successfully
[INFO] [2024-11-29 12:09:02:614] [api.js]: - SaveDecisionResume.mjs loading successfully
[INFO] [2024-11-29 12:09:02:616] [api.js]: - SaveMail.mjs loading successfully
[INFO] [2024-11-29 12:09:02:617] [api.js]: - SearchMail.mjs loading successfully
[INFO] [2024-11-29 12:09:02:619] [api.js]: - UpdateBatchCounter.mjs loading successfully
[INFO] [2024-11-29 12:09:02:621] [api.js]: - UpdateCounter.mjs loading successfully
[INFO] [2024-11-29 12:09:02:622] [api.js]: - UpdateDecisionResume.mjs loading successfully
[INFO] [2024-11-29 12:09:02:624] [api.js]: - VerifyCaptcha.mjs loading successfully
[INFO] [2024-11-29 12:09:02:628] [api.js]: - CeyrekAltinBatch.mjs loading successfully
[INFO] [2024-11-29 12:09:02:630] [api.js]: - DovizKurlariBatch.mjs loading successfully
[INFO] [2024-11-29 12:09:02:632] [api.js]: - GetCurrencyWithName.mjs loading successfully
[INFO] [2024-11-29 12:09:02:633] [api.js]: - UpdateCurrency.mjs loading successfully
[INFO] [2024-11-29 12:09:02:639] [api.js]: - HtmlTemplateTest.mjs loading successfully
[INFO] [2024-11-29 12:09:02:643] [api.js]: - GenerateToken.mjs loading successfully
[INFO] [2024-11-29 12:09:02:650] [api.js]: - GenerateUniqueID.mjs loading successfully
[INFO] [2024-11-29 12:09:02:651] [api.js]: - IpService.mjs loading successfully
[INFO] [2024-11-29 12:09:02:655] [api.js]:
Success process: 77
Fail process: 0
Total Modules: 12
Total Service: 77
[INFO] [2024-11-29 12:09:02:658] [api.js]:
Module and service static check has been completed successfully.
[INFO] [2024-11-29 12:09:02:744] [PocketService.js]: Trigger : SaveServerInfo
[INFO] [2024-11-29 12:09:02:749] [PocketService.js]: Trigger : GetServerInfo
[INFO] [2024-11-29 12:09:02:854] [unknown]: Server is started on port 3000
[INFO] [2024-11-29 12:09:07:706] [PocketService.js]: Trigger : GetBatchJobs
[INFO] [2024-11-29 12:09:07:772] [batch.js]: Scrapper/CeyrekAltinBatch included in the job queue
[INFO] [2024-11-29 12:09:07:781] [batch.js]: ALL BATCHS PROCESSINGS SUCCESSFULL
[REQUEST] [2024-11-29 12:09:14:709] [api.js]:
                                   [MODULE]       : Admpanel
                                   [SERVICE]      : DashboardApi
                                   [ENDPOINT]     : adm-dashboard-info
                                   [METHOD]       : GET
                                   [X-USER-TOKEN] : 65d78580994151d94460ea1f
                                   [IP]           : ::1
[INFO] [2024-11-29 12:09:14:718] [PocketService.js]: Trigger : ControlUserPermissionToken
[INFO] [2024-11-29 12:09:14:723] [PocketService.js]: Trigger : GetPermissionToken
[INFO] [2024-11-29 12:09:14:750] [PocketService.js]: Trigger : UpdatePermissionToken
[INFO] [2024-11-29 12:09:14:799] [PocketService.js]: Trigger : DashboardApi
[INFO] [2024-11-29 12:09:14:821] [PocketService.js]: Trigger : GetEndpoints
[INFO] [2024-11-29 12:09:14:824] [PocketService.js]: Trigger : GetServerInfo
[INFO] [2024-11-29 12:09:14:845] [PocketService.js]: Trigger : GetBatchJobs
[INFO] [2024-11-29 12:09:14:875] [PocketService.js]: Trigger : GetAllServerInfo
[INFO] [2024-11-29 12:09:15:003] [PocketService.js]: Trigger : GetBatchHealth
[INFO] [2024-11-29 12:09:15:004] [GetBatchHealth.mjs]: GetBatchhealt servisinde info fırlatıldı
[INFO] [2024-11-29 12:09:15:022] [PocketService.js]: Trigger : GetPocketLog
[INFO] [2024-11-29 12:09:15:041] [DashboardApi.mjs]: Dashboard response:
[INFO] [2024-11-29 12:09:15:043] [DashboardApi.mjs]: [object Object]
[INFO] [2024-11-29 12:09:15:050] [PocketService.js]: Trigger : SaveApiLog
[INFO] [2024-11-29 12:10:00:159] [unknown]: [Scrapper/CeyrekAltinBatch] is running
[INFO] [2024-11-29 12:10:06:735] [CeyrekAltinBatch.mjs]: CeyrekAltin servisine girildi.
[INFO] [2024-11-29 12:10:07:107] [PocketService.js]: Trigger : GetCurrencyWithName
[INFO] [2024-11-29 12:10:07:148] [PocketService.js]: Trigger : UpdateCurrency
[INFO] [2024-11-29 12:10:07:161] [CeyrekAltinBatch.mjs]: Ceyrek altin kaydi güncellendi.
[INFO] [2024-11-29 12:10:07:162] [CeyrekAltinBatch.mjs]: Eski Deger: 4.991,00
[INFO] [2024-11-29 12:10:07:164] [CeyrekAltinBatch.mjs]: Yeni Deger: 4.993,00
[INFO] [2024-11-29 12:10:07:167] [PocketBatchManager.js]: [Scrapper/CeyrekAltinBatch] is terminate successfully
[REQUEST] [2024-11-29 12:10:34:844] [api.js]:
                                   [MODULE]       : Admpanel
                                   [SERVICE]      : DashboardApi
                                   [ENDPOINT]     : adm-dashboard-info
                                   [METHOD]       : GET
                                   [X-USER-TOKEN] : 65d78580994151d94460ea1f
                                   [IP]           : ::1
[INFO] [2024-11-29 12:10:34:848] [PocketService.js]: Trigger : ControlUserPermissionToken
[INFO] [2024-11-29 12:10:34:850] [PocketService.js]: Trigger : GetPermissionToken
[INFO] [2024-11-29 12:10:34:862] [PocketService.js]: Trigger : UpdatePermissionToken
[INFO] [2024-11-29 12:10:34:875] [PocketService.js]: Trigger : DashboardApi
[INFO] [2024-11-29 12:10:34:879] [PocketService.js]: Trigger : GetEndpoints
[INFO] [2024-11-29 12:10:34:881] [PocketService.js]: Trigger : GetServerInfo
[INFO] [2024-11-29 12:10:34:894] [PocketService.js]: Trigger : GetBatchJobs
[INFO] [2024-11-29 12:10:34:903] [PocketService.js]: Trigger : GetAllServerInfo
[INFO] [2024-11-29 12:10:35:058] [PocketService.js]: Trigger : GetBatchHealth
[INFO] [2024-11-29 12:10:35:059] [GetBatchHealth.mjs]: GetBatchhealt servisinde info fırlatıldı
[INFO] [2024-11-29 12:10:35:067] [PocketService.js]: Trigger : GetPocketLog
[INFO] [2024-11-29 12:10:35:100] [DashboardApi.mjs]: Dashboard response:
[INFO] [2024-11-29 12:10:35:101] [DashboardApi.mjs]: [object Object]
[INFO] [2024-11-29 12:10:35:107] [PocketService.js]: Trigger : SaveApiLog
[REQUEST] [2024-11-29 12:10:35:124] [api.js]:
                                   [MODULE]       : Admpanel
                                   [SERVICE]      : DashboardApi
                                   [ENDPOINT]     : adm-dashboard-info
                                   [METHOD]       : GET
                                   [X-USER-TOKEN] : 65d78580994151d94460ea1f
                                   [IP]           : ::1
[INFO] [2024-11-29 12:10:35:129] [PocketService.js]: Trigger : ControlUserPermissionToken
[INFO] [2024-11-29 12:10:35:131] [PocketService.js]: Trigger : GetPermissionToken
[INFO] [2024-11-29 12:10:35:140] [PocketService.js]: Trigger : UpdatePermissionToken
[INFO] [2024-11-29 12:10:35:153] [PocketService.js]: Trigger : DashboardApi
[INFO] [2024-11-29 12:10:35:155] [PocketService.js]: Trigger : GetEndpoints
[INFO] [2024-11-29 12:10:35:157] [PocketService.js]: Trigger : GetServerInfo
[INFO] [2024-11-29 12:10:35:171] [PocketService.js]: Trigger : GetBatchJobs
[INFO] [2024-11-29 12:10:35:182] [PocketService.js]: Trigger : GetAllServerInfo
[INFO] [2024-11-29 12:10:35:277] [PocketService.js]: Trigger : GetBatchHealth
[INFO] [2024-11-29 12:10:35:279] [GetBatchHealth.mjs]: GetBatchhealt servisinde info fırlatıldı
[INFO] [2024-11-29 12:10:35:288] [PocketService.js]: Trigger : GetPocketLog
[INFO] [2024-11-29 12:10:35:349] [DashboardApi.mjs]: Dashboard response:
[INFO] [2024-11-29 12:10:35:350] [DashboardApi.mjs]: [object Object]
[INFO] [2024-11-29 12:10:35:361] [PocketService.js]: Trigger : SaveApiLog
[INFO] [2024-11-29 12:11:00:362] [unknown]: [Scrapper/CeyrekAltinBatch] is running
[INFO] [2024-11-29 12:11:00:365] [CeyrekAltinBatch.mjs]: CeyrekAltin servisine girildi.
[INFO] [2024-11-29 12:11:00:496] [PocketService.js]: Trigger : GetCurrencyWithName
[INFO] [2024-11-29 12:11:00:505] [PocketService.js]: Trigger : UpdateCurrency
[INFO] [2024-11-29 12:11:00:520] [CeyrekAltinBatch.mjs]: Ceyrek altin kaydi güncellendi.
[INFO] [2024-11-29 12:11:00:521] [CeyrekAltinBatch.mjs]: Eski Deger: 4.993,00
[INFO] [2024-11-29 12:11:00:523] [CeyrekAltinBatch.mjs]: Yeni Deger: 4.995,00
[INFO] [2024-11-29 12:11:00:524] [PocketBatchManager.js]: [Scrapper/CeyrekAltinBatch] is terminate successfully
[REQUEST] [2024-11-29 12:12:30:839] [api.js]:
                                   [MODULE]       : Admpanel
                                   [SERVICE]      : DashboardApi
                                   [ENDPOINT]     : adm-dashboard-info
                                   [METHOD]       : GET
                                   [X-USER-TOKEN] : 65d78580994151d94460ea1f
                                   [IP]           : ::1
[INFO] [2024-11-29 12:12:30:843] [PocketService.js]: Trigger : ControlUserPermissionToken
[INFO] [2024-11-29 12:12:30:845] [PocketService.js]: Trigger : GetPermissionToken
[INFO] [2024-11-29 12:12:30:856] [PocketService.js]: Trigger : UpdatePermissionToken
[INFO] [2024-11-29 12:12:30:869] [PocketService.js]: Trigger : DashboardApi
[INFO] [2024-11-29 12:12:30:871] [PocketService.js]: Trigger : GetEndpoints
[INFO] [2024-11-29 12:12:30:873] [PocketService.js]: Trigger : GetServerInfo
[INFO] [2024-11-29 12:12:30:895] [PocketService.js]: Trigger : GetBatchJobs
[INFO] [2024-11-29 12:12:30:913] [PocketService.js]: Trigger : GetAllServerInfo
[INFO] [2024-11-29 12:12:31:060] [PocketService.js]: Trigger : GetBatchHealth
[INFO] [2024-11-29 12:12:31:061] [GetBatchHealth.mjs]: GetBatchhealt servisinde info fırlatıldı
[INFO] [2024-11-29 12:12:31:069] [PocketService.js]: Trigger : GetPocketLog
[INFO] [2024-11-29 12:12:31:099] [DashboardApi.mjs]: Dashboard response:
[INFO] [2024-11-29 12:12:31:100] [DashboardApi.mjs]: [object Object]
[INFO] [2024-11-29 12:12:31:108] [PocketService.js]: Trigger : SaveApiLog
[REQUEST] [2024-11-29 12:12:31:122] [api.js]:
                                   [MODULE]       : Admpanel
                                   [SERVICE]      : DashboardApi
                                   [ENDPOINT]     : adm-dashboard-info
                                   [METHOD]       : GET
                                   [X-USER-TOKEN] : 65d78580994151d94460ea1f
                                   [IP]           : ::1
[INFO] [2024-11-29 12:12:31:127] [PocketService.js]: Trigger : ControlUserPermissionToken
[INFO] [2024-11-29 12:12:31:129] [PocketService.js]: Trigger : GetPermissionToken
[INFO] [2024-11-29 12:12:31:138] [PocketService.js]: Trigger : UpdatePermissionToken
[INFO] [2024-11-29 12:12:31:152] [PocketService.js]: Trigger : DashboardApi
[INFO] [2024-11-29 12:12:31:154] [PocketService.js]: Trigger : GetEndpoints
[INFO] [2024-11-29 12:12:31:156] [PocketService.js]: Trigger : GetServerInfo
[INFO] [2024-11-29 12:12:31:169] [PocketService.js]: Trigger : GetBatchJobs
[INFO] [2024-11-29 12:12:31:180] [PocketService.js]: Trigger : GetAllServerInfo
[INFO] [2024-11-29 12:12:31:299] [PocketService.js]: Trigger : GetBatchHealth
[INFO] [2024-11-29 12:12:31:300] [GetBatchHealth.mjs]: GetBatchhealt servisinde info fırlatıldı
[INFO] [2024-11-29 12:12:31:335] [PocketService.js]: Trigger : GetPocketLog
[INFO] [2024-11-29 12:12:31:397] [DashboardApi.mjs]: Dashboard response:
[INFO] [2024-11-29 12:12:31:398] [DashboardApi.mjs]: [object Object]
[INFO] [2024-11-29 12:12:31:413] [PocketService.js]: Trigger : SaveApiLog
[INFO] [2024-11-29 12:13:00:461] [unknown]: [Scrapper/CeyrekAltinBatch] is running
[INFO] [2024-11-29 12:13:00:467] [CeyrekAltinBatch.mjs]: CeyrekAltin servisine girildi.
[INFO] [2024-11-29 12:13:00:638] [PocketService.js]: Trigger : GetCurrencyWithName
[INFO] [2024-11-29 12:13:00:687] [PocketService.js]: Trigger : UpdateCurrency
[INFO] [2024-11-29 12:13:00:698] [CeyrekAltinBatch.mjs]: Ceyrek altin kaydi güncellendi.
[INFO] [2024-11-29 12:13:00:700] [CeyrekAltinBatch.mjs]: Eski Deger: 4.995,00
[INFO] [2024-11-29 12:13:00:701] [CeyrekAltinBatch.mjs]: Yeni Deger: 4.996,00
[INFO] [2024-11-29 12:13:00:703] [PocketBatchManager.js]: [Scrapper/CeyrekAltinBatch] is terminate successfully
[REQUEST] [2024-11-29 12:13:27:490] [api.js]:
                                   [MODULE]       : Admpanel
                                   [SERVICE]      : DashboardApi
                                   [ENDPOINT]     : adm-dashboard-info
                                   [METHOD]       : GET
                                   [X-USER-TOKEN] : 65d78580994151d94460ea1f
                                   [IP]           : ::1
[INFO] [2024-11-29 12:13:27:501] [PocketService.js]: Trigger : ControlUserPermissionToken
[INFO] [2024-11-29 12:13:27:504] [PocketService.js]: Trigger : GetPermissionToken
[INFO] [2024-11-29 12:13:27:530] [PocketService.js]: Trigger : UpdatePermissionToken
[INFO] [2024-11-29 12:13:27:547] [PocketService.js]: Trigger : DashboardApi
[INFO] [2024-11-29 12:13:27:551] [PocketService.js]: Trigger : GetEndpoints
[INFO] [2024-11-29 12:13:27:555] [PocketService.js]: Trigger : GetServerInfo
[INFO] [2024-11-29 12:13:27:586] [PocketService.js]: Trigger : GetBatchJobs
[INFO] [2024-11-29 12:13:27:596] [PocketService.js]: Trigger : GetAllServerInfo
[INFO] [2024-11-29 12:13:27:687] [PocketService.js]: Trigger : GetBatchHealth
[INFO] [2024-11-29 12:13:27:688] [GetBatchHealth.mjs]: GetBatchhealt servisinde info fırlatıldı
[INFO] [2024-11-29 12:13:27:695] [PocketService.js]: Trigger : GetPocketLog
[INFO] [2024-11-29 12:13:27:733] [DashboardApi.mjs]: Dashboard response:
[INFO] [2024-11-29 12:13:27:735] [DashboardApi.mjs]: [object Object]
[INFO] [2024-11-29 12:13:27:744] [PocketService.js]: Trigger : SaveApiLog
[INFO] [2024-11-29 12:14:00:968] [unknown]: [Scrapper/CeyrekAltinBatch] is running
[INFO] [2024-11-29 12:14:00:971] [CeyrekAltinBatch.mjs]: CeyrekAltin servisine girildi.
[INFO] [2024-11-29 12:14:01:143] [PocketService.js]: Trigger : GetCurrencyWithName
[INFO] [2024-11-29 12:14:01:153] [CeyrekAltinBatch.mjs]: Ceyrek altin fiyati ayni. Güncelleme yapilmadi.
[INFO] [2024-11-29 12:14:01:154] [PocketBatchManager.js]: [Scrapper/CeyrekAltinBatch] is terminate successfully
[REQUEST] [2024-11-29 12:14:51:356] [api.js]:
                                   [MODULE]       : Admpanel
                                   [SERVICE]      : DashboardApi
                                   [ENDPOINT]     : adm-dashboard-info
                                   [METHOD]       : GET
                                   [X-USER-TOKEN] : 65d78580994151d94460ea1f
                                   [IP]           : ::1
[INFO] [2024-11-29 12:14:51:364] [PocketService.js]: Trigger : ControlUserPermissionToken
[INFO] [2024-11-29 12:14:51:366] [PocketService.js]: Trigger : GetPermissionToken
[INFO] [2024-11-29 12:14:51:383] [PocketService.js]: Trigger : UpdatePermissionToken
[INFO] [2024-11-29 12:14:51:415] [PocketService.js]: Trigger : DashboardApi
[INFO] [2024-11-29 12:14:51:417] [PocketService.js]: Trigger : GetEndpoints
[INFO] [2024-11-29 12:14:51:420] [PocketService.js]: Trigger : GetServerInfo
[INFO] [2024-11-29 12:14:51:447] [PocketService.js]: Trigger : GetBatchJobs
[INFO] [2024-11-29 12:14:51:457] [PocketService.js]: Trigger : GetAllServerInfo
[INFO] [2024-11-29 12:14:51:553] [PocketService.js]: Trigger : GetBatchHealth
[INFO] [2024-11-29 12:14:51:554] [GetBatchHealth.mjs]: GetBatchhealt servisinde info fırlatıldı
[INFO] [2024-11-29 12:14:51:563] [PocketService.js]: Trigger : GetPocketLog
[INFO] [2024-11-29 12:14:51:596] [DashboardApi.mjs]: Dashboard response:
[INFO] [2024-11-29 12:14:51:597] [DashboardApi.mjs]: [object Object]
[INFO] [2024-11-29 12:14:51:604] [PocketService.js]: Trigger : SaveApiLog
[REQUEST] [2024-11-29 12:14:51:907] [api.js]:
                                   [MODULE]       : Admpanel
                                   [SERVICE]      : DashboardApi
                                   [ENDPOINT]     : adm-dashboard-info
                                   [METHOD]       : GET
                                   [X-USER-TOKEN] : 65d78580994151d94460ea1f
                                   [IP]           : ::1
[INFO] [2024-11-29 12:14:51:911] [PocketService.js]: Trigger : ControlUserPermissionToken
[INFO] [2024-11-29 12:14:51:913] [PocketService.js]: Trigger : GetPermissionToken
[INFO] [2024-11-29 12:14:51:921] [PocketService.js]: Trigger : UpdatePermissionToken
[INFO] [2024-11-29 12:14:51:934] [PocketService.js]: Trigger : DashboardApi
[INFO] [2024-11-29 12:14:51:936] [PocketService.js]: Trigger : GetEndpoints
[INFO] [2024-11-29 12:14:51:938] [PocketService.js]: Trigger : GetServerInfo
[INFO] [2024-11-29 12:14:51:954] [PocketService.js]: Trigger : GetBatchJobs
[INFO] [2024-11-29 12:14:51:963] [PocketService.js]: Trigger : GetAllServerInfo
[INFO] [2024-11-29 12:14:52:041] [PocketService.js]: Trigger : GetBatchHealth
[INFO] [2024-11-29 12:14:52:043] [GetBatchHealth.mjs]: GetBatchhealt servisinde info fırlatıldı
[INFO] [2024-11-29 12:14:52:050] [PocketService.js]: Trigger : GetPocketLog
[INFO] [2024-11-29 12:14:52:080] [DashboardApi.mjs]: Dashboard response:
[INFO] [2024-11-29 12:14:52:081] [DashboardApi.mjs]: [object Object]
[INFO] [2024-11-29 12:14:52:086] [PocketService.js]: Trigger : SaveApiLog
[INFO] [2024-11-29 12:15:00:463] [unknown]: [Scrapper/CeyrekAltinBatch] is running
[INFO] [2024-11-29 12:15:00:467] [CeyrekAltinBatch.mjs]: CeyrekAltin servisine girildi.
[INFO] [2024-11-29 12:15:00:616] [PocketService.js]: Trigger : GetCurrencyWithName
[INFO] [2024-11-29 12:15:00:626] [PocketService.js]: Trigger : UpdateCurrency
[INFO] [2024-11-29 12:15:00:636] [CeyrekAltinBatch.mjs]: Ceyrek altin kaydi güncellendi.
[INFO] [2024-11-29 12:15:00:638] [CeyrekAltinBatch.mjs]: Eski Deger: 4.996,00
[INFO] [2024-11-29 12:15:00:640] [CeyrekAltinBatch.mjs]: Yeni Deger: 4.993,00
[INFO] [2024-11-29 12:15:00:641] [PocketBatchManager.js]: [Scrapper/CeyrekAltinBatch] is terminate successfully
[REQUEST] [2024-11-29 12:15:01:878] [api.js]:
                                   [MODULE]       : Admpanel
                                   [SERVICE]      : DashboardApi
                                   [ENDPOINT]     : adm-dashboard-info
                                   [METHOD]       : GET
                                   [X-USER-TOKEN] : 65d78580994151d94460ea1f
                                   [IP]           : ::1
[INFO] [2024-11-29 12:15:01:882] [PocketService.js]: Trigger : ControlUserPermissionToken
[INFO] [2024-11-29 12:15:01:888] [PocketService.js]: Trigger : GetPermissionToken
[INFO] [2024-11-29 12:15:01:902] [PocketService.js]: Trigger : UpdatePermissionToken
[INFO] [2024-11-29 12:15:01:920] [PocketService.js]: Trigger : DashboardApi
[INFO] [2024-11-29 12:15:01:923] [PocketService.js]: Trigger : GetEndpoints
[INFO] [2024-11-29 12:15:01:928] [PocketService.js]: Trigger : GetServerInfo
[INFO] [2024-11-29 12:15:01:946] [PocketService.js]: Trigger : GetBatchJobs
[INFO] [2024-11-29 12:15:01:955] [PocketService.js]: Trigger : GetAllServerInfo
[INFO] [2024-11-29 12:15:02:053] [PocketService.js]: Trigger : GetBatchHealth
[INFO] [2024-11-29 12:15:02:055] [GetBatchHealth.mjs]: GetBatchhealt servisinde info fırlatıldı
[INFO] [2024-11-29 12:15:02:063] [PocketService.js]: Trigger : GetPocketLog
[INFO] [2024-11-29 12:15:02:103] [DashboardApi.mjs]: Dashboard response:
[INFO] [2024-11-29 12:15:02:105] [DashboardApi.mjs]: [object Object]
[INFO] [2024-11-29 12:15:02:112] [PocketService.js]: Trigger : SaveApiLog
[REQUEST] [2024-11-29 12:15:02:861] [api.js]:
                                   [MODULE]       : Admpanel
                                   [SERVICE]      : DashboardApi
                                   [ENDPOINT]     : adm-dashboard-info
                                   [METHOD]       : GET
                                   [X-USER-TOKEN] : 65d78580994151d94460ea1f
                                   [IP]           : ::1
[INFO] [2024-11-29 12:15:02:864] [PocketService.js]: Trigger : ControlUserPermissionToken
[INFO] [2024-11-29 12:15:02:866] [PocketService.js]: Trigger : GetPermissionToken
[INFO] [2024-11-29 12:15:02:875] [PocketService.js]: Trigger : UpdatePermissionToken
[INFO] [2024-11-29 12:15:02:885] [PocketService.js]: Trigger : DashboardApi
[INFO] [2024-11-29 12:15:02:888] [PocketService.js]: Trigger : GetEndpoints
[INFO] [2024-11-29 12:15:02:891] [PocketService.js]: Trigger : GetServerInfo
[INFO] [2024-11-29 12:15:02:906] [PocketService.js]: Trigger : GetBatchJobs
[INFO] [2024-11-29 12:15:02:914] [PocketService.js]: Trigger : GetAllServerInfo
[INFO] [2024-11-29 12:15:02:982] [PocketService.js]: Trigger : GetBatchHealth
[INFO] [2024-11-29 12:15:02:983] [GetBatchHealth.mjs]: GetBatchhealt servisinde info fırlatıldı
[INFO] [2024-11-29 12:15:02:993] [PocketService.js]: Trigger : GetPocketLog
[INFO] [2024-11-29 12:15:03:023] [DashboardApi.mjs]: Dashboard response:
[INFO] [2024-11-29 12:15:03:024] [DashboardApi.mjs]: [object Object]
[INFO] [2024-11-29 12:15:03:030] [PocketService.js]: Trigger : SaveApiLog
[REQUEST] [2024-11-29 12:15:33:702] [api.js]:
                                   [MODULE]       : Admpanel
                                   [SERVICE]      : DashboardApi
                                   [ENDPOINT]     : adm-dashboard-info
                                   [METHOD]       : GET
                                   [X-USER-TOKEN] : 65d78580994151d94460ea1f
                                   [IP]           : ::1
[INFO] [2024-11-29 12:15:33:709] [PocketService.js]: Trigger : ControlUserPermissionToken
[INFO] [2024-11-29 12:15:33:715] [PocketService.js]: Trigger : GetPermissionToken
[INFO] [2024-11-29 12:15:33:734] [PocketService.js]: Trigger : UpdatePermissionToken
[INFO] [2024-11-29 12:15:33:750] [PocketService.js]: Trigger : DashboardApi
[INFO] [2024-11-29 12:15:33:754] [PocketService.js]: Trigger : GetEndpoints
[INFO] [2024-11-29 12:15:33:758] [PocketService.js]: Trigger : GetServerInfo
[INFO] [2024-11-29 12:15:33:779] [PocketService.js]: Trigger : GetBatchJobs
[INFO] [2024-11-29 12:15:33:799] [PocketService.js]: Trigger : GetAllServerInfo
[INFO] [2024-11-29 12:15:33:902] [PocketService.js]: Trigger : GetBatchHealth
[INFO] [2024-11-29 12:15:33:904] [GetBatchHealth.mjs]: GetBatchhealt servisinde info fırlatıldı
[INFO] [2024-11-29 12:15:33:917] [PocketService.js]: Trigger : GetPocketLog
[INFO] [2024-11-29 12:15:33:977] [DashboardApi.mjs]: Dashboard response:
[INFO] [2024-11-29 12:15:33:979] [DashboardApi.mjs]: [object Object]
[INFO] [2024-11-29 12:15:33:988] [PocketService.js]: Trigger : SaveApiLog
[REQUEST] [2024-11-29 12:15:34:158] [api.js]:
                                   [MODULE]       : Admpanel
                                   [SERVICE]      : DashboardApi
                                   [ENDPOINT]     : adm-dashboard-info
                                   [METHOD]       : GET
                                   [X-USER-TOKEN] : 65d78580994151d94460ea1f
                                   [IP]           : ::1
[INFO] [2024-11-29 12:15:34:162] [PocketService.js]: Trigger : ControlUserPermissionToken
[INFO] [2024-11-29 12:15:34:165] [PocketService.js]: Trigger : GetPermissionToken
[INFO] [2024-11-29 12:15:34:196] [PocketService.js]: Trigger : UpdatePermissionToken
[INFO] [2024-11-29 12:15:34:219] [PocketService.js]: Trigger : DashboardApi
[INFO] [2024-11-29 12:15:34:224] [PocketService.js]: Trigger : GetEndpoints
[INFO] [2024-11-29 12:15:34:226] [PocketService.js]: Trigger : GetServerInfo
[INFO] [2024-11-29 12:15:34:247] [PocketService.js]: Trigger : GetBatchJobs
[INFO] [2024-11-29 12:15:34:262] [PocketService.js]: Trigger : GetAllServerInfo
[INFO] [2024-11-29 12:15:34:360] [PocketService.js]: Trigger : GetBatchHealth
[INFO] [2024-11-29 12:15:34:361] [GetBatchHealth.mjs]: GetBatchhealt servisinde info fırlatıldı
[INFO] [2024-11-29 12:15:34:366] [PocketService.js]: Trigger : GetPocketLog
[INFO] [2024-11-29 12:15:34:396] [DashboardApi.mjs]: Dashboard response:
[INFO] [2024-11-29 12:15:34:397] [DashboardApi.mjs]: [object Object]
[INFO] [2024-11-29 12:15:34:403] [PocketService.js]: Trigger : SaveApiLog
[REQUEST] [2024-11-29 12:15:44:826] [api.js]:
                                   [MODULE]       : Admpanel
                                   [SERVICE]      : DashboardApi
                                   [ENDPOINT]     : adm-dashboard-info
                                   [METHOD]       : GET
                                   [X-USER-TOKEN] : 65d78580994151d94460ea1f
                                   [IP]           : ::1
[INFO] [2024-11-29 12:15:44:830] [PocketService.js]: Trigger : ControlUserPermissionToken
[INFO] [2024-11-29 12:15:44:832] [PocketService.js]: Trigger : GetPermissionToken
[INFO] [2024-11-29 12:15:44:846] [PocketService.js]: Trigger : UpdatePermissionToken
[INFO] [2024-11-29 12:15:44:862] [PocketService.js]: Trigger : DashboardApi
[INFO] [2024-11-29 12:15:44:864] [PocketService.js]: Trigger : GetEndpoints
[INFO] [2024-11-29 12:15:44:868] [PocketService.js]: Trigger : GetServerInfo
[INFO] [2024-11-29 12:15:44:883] [PocketService.js]: Trigger : GetBatchJobs
[INFO] [2024-11-29 12:15:44:892] [PocketService.js]: Trigger : GetAllServerInfo
[INFO] [2024-11-29 12:15:44:995] [PocketService.js]: Trigger : GetBatchHealth
[INFO] [2024-11-29 12:15:44:997] [GetBatchHealth.mjs]: GetBatchhealt servisinde info fırlatıldı
[INFO] [2024-11-29 12:15:45:011] [PocketService.js]: Trigger : GetPocketLog
[INFO] [2024-11-29 12:15:45:077] [DashboardApi.mjs]: Dashboard response:
[INFO] [2024-11-29 12:15:45:078] [DashboardApi.mjs]: [object Object]
[INFO] [2024-11-29 12:15:45:085] [PocketService.js]: Trigger : SaveApiLog
[REQUEST] [2024-11-29 12:15:45:106] [api.js]:
                                   [MODULE]       : Admpanel
                                   [SERVICE]      : DashboardApi
                                   [ENDPOINT]     : adm-dashboard-info
                                   [METHOD]       : GET
                                   [X-USER-TOKEN] : 65d78580994151d94460ea1f
                                   [IP]           : ::1
[INFO] [2024-11-29 12:15:45:110] [PocketService.js]: Trigger : ControlUserPermissionToken
[INFO] [2024-11-29 12:15:45:112] [PocketService.js]: Trigger : GetPermissionToken
[INFO] [2024-11-29 12:15:45:130] [PocketService.js]: Trigger : UpdatePermissionToken
[INFO] [2024-11-29 12:15:45:165] [PocketService.js]: Trigger : DashboardApi
[INFO] [2024-11-29 12:15:45:169] [PocketService.js]: Trigger : GetEndpoints
[INFO] [2024-11-29 12:15:45:171] [PocketService.js]: Trigger : GetServerInfo
[INFO] [2024-11-29 12:15:45:214] [PocketService.js]: Trigger : GetBatchJobs
[INFO] [2024-11-29 12:15:45:224] [PocketService.js]: Trigger : GetAllServerInfo
[INFO] [2024-11-29 12:15:45:423] [PocketService.js]: Trigger : GetBatchHealth
[INFO] [2024-11-29 12:15:45:428] [GetBatchHealth.mjs]: GetBatchhealt servisinde info fırlatıldı
[INFO] [2024-11-29 12:15:45:442] [PocketService.js]: Trigger : GetPocketLog
[INFO] [2024-11-29 12:15:45:488] [DashboardApi.mjs]: Dashboard response:
[INFO] [2024-11-29 12:15:45:489] [DashboardApi.mjs]: [object Object]
[INFO] [2024-11-29 12:15:45:495] [PocketService.js]: Trigger : SaveApiLog
[INFO] [2024-11-29 12:16:00:026] [unknown]: [Scrapper/CeyrekAltinBatch] is running
[INFO] [2024-11-29 12:16:00:029] [CeyrekAltinBatch.mjs]: CeyrekAltin servisine girildi.
[INFO] [2024-11-29 12:16:00:152] [PocketService.js]: Trigger : GetCurrencyWithName
[INFO] [2024-11-29 12:16:00:165] [CeyrekAltinBatch.mjs]: Ceyrek altin fiyati ayni. Güncelleme yapilmadi.
[INFO] [2024-11-29 12:16:00:167] [PocketBatchManager.js]: [Scrapper/CeyrekAltinBatch] is terminate successfully
[REQUEST] [2024-11-29 12:16:17:003] [api.js]:
                                   [MODULE]       : Admpanel
                                   [SERVICE]      : DashboardApi
                                   [ENDPOINT]     : adm-dashboard-info
                                   [METHOD]       : GET
                                   [X-USER-TOKEN] : 65d78580994151d94460ea1f
                                   [IP]           : ::1
[INFO] [2024-11-29 12:16:17:006] [PocketService.js]: Trigger : ControlUserPermissionToken
[INFO] [2024-11-29 12:16:17:009] [PocketService.js]: Trigger : GetPermissionToken
[INFO] [2024-11-29 12:16:17:020] [PocketService.js]: Trigger : UpdatePermissionToken
[INFO] [2024-11-29 12:16:17:035] [PocketService.js]: Trigger : DashboardApi
[INFO] [2024-11-29 12:16:17:038] [PocketService.js]: Trigger : GetEndpoints
[INFO] [2024-11-29 12:16:17:040] [PocketService.js]: Trigger : GetServerInfo
[INFO] [2024-11-29 12:16:17:064] [PocketService.js]: Trigger : GetBatchJobs
[INFO] [2024-11-29 12:16:17:082] [PocketService.js]: Trigger : GetAllServerInfo
[INFO] [2024-11-29 12:16:17:221] [PocketService.js]: Trigger : GetBatchHealth
[INFO] [2024-11-29 12:16:17:223] [GetBatchHealth.mjs]: GetBatchhealt servisinde info fırlatıldı
[INFO] [2024-11-29 12:16:17:243] [PocketService.js]: Trigger : GetPocketLog
[INFO] [2024-11-29 12:16:17:281] [DashboardApi.mjs]: Dashboard response:
[INFO] [2024-11-29 12:16:17:282] [DashboardApi.mjs]: [object Object]
[INFO] [2024-11-29 12:16:17:291] [PocketService.js]: Trigger : SaveApiLog
[REQUEST] [2024-11-29 12:16:17:854] [api.js]:
                                   [MODULE]       : Admpanel
                                   [SERVICE]      : DashboardApi
                                   [ENDPOINT]     : adm-dashboard-info
                                   [METHOD]       : GET
                                   [X-USER-TOKEN] : 65d78580994151d94460ea1f
                                   [IP]           : ::1
[INFO] [2024-11-29 12:16:17:857] [PocketService.js]: Trigger : ControlUserPermissionToken
[INFO] [2024-11-29 12:16:17:859] [PocketService.js]: Trigger : GetPermissionToken
[INFO] [2024-11-29 12:16:17:865] [PocketService.js]: Trigger : UpdatePermissionToken
[INFO] [2024-11-29 12:16:17:877] [PocketService.js]: Trigger : DashboardApi
[INFO] [2024-11-29 12:16:17:878] [PocketService.js]: Trigger : GetEndpoints
[INFO] [2024-11-29 12:16:17:880] [PocketService.js]: Trigger : GetServerInfo
[INFO] [2024-11-29 12:16:17:890] [PocketService.js]: Trigger : GetBatchJobs
[INFO] [2024-11-29 12:16:17:896] [PocketService.js]: Trigger : GetAllServerInfo
[INFO] [2024-11-29 12:16:17:949] [PocketService.js]: Trigger : GetBatchHealth
[INFO] [2024-11-29 12:16:17:950] [GetBatchHealth.mjs]: GetBatchhealt servisinde info fırlatıldı
[INFO] [2024-11-29 12:16:17:958] [PocketService.js]: Trigger : GetPocketLog
[INFO] [2024-11-29 12:16:17:980] [DashboardApi.mjs]: Dashboard response:
[INFO] [2024-11-29 12:16:17:981] [DashboardApi.mjs]: [object Object]
[INFO] [2024-11-29 12:16:17:989] [PocketService.js]: Trigger : SaveApiLog
[REQUEST] [2024-11-29 12:16:55:981] [api.js]:
                                   [MODULE]       : Admpanel
                                   [SERVICE]      : DashboardApi
                                   [ENDPOINT]     : adm-dashboard-info
                                   [METHOD]       : GET
                                   [X-USER-TOKEN] : 65d78580994151d94460ea1f
                                   [IP]           : ::1
[INFO] [2024-11-29 12:16:55:984] [PocketService.js]: Trigger : ControlUserPermissionToken
[INFO] [2024-11-29 12:16:55:989] [PocketService.js]: Trigger : GetPermissionToken
[INFO] [2024-11-29 12:16:55:999] [PocketService.js]: Trigger : UpdatePermissionToken
[INFO] [2024-11-29 12:16:56:015] [PocketService.js]: Trigger : DashboardApi
[INFO] [2024-11-29 12:16:56:016] [PocketService.js]: Trigger : GetEndpoints
[INFO] [2024-11-29 12:16:56:018] [PocketService.js]: Trigger : GetServerInfo
[INFO] [2024-11-29 12:16:56:028] [PocketService.js]: Trigger : GetBatchJobs
[INFO] [2024-11-29 12:16:56:034] [PocketService.js]: Trigger : GetAllServerInfo
[INFO] [2024-11-29 12:16:56:090] [PocketService.js]: Trigger : GetBatchHealth
[INFO] [2024-11-29 12:16:56:091] [GetBatchHealth.mjs]: GetBatchhealt servisinde info fırlatıldı
[INFO] [2024-11-29 12:16:56:096] [PocketService.js]: Trigger : GetPocketLog
[INFO] [2024-11-29 12:16:56:122] [DashboardApi.mjs]: Dashboard response:
[INFO] [2024-11-29 12:16:56:123] [DashboardApi.mjs]: [object Object]
[INFO] [2024-11-29 12:16:56:128] [PocketService.js]: Trigger : SaveApiLog
[REQUEST] [2024-11-29 12:16:56:850] [api.js]:
                                   [MODULE]       : Admpanel
                                   [SERVICE]      : DashboardApi
                                   [ENDPOINT]     : adm-dashboard-info
                                   [METHOD]       : GET
                                   [X-USER-TOKEN] : 65d78580994151d94460ea1f
                                   [IP]           : ::1
[INFO] [2024-11-29 12:16:56:853] [PocketService.js]: Trigger : ControlUserPermissionToken
[INFO] [2024-11-29 12:16:56:855] [PocketService.js]: Trigger : GetPermissionToken
[INFO] [2024-11-29 12:16:56:861] [PocketService.js]: Trigger : UpdatePermissionToken
[INFO] [2024-11-29 12:16:56:871] [PocketService.js]: Trigger : DashboardApi
[INFO] [2024-11-29 12:16:56:873] [PocketService.js]: Trigger : GetEndpoints
[INFO] [2024-11-29 12:16:56:874] [PocketService.js]: Trigger : GetServerInfo
[INFO] [2024-11-29 12:16:56:883] [PocketService.js]: Trigger : GetBatchJobs
[INFO] [2024-11-29 12:16:56:890] [PocketService.js]: Trigger : GetAllServerInfo
[INFO] [2024-11-29 12:16:56:946] [PocketService.js]: Trigger : GetBatchHealth
[INFO] [2024-11-29 12:16:56:947] [GetBatchHealth.mjs]: GetBatchhealt servisinde info fırlatıldı
[INFO] [2024-11-29 12:16:56:953] [PocketService.js]: Trigger : GetPocketLog
[INFO] [2024-11-29 12:16:56:974] [DashboardApi.mjs]: Dashboard response:
[INFO] [2024-11-29 12:16:56:975] [DashboardApi.mjs]: [object Object]
[INFO] [2024-11-29 12:16:56:980] [PocketService.js]: Trigger : SaveApiLog
[INFO] [2024-11-29 12:17:00:504] [unknown]: [Scrapper/CeyrekAltinBatch] is running
[INFO] [2024-11-29 12:17:00:506] [CeyrekAltinBatch.mjs]: CeyrekAltin servisine girildi.
[INFO] [2024-11-29 12:17:00:641] [PocketService.js]: Trigger : GetCurrencyWithName
[INFO] [2024-11-29 12:17:00:649] [CeyrekAltinBatch.mjs]: Ceyrek altin fiyati ayni. Güncelleme yapilmadi.
[INFO] [2024-11-29 12:17:00:650] [PocketBatchManager.js]: [Scrapper/CeyrekAltinBatch] is terminate successfully
[INFO] [2024-11-29 12:18:00:923] [unknown]: [Scrapper/CeyrekAltinBatch] is running
[INFO] [2024-11-29 12:18:00:924] [CeyrekAltinBatch.mjs]: CeyrekAltin servisine girildi.
[INFO] [2024-11-29 12:18:01:027] [PocketService.js]: Trigger : GetCurrencyWithName
[INFO] [2024-11-29 12:18:01:033] [CeyrekAltinBatch.mjs]: Ceyrek altin fiyati ayni. Güncelleme yapilmadi.
[INFO] [2024-11-29 12:18:01:034] [PocketBatchManager.js]: [Scrapper/CeyrekAltinBatch] is terminate successfully
[INFO] [2024-11-29 12:19:00:288] [unknown]: [Scrapper/CeyrekAltinBatch] is running
[INFO] [2024-11-29 12:19:00:291] [CeyrekAltinBatch.mjs]: CeyrekAltin servisine girildi.
[INFO] [2024-11-29 12:19:00:436] [PocketService.js]: Trigger : GetCurrencyWithName
[INFO] [2024-11-29 12:19:00:448] [PocketService.js]: Trigger : UpdateCurrency
[INFO] [2024-11-29 12:19:00:457] [CeyrekAltinBatch.mjs]: Ceyrek altin kaydi güncellendi.
[INFO] [2024-11-29 12:19:00:460] [CeyrekAltinBatch.mjs]: Eski Deger: 4.993,00
[INFO] [2024-11-29 12:19:00:461] [CeyrekAltinBatch.mjs]: Yeni Deger: 4.992,00
[INFO] [2024-11-29 12:19:00:462] [PocketBatchManager.js]: [Scrapper/CeyrekAltinBatch] is terminate successfully
[INFO] [2024-11-29 12:19:59:072] [unknown]: Request user token -> 65d78580994151d94460ea1f
[INFO] [2024-11-29 12:19:59:077] [PocketService.js]: Trigger : SaveApiLog
[INFO] [2024-11-29 12:20:00:734] [unknown]: [Scrapper/CeyrekAltinBatch] is running
[INFO] [2024-11-29 12:20:00:737] [CeyrekAltinBatch.mjs]: CeyrekAltin servisine girildi.
[INFO] [2024-11-29 12:20:00:919] [PocketService.js]: Trigger : GetCurrencyWithName
[INFO] [2024-11-29 12:20:00:930] [CeyrekAltinBatch.mjs]: Ceyrek altin fiyati ayni. Güncelleme yapilmadi.
[INFO] [2024-11-29 12:20:00:931] [PocketBatchManager.js]: [Scrapper/CeyrekAltinBatch] is terminate successfully
[REQUEST] [2024-11-29 12:20:16:827] [api.js]:
                                   [MODULE]       : Admpanel
                                   [SERVICE]      : DashboardApi
                                   [ENDPOINT]     : adm-dashboard-info
                                   [METHOD]       : GET
                                   [X-USER-TOKEN] : 65d78580994151d94460ea1f
                                   [IP]           : ::1
[INFO] [2024-11-29 12:20:16:832] [PocketService.js]: Trigger : ControlUserPermissionToken
[INFO] [2024-11-29 12:20:16:835] [PocketService.js]: Trigger : GetPermissionToken
[INFO] [2024-11-29 12:20:16:846] [PocketService.js]: Trigger : UpdatePermissionToken
[INFO] [2024-11-29 12:20:16:869] [PocketService.js]: Trigger : DashboardApi
[INFO] [2024-11-29 12:20:16:876] [PocketService.js]: Trigger : GetEndpoints
[INFO] [2024-11-29 12:20:16:878] [PocketService.js]: Trigger : GetServerInfo
[INFO] [2024-11-29 12:20:16:895] [PocketService.js]: Trigger : GetBatchJobs
[INFO] [2024-11-29 12:20:16:906] [PocketService.js]: Trigger : GetAllServerInfo
[INFO] [2024-11-29 12:20:16:981] [PocketService.js]: Trigger : GetBatchHealth
[INFO] [2024-11-29 12:20:16:982] [GetBatchHealth.mjs]: GetBatchhealt servisinde info fırlatıldı
[INFO] [2024-11-29 12:20:16:987] [PocketService.js]: Trigger : GetPocketLog
[INFO] [2024-11-29 12:20:17:017] [DashboardApi.mjs]: Dashboard response:
[INFO] [2024-11-29 12:20:17:018] [DashboardApi.mjs]: [object Object]
[INFO] [2024-11-29 12:20:17:024] [PocketService.js]: Trigger : SaveApiLog
[REQUEST] [2024-11-29 12:20:46:990] [api.js]:
                                   [MODULE]       : Admpanel
                                   [SERVICE]      : DashboardApi
                                   [ENDPOINT]     : adm-dashboard-info
                                   [METHOD]       : GET
                                   [X-USER-TOKEN] : 65d78580994151d94460ea1f
                                   [IP]           : ::1
[INFO] [2024-11-29 12:20:46:995] [PocketService.js]: Trigger : ControlUserPermissionToken
[INFO] [2024-11-29 12:20:46:997] [PocketService.js]: Trigger : GetPermissionToken
[INFO] [2024-11-29 12:20:47:011] [PocketService.js]: Trigger : UpdatePermissionToken
[INFO] [2024-11-29 12:20:47:031] [PocketService.js]: Trigger : DashboardApi
[INFO] [2024-11-29 12:20:47:038] [PocketService.js]: Trigger : GetEndpoints
[INFO] [2024-11-29 12:20:47:039] [PocketService.js]: Trigger : GetServerInfo
[INFO] [2024-11-29 12:20:47:049] [PocketService.js]: Trigger : GetBatchJobs
[INFO] [2024-11-29 12:20:47:057] [PocketService.js]: Trigger : GetAllServerInfo
[INFO] [2024-11-29 12:20:47:116] [PocketService.js]: Trigger : GetBatchHealth
[INFO] [2024-11-29 12:20:47:118] [GetBatchHealth.mjs]: GetBatchhealt servisinde info fırlatıldı
[INFO] [2024-11-29 12:20:47:124] [PocketService.js]: Trigger : GetPocketLog
[INFO] [2024-11-29 12:20:47:152] [DashboardApi.mjs]: Dashboard response:
[INFO] [2024-11-29 12:20:47:154] [DashboardApi.mjs]: [object Object]
[INFO] [2024-11-29 12:20:47:162] [PocketService.js]: Trigger : SaveApiLog
[INFO] [2024-11-29 12:21:00:242] [unknown]: [Scrapper/CeyrekAltinBatch] is running
[INFO] [2024-11-29 12:21:00:244] [CeyrekAltinBatch.mjs]: CeyrekAltin servisine girildi.
[INFO] [2024-11-29 12:21:00:392] [PocketService.js]: Trigger : GetCurrencyWithName
[INFO] [2024-11-29 12:21:00:399] [CeyrekAltinBatch.mjs]: Ceyrek altin fiyati ayni. Güncelleme yapilmadi.
[INFO] [2024-11-29 12:21:00:401] [PocketBatchManager.js]: [Scrapper/CeyrekAltinBatch] is terminate successfully
[INFO] [2024-11-29 12:22:00:612] [unknown]: [Scrapper/CeyrekAltinBatch] is running
[INFO] [2024-11-29 12:22:00:614] [CeyrekAltinBatch.mjs]: CeyrekAltin servisine girildi.
[INFO] [2024-11-29 12:22:00:715] [PocketService.js]: Trigger : GetCurrencyWithName
[INFO] [2024-11-29 12:22:00:730] [CeyrekAltinBatch.mjs]: Ceyrek altin fiyati ayni. Güncelleme yapilmadi.
[INFO] [2024-11-29 12:22:00:732] [PocketBatchManager.js]: [Scrapper/CeyrekAltinBatch] is terminate successfully
[REQUEST] [2024-11-29 12:22:13:558] [api.js]:
                                   [MODULE]       : Admpanel
                                   [SERVICE]      : GetPocketLog
                                   [ENDPOINT]     : adm-pocket-log
                                   [METHOD]       : GET
                                   [X-USER-TOKEN] : 65d78580994151d94460ea1f
                                   [IP]           : ::1
[INFO] [2024-11-29 12:22:13:562] [PocketService.js]: Trigger : ControlUserPermissionToken
[INFO] [2024-11-29 12:22:13:563] [PocketService.js]: Trigger : GetPermissionToken
[INFO] [2024-11-29 12:22:13:572] [PocketService.js]: Trigger : UpdatePermissionToken
[INFO] [2024-11-29 12:22:13:590] [PocketService.js]: Trigger : GetPocketLog
[INFO] [2024-11-29 12:22:13:621] [PocketService.js]: Trigger : SaveApiLog
[REQUEST] [2024-11-29 12:22:15:317] [api.js]:
                                   [MODULE]       : Admpanel
                                   [SERVICE]      : GetPocketLog
                                   [ENDPOINT]     : adm-pocket-log
                                   [METHOD]       : GET
                                   [X-USER-TOKEN] : 65d78580994151d94460ea1f
                                   [IP]           : ::1
[INFO] [2024-11-29 12:22:15:320] [PocketService.js]: Trigger : ControlUserPermissionToken
[INFO] [2024-11-29 12:22:15:322] [PocketService.js]: Trigger : GetPermissionToken
[INFO] [2024-11-29 12:22:15:328] [PocketService.js]: Trigger : UpdatePermissionToken
[INFO] [2024-11-29 12:22:15:343] [PocketService.js]: Trigger : GetPocketLog
[INFO] [2024-11-29 12:22:15:376] [PocketService.js]: Trigger : SaveApiLog
[REQUEST] [2024-11-29 12:22:16:730] [api.js]:
                                   [MODULE]       : Admpanel
                                   [SERVICE]      : GetPocketLog
                                   [ENDPOINT]     : adm-pocket-log
                                   [METHOD]       : GET
                                   [X-USER-TOKEN] : 65d78580994151d94460ea1f
                                   [IP]           : ::1
[INFO] [2024-11-29 12:22:16:736] [PocketService.js]: Trigger : ControlUserPermissionToken
[INFO] [2024-11-29 12:22:16:738] [PocketService.js]: Trigger : GetPermissionToken
[INFO] [2024-11-29 12:22:16:748] [PocketService.js]: Trigger : UpdatePermissionToken
[INFO] [2024-11-29 12:22:16:761] [PocketService.js]: Trigger : GetPocketLog
[INFO] [2024-11-29 12:22:16:794] [PocketService.js]: Trigger : SaveApiLog
[REQUEST] [2024-11-29 12:22:18:056] [api.js]:
                                   [MODULE]       : Admpanel
                                   [SERVICE]      : GetPocketLog
                                   [ENDPOINT]     : adm-pocket-log
                                   [METHOD]       : GET
                                   [X-USER-TOKEN] : 65d78580994151d94460ea1f
                                   [IP]           : ::1
[INFO] [2024-11-29 12:22:18:060] [PocketService.js]: Trigger : ControlUserPermissionToken
[INFO] [2024-11-29 12:22:18:063] [PocketService.js]: Trigger : GetPermissionToken
[INFO] [2024-11-29 12:22:18:072] [PocketService.js]: Trigger : UpdatePermissionToken
[INFO] [2024-11-29 12:22:18:086] [PocketService.js]: Trigger : GetPocketLog
[INFO] [2024-11-29 12:22:18:122] [PocketService.js]: Trigger : SaveApiLog
[REQUEST] [2024-11-29 12:22:19:302] [api.js]:
                                   [MODULE]       : Admpanel
                                   [SERVICE]      : GetPocketLog
                                   [ENDPOINT]     : adm-pocket-log
                                   [METHOD]       : GET
                                   [X-USER-TOKEN] : 65d78580994151d94460ea1f
                                   [IP]           : ::1
[INFO] [2024-11-29 12:22:19:305] [PocketService.js]: Trigger : ControlUserPermissionToken
[INFO] [2024-11-29 12:22:19:306] [PocketService.js]: Trigger : GetPermissionToken
[INFO] [2024-11-29 12:22:19:313] [PocketService.js]: Trigger : UpdatePermissionToken
[INFO] [2024-11-29 12:22:19:325] [PocketService.js]: Trigger : GetPocketLog
[INFO] [2024-11-29 12:22:19:358] [PocketService.js]: Trigger : SaveApiLog
[REQUEST] [2024-11-29 12:22:20:439] [api.js]:
                                   [MODULE]       : Admpanel
                                   [SERVICE]      : GetPocketLog
                                   [ENDPOINT]     : adm-pocket-log
                                   [METHOD]       : GET
                                   [X-USER-TOKEN] : 65d78580994151d94460ea1f
                                   [IP]           : ::1
[INFO] [2024-11-29 12:22:20:442] [PocketService.js]: Trigger : ControlUserPermissionToken
[INFO] [2024-11-29 12:22:20:444] [PocketService.js]: Trigger : GetPermissionToken
[INFO] [2024-11-29 12:22:20:453] [PocketService.js]: Trigger : UpdatePermissionToken
[INFO] [2024-11-29 12:22:20:465] [PocketService.js]: Trigger : GetPocketLog
[INFO] [2024-11-29 12:22:20:506] [PocketService.js]: Trigger : SaveApiLog
[REQUEST] [2024-11-29 12:22:24:941] [api.js]:
                                   [MODULE]       : Admpanel
                                   [SERVICE]      : DashboardApi
                                   [ENDPOINT]     : adm-dashboard-info
                                   [METHOD]       : GET
                                   [X-USER-TOKEN] : 65d78580994151d94460ea1f
                                   [IP]           : ::1
[INFO] [2024-11-29 12:22:24:946] [PocketService.js]: Trigger : ControlUserPermissionToken
[INFO] [2024-11-29 12:22:24:950] [PocketService.js]: Trigger : GetPermissionToken
[INFO] [2024-11-29 12:22:24:956] [PocketService.js]: Trigger : UpdatePermissionToken
[INFO] [2024-11-29 12:22:24:971] [PocketService.js]: Trigger : DashboardApi
[INFO] [2024-11-29 12:22:24:975] [PocketService.js]: Trigger : GetEndpoints
[INFO] [2024-11-29 12:22:24:979] [PocketService.js]: Trigger : GetServerInfo
[INFO] [2024-11-29 12:22:24:992] [PocketService.js]: Trigger : GetBatchJobs
[INFO] [2024-11-29 12:22:25:002] [PocketService.js]: Trigger : GetAllServerInfo
[INFO] [2024-11-29 12:22:25:071] [PocketService.js]: Trigger : GetBatchHealth
[INFO] [2024-11-29 12:22:25:072] [GetBatchHealth.mjs]: GetBatchhealt servisinde info fırlatıldı
[INFO] [2024-11-29 12:22:25:080] [PocketService.js]: Trigger : GetPocketLog
[INFO] [2024-11-29 12:22:25:102] [DashboardApi.mjs]: Dashboard response:
[INFO] [2024-11-29 12:22:25:103] [DashboardApi.mjs]: [object Object]
[INFO] [2024-11-29 12:22:25:110] [PocketService.js]: Trigger : SaveApiLog
[INFO] [2024-11-29 12:23:00:074] [unknown]: [Scrapper/CeyrekAltinBatch] is running
[INFO] [2024-11-29 12:23:00:075] [CeyrekAltinBatch.mjs]: CeyrekAltin servisine girildi.
[INFO] [2024-11-29 12:23:00:196] [PocketService.js]: Trigger : GetCurrencyWithName
[INFO] [2024-11-29 12:23:00:204] [CeyrekAltinBatch.mjs]: Ceyrek altin fiyati ayni. Güncelleme yapilmadi.
[INFO] [2024-11-29 12:23:00:205] [PocketBatchManager.js]: [Scrapper/CeyrekAltinBatch] is terminate successfully
[INFO] [2024-11-29 12:24:00:493] [unknown]: [Scrapper/CeyrekAltinBatch] is running
[INFO] [2024-11-29 12:24:00:495] [CeyrekAltinBatch.mjs]: CeyrekAltin servisine girildi.
[INFO] [2024-11-29 12:24:00:612] [PocketService.js]: Trigger : GetCurrencyWithName
[INFO] [2024-11-29 12:24:00:622] [PocketService.js]: Trigger : UpdateCurrency
[INFO] [2024-11-29 12:24:00:628] [CeyrekAltinBatch.mjs]: Ceyrek altin kaydi güncellendi.
[INFO] [2024-11-29 12:24:00:629] [CeyrekAltinBatch.mjs]: Eski Deger: 4.992,00
[INFO] [2024-11-29 12:24:00:630] [CeyrekAltinBatch.mjs]: Yeni Deger: 4.993,00
[INFO] [2024-11-29 12:24:00:631] [PocketBatchManager.js]: [Scrapper/CeyrekAltinBatch] is terminate successfully
[INFO] [2024-11-29 12:25:00:898] [unknown]: [Scrapper/CeyrekAltinBatch] is running
[INFO] [2024-11-29 12:25:00:900] [CeyrekAltinBatch.mjs]: CeyrekAltin servisine girildi.
[INFO] [2024-11-29 12:25:01:024] [PocketService.js]: Trigger : GetCurrencyWithName
[INFO] [2024-11-29 12:25:01:032] [CeyrekAltinBatch.mjs]: Ceyrek altin fiyati ayni. Güncelleme yapilmadi.
[INFO] [2024-11-29 12:25:01:034] [PocketBatchManager.js]: [Scrapper/CeyrekAltinBatch] is terminate successfully
[INFO] [2024-11-29 12:26:00:299] [unknown]: [Scrapper/CeyrekAltinBatch] is running
[INFO] [2024-11-29 12:26:00:301] [CeyrekAltinBatch.mjs]: CeyrekAltin servisine girildi.
[INFO] [2024-11-29 12:26:00:479] [PocketService.js]: Trigger : GetCurrencyWithName
[INFO] [2024-11-29 12:26:00:487] [PocketService.js]: Trigger : UpdateCurrency
[INFO] [2024-11-29 12:26:00:493] [CeyrekAltinBatch.mjs]: Ceyrek altin kaydi güncellendi.
[INFO] [2024-11-29 12:26:00:494] [CeyrekAltinBatch.mjs]: Eski Deger: 4.993,00
[INFO] [2024-11-29 12:26:00:495] [CeyrekAltinBatch.mjs]: Yeni Deger: 4.994,00
[INFO] [2024-11-29 12:26:00:496] [PocketBatchManager.js]: [Scrapper/CeyrekAltinBatch] is terminate successfully
[INFO] [2024-11-29 12:27:00:874] [unknown]: [Scrapper/CeyrekAltinBatch] is running
[INFO] [2024-11-29 12:27:00:876] [CeyrekAltinBatch.mjs]: CeyrekAltin servisine girildi.
[INFO] [2024-11-29 12:27:01:012] [PocketService.js]: Trigger : GetCurrencyWithName
[INFO] [2024-11-29 12:27:01:019] [PocketService.js]: Trigger : UpdateCurrency
[INFO] [2024-11-29 12:27:01:026] [CeyrekAltinBatch.mjs]: Ceyrek altin kaydi güncellendi.
[INFO] [2024-11-29 12:27:01:027] [CeyrekAltinBatch.mjs]: Eski Deger: 4.994,00
[INFO] [2024-11-29 12:27:01:028] [CeyrekAltinBatch.mjs]: Yeni Deger: 4.995,00
[INFO] [2024-11-29 12:27:01:029] [PocketBatchManager.js]: [Scrapper/CeyrekAltinBatch] is terminate successfully
[INFO] [2024-11-29 12:28:00:262] [unknown]: [Scrapper/CeyrekAltinBatch] is running
[INFO] [2024-11-29 12:28:00:263] [CeyrekAltinBatch.mjs]: CeyrekAltin servisine girildi.
[INFO] [2024-11-29 12:28:00:351] [PocketService.js]: Trigger : GetCurrencyWithName
[INFO] [2024-11-29 12:28:00:366] [PocketService.js]: Trigger : UpdateCurrency
[INFO] [2024-11-29 12:28:00:381] [CeyrekAltinBatch.mjs]: Ceyrek altin kaydi güncellendi.
[INFO] [2024-11-29 12:28:00:382] [CeyrekAltinBatch.mjs]: Eski Deger: 4.995,00
[INFO] [2024-11-29 12:28:00:384] [CeyrekAltinBatch.mjs]: Yeni Deger: 4.996,00
[INFO] [2024-11-29 12:28:00:385] [PocketBatchManager.js]: [Scrapper/CeyrekAltinBatch] is terminate successfully
[INFO] [2024-11-29 12:29:00:675] [unknown]: [Scrapper/CeyrekAltinBatch] is running
[INFO] [2024-11-29 12:29:00:677] [CeyrekAltinBatch.mjs]: CeyrekAltin servisine girildi.
[INFO] [2024-11-29 12:29:00:745] [PocketService.js]: Trigger : GetCurrencyWithName
[INFO] [2024-11-29 12:29:00:751] [CeyrekAltinBatch.mjs]: Ceyrek altin fiyati ayni. Güncelleme yapilmadi.
[INFO] [2024-11-29 12:29:00:752] [PocketBatchManager.js]: [Scrapper/CeyrekAltinBatch] is terminate successfully
[INFO] [2024-11-29 12:30:00:079] [unknown]: [Scrapper/CeyrekAltinBatch] is running
[INFO] [2024-11-29 12:30:00:080] [CeyrekAltinBatch.mjs]: CeyrekAltin servisine girildi.
[INFO] [2024-11-29 12:30:00:189] [PocketService.js]: Trigger : GetCurrencyWithName
[INFO] [2024-11-29 12:30:00:197] [CeyrekAltinBatch.mjs]: Ceyrek altin fiyati ayni. Güncelleme yapilmadi.
[INFO] [2024-11-29 12:30:00:198] [PocketBatchManager.js]: [Scrapper/CeyrekAltinBatch] is terminate successfully
[INFO] [2024-11-29 12:31:00:482] [unknown]: [Scrapper/CeyrekAltinBatch] is running
[INFO] [2024-11-29 12:31:00:484] [CeyrekAltinBatch.mjs]: CeyrekAltin servisine girildi.
[INFO] [2024-11-29 12:31:00:581] [PocketService.js]: Trigger : GetCurrencyWithName
[INFO] [2024-11-29 12:31:00:594] [PocketService.js]: Trigger : UpdateCurrency
[INFO] [2024-11-29 12:31:00:601] [CeyrekAltinBatch.mjs]: Ceyrek altin kaydi güncellendi.
[INFO] [2024-11-29 12:31:00:602] [CeyrekAltinBatch.mjs]: Eski Deger: 4.996,00
[INFO] [2024-11-29 12:31:00:603] [CeyrekAltinBatch.mjs]: Yeni Deger: 4.997,00
[INFO] [2024-11-29 12:31:00:604] [PocketBatchManager.js]: [Scrapper/CeyrekAltinBatch] is terminate successfully
[INFO] [2024-11-29 12:32:00:895] [unknown]: [Scrapper/CeyrekAltinBatch] is running
[INFO] [2024-11-29 12:32:00:896] [CeyrekAltinBatch.mjs]: CeyrekAltin servisine girildi.
[INFO] [2024-11-29 12:32:01:069] [PocketService.js]: Trigger : GetCurrencyWithName
[INFO] [2024-11-29 12:32:01:077] [CeyrekAltinBatch.mjs]: Ceyrek altin fiyati ayni. Güncelleme yapilmadi.
[INFO] [2024-11-29 12:32:01:078] [PocketBatchManager.js]: [Scrapper/CeyrekAltinBatch] is terminate successfully
[INFO] [2024-11-29 12:33:00:297] [unknown]: [Scrapper/CeyrekAltinBatch] is running
[INFO] [2024-11-29 12:33:00:299] [CeyrekAltinBatch.mjs]: CeyrekAltin servisine girildi.
[INFO] [2024-11-29 12:33:00:572] [PocketService.js]: Trigger : GetCurrencyWithName
[INFO] [2024-11-29 12:33:00:578] [CeyrekAltinBatch.mjs]: Ceyrek altin fiyati ayni. Güncelleme yapilmadi.
[INFO] [2024-11-29 12:33:00:579] [PocketBatchManager.js]: [Scrapper/CeyrekAltinBatch] is terminate successfully
[INFO] [2024-11-29 12:34:00:706] [unknown]: [Scrapper/CeyrekAltinBatch] is running
[INFO] [2024-11-29 12:34:00:708] [CeyrekAltinBatch.mjs]: CeyrekAltin servisine girildi.
[INFO] [2024-11-29 12:34:00:851] [PocketService.js]: Trigger : GetCurrencyWithName
[INFO] [2024-11-29 12:34:00:860] [CeyrekAltinBatch.mjs]: Ceyrek altin fiyati ayni. Güncelleme yapilmadi.
[INFO] [2024-11-29 12:34:00:861] [PocketBatchManager.js]: [Scrapper/CeyrekAltinBatch] is terminate successfully
[INFO] [2024-11-29 12:35:00:087] [unknown]: [Scrapper/CeyrekAltinBatch] is running
[INFO] [2024-11-29 12:35:00:088] [CeyrekAltinBatch.mjs]: CeyrekAltin servisine girildi.
[INFO] [2024-11-29 12:35:00:197] [PocketService.js]: Trigger : GetCurrencyWithName
[INFO] [2024-11-29 12:35:00:203] [PocketService.js]: Trigger : UpdateCurrency
[INFO] [2024-11-29 12:35:00:209] [CeyrekAltinBatch.mjs]: Ceyrek altin kaydi güncellendi.
[INFO] [2024-11-29 12:35:00:210] [CeyrekAltinBatch.mjs]: Eski Deger: 4.997,00
[INFO] [2024-11-29 12:35:00:211] [CeyrekAltinBatch.mjs]: Yeni Deger: 4.996,00
[INFO] [2024-11-29 12:35:00:212] [PocketBatchManager.js]: [Scrapper/CeyrekAltinBatch] is terminate successfully
[INFO] [2024-11-29 12:36:00:477] [unknown]: [Scrapper/CeyrekAltinBatch] is running
[INFO] [2024-11-29 12:36:00:478] [CeyrekAltinBatch.mjs]: CeyrekAltin servisine girildi.
[INFO] [2024-11-29 12:36:00:581] [PocketService.js]: Trigger : GetCurrencyWithName
[INFO] [2024-11-29 12:36:00:587] [PocketService.js]: Trigger : UpdateCurrency
[INFO] [2024-11-29 12:36:00:594] [CeyrekAltinBatch.mjs]: Ceyrek altin kaydi güncellendi.
[INFO] [2024-11-29 12:36:00:595] [CeyrekAltinBatch.mjs]: Eski Deger: 4.996,00
[INFO] [2024-11-29 12:36:00:596] [CeyrekAltinBatch.mjs]: Yeni Deger: 4.994,00
[INFO] [2024-11-29 12:36:00:597] [PocketBatchManager.js]: [Scrapper/CeyrekAltinBatch] is terminate successfully
[INFO] [2024-11-29 12:37:00:881] [unknown]: [Scrapper/CeyrekAltinBatch] is running
[INFO] [2024-11-29 12:37:00:882] [CeyrekAltinBatch.mjs]: CeyrekAltin servisine girildi.
[INFO] [2024-11-29 12:37:00:981] [PocketService.js]: Trigger : GetCurrencyWithName
[INFO] [2024-11-29 12:37:00:994] [CeyrekAltinBatch.mjs]: Ceyrek altin fiyati ayni. Güncelleme yapilmadi.
[INFO] [2024-11-29 12:37:00:995] [PocketBatchManager.js]: [Scrapper/CeyrekAltinBatch] is terminate successfully
[INFO] [2024-11-29 12:38:00:258] [unknown]: [Scrapper/CeyrekAltinBatch] is running
[INFO] [2024-11-29 12:38:00:259] [CeyrekAltinBatch.mjs]: CeyrekAltin servisine girildi.
[INFO] [2024-11-29 12:38:00:364] [PocketService.js]: Trigger : GetCurrencyWithName
[INFO] [2024-11-29 12:38:00:370] [CeyrekAltinBatch.mjs]: Ceyrek altin fiyati ayni. Güncelleme yapilmadi.
[INFO] [2024-11-29 12:38:00:371] [PocketBatchManager.js]: [Scrapper/CeyrekAltinBatch] is terminate successfully
[INFO] [2024-11-29 12:39:00:528] [unknown]: [Scrapper/CeyrekAltinBatch] is running
[INFO] [2024-11-29 12:39:00:530] [CeyrekAltinBatch.mjs]: CeyrekAltin servisine girildi.
[INFO] [2024-11-29 12:39:00:635] [PocketService.js]: Trigger : GetCurrencyWithName
[INFO] [2024-11-29 12:39:00:640] [CeyrekAltinBatch.mjs]: Ceyrek altin fiyati ayni. Güncelleme yapilmadi.
[INFO] [2024-11-29 12:39:00:642] [PocketBatchManager.js]: [Scrapper/CeyrekAltinBatch] is terminate successfully
[INFO] [2024-11-29 12:40:00:789] [unknown]: [Scrapper/CeyrekAltinBatch] is running
[INFO] [2024-11-29 12:40:00:791] [CeyrekAltinBatch.mjs]: CeyrekAltin servisine girildi.
[INFO] [2024-11-29 12:40:00:895] [PocketService.js]: Trigger : GetCurrencyWithName
[INFO] [2024-11-29 12:40:00:903] [CeyrekAltinBatch.mjs]: Ceyrek altin fiyati ayni. Güncelleme yapilmadi.
[INFO] [2024-11-29 12:40:00:904] [PocketBatchManager.js]: [Scrapper/CeyrekAltinBatch] is terminate successfully
[INFO] [2024-11-29 12:41:00:066] [unknown]: [Scrapper/CeyrekAltinBatch] is running
[INFO] [2024-11-29 12:41:00:068] [CeyrekAltinBatch.mjs]: CeyrekAltin servisine girildi.
[INFO] [2024-11-29 12:41:00:168] [PocketService.js]: Trigger : GetCurrencyWithName
[INFO] [2024-11-29 12:41:00:175] [PocketService.js]: Trigger : UpdateCurrency
[INFO] [2024-11-29 12:41:00:183] [CeyrekAltinBatch.mjs]: Ceyrek altin kaydi güncellendi.
[INFO] [2024-11-29 12:41:00:185] [CeyrekAltinBatch.mjs]: Eski Deger: 4.994,00
[INFO] [2024-11-29 12:41:00:186] [CeyrekAltinBatch.mjs]: Yeni Deger: 4.993,00
[INFO] [2024-11-29 12:41:00:187] [PocketBatchManager.js]: [Scrapper/CeyrekAltinBatch] is terminate successfully
[INFO] [2024-11-29 12:42:00:322] [unknown]: [Scrapper/CeyrekAltinBatch] is running
[INFO] [2024-11-29 12:42:00:324] [CeyrekAltinBatch.mjs]: CeyrekAltin servisine girildi.
[INFO] [2024-11-29 12:42:00:421] [PocketService.js]: Trigger : GetCurrencyWithName
[INFO] [2024-11-29 12:42:00:428] [CeyrekAltinBatch.mjs]: Ceyrek altin fiyati ayni. Güncelleme yapilmadi.
[INFO] [2024-11-29 12:42:00:429] [PocketBatchManager.js]: [Scrapper/CeyrekAltinBatch] is terminate successfully
[INFO] [2024-11-29 12:43:00:558] [unknown]: [Scrapper/CeyrekAltinBatch] is running
[INFO] [2024-11-29 12:43:00:560] [CeyrekAltinBatch.mjs]: CeyrekAltin servisine girildi.
[INFO] [2024-11-29 12:43:00:658] [PocketService.js]: Trigger : GetCurrencyWithName
[INFO] [2024-11-29 12:43:00:665] [PocketService.js]: Trigger : UpdateCurrency
[INFO] [2024-11-29 12:43:00:677] [CeyrekAltinBatch.mjs]: Ceyrek altin kaydi güncellendi.
[INFO] [2024-11-29 12:43:00:678] [CeyrekAltinBatch.mjs]: Eski Deger: 4.993,00
[INFO] [2024-11-29 12:43:00:679] [CeyrekAltinBatch.mjs]: Yeni Deger: 4.991,00
[INFO] [2024-11-29 12:43:00:680] [PocketBatchManager.js]: [Scrapper/CeyrekAltinBatch] is terminate successfully
[INFO] [2024-11-29 12:44:00:887] [unknown]: [Scrapper/CeyrekAltinBatch] is running
[INFO] [2024-11-29 12:44:00:889] [CeyrekAltinBatch.mjs]: CeyrekAltin servisine girildi.
[INFO] [2024-11-29 12:44:01:213] [PocketService.js]: Trigger : GetCurrencyWithName
[INFO] [2024-11-29 12:44:01:225] [PocketService.js]: Trigger : UpdateCurrency
[INFO] [2024-11-29 12:44:01:232] [CeyrekAltinBatch.mjs]: Ceyrek altin kaydi güncellendi.
[INFO] [2024-11-29 12:44:01:233] [CeyrekAltinBatch.mjs]: Eski Deger: 4.991,00
[INFO] [2024-11-29 12:44:01:234] [CeyrekAltinBatch.mjs]: Yeni Deger: 4.992,00
[INFO] [2024-11-29 12:44:01:235] [PocketBatchManager.js]: [Scrapper/CeyrekAltinBatch] is terminate successfully
[INFO] [2024-11-29 12:45:00:301] [unknown]: [Scrapper/CeyrekAltinBatch] is running
[INFO] [2024-11-29 12:45:00:303] [CeyrekAltinBatch.mjs]: CeyrekAltin servisine girildi.
[INFO] [2024-11-29 12:45:00:445] [PocketService.js]: Trigger : GetCurrencyWithName
[INFO] [2024-11-29 12:45:00:451] [CeyrekAltinBatch.mjs]: Ceyrek altin fiyati ayni. Güncelleme yapilmadi.
[INFO] [2024-11-29 12:45:00:453] [PocketBatchManager.js]: [Scrapper/CeyrekAltinBatch] is terminate successfully
[INFO] [2024-11-29 12:46:00:698] [unknown]: [Scrapper/CeyrekAltinBatch] is running
[INFO] [2024-11-29 12:46:00:700] [CeyrekAltinBatch.mjs]: CeyrekAltin servisine girildi.
[INFO] [2024-11-29 12:46:00:968] [PocketService.js]: Trigger : GetCurrencyWithName
[INFO] [2024-11-29 12:46:00:978] [CeyrekAltinBatch.mjs]: Ceyrek altin fiyati ayni. Güncelleme yapilmadi.
[INFO] [2024-11-29 12:46:00:979] [PocketBatchManager.js]: [Scrapper/CeyrekAltinBatch] is terminate successfully
[INFO] [2024-11-29 12:47:00:076] [unknown]: [Scrapper/CeyrekAltinBatch] is running
[INFO] [2024-11-29 12:47:00:077] [CeyrekAltinBatch.mjs]: CeyrekAltin servisine girildi.
[INFO] [2024-11-29 12:47:00:344] [PocketService.js]: Trigger : GetCurrencyWithName
[INFO] [2024-11-29 12:47:00:350] [CeyrekAltinBatch.mjs]: Ceyrek altin fiyati ayni. Güncelleme yapilmadi.
[INFO] [2024-11-29 12:47:00:351] [PocketBatchManager.js]: [Scrapper/CeyrekAltinBatch] is terminate successfully
[INFO] [2024-11-29 12:48:00:473] [unknown]: [Scrapper/CeyrekAltinBatch] is running
[INFO] [2024-11-29 12:48:00:475] [CeyrekAltinBatch.mjs]: CeyrekAltin servisine girildi.
[INFO] [2024-11-29 12:48:00:576] [PocketService.js]: Trigger : GetCurrencyWithName
[INFO] [2024-11-29 12:48:00:584] [CeyrekAltinBatch.mjs]: Ceyrek altin fiyati ayni. Güncelleme yapilmadi.
[INFO] [2024-11-29 12:48:00:587] [PocketBatchManager.js]: [Scrapper/CeyrekAltinBatch] is terminate successfully
[INFO] [2024-11-29 12:49:00:877] [unknown]: [Scrapper/CeyrekAltinBatch] is running
[INFO] [2024-11-29 12:49:00:879] [CeyrekAltinBatch.mjs]: CeyrekAltin servisine girildi.
[INFO] [2024-11-29 12:49:01:128] [PocketService.js]: Trigger : GetCurrencyWithName
[INFO] [2024-11-29 12:49:01:135] [PocketService.js]: Trigger : UpdateCurrency
[INFO] [2024-11-29 12:49:01:144] [CeyrekAltinBatch.mjs]: Ceyrek altin kaydi güncellendi.
[INFO] [2024-11-29 12:49:01:144] [CeyrekAltinBatch.mjs]: Eski Deger: 4.992,00
[INFO] [2024-11-29 12:49:01:145] [CeyrekAltinBatch.mjs]: Yeni Deger: 4.993,00
[INFO] [2024-11-29 12:49:01:146] [PocketBatchManager.js]: [Scrapper/CeyrekAltinBatch] is terminate successfully
[INFO] [2024-11-29 12:50:00:311] [unknown]: [Scrapper/CeyrekAltinBatch] is running
[INFO] [2024-11-29 12:50:00:313] [CeyrekAltinBatch.mjs]: CeyrekAltin servisine girildi.
[INFO] [2024-11-29 12:50:00:424] [PocketService.js]: Trigger : GetCurrencyWithName
[INFO] [2024-11-29 12:50:00:433] [PocketService.js]: Trigger : UpdateCurrency
[INFO] [2024-11-29 12:50:00:439] [CeyrekAltinBatch.mjs]: Ceyrek altin kaydi güncellendi.
[INFO] [2024-11-29 12:50:00:441] [CeyrekAltinBatch.mjs]: Eski Deger: 4.993,00
[INFO] [2024-11-29 12:50:00:442] [CeyrekAltinBatch.mjs]: Yeni Deger: 4.992,00
[INFO] [2024-11-29 12:50:00:443] [PocketBatchManager.js]: [Scrapper/CeyrekAltinBatch] is terminate successfully
[INFO] [2024-11-29 12:51:00:733] [unknown]: [Scrapper/CeyrekAltinBatch] is running
[INFO] [2024-11-29 12:51:00:734] [CeyrekAltinBatch.mjs]: CeyrekAltin servisine girildi.
[INFO] [2024-11-29 12:51:00:841] [PocketService.js]: Trigger : GetCurrencyWithName
[INFO] [2024-11-29 12:51:00:847] [CeyrekAltinBatch.mjs]: Ceyrek altin fiyati ayni. Güncelleme yapilmadi.
[INFO] [2024-11-29 12:51:00:849] [PocketBatchManager.js]: [Scrapper/CeyrekAltinBatch] is terminate successfully
[INFO] [2024-11-29 12:52:00:149] [unknown]: [Scrapper/CeyrekAltinBatch] is running
[INFO] [2024-11-29 12:52:00:151] [CeyrekAltinBatch.mjs]: CeyrekAltin servisine girildi.
[INFO] [2024-11-29 12:52:00:220] [PocketService.js]: Trigger : GetCurrencyWithName
[INFO] [2024-11-29 12:52:00:225] [CeyrekAltinBatch.mjs]: Ceyrek altin fiyati ayni. Güncelleme yapilmadi.
[INFO] [2024-11-29 12:52:00:226] [PocketBatchManager.js]: [Scrapper/CeyrekAltinBatch] is terminate successfully
[INFO] [2024-11-29 12:53:00:539] [unknown]: [Scrapper/CeyrekAltinBatch] is running
[INFO] [2024-11-29 12:53:00:540] [CeyrekAltinBatch.mjs]: CeyrekAltin servisine girildi.
[INFO] [2024-11-29 12:53:00:717] [PocketService.js]: Trigger : GetCurrencyWithName
[INFO] [2024-11-29 12:53:00:724] [CeyrekAltinBatch.mjs]: Ceyrek altin fiyati ayni. Güncelleme yapilmadi.
[INFO] [2024-11-29 12:53:00:725] [PocketBatchManager.js]: [Scrapper/CeyrekAltinBatch] is terminate successfully
[INFO] [2024-11-29 12:54:00:959] [unknown]: [Scrapper/CeyrekAltinBatch] is running
[INFO] [2024-11-29 12:54:00:960] [CeyrekAltinBatch.mjs]: CeyrekAltin servisine girildi.
[INFO] [2024-11-29 12:54:01:059] [PocketService.js]: Trigger : GetCurrencyWithName
[INFO] [2024-11-29 12:54:01:067] [CeyrekAltinBatch.mjs]: Ceyrek altin fiyati ayni. Güncelleme yapilmadi.
[INFO] [2024-11-29 12:54:01:069] [PocketBatchManager.js]: [Scrapper/CeyrekAltinBatch] is terminate successfully
[INFO] [2024-11-29 12:55:00:352] [unknown]: [Scrapper/CeyrekAltinBatch] is running
[INFO] [2024-11-29 12:55:00:354] [CeyrekAltinBatch.mjs]: CeyrekAltin servisine girildi.
[INFO] [2024-11-29 12:55:00:467] [PocketService.js]: Trigger : GetCurrencyWithName
[INFO] [2024-11-29 12:55:00:486] [PocketService.js]: Trigger : UpdateCurrency
[INFO] [2024-11-29 12:55:00:494] [CeyrekAltinBatch.mjs]: Ceyrek altin kaydi güncellendi.
[INFO] [2024-11-29 12:55:00:496] [CeyrekAltinBatch.mjs]: Eski Deger: 4.992,00
[INFO] [2024-11-29 12:55:00:497] [CeyrekAltinBatch.mjs]: Yeni Deger: 4.990,00
[INFO] [2024-11-29 12:55:00:498] [PocketBatchManager.js]: [Scrapper/CeyrekAltinBatch] is terminate successfully
[INFO] [2024-11-29 12:56:00:775] [unknown]: [Scrapper/CeyrekAltinBatch] is running
[INFO] [2024-11-29 12:56:00:777] [CeyrekAltinBatch.mjs]: CeyrekAltin servisine girildi.
[INFO] [2024-11-29 12:56:00:885] [PocketService.js]: Trigger : GetCurrencyWithName
[INFO] [2024-11-29 12:56:00:892] [CeyrekAltinBatch.mjs]: Ceyrek altin fiyati ayni. Güncelleme yapilmadi.
[INFO] [2024-11-29 12:56:00:893] [PocketBatchManager.js]: [Scrapper/CeyrekAltinBatch] is terminate successfully
[INFO] [2024-11-29 12:57:00:175] [unknown]: [Scrapper/CeyrekAltinBatch] is running
[INFO] [2024-11-29 12:57:00:177] [CeyrekAltinBatch.mjs]: CeyrekAltin servisine girildi.
[INFO] [2024-11-29 12:57:00:278] [PocketService.js]: Trigger : GetCurrencyWithName
[INFO] [2024-11-29 12:57:00:283] [PocketService.js]: Trigger : UpdateCurrency
[INFO] [2024-11-29 12:57:00:289] [CeyrekAltinBatch.mjs]: Ceyrek altin kaydi güncellendi.
[INFO] [2024-11-29 12:57:00:290] [CeyrekAltinBatch.mjs]: Eski Deger: 4.990,00
[INFO] [2024-11-29 12:57:00:291] [CeyrekAltinBatch.mjs]: Yeni Deger: 4.989,00
[INFO] [2024-11-29 12:57:00:292] [PocketBatchManager.js]: [Scrapper/CeyrekAltinBatch] is terminate successfully
[INFO] [2024-11-29 12:58:00:577] [unknown]: [Scrapper/CeyrekAltinBatch] is running
[INFO] [2024-11-29 12:58:00:579] [CeyrekAltinBatch.mjs]: CeyrekAltin servisine girildi.
[INFO] [2024-11-29 12:58:00:650] [PocketService.js]: Trigger : GetCurrencyWithName
[INFO] [2024-11-29 12:58:00:657] [PocketService.js]: Trigger : UpdateCurrency
[INFO] [2024-11-29 12:58:00:666] [CeyrekAltinBatch.mjs]: Ceyrek altin kaydi güncellendi.
[INFO] [2024-11-29 12:58:00:667] [CeyrekAltinBatch.mjs]: Eski Deger: 4.989,00
[INFO] [2024-11-29 12:58:00:668] [CeyrekAltinBatch.mjs]: Yeni Deger: 4.988,00
[INFO] [2024-11-29 12:58:00:669] [PocketBatchManager.js]: [Scrapper/CeyrekAltinBatch] is terminate successfully
[INFO] [2024-11-29 12:59:00:905] [unknown]: [Scrapper/CeyrekAltinBatch] is running
[INFO] [2024-11-29 12:59:00:907] [CeyrekAltinBatch.mjs]: CeyrekAltin servisine girildi.
[INFO] [2024-11-29 12:59:01:171] [PocketService.js]: Trigger : GetCurrencyWithName
[INFO] [2024-11-29 12:59:01:178] [PocketService.js]: Trigger : UpdateCurrency
[INFO] [2024-11-29 12:59:01:184] [CeyrekAltinBatch.mjs]: Ceyrek altin kaydi güncellendi.
[INFO] [2024-11-29 12:59:01:185] [CeyrekAltinBatch.mjs]: Eski Deger: 4.988,00
[INFO] [2024-11-29 12:59:01:186] [CeyrekAltinBatch.mjs]: Yeni Deger: 4.989,00
[INFO] [2024-11-29 12:59:01:187] [PocketBatchManager.js]: [Scrapper/CeyrekAltinBatch] is terminate successfully
[INFO] [2024-11-29 13:00:00:584] [unknown]: [Scrapper/CeyrekAltinBatch] is running
[INFO] [2024-11-29 13:00:00:585] [CeyrekAltinBatch.mjs]: CeyrekAltin servisine girildi.
[INFO] [2024-11-29 13:00:00:649] [PocketService.js]: Trigger : GetCurrencyWithName
[INFO] [2024-11-29 13:00:00:654] [CeyrekAltinBatch.mjs]: Ceyrek altin fiyati ayni. Güncelleme yapilmadi.
[INFO] [2024-11-29 13:00:00:656] [PocketBatchManager.js]: [Scrapper/CeyrekAltinBatch] is terminate successfully
[INFO] [2024-11-29 13:01:00:974] [unknown]: [Scrapper/CeyrekAltinBatch] is running
[INFO] [2024-11-29 13:01:00:976] [CeyrekAltinBatch.mjs]: CeyrekAltin servisine girildi.
[INFO] [2024-11-29 13:01:01:078] [PocketService.js]: Trigger : GetCurrencyWithName
[INFO] [2024-11-29 13:01:01:086] [PocketService.js]: Trigger : UpdateCurrency
[INFO] [2024-11-29 13:01:01:097] [CeyrekAltinBatch.mjs]: Ceyrek altin kaydi güncellendi.
[INFO] [2024-11-29 13:01:01:099] [CeyrekAltinBatch.mjs]: Eski Deger: 4.989,00
[INFO] [2024-11-29 13:01:01:100] [CeyrekAltinBatch.mjs]: Yeni Deger: 4.990,00
[INFO] [2024-11-29 13:01:01:101] [PocketBatchManager.js]: [Scrapper/CeyrekAltinBatch] is terminate successfully
[INFO] [2024-11-29 13:02:00:396] [unknown]: [Scrapper/CeyrekAltinBatch] is running
[INFO] [2024-11-29 13:02:00:398] [CeyrekAltinBatch.mjs]: CeyrekAltin servisine girildi.
[INFO] [2024-11-29 13:02:00:529] [PocketService.js]: Trigger : GetCurrencyWithName
[INFO] [2024-11-29 13:02:00:538] [CeyrekAltinBatch.mjs]: Ceyrek altin fiyati ayni. Güncelleme yapilmadi.
[INFO] [2024-11-29 13:02:00:539] [PocketBatchManager.js]: [Scrapper/CeyrekAltinBatch] is terminate successfully
[INFO] [2024-11-29 13:03:00:739] [unknown]: [Scrapper/CeyrekAltinBatch] is running
[INFO] [2024-11-29 13:03:00:741] [CeyrekAltinBatch.mjs]: CeyrekAltin servisine girildi.
[INFO] [2024-11-29 13:03:00:871] [PocketService.js]: Trigger : GetCurrencyWithName
[INFO] [2024-11-29 13:03:00:879] [PocketService.js]: Trigger : UpdateCurrency
[INFO] [2024-11-29 13:03:00:887] [CeyrekAltinBatch.mjs]: Ceyrek altin kaydi güncellendi.
[INFO] [2024-11-29 13:03:00:889] [CeyrekAltinBatch.mjs]: Eski Deger: 4.990,00
[INFO] [2024-11-29 13:03:00:890] [CeyrekAltinBatch.mjs]: Yeni Deger: 4.993,00
[INFO] [2024-11-29 13:03:00:891] [PocketBatchManager.js]: [Scrapper/CeyrekAltinBatch] is terminate successfully
[INFO] [2024-11-29 13:04:00:149] [unknown]: [Scrapper/CeyrekAltinBatch] is running
[INFO] [2024-11-29 13:04:00:150] [CeyrekAltinBatch.mjs]: CeyrekAltin servisine girildi.
[INFO] [2024-11-29 13:04:00:271] [PocketService.js]: Trigger : GetCurrencyWithName
[INFO] [2024-11-29 13:04:00:278] [CeyrekAltinBatch.mjs]: Ceyrek altin fiyati ayni. Güncelleme yapilmadi.
[INFO] [2024-11-29 13:04:00:280] [PocketBatchManager.js]: [Scrapper/CeyrekAltinBatch] is terminate successfully
[INFO] [2024-11-29 13:05:00:574] [unknown]: [Scrapper/CeyrekAltinBatch] is running
[INFO] [2024-11-29 13:05:00:576] [CeyrekAltinBatch.mjs]: CeyrekAltin servisine girildi.
[INFO] [2024-11-29 13:05:00:684] [PocketService.js]: Trigger : GetCurrencyWithName
[INFO] [2024-11-29 13:05:00:691] [CeyrekAltinBatch.mjs]: Ceyrek altin fiyati ayni. Güncelleme yapilmadi.
[INFO] [2024-11-29 13:05:00:692] [PocketBatchManager.js]: [Scrapper/CeyrekAltinBatch] is terminate successfully
[INFO] [2024-11-29 13:06:00:978] [unknown]: [Scrapper/CeyrekAltinBatch] is running
[INFO] [2024-11-29 13:06:00:980] [CeyrekAltinBatch.mjs]: CeyrekAltin servisine girildi.
[INFO] [2024-11-29 13:06:01:086] [PocketService.js]: Trigger : GetCurrencyWithName
[INFO] [2024-11-29 13:06:01:095] [PocketService.js]: Trigger : UpdateCurrency
[INFO] [2024-11-29 13:06:01:102] [CeyrekAltinBatch.mjs]: Ceyrek altin kaydi güncellendi.
[INFO] [2024-11-29 13:06:01:103] [CeyrekAltinBatch.mjs]: Eski Deger: 4.993,00
[INFO] [2024-11-29 13:06:01:104] [CeyrekAltinBatch.mjs]: Yeni Deger: 4.995,00
[INFO] [2024-11-29 13:06:01:106] [PocketBatchManager.js]: [Scrapper/CeyrekAltinBatch] is terminate successfully
[INFO] [2024-11-29 13:07:00:212] [unknown]: [Scrapper/CeyrekAltinBatch] is running
[INFO] [2024-11-29 13:07:00:213] [CeyrekAltinBatch.mjs]: CeyrekAltin servisine girildi.
[INFO] [2024-11-29 13:07:00:316] [PocketService.js]: Trigger : GetCurrencyWithName
[INFO] [2024-11-29 13:07:00:328] [CeyrekAltinBatch.mjs]: Ceyrek altin fiyati ayni. Güncelleme yapilmadi.
[INFO] [2024-11-29 13:07:00:330] [PocketBatchManager.js]: [Scrapper/CeyrekAltinBatch] is terminate successfully
[INFO] [2024-11-29 13:08:00:645] [unknown]: [Scrapper/CeyrekAltinBatch] is running
[INFO] [2024-11-29 13:08:00:647] [CeyrekAltinBatch.mjs]: CeyrekAltin servisine girildi.
[INFO] [2024-11-29 13:08:00:753] [PocketService.js]: Trigger : GetCurrencyWithName
[INFO] [2024-11-29 13:08:00:761] [CeyrekAltinBatch.mjs]: Ceyrek altin fiyati ayni. Güncelleme yapilmadi.
[INFO] [2024-11-29 13:08:00:763] [PocketBatchManager.js]: [Scrapper/CeyrekAltinBatch] is terminate successfully
[ERROR] [2024-11-29 13:08:40:939] [unknown]: SIGINT signal received. The application is shutting down.
Error
[ERROR] [2024-11-29 13:08:42:558] [unknown]: SIGINT signal received. The application is shutting down.
Error
[INFO] [2024-11-29 20:35:36:779] [api.js]: - CheckAbuseipAttacker.mjs loading successfully
[INFO] [2024-11-29 20:35:36:782] [api.js]: - CheckTokenEndpointAuth.mjs loading successfully
[INFO] [2024-11-29 20:35:36:783] [api.js]: - ControlUserPermissionToken.mjs loading successfully
[INFO] [2024-11-29 20:35:36:784] [api.js]: - DecisionRepetiteAttackRequest.mjs loading successfully
[INFO] [2024-11-29 20:35:36:784] [api.js]: - GetActiveRepetiteAttackRequest.mjs loading successfully
[INFO] [2024-11-29 20:35:36:786] [api.js]: - GetAllServerInfo.mjs loading successfully
[INFO] [2024-11-29 20:35:36:787] [api.js]: - GetBatchHealth.mjs loading successfully
[INFO] [2024-11-29 20:35:36:788] [api.js]: - GetEndpoints.mjs loading successfully
[INFO] [2024-11-29 20:35:36:789] [api.js]: - GetPermissionToken.mjs loading successfully
[INFO] [2024-11-29 20:35:36:791] [api.js]: - GetServerInfo.mjs loading successfully
[INFO] [2024-11-29 20:35:36:793] [api.js]: - GetUserService.mjs loading successfully
[INFO] [2024-11-29 20:35:36:796] [api.js]: - GetUserWithEmail.mjs loading successfully
[INFO] [2024-11-29 20:35:36:799] [api.js]: - GetUserWithUserId.mjs loading successfully
[INFO] [2024-11-29 20:35:36:802] [api.js]: - LoginService.mjs loading successfully
[INFO] [2024-11-29 20:35:36:804] [api.js]: - LogoutService.mjs loading successfully
[INFO] [2024-11-29 20:35:36:807] [api.js]: - SaveApiLog.mjs loading successfully
[INFO] [2024-11-29 20:35:36:808] [api.js]: - SaveRepetiteAttackRequest.mjs loading successfully
[INFO] [2024-11-29 20:35:36:814] [api.js]: - SaveServerInfo.mjs loading successfully
[INFO] [2024-11-29 20:35:36:815] [api.js]: - UpdatePermissionToken.mjs loading successfully
[INFO] [2024-11-29 20:35:36:816] [api.js]: - UpdateRepetiteAttackRequest.mjs loading successfully
[INFO] [2024-11-29 20:35:36:817] [api.js]: - UpdateUserService.mjs loading successfully
[INFO] [2024-11-29 20:35:36:822] [api.js]: - DashboardApi.mjs loading successfully
[INFO] [2024-11-29 20:35:36:823] [api.js]: - GetBatchInfo.mjs loading successfully
[INFO] [2024-11-29 20:35:36:824] [api.js]: - GetPocketLog.mjs loading successfully
[INFO] [2024-11-29 20:35:36:833] [api.js]: - UpdateExchangeRate.mjs loading successfully
[INFO] [2024-11-29 20:35:36:838] [api.js]: - CheckOtpAndAccountActivate.mjs loading successfully
[INFO] [2024-11-29 20:35:36:839] [api.js]: - GetUserWithEmail.mjs loading successfully
[INFO] [2024-11-29 20:35:36:840] [api.js]: - LoginService.mjs loading successfully
[INFO] [2024-11-29 20:35:36:841] [api.js]: - PasswordResetSendOTP.mjs loading successfully
[INFO] [2024-11-29 20:35:36:842] [api.js]: - SaveUserService.mjs loading successfully
[INFO] [2024-11-29 20:35:36:843] [api.js]: - SignUpService.mjs loading successfully
[INFO] [2024-11-29 20:35:36:845] [api.js]: - UpdateUserWithEmail.mjs loading successfully
[INFO] [2024-11-29 20:35:36:850] [api.js]: - GetAccount.mjs loading successfully
[INFO] [2024-11-29 20:35:36:851] [api.js]: - Login.mjs loading successfully
[INFO] [2024-11-29 20:35:36:858] [api.js]: - CheckOTP.mjs loading successfully
[INFO] [2024-11-29 20:35:36:859] [api.js]: - CheckTOKEN.mjs loading successfully
[INFO] [2024-11-29 20:35:36:860] [api.js]: - GenerateOTP.mjs loading successfully
[INFO] [2024-11-29 20:35:36:862] [api.js]: - GetOTP.mjs loading successfully
[INFO] [2024-11-29 20:35:36:863] [api.js]: - GetTOKEN.mjs loading successfully
[INFO] [2024-11-29 20:35:36:864] [api.js]: - ITReportSender.mjs loading successfully
[INFO] [2024-11-29 20:35:36:865] [api.js]: - SaveOTP.mjs loading successfully
[INFO] [2024-11-29 20:35:36:867] [api.js]: - SendEmailActivation.mjs loading successfully
[INFO] [2024-11-29 20:35:36:869] [api.js]: - SendNotificationCode.mjs loading successfully
[INFO] [2024-11-29 20:35:36:870] [api.js]: - SendOTP.mjs loading successfully
[INFO] [2024-11-29 20:35:36:874] [api.js]: - SendResumeMail.mjs loading successfully
[INFO] [2024-11-29 20:35:36:878] [api.js]: - SendResumeMailForSuspicious.mjs loading successfully
[INFO] [2024-11-29 20:35:36:879] [api.js]: - UpdateOTP.mjs loading successfully
[INFO] [2024-11-29 20:35:36:880] [api.js]: - ValidateVerifyEmailToken.mjs loading successfully
[INFO] [2024-11-29 20:35:36:884] [api.js]: - GetBatchJobs.mjs loading successfully
[INFO] [2024-11-29 20:35:36:886] [api.js]: - GetBatchJobWithParameter.mjs loading successfully
[INFO] [2024-11-29 20:35:36:888] [api.js]: - GetSecret.mjs loading successfully
[INFO] [2024-11-29 20:35:36:890] [api.js]: - SaveBatchJobs.mjs loading successfully
[INFO] [2024-11-29 20:35:36:891] [api.js]: - SaveServiceInfo.mjs loading successfully
[INFO] [2024-11-29 20:35:36:892] [api.js]: - UpdateBatchJob.mjs loading successfully
[INFO] [2024-11-29 20:35:36:898] [api.js]: - AnalysisAndReportBatch.mjs loading successfully
[INFO] [2024-11-29 20:35:36:899] [api.js]: - APIQueryResume.mjs loading successfully
[INFO] [2024-11-29 20:35:36:901] [api.js]: - DecisionResumeEntry.mjs loading successfully
[INFO] [2024-11-29 20:35:36:901] [api.js]: - FindIpContext.mjs loading successfully
[INFO] [2024-11-29 20:35:36:902] [api.js]: - GetBatchCounter.mjs loading successfully
[INFO] [2024-11-29 20:35:36:903] [api.js]: - GetCounter.mjs loading successfully
[INFO] [2024-11-29 20:35:36:905] [api.js]: - GetResumeData.mjs loading successfully
[INFO] [2024-11-29 20:35:36:906] [api.js]: - QueryDecisionResume.mjs loading successfully
[INFO] [2024-11-29 20:35:36:907] [api.js]: - SaveDecisionResume.mjs loading successfully
[INFO] [2024-11-29 20:35:36:907] [api.js]: - SaveMail.mjs loading successfully
[INFO] [2024-11-29 20:35:36:908] [api.js]: - SearchMail.mjs loading successfully
[INFO] [2024-11-29 20:35:36:911] [api.js]: - UpdateBatchCounter.mjs loading successfully
[INFO] [2024-11-29 20:35:36:916] [api.js]: - UpdateCounter.mjs loading successfully
[INFO] [2024-11-29 20:35:36:919] [api.js]: - UpdateDecisionResume.mjs loading successfully
[INFO] [2024-11-29 20:35:36:921] [api.js]: - VerifyCaptcha.mjs loading successfully
[INFO] [2024-11-29 20:35:36:928] [api.js]: - CeyrekAltinBatch.mjs loading successfully
[INFO] [2024-11-29 20:35:36:929] [api.js]: - DovizKurlariBatch.mjs loading successfully
[INFO] [2024-11-29 20:35:36:931] [api.js]: - GetCurrencyWithName.mjs loading successfully
[INFO] [2024-11-29 20:35:36:933] [api.js]: - UpdateCurrency.mjs loading successfully
[INFO] [2024-11-29 20:35:36:939] [api.js]: - HtmlTemplateTest.mjs loading successfully
[INFO] [2024-11-29 20:35:36:944] [api.js]: - GenerateToken.mjs loading successfully
[INFO] [2024-11-29 20:35:36:950] [api.js]: - GenerateUniqueID.mjs loading successfully
[INFO] [2024-11-29 20:35:36:952] [api.js]: - IpService.mjs loading successfully
[INFO] [2024-11-29 20:35:36:957] [api.js]:
Success process: 77
Fail process: 0
Total Modules: 12
Total Service: 77
[INFO] [2024-11-29 20:35:36:961] [api.js]:
Module and service static check has been completed successfully.
[INFO] [2024-11-29 20:35:38:013] [PocketService.js]: Trigger : SaveServerInfo
[INFO] [2024-11-29 20:35:38:035] [PocketService.js]: Trigger : GetServerInfo
[INFO] [2024-11-29 20:35:38:265] [unknown]: Server is started on port 3000
[INFO] [2024-11-29 20:35:48:157] [unknown]: Request user token -> undefined
[INFO] [2024-11-29 20:35:48:172] [PocketService.js]: Trigger : SaveApiLog
[INFO] [2024-11-29 20:35:48:296] [unknown]: Request user token -> undefined
[INFO] [2024-11-29 20:35:48:300] [PocketService.js]: Trigger : SaveApiLog
[INFO] [2024-11-29 20:36:02:365] [unknown]: Request user token -> undefined
[INFO] [2024-11-29 20:36:02:368] [PocketService.js]: Trigger : SaveApiLog
[INFO] [2024-11-29 20:36:02:530] [unknown]: Request user token -> undefined
[INFO] [2024-11-29 20:36:02:534] [PocketService.js]: Trigger : SaveApiLog
[REQUEST] [2024-11-29 20:36:41:392] [api.js]:
                                   [MODULE]       : Admpanel
                                   [SERVICE]      : DashboardApi
                                   [ENDPOINT]     : adm-dashboard-info
                                   [METHOD]       : GET
                                   [X-USER-TOKEN] : 65d78580994151d94460ea1f
                                   [IP]           : ::1
[INFO] [2024-11-29 20:36:41:423] [PocketService.js]: Trigger : ControlUserPermissionToken
[INFO] [2024-11-29 20:36:41:446] [PocketService.js]: Trigger : GetPermissionToken
[INFO] [2024-11-29 20:36:41:506] [PocketService.js]: Trigger : UpdatePermissionToken
[INFO] [2024-11-29 20:36:41:570] [PocketService.js]: Trigger : DashboardApi
[INFO] [2024-11-29 20:36:41:593] [PocketService.js]: Trigger : GetEndpoints
[INFO] [2024-11-29 20:36:41:594] [PocketService.js]: Trigger : GetServerInfo
[INFO] [2024-11-29 20:36:41:629] [PocketService.js]: Trigger : GetBatchJobs
[INFO] [2024-11-29 20:36:41:667] [PocketService.js]: Trigger : GetAllServerInfo
[INFO] [2024-11-29 20:36:41:780] [PocketService.js]: Trigger : GetBatchHealth
[INFO] [2024-11-29 20:36:41:781] [GetBatchHealth.mjs]: GetBatchhealt servisinde info fırlatıldı
[INFO] [2024-11-29 20:36:41:807] [PocketService.js]: Trigger : GetPocketLog
[INFO] [2024-11-29 20:36:41:828] [DashboardApi.mjs]: Dashboard response:
[INFO] [2024-11-29 20:36:41:829] [DashboardApi.mjs]: [object Object]
[INFO] [2024-11-29 20:36:41:836] [PocketService.js]: Trigger : SaveApiLog
[REQUEST] [2024-11-29 20:37:09:422] [api.js]:
                                   [MODULE]       : Admpanel
                                   [SERVICE]      : GetBatchInfo
                                   [ENDPOINT]     : adm-batch-info
                                   [METHOD]       : GET
                                   [X-USER-TOKEN] : 65d78580994151d94460ea1f
                                   [IP]           : ::1
[INFO] [2024-11-29 20:37:09:427] [PocketService.js]: Trigger : ControlUserPermissionToken
[INFO] [2024-11-29 20:37:09:433] [PocketService.js]: Trigger : GetPermissionToken
[INFO] [2024-11-29 20:37:09:445] [PocketService.js]: Trigger : UpdatePermissionToken
[INFO] [2024-11-29 20:37:09:535] [PocketService.js]: Trigger : GetBatchInfo
[INFO] [2024-11-29 20:37:09:542] [PocketService.js]: Trigger : GetBatchJobs
[INFO] [2024-11-29 20:37:09:567] [PocketService.js]: Trigger : SaveApiLog
[REQUEST] [2024-11-29 20:40:15:429] [api.js]:
                                   [MODULE]       : Admpanel
                                   [SERVICE]      : DashboardApi
                                   [ENDPOINT]     : adm-dashboard-info
                                   [METHOD]       : GET
                                   [X-USER-TOKEN] : 65d78580994151d94460ea1f
                                   [IP]           : ::1
[INFO] [2024-11-29 20:40:15:433] [PocketService.js]: Trigger : ControlUserPermissionToken
[INFO] [2024-11-29 20:40:15:436] [PocketService.js]: Trigger : GetPermissionToken
[INFO] [2024-11-29 20:40:15:462] [PocketService.js]: Trigger : UpdatePermissionToken
[INFO] [2024-11-29 20:40:15:496] [PocketService.js]: Trigger : DashboardApi
[INFO] [2024-11-29 20:40:15:499] [PocketService.js]: Trigger : GetEndpoints
[INFO] [2024-11-29 20:40:15:502] [PocketService.js]: Trigger : GetServerInfo
[INFO] [2024-11-29 20:40:15:546] [PocketService.js]: Trigger : GetBatchJobs
[INFO] [2024-11-29 20:40:15:565] [PocketService.js]: Trigger : GetAllServerInfo
[INFO] [2024-11-29 20:40:15:693] [PocketService.js]: Trigger : GetBatchHealth
[INFO] [2024-11-29 20:40:15:694] [GetBatchHealth.mjs]: GetBatchhealt servisinde info fırlatıldı
[INFO] [2024-11-29 20:40:15:698] [PocketService.js]: Trigger : GetPocketLog
[INFO] [2024-11-29 20:40:15:722] [DashboardApi.mjs]: Dashboard response:
[INFO] [2024-11-29 20:40:15:724] [DashboardApi.mjs]: [object Object]
[INFO] [2024-11-29 20:40:15:731] [PocketService.js]: Trigger : SaveApiLog
[REQUEST] [2024-11-29 20:41:54:871] [api.js]:
                                   [MODULE]       : Admpanel
                                   [SERVICE]      : DashboardApi
                                   [ENDPOINT]     : adm-dashboard-info
                                   [METHOD]       : GET
                                   [X-USER-TOKEN] : 65d78580994151d94460ea1f
                                   [IP]           : ::1
[INFO] [2024-11-29 20:41:54:874] [PocketService.js]: Trigger : ControlUserPermissionToken
[INFO] [2024-11-29 20:41:54:878] [PocketService.js]: Trigger : GetPermissionToken
[INFO] [2024-11-29 20:41:54:886] [PocketService.js]: Trigger : UpdatePermissionToken
[INFO] [2024-11-29 20:41:54:896] [PocketService.js]: Trigger : DashboardApi
[INFO] [2024-11-29 20:41:54:899] [PocketService.js]: Trigger : GetEndpoints
[INFO] [2024-11-29 20:41:54:901] [PocketService.js]: Trigger : GetServerInfo
[INFO] [2024-11-29 20:41:54:914] [PocketService.js]: Trigger : GetBatchJobs
[INFO] [2024-11-29 20:41:54:922] [PocketService.js]: Trigger : GetAllServerInfo
[INFO] [2024-11-29 20:41:54:988] [PocketService.js]: Trigger : GetBatchHealth
[INFO] [2024-11-29 20:41:54:989] [GetBatchHealth.mjs]: GetBatchhealt servisinde info fırlatıldı
[INFO] [2024-11-29 20:41:54:998] [PocketService.js]: Trigger : GetPocketLog
[INFO] [2024-11-29 20:41:55:022] [DashboardApi.mjs]: Dashboard response:
[INFO] [2024-11-29 20:41:55:023] [DashboardApi.mjs]: [object Object]
[INFO] [2024-11-29 20:41:55:031] [PocketService.js]: Trigger : SaveApiLog
[REQUEST] [2024-11-29 20:43:01:644] [api.js]:
                                   [MODULE]       : Admpanel
                                   [SERVICE]      : DashboardApi
                                   [ENDPOINT]     : adm-dashboard-info
                                   [METHOD]       : GET
                                   [X-USER-TOKEN] : 65d78580994151d94460ea1f
                                   [IP]           : ::1
[INFO] [2024-11-29 20:43:01:647] [PocketService.js]: Trigger : ControlUserPermissionToken
[INFO] [2024-11-29 20:43:01:649] [PocketService.js]: Trigger : GetPermissionToken
[INFO] [2024-11-29 20:43:01:659] [PocketService.js]: Trigger : UpdatePermissionToken
[INFO] [2024-11-29 20:43:01:676] [PocketService.js]: Trigger : DashboardApi
[INFO] [2024-11-29 20:43:01:678] [PocketService.js]: Trigger : GetEndpoints
[INFO] [2024-11-29 20:43:01:684] [PocketService.js]: Trigger : GetServerInfo
[INFO] [2024-11-29 20:43:01:699] [PocketService.js]: Trigger : GetBatchJobs
[INFO] [2024-11-29 20:43:01:708] [PocketService.js]: Trigger : GetAllServerInfo
[INFO] [2024-11-29 20:43:01:794] [PocketService.js]: Trigger : GetBatchHealth
[INFO] [2024-11-29 20:43:01:795] [GetBatchHealth.mjs]: GetBatchhealt servisinde info fırlatıldı
[INFO] [2024-11-29 20:43:01:801] [PocketService.js]: Trigger : GetPocketLog
[INFO] [2024-11-29 20:43:01:833] [DashboardApi.mjs]: Dashboard response:
[INFO] [2024-11-29 20:43:01:835] [DashboardApi.mjs]: [object Object]
[INFO] [2024-11-29 20:43:01:843] [PocketService.js]: Trigger : SaveApiLog
[REQUEST] [2024-11-29 20:44:51:262] [api.js]:
                                   [MODULE]       : Admpanel
                                   [SERVICE]      : DashboardApi
                                   [ENDPOINT]     : adm-dashboard-info
                                   [METHOD]       : GET
                                   [X-USER-TOKEN] : 65d78580994151d94460ea1f
                                   [IP]           : ::1
[INFO] [2024-11-29 20:44:51:269] [PocketService.js]: Trigger : ControlUserPermissionToken
[INFO] [2024-11-29 20:44:51:272] [PocketService.js]: Trigger : GetPermissionToken
[INFO] [2024-11-29 20:44:51:283] [PocketService.js]: Trigger : UpdatePermissionToken
[INFO] [2024-11-29 20:44:51:299] [PocketService.js]: Trigger : DashboardApi
[INFO] [2024-11-29 20:44:51:310] [PocketService.js]: Trigger : GetEndpoints
[INFO] [2024-11-29 20:44:51:322] [PocketService.js]: Trigger : GetServerInfo
[INFO] [2024-11-29 20:44:51:347] [PocketService.js]: Trigger : GetBatchJobs
[INFO] [2024-11-29 20:44:51:370] [PocketService.js]: Trigger : GetAllServerInfo
[INFO] [2024-11-29 20:44:51:621] [PocketService.js]: Trigger : GetBatchHealth
[INFO] [2024-11-29 20:44:51:622] [GetBatchHealth.mjs]: GetBatchhealt servisinde info fırlatıldı
[INFO] [2024-11-29 20:44:51:629] [PocketService.js]: Trigger : GetPocketLog
[INFO] [2024-11-29 20:44:51:660] [DashboardApi.mjs]: Dashboard response:
[INFO] [2024-11-29 20:44:51:661] [DashboardApi.mjs]: [object Object]
[INFO] [2024-11-29 20:44:51:670] [PocketService.js]: Trigger : SaveApiLog
[REQUEST] [2024-11-29 20:46:26:840] [api.js]:
                                   [MODULE]       : Admpanel
                                   [SERVICE]      : DashboardApi
                                   [ENDPOINT]     : adm-dashboard-info
                                   [METHOD]       : GET
                                   [X-USER-TOKEN] : 65d78580994151d94460ea1f
                                   [IP]           : ::1
[INFO] [2024-11-29 20:46:26:843] [PocketService.js]: Trigger : ControlUserPermissionToken
[INFO] [2024-11-29 20:46:26:845] [PocketService.js]: Trigger : GetPermissionToken
[INFO] [2024-11-29 20:46:26:856] [PocketService.js]: Trigger : UpdatePermissionToken
[INFO] [2024-11-29 20:46:26:896] [PocketService.js]: Trigger : DashboardApi
[INFO] [2024-11-29 20:46:26:900] [PocketService.js]: Trigger : GetEndpoints
[INFO] [2024-11-29 20:46:26:904] [PocketService.js]: Trigger : GetServerInfo
[INFO] [2024-11-29 20:46:26:924] [PocketService.js]: Trigger : GetBatchJobs
[INFO] [2024-11-29 20:46:26:936] [PocketService.js]: Trigger : GetAllServerInfo
[INFO] [2024-11-29 20:46:27:032] [PocketService.js]: Trigger : GetBatchHealth
[INFO] [2024-11-29 20:46:27:033] [GetBatchHealth.mjs]: GetBatchhealt servisinde info fırlatıldı
[INFO] [2024-11-29 20:46:27:038] [PocketService.js]: Trigger : GetPocketLog
[INFO] [2024-11-29 20:46:27:063] [DashboardApi.mjs]: Dashboard response:
[INFO] [2024-11-29 20:46:27:065] [DashboardApi.mjs]: [object Object]
[INFO] [2024-11-29 20:46:27:069] [PocketService.js]: Trigger : SaveApiLog
[INFO] [2024-11-29 20:46:52:736] [PocketService.js]: Trigger : GetBatchJobs
[INFO] [2024-11-29 20:46:52:794] [batch.js]: Scrapper/CeyrekAltinBatch included in the job queue
[INFO] [2024-11-29 20:46:52:803] [batch.js]: ALL BATCHS PROCESSINGS SUCCESSFULL
[REQUEST] [2024-11-29 20:46:56:630] [api.js]:
                                   [MODULE]       : Admpanel
                                   [SERVICE]      : DashboardApi
                                   [ENDPOINT]     : adm-dashboard-info
                                   [METHOD]       : GET
                                   [X-USER-TOKEN] : 65d78580994151d94460ea1f
                                   [IP]           : ::1
[INFO] [2024-11-29 20:46:56:635] [PocketService.js]: Trigger : ControlUserPermissionToken
[INFO] [2024-11-29 20:46:56:637] [PocketService.js]: Trigger : GetPermissionToken
[INFO] [2024-11-29 20:46:56:649] [PocketService.js]: Trigger : UpdatePermissionToken
[INFO] [2024-11-29 20:46:56:657] [PocketService.js]: Trigger : DashboardApi
[INFO] [2024-11-29 20:46:56:661] [PocketService.js]: Trigger : GetEndpoints
[INFO] [2024-11-29 20:46:56:663] [PocketService.js]: Trigger : GetServerInfo
[INFO] [2024-11-29 20:46:56:674] [PocketService.js]: Trigger : GetBatchJobs
[INFO] [2024-11-29 20:46:56:684] [PocketService.js]: Trigger : GetAllServerInfo
[INFO] [2024-11-29 20:46:56:761] [PocketService.js]: Trigger : GetBatchHealth
[INFO] [2024-11-29 20:46:56:763] [GetBatchHealth.mjs]: GetBatchhealt servisinde info fırlatıldı
[INFO] [2024-11-29 20:46:56:769] [PocketService.js]: Trigger : GetPocketLog
[INFO] [2024-11-29 20:46:56:795] [DashboardApi.mjs]: Dashboard response:
[INFO] [2024-11-29 20:46:56:796] [DashboardApi.mjs]: [object Object]
[INFO] [2024-11-29 20:46:56:803] [PocketService.js]: Trigger : SaveApiLog
[INFO] [2024-11-29 20:47:00:858] [unknown]: [Scrapper/CeyrekAltinBatch] is running
[INFO] [2024-11-29 20:47:04:237] [CeyrekAltinBatch.mjs]: CeyrekAltin servisine girildi.
[INFO] [2024-11-29 20:47:04:590] [PocketService.js]: Trigger : GetCurrencyWithName
[INFO] [2024-11-29 20:47:04:663] [PocketService.js]: Trigger : UpdateCurrency
[INFO] [2024-11-29 20:47:04:676] [CeyrekAltinBatch.mjs]: Ceyrek altin kaydi güncellendi.
[INFO] [2024-11-29 20:47:04:677] [CeyrekAltinBatch.mjs]: Eski Deger: 4.995,00
[INFO] [2024-11-29 20:47:04:679] [CeyrekAltinBatch.mjs]: Yeni Deger: 5.005,00
[INFO] [2024-11-29 20:47:04:682] [PocketBatchManager.js]: [Scrapper/CeyrekAltinBatch] is terminate successfully
[INFO] [2024-11-29 20:48:00:653] [unknown]: [Scrapper/CeyrekAltinBatch] is running
[INFO] [2024-11-29 20:48:00:655] [CeyrekAltinBatch.mjs]: CeyrekAltin servisine girildi.
[INFO] [2024-11-29 20:48:00:790] [PocketService.js]: Trigger : GetCurrencyWithName
[INFO] [2024-11-29 20:48:00:799] [PocketService.js]: Trigger : UpdateCurrency
[INFO] [2024-11-29 20:48:00:807] [CeyrekAltinBatch.mjs]: Ceyrek altin kaydi güncellendi.
[INFO] [2024-11-29 20:48:00:808] [CeyrekAltinBatch.mjs]: Eski Deger: 5.005,00
[INFO] [2024-11-29 20:48:00:809] [CeyrekAltinBatch.mjs]: Yeni Deger: 5.007,00
[INFO] [2024-11-29 20:48:00:810] [PocketBatchManager.js]: [Scrapper/CeyrekAltinBatch] is terminate successfully
[INFO] [2024-11-29 20:49:00:046] [unknown]: [Scrapper/CeyrekAltinBatch] is running
[INFO] [2024-11-29 20:49:00:049] [CeyrekAltinBatch.mjs]: CeyrekAltin servisine girildi.
[INFO] [2024-11-29 20:49:00:164] [PocketService.js]: Trigger : GetCurrencyWithName
[INFO] [2024-11-29 20:49:00:174] [CeyrekAltinBatch.mjs]: Ceyrek altin fiyati ayni. Güncelleme yapilmadi.
[INFO] [2024-11-29 20:49:00:176] [PocketBatchManager.js]: [Scrapper/CeyrekAltinBatch] is terminate successfully
[INFO] [2024-11-29 20:50:00:435] [unknown]: [Scrapper/CeyrekAltinBatch] is running
[INFO] [2024-11-29 20:50:00:437] [CeyrekAltinBatch.mjs]: CeyrekAltin servisine girildi.
[INFO] [2024-11-29 20:50:00:549] [PocketService.js]: Trigger : GetCurrencyWithName
[INFO] [2024-11-29 20:50:00:558] [PocketService.js]: Trigger : UpdateCurrency
[INFO] [2024-11-29 20:50:00:569] [CeyrekAltinBatch.mjs]: Ceyrek altin kaydi güncellendi.
[INFO] [2024-11-29 20:50:00:571] [CeyrekAltinBatch.mjs]: Eski Deger: 5.007,00
[INFO] [2024-11-29 20:50:00:573] [CeyrekAltinBatch.mjs]: Yeni Deger: 5.009,00
[INFO] [2024-11-29 20:50:00:575] [PocketBatchManager.js]: [Scrapper/CeyrekAltinBatch] is terminate successfully
[INFO] [2024-11-29 20:51:00:855] [unknown]: [Scrapper/CeyrekAltinBatch] is running
[INFO] [2024-11-29 20:51:00:857] [CeyrekAltinBatch.mjs]: CeyrekAltin servisine girildi.
[INFO] [2024-11-29 20:51:01:321] [PocketService.js]: Trigger : GetCurrencyWithName
[INFO] [2024-11-29 20:51:01:329] [PocketService.js]: Trigger : UpdateCurrency
[INFO] [2024-11-29 20:51:01:336] [CeyrekAltinBatch.mjs]: Ceyrek altin kaydi güncellendi.
[INFO] [2024-11-29 20:51:01:337] [CeyrekAltinBatch.mjs]: Eski Deger: 5.009,00
[INFO] [2024-11-29 20:51:01:339] [CeyrekAltinBatch.mjs]: Yeni Deger: 5.006,00
[INFO] [2024-11-29 20:51:01:340] [PocketBatchManager.js]: [Scrapper/CeyrekAltinBatch] is terminate successfully
[INFO] [2024-11-29 20:52:00:285] [unknown]: [Scrapper/CeyrekAltinBatch] is running
[INFO] [2024-11-29 20:52:00:287] [CeyrekAltinBatch.mjs]: CeyrekAltin servisine girildi.
[INFO] [2024-11-29 20:52:00:445] [PocketService.js]: Trigger : GetCurrencyWithName
[INFO] [2024-11-29 20:52:00:455] [CeyrekAltinBatch.mjs]: Ceyrek altin fiyati ayni. Güncelleme yapilmadi.
[INFO] [2024-11-29 20:52:00:456] [PocketBatchManager.js]: [Scrapper/CeyrekAltinBatch] is terminate successfully
[INFO] [2024-11-29 20:53:00:689] [unknown]: [Scrapper/CeyrekAltinBatch] is running
[INFO] [2024-11-29 20:53:00:691] [CeyrekAltinBatch.mjs]: CeyrekAltin servisine girildi.
[INFO] [2024-11-29 20:53:00:833] [PocketService.js]: Trigger : GetCurrencyWithName
[INFO] [2024-11-29 20:53:00:841] [CeyrekAltinBatch.mjs]: Ceyrek altin fiyati ayni. Güncelleme yapilmadi.
[INFO] [2024-11-29 20:53:00:842] [PocketBatchManager.js]: [Scrapper/CeyrekAltinBatch] is terminate successfully
[INFO] [2024-11-29 20:54:00:166] [unknown]: [Scrapper/CeyrekAltinBatch] is running
[INFO] [2024-11-29 20:54:00:168] [CeyrekAltinBatch.mjs]: CeyrekAltin servisine girildi.
[INFO] [2024-11-29 20:54:00:435] [PocketService.js]: Trigger : GetCurrencyWithName
[INFO] [2024-11-29 20:54:00:441] [PocketService.js]: Trigger : UpdateCurrency
[INFO] [2024-11-29 20:54:00:448] [CeyrekAltinBatch.mjs]: Ceyrek altin kaydi güncellendi.
[INFO] [2024-11-29 20:54:00:449] [CeyrekAltinBatch.mjs]: Eski Deger: 5.006,00
[INFO] [2024-11-29 20:54:00:450] [CeyrekAltinBatch.mjs]: Yeni Deger: 5.010,00
[INFO] [2024-11-29 20:54:00:452] [PocketBatchManager.js]: [Scrapper/CeyrekAltinBatch] is terminate successfully
[INFO] [2024-11-29 20:55:00:582] [unknown]: [Scrapper/CeyrekAltinBatch] is running
[INFO] [2024-11-29 20:55:00:584] [CeyrekAltinBatch.mjs]: CeyrekAltin servisine girildi.
[INFO] [2024-11-29 20:55:00:723] [PocketService.js]: Trigger : GetCurrencyWithName
[INFO] [2024-11-29 20:55:00:730] [CeyrekAltinBatch.mjs]: Ceyrek altin fiyati ayni. Güncelleme yapilmadi.
[INFO] [2024-11-29 20:55:00:732] [PocketBatchManager.js]: [Scrapper/CeyrekAltinBatch] is terminate successfully
[INFO] [2024-11-29 20:56:00:071] [unknown]: [Scrapper/CeyrekAltinBatch] is running
[INFO] [2024-11-29 20:56:00:073] [CeyrekAltinBatch.mjs]: CeyrekAltin servisine girildi.
[INFO] [2024-11-29 20:56:00:161] [PocketService.js]: Trigger : GetCurrencyWithName
[INFO] [2024-11-29 20:56:00:175] [PocketService.js]: Trigger : UpdateCurrency
[INFO] [2024-11-29 20:56:00:182] [CeyrekAltinBatch.mjs]: Ceyrek altin kaydi güncellendi.
[INFO] [2024-11-29 20:56:00:184] [CeyrekAltinBatch.mjs]: Eski Deger: 5.010,00
[INFO] [2024-11-29 20:56:00:185] [CeyrekAltinBatch.mjs]: Yeni Deger: 5.012,00
[INFO] [2024-11-29 20:56:00:188] [PocketBatchManager.js]: [Scrapper/CeyrekAltinBatch] is terminate successfully
[INFO] [2024-11-29 20:57:00:419] [unknown]: [Scrapper/CeyrekAltinBatch] is running
[INFO] [2024-11-29 20:57:00:421] [CeyrekAltinBatch.mjs]: CeyrekAltin servisine girildi.
[INFO] [2024-11-29 20:57:00:607] [PocketService.js]: Trigger : GetCurrencyWithName
[INFO] [2024-11-29 20:57:00:615] [PocketService.js]: Trigger : UpdateCurrency
[INFO] [2024-11-29 20:57:00:619] [CeyrekAltinBatch.mjs]: Ceyrek altin kaydi güncellendi.
[INFO] [2024-11-29 20:57:00:620] [CeyrekAltinBatch.mjs]: Eski Deger: 5.012,00
[INFO] [2024-11-29 20:57:00:621] [CeyrekAltinBatch.mjs]: Yeni Deger: 5.013,00
[INFO] [2024-11-29 20:57:00:622] [PocketBatchManager.js]: [Scrapper/CeyrekAltinBatch] is terminate successfully
[INFO] [2024-11-29 20:58:00:903] [unknown]: [Scrapper/CeyrekAltinBatch] is running
[INFO] [2024-11-29 20:58:00:905] [CeyrekAltinBatch.mjs]: CeyrekAltin servisine girildi.
[INFO] [2024-11-29 20:58:01:695] [PocketService.js]: Trigger : GetCurrencyWithName
[INFO] [2024-11-29 20:58:01:704] [PocketService.js]: Trigger : UpdateCurrency
[INFO] [2024-11-29 20:58:01:714] [CeyrekAltinBatch.mjs]: Ceyrek altin kaydi güncellendi.
[INFO] [2024-11-29 20:58:01:716] [CeyrekAltinBatch.mjs]: Eski Deger: 5.013,00
[INFO] [2024-11-29 20:58:01:717] [CeyrekAltinBatch.mjs]: Yeni Deger: 5.009,00
[INFO] [2024-11-29 20:58:01:718] [PocketBatchManager.js]: [Scrapper/CeyrekAltinBatch] is terminate successfully
[REQUEST] [2024-11-29 20:58:09:851] [api.js]:
                                   [MODULE]       : Admpanel
                                   [SERVICE]      : DashboardApi
                                   [ENDPOINT]     : adm-dashboard-info
                                   [METHOD]       : GET
                                   [X-USER-TOKEN] : 65d78580994151d94460ea1f
                                   [IP]           : ::1
[INFO] [2024-11-29 20:58:09:854] [PocketService.js]: Trigger : ControlUserPermissionToken
[INFO] [2024-11-29 20:58:09:856] [PocketService.js]: Trigger : GetPermissionToken
[INFO] [2024-11-29 20:58:09:863] [PocketService.js]: Trigger : UpdatePermissionToken
[INFO] [2024-11-29 20:58:09:873] [PocketService.js]: Trigger : DashboardApi
[INFO] [2024-11-29 20:58:09:875] [PocketService.js]: Trigger : GetEndpoints
[INFO] [2024-11-29 20:58:09:878] [PocketService.js]: Trigger : GetServerInfo
[INFO] [2024-11-29 20:58:09:888] [PocketService.js]: Trigger : GetBatchJobs
[INFO] [2024-11-29 20:58:09:895] [PocketService.js]: Trigger : GetAllServerInfo
[INFO] [2024-11-29 20:58:09:976] [PocketService.js]: Trigger : GetBatchHealth
[INFO] [2024-11-29 20:58:09:979] [GetBatchHealth.mjs]: GetBatchhealt servisinde info fırlatıldı
[INFO] [2024-11-29 20:58:09:986] [PocketService.js]: Trigger : GetPocketLog
[INFO] [2024-11-29 20:58:10:014] [DashboardApi.mjs]: Dashboard response:
[INFO] [2024-11-29 20:58:10:017] [DashboardApi.mjs]: [object Object]
[INFO] [2024-11-29 20:58:10:023] [PocketService.js]: Trigger : SaveApiLog
[REQUEST] [2024-11-29 20:58:14:004] [api.js]:
                                   [MODULE]       : Admpanel
                                   [SERVICE]      : DashboardApi
                                   [ENDPOINT]     : adm-dashboard-info
                                   [METHOD]       : GET
                                   [X-USER-TOKEN] : 65d78580994151d94460ea1f
                                   [IP]           : ::1
[INFO] [2024-11-29 20:58:14:007] [PocketService.js]: Trigger : ControlUserPermissionToken
[INFO] [2024-11-29 20:58:14:012] [PocketService.js]: Trigger : GetPermissionToken
[INFO] [2024-11-29 20:58:14:020] [PocketService.js]: Trigger : UpdatePermissionToken
[INFO] [2024-11-29 20:58:14:030] [PocketService.js]: Trigger : DashboardApi
[INFO] [2024-11-29 20:58:14:032] [PocketService.js]: Trigger : GetEndpoints
[INFO] [2024-11-29 20:58:14:033] [PocketService.js]: Trigger : GetServerInfo
[INFO] [2024-11-29 20:58:14:046] [PocketService.js]: Trigger : GetBatchJobs
[INFO] [2024-11-29 20:58:14:054] [PocketService.js]: Trigger : GetAllServerInfo
[INFO] [2024-11-29 20:58:14:141] [PocketService.js]: Trigger : GetBatchHealth
[INFO] [2024-11-29 20:58:14:152] [GetBatchHealth.mjs]: GetBatchhealt servisinde info fırlatıldı
[INFO] [2024-11-29 20:58:14:177] [PocketService.js]: Trigger : GetPocketLog
[INFO] [2024-11-29 20:58:14:225] [DashboardApi.mjs]: Dashboard response:
[INFO] [2024-11-29 20:58:14:227] [DashboardApi.mjs]: [object Object]
[INFO] [2024-11-29 20:58:14:232] [PocketService.js]: Trigger : SaveApiLog
[ERROR] [2024-11-29 20:58:58:568] [unknown]: SIGINT signal received. The application is shutting down.
Error
[REQUEST] [2024-11-29 20:59:07:929] [api.js]:
                                   [MODULE]       : Admpanel
                                   [SERVICE]      : DashboardApi
                                   [ENDPOINT]     : adm-dashboard-info
                                   [METHOD]       : GET
                                   [X-USER-TOKEN] : 65d78580994151d94460ea1f
                                   [IP]           : ::1
[INFO] [2024-11-29 20:59:07:934] [PocketService.js]: Trigger : ControlUserPermissionToken
[INFO] [2024-11-29 20:59:07:939] [PocketService.js]: Trigger : GetPermissionToken
[INFO] [2024-11-29 20:59:07:949] [PocketService.js]: Trigger : UpdatePermissionToken
[INFO] [2024-11-29 20:59:07:963] [PocketService.js]: Trigger : DashboardApi
[INFO] [2024-11-29 20:59:07:964] [PocketService.js]: Trigger : GetEndpoints
[INFO] [2024-11-29 20:59:07:966] [PocketService.js]: Trigger : GetServerInfo
[INFO] [2024-11-29 20:59:07:982] [PocketService.js]: Trigger : GetBatchJobs
[INFO] [2024-11-29 20:59:07:991] [PocketService.js]: Trigger : GetAllServerInfo
[INFO] [2024-11-29 20:59:08:049] [PocketService.js]: Trigger : GetBatchHealth
[INFO] [2024-11-29 20:59:08:050] [GetBatchHealth.mjs]: GetBatchhealt servisinde info fırlatıldı
[INFO] [2024-11-29 20:59:08:060] [PocketService.js]: Trigger : GetPocketLog
[INFO] [2024-11-29 20:59:08:082] [DashboardApi.mjs]: Dashboard response:
[INFO] [2024-11-29 20:59:08:083] [DashboardApi.mjs]: [object Object]
[INFO] [2024-11-29 20:59:08:091] [PocketService.js]: Trigger : SaveApiLog
[REQUEST] [2024-11-29 20:59:36:830] [api.js]:
                                   [MODULE]       : Admpanel
                                   [SERVICE]      : DashboardApi
                                   [ENDPOINT]     : adm-dashboard-info
                                   [METHOD]       : GET
                                   [X-USER-TOKEN] : 65d78580994151d94460ea1f
                                   [IP]           : ::1
[INFO] [2024-11-29 20:59:36:832] [PocketService.js]: Trigger : ControlUserPermissionToken
[INFO] [2024-11-29 20:59:36:834] [PocketService.js]: Trigger : GetPermissionToken
[INFO] [2024-11-29 20:59:36:839] [PocketService.js]: Trigger : UpdatePermissionToken
[INFO] [2024-11-29 20:59:36:851] [PocketService.js]: Trigger : DashboardApi
[INFO] [2024-11-29 20:59:36:853] [PocketService.js]: Trigger : GetEndpoints
[INFO] [2024-11-29 20:59:36:855] [PocketService.js]: Trigger : GetServerInfo
[INFO] [2024-11-29 20:59:36:864] [PocketService.js]: Trigger : GetBatchJobs
[INFO] [2024-11-29 20:59:36:870] [PocketService.js]: Trigger : GetAllServerInfo
[INFO] [2024-11-29 20:59:36:941] [PocketService.js]: Trigger : GetBatchHealth
[INFO] [2024-11-29 20:59:36:942] [GetBatchHealth.mjs]: GetBatchhealt servisinde info fırlatıldı
[INFO] [2024-11-29 20:59:36:951] [PocketService.js]: Trigger : GetPocketLog
[INFO] [2024-11-29 20:59:36:976] [DashboardApi.mjs]: Dashboard response:
[INFO] [2024-11-29 20:59:36:978] [DashboardApi.mjs]: [object Object]
[INFO] [2024-11-29 20:59:36:983] [PocketService.js]: Trigger : SaveApiLog
[REQUEST] [2024-11-29 21:00:13:874] [api.js]:
                                   [MODULE]       : Admin
                                   [SERVICE]      : GetServerInfo
                                   [ENDPOINT]     : adm-get-server-info
                                   [METHOD]       : GET
                                   [X-USER-TOKEN] : 65d78580994151d94460ea1f
                                   [IP]           : ::1
[INFO] [2024-11-29 21:00:13:878] [PocketService.js]: Trigger : ControlUserPermissionToken
[INFO] [2024-11-29 21:00:13:881] [PocketService.js]: Trigger : GetPermissionToken
[INFO] [2024-11-29 21:00:13:896] [PocketService.js]: Trigger : UpdatePermissionToken
[INFO] [2024-11-29 21:00:13:918] [PocketService.js]: Trigger : GetServerInfo
[INFO] [2024-11-29 21:00:13:937] [PocketService.js]: Trigger : SaveApiLog
[REQUEST] [2024-11-29 21:00:24:778] [api.js]:
                                   [MODULE]       : Admpanel
                                   [SERVICE]      : GetBatchInfo
                                   [ENDPOINT]     : adm-batch-info
                                   [METHOD]       : GET
                                   [X-USER-TOKEN] : 65d78580994151d94460ea1f
                                   [IP]           : ::1
[INFO] [2024-11-29 21:00:24:783] [PocketService.js]: Trigger : ControlUserPermissionToken
[INFO] [2024-11-29 21:00:24:786] [PocketService.js]: Trigger : GetPermissionToken
[INFO] [2024-11-29 21:00:24:805] [PocketService.js]: Trigger : UpdatePermissionToken
[INFO] [2024-11-29 21:00:24:828] [PocketService.js]: Trigger : GetBatchInfo
[INFO] [2024-11-29 21:00:24:839] [PocketService.js]: Trigger : GetBatchJobs
[INFO] [2024-11-29 21:00:24:859] [PocketService.js]: Trigger : SaveApiLog
[REQUEST] [2024-11-29 21:00:41:442] [api.js]:
                                   [MODULE]       : Admpanel
                                   [SERVICE]      : DashboardApi
                                   [ENDPOINT]     : adm-dashboard-info
                                   [METHOD]       : GET
                                   [X-USER-TOKEN] : 65d78580994151d94460ea1f
                                   [IP]           : ::1
[INFO] [2024-11-29 21:00:41:447] [PocketService.js]: Trigger : ControlUserPermissionToken
[INFO] [2024-11-29 21:00:41:452] [PocketService.js]: Trigger : GetPermissionToken
[INFO] [2024-11-29 21:00:41:469] [PocketService.js]: Trigger : UpdatePermissionToken
[INFO] [2024-11-29 21:00:41:491] [PocketService.js]: Trigger : DashboardApi
[INFO] [2024-11-29 21:00:41:496] [PocketService.js]: Trigger : GetEndpoints
[INFO] [2024-11-29 21:00:41:499] [PocketService.js]: Trigger : GetServerInfo
[INFO] [2024-11-29 21:00:41:520] [PocketService.js]: Trigger : GetBatchJobs
[INFO] [2024-11-29 21:00:41:533] [PocketService.js]: Trigger : GetAllServerInfo
[INFO] [2024-11-29 21:00:41:623] [PocketService.js]: Trigger : GetBatchHealth
[INFO] [2024-11-29 21:00:41:624] [GetBatchHealth.mjs]: GetBatchhealt servisinde info fırlatıldı
[INFO] [2024-11-29 21:00:41:632] [PocketService.js]: Trigger : GetPocketLog
[INFO] [2024-11-29 21:00:41:669] [DashboardApi.mjs]: Dashboard response:
[INFO] [2024-11-29 21:00:41:670] [DashboardApi.mjs]: [object Object]
[INFO] [2024-11-29 21:00:41:674] [PocketService.js]: Trigger : SaveApiLog
[INFO] [2024-11-29 21:01:01:003] [PocketService.js]: Trigger : GetBatchJobs
[INFO] [2024-11-29 21:01:01:055] [batch.js]: Scrapper/CeyrekAltinBatch included in the job queue
[INFO] [2024-11-29 21:01:01:061] [batch.js]: ALL BATCHS PROCESSINGS SUCCESSFULL
[REQUEST] [2024-11-29 21:01:08:734] [api.js]:
                                   [MODULE]       : Admpanel
                                   [SERVICE]      : DashboardApi
                                   [ENDPOINT]     : adm-dashboard-info
                                   [METHOD]       : GET
                                   [X-USER-TOKEN] : 65d78580994151d94460ea1f
                                   [IP]           : ::1
[INFO] [2024-11-29 21:01:08:738] [PocketService.js]: Trigger : ControlUserPermissionToken
[INFO] [2024-11-29 21:01:08:740] [PocketService.js]: Trigger : GetPermissionToken
[INFO] [2024-11-29 21:01:08:752] [PocketService.js]: Trigger : UpdatePermissionToken
[INFO] [2024-11-29 21:01:08:765] [PocketService.js]: Trigger : DashboardApi
[INFO] [2024-11-29 21:01:08:768] [PocketService.js]: Trigger : GetEndpoints
[INFO] [2024-11-29 21:01:08:770] [PocketService.js]: Trigger : GetServerInfo
[INFO] [2024-11-29 21:01:08:777] [PocketService.js]: Trigger : GetBatchJobs
[INFO] [2024-11-29 21:01:08:784] [PocketService.js]: Trigger : GetAllServerInfo
[INFO] [2024-11-29 21:01:08:833] [PocketService.js]: Trigger : GetBatchHealth
[INFO] [2024-11-29 21:01:08:834] [GetBatchHealth.mjs]: GetBatchhealt servisinde info fırlatıldı
[INFO] [2024-11-29 21:01:08:840] [PocketService.js]: Trigger : GetPocketLog
[INFO] [2024-11-29 21:01:08:876] [DashboardApi.mjs]: Dashboard response:
[INFO] [2024-11-29 21:01:08:877] [DashboardApi.mjs]: [object Object]
[INFO] [2024-11-29 21:01:08:883] [PocketService.js]: Trigger : SaveApiLog
[INFO] [2024-11-29 21:02:00:553] [unknown]: [Scrapper/CeyrekAltinBatch] is running
[INFO] [2024-11-29 21:02:00:903] [CeyrekAltinBatch.mjs]: CeyrekAltin servisine girildi.
[INFO] [2024-11-29 21:02:01:171] [PocketService.js]: Trigger : GetCurrencyWithName
[INFO] [2024-11-29 21:02:01:178] [CeyrekAltinBatch.mjs]: Ceyrek altin fiyati ayni. Güncelleme yapilmadi.
[INFO] [2024-11-29 21:02:01:180] [PocketBatchManager.js]: [Scrapper/CeyrekAltinBatch] is terminate successfully
[INFO] [2024-11-29 21:03:00:027] [unknown]: [Scrapper/CeyrekAltinBatch] is running
[INFO] [2024-11-29 21:03:00:029] [CeyrekAltinBatch.mjs]: CeyrekAltin servisine girildi.
[INFO] [2024-11-29 21:03:00:298] [PocketService.js]: Trigger : GetCurrencyWithName
[INFO] [2024-11-29 21:03:00:306] [CeyrekAltinBatch.mjs]: Ceyrek altin fiyati ayni. Güncelleme yapilmadi.
[INFO] [2024-11-29 21:03:00:307] [PocketBatchManager.js]: [Scrapper/CeyrekAltinBatch] is terminate successfully
[INFO] [2024-11-29 21:04:00:467] [unknown]: [Scrapper/CeyrekAltinBatch] is running
[INFO] [2024-11-29 21:04:00:473] [CeyrekAltinBatch.mjs]: CeyrekAltin servisine girildi.
[INFO] [2024-11-29 21:04:00:600] [PocketService.js]: Trigger : GetCurrencyWithName
[INFO] [2024-11-29 21:04:00:615] [PocketService.js]: Trigger : UpdateCurrency
[INFO] [2024-11-29 21:04:00:629] [CeyrekAltinBatch.mjs]: Ceyrek altin kaydi güncellendi.
[INFO] [2024-11-29 21:04:00:631] [CeyrekAltinBatch.mjs]: Eski Deger: 5.009,00
[INFO] [2024-11-29 21:04:00:632] [CeyrekAltinBatch.mjs]: Yeni Deger: 5.012,00
[INFO] [2024-11-29 21:04:00:634] [PocketBatchManager.js]: [Scrapper/CeyrekAltinBatch] is terminate successfully
[INFO] [2024-11-29 21:05:00:989] [unknown]: [Scrapper/CeyrekAltinBatch] is running
[INFO] [2024-11-29 21:05:00:996] [CeyrekAltinBatch.mjs]: CeyrekAltin servisine girildi.
[INFO] [2024-11-29 21:05:01:140] [PocketService.js]: Trigger : GetCurrencyWithName
[INFO] [2024-11-29 21:05:01:149] [PocketService.js]: Trigger : UpdateCurrency
[INFO] [2024-11-29 21:05:01:156] [CeyrekAltinBatch.mjs]: Ceyrek altin kaydi güncellendi.
[INFO] [2024-11-29 21:05:01:157] [CeyrekAltinBatch.mjs]: Eski Deger: 5.012,00
[INFO] [2024-11-29 21:05:01:158] [CeyrekAltinBatch.mjs]: Yeni Deger: 5.013,00
[INFO] [2024-11-29 21:05:01:159] [PocketBatchManager.js]: [Scrapper/CeyrekAltinBatch] is terminate successfully
[INFO] [2024-11-29 21:06:00:514] [unknown]: [Scrapper/CeyrekAltinBatch] is running
[INFO] [2024-11-29 21:06:00:516] [CeyrekAltinBatch.mjs]: CeyrekAltin servisine girildi.
[INFO] [2024-11-29 21:06:00:656] [PocketService.js]: Trigger : GetCurrencyWithName
[INFO] [2024-11-29 21:06:00:668] [PocketService.js]: Trigger : UpdateCurrency
[INFO] [2024-11-29 21:06:00:678] [CeyrekAltinBatch.mjs]: Ceyrek altin kaydi güncellendi.
[INFO] [2024-11-29 21:06:00:679] [CeyrekAltinBatch.mjs]: Eski Deger: 5.013,00
[INFO] [2024-11-29 21:06:00:680] [CeyrekAltinBatch.mjs]: Yeni Deger: 5.010,00
[INFO] [2024-11-29 21:06:00:681] [PocketBatchManager.js]: [Scrapper/CeyrekAltinBatch] is terminate successfully
[INFO] [2024-11-29 21:07:00:939] [unknown]: [Scrapper/CeyrekAltinBatch] is running
[INFO] [2024-11-29 21:07:00:941] [CeyrekAltinBatch.mjs]: CeyrekAltin servisine girildi.
[INFO] [2024-11-29 21:07:01:062] [PocketService.js]: Trigger : GetCurrencyWithName
[INFO] [2024-11-29 21:07:01:082] [CeyrekAltinBatch.mjs]: Ceyrek altin fiyati ayni. Güncelleme yapilmadi.
[INFO] [2024-11-29 21:07:01:084] [PocketBatchManager.js]: [Scrapper/CeyrekAltinBatch] is terminate successfully
[INFO] [2024-11-29 21:08:00:489] [unknown]: [Scrapper/CeyrekAltinBatch] is running
[INFO] [2024-11-29 21:08:00:492] [CeyrekAltinBatch.mjs]: CeyrekAltin servisine girildi.
[INFO] [2024-11-29 21:08:00:560] [PocketService.js]: Trigger : GetCurrencyWithName
[INFO] [2024-11-29 21:08:00:566] [PocketService.js]: Trigger : UpdateCurrency
[INFO] [2024-11-29 21:08:00:572] [CeyrekAltinBatch.mjs]: Ceyrek altin kaydi güncellendi.
[INFO] [2024-11-29 21:08:00:573] [CeyrekAltinBatch.mjs]: Eski Deger: 5.010,00
[INFO] [2024-11-29 21:08:00:574] [CeyrekAltinBatch.mjs]: Yeni Deger: 5.008,00
[INFO] [2024-11-29 21:08:00:575] [PocketBatchManager.js]: [Scrapper/CeyrekAltinBatch] is terminate successfully
[INFO] [2024-11-29 21:09:00:813] [unknown]: [Scrapper/CeyrekAltinBatch] is running
[INFO] [2024-11-29 21:09:00:815] [CeyrekAltinBatch.mjs]: CeyrekAltin servisine girildi.
[INFO] [2024-11-29 21:09:00:929] [PocketService.js]: Trigger : GetCurrencyWithName
[INFO] [2024-11-29 21:09:00:936] [PocketService.js]: Trigger : UpdateCurrency
[INFO] [2024-11-29 21:09:00:944] [CeyrekAltinBatch.mjs]: Ceyrek altin kaydi güncellendi.
[INFO] [2024-11-29 21:09:00:945] [CeyrekAltinBatch.mjs]: Eski Deger: 5.008,00
[INFO] [2024-11-29 21:09:00:946] [CeyrekAltinBatch.mjs]: Yeni Deger: 5.009,00
[INFO] [2024-11-29 21:09:00:948] [PocketBatchManager.js]: [Scrapper/CeyrekAltinBatch] is terminate successfully
[INFO] [2024-11-29 21:10:00:295] [unknown]: [Scrapper/CeyrekAltinBatch] is running
[INFO] [2024-11-29 21:10:00:297] [CeyrekAltinBatch.mjs]: CeyrekAltin servisine girildi.
[INFO] [2024-11-29 21:10:00:388] [PocketService.js]: Trigger : GetCurrencyWithName
[INFO] [2024-11-29 21:10:00:404] [CeyrekAltinBatch.mjs]: Ceyrek altin fiyati ayni. Güncelleme yapilmadi.
[INFO] [2024-11-29 21:10:00:406] [PocketBatchManager.js]: [Scrapper/CeyrekAltinBatch] is terminate successfully
[INFO] [2024-11-29 21:11:00:819] [unknown]: [Scrapper/CeyrekAltinBatch] is running
[INFO] [2024-11-29 21:11:00:824] [CeyrekAltinBatch.mjs]: CeyrekAltin servisine girildi.
[INFO] [2024-11-29 21:11:00:954] [PocketService.js]: Trigger : GetCurrencyWithName
[INFO] [2024-11-29 21:11:00:964] [CeyrekAltinBatch.mjs]: Ceyrek altin fiyati ayni. Güncelleme yapilmadi.
[INFO] [2024-11-29 21:11:00:966] [PocketBatchManager.js]: [Scrapper/CeyrekAltinBatch] is terminate successfully
[INFO] [2024-11-29 21:12:00:350] [unknown]: [Scrapper/CeyrekAltinBatch] is running
[INFO] [2024-11-29 21:12:00:352] [CeyrekAltinBatch.mjs]: CeyrekAltin servisine girildi.
[INFO] [2024-11-29 21:12:00:462] [PocketService.js]: Trigger : GetCurrencyWithName
[INFO] [2024-11-29 21:12:00:467] [PocketService.js]: Trigger : UpdateCurrency
[INFO] [2024-11-29 21:12:00:474] [CeyrekAltinBatch.mjs]: Ceyrek altin kaydi güncellendi.
[INFO] [2024-11-29 21:12:00:475] [CeyrekAltinBatch.mjs]: Eski Deger: 5.009,00
[INFO] [2024-11-29 21:12:00:476] [CeyrekAltinBatch.mjs]: Yeni Deger: 5.012,00
[INFO] [2024-11-29 21:12:00:477] [PocketBatchManager.js]: [Scrapper/CeyrekAltinBatch] is terminate successfully
[INFO] [2024-11-29 21:13:00:875] [unknown]: [Scrapper/CeyrekAltinBatch] is running
[INFO] [2024-11-29 21:13:00:877] [CeyrekAltinBatch.mjs]: CeyrekAltin servisine girildi.
[INFO] [2024-11-29 21:13:00:977] [PocketService.js]: Trigger : GetCurrencyWithName
[INFO] [2024-11-29 21:13:00:993] [PocketService.js]: Trigger : UpdateCurrency
[INFO] [2024-11-29 21:13:01:001] [CeyrekAltinBatch.mjs]: Ceyrek altin kaydi güncellendi.
[INFO] [2024-11-29 21:13:01:004] [CeyrekAltinBatch.mjs]: Eski Deger: 5.012,00
[INFO] [2024-11-29 21:13:01:005] [CeyrekAltinBatch.mjs]: Yeni Deger: 5.013,00
[INFO] [2024-11-29 21:13:01:006] [PocketBatchManager.js]: [Scrapper/CeyrekAltinBatch] is terminate successfully
[INFO] [2024-11-29 21:14:00:309] [unknown]: [Scrapper/CeyrekAltinBatch] is running
[INFO] [2024-11-29 21:14:00:311] [CeyrekAltinBatch.mjs]: CeyrekAltin servisine girildi.
[INFO] [2024-11-29 21:14:00:423] [PocketService.js]: Trigger : GetCurrencyWithName
[INFO] [2024-11-29 21:14:00:428] [CeyrekAltinBatch.mjs]: Ceyrek altin fiyati ayni. Güncelleme yapilmadi.
[INFO] [2024-11-29 21:14:00:430] [PocketBatchManager.js]: [Scrapper/CeyrekAltinBatch] is terminate successfully
[INFO] [2024-11-29 21:15:00:706] [unknown]: [Scrapper/CeyrekAltinBatch] is running
[INFO] [2024-11-29 21:15:00:711] [CeyrekAltinBatch.mjs]: CeyrekAltin servisine girildi.
[INFO] [2024-11-29 21:15:00:796] [PocketService.js]: Trigger : GetCurrencyWithName
[INFO] [2024-11-29 21:15:00:804] [PocketService.js]: Trigger : UpdateCurrency
[INFO] [2024-11-29 21:15:00:810] [CeyrekAltinBatch.mjs]: Ceyrek altin kaydi güncellendi.
[INFO] [2024-11-29 21:15:00:811] [CeyrekAltinBatch.mjs]: Eski Deger: 5.013,00
[INFO] [2024-11-29 21:15:00:812] [CeyrekAltinBatch.mjs]: Yeni Deger: 5.011,00
[INFO] [2024-11-29 21:15:00:813] [PocketBatchManager.js]: [Scrapper/CeyrekAltinBatch] is terminate successfully
[INFO] [2024-11-29 21:16:00:999] [unknown]: [Scrapper/CeyrekAltinBatch] is running
[INFO] [2024-11-29 21:16:01:001] [CeyrekAltinBatch.mjs]: CeyrekAltin servisine girildi.
[INFO] [2024-11-29 21:16:01:125] [PocketService.js]: Trigger : GetCurrencyWithName
[INFO] [2024-11-29 21:16:01:132] [CeyrekAltinBatch.mjs]: Ceyrek altin fiyati ayni. Güncelleme yapilmadi.
[INFO] [2024-11-29 21:16:01:134] [PocketBatchManager.js]: [Scrapper/CeyrekAltinBatch] is terminate successfully
[INFO] [2024-11-29 21:17:00:363] [unknown]: [Scrapper/CeyrekAltinBatch] is running
[INFO] [2024-11-29 21:17:00:367] [CeyrekAltinBatch.mjs]: CeyrekAltin servisine girildi.
[INFO] [2024-11-29 21:17:00:516] [PocketService.js]: Trigger : GetCurrencyWithName
[INFO] [2024-11-29 21:17:00:523] [PocketService.js]: Trigger : UpdateCurrency
[INFO] [2024-11-29 21:17:00:529] [CeyrekAltinBatch.mjs]: Ceyrek altin kaydi güncellendi.
[INFO] [2024-11-29 21:17:00:530] [CeyrekAltinBatch.mjs]: Eski Deger: 5.011,00
[INFO] [2024-11-29 21:17:00:531] [CeyrekAltinBatch.mjs]: Yeni Deger: 5.008,00
[INFO] [2024-11-29 21:17:00:532] [PocketBatchManager.js]: [Scrapper/CeyrekAltinBatch] is terminate successfully
[INFO] [2024-11-29 21:18:00:839] [unknown]: [Scrapper/CeyrekAltinBatch] is running
[INFO] [2024-11-29 21:18:00:841] [CeyrekAltinBatch.mjs]: CeyrekAltin servisine girildi.
[INFO] [2024-11-29 21:18:00:978] [PocketService.js]: Trigger : GetCurrencyWithName
[INFO] [2024-11-29 21:18:00:983] [PocketService.js]: Trigger : UpdateCurrency
[INFO] [2024-11-29 21:18:00:991] [CeyrekAltinBatch.mjs]: Ceyrek altin kaydi güncellendi.
[INFO] [2024-11-29 21:18:00:992] [CeyrekAltinBatch.mjs]: Eski Deger: 5.008,00
[INFO] [2024-11-29 21:18:00:993] [CeyrekAltinBatch.mjs]: Yeni Deger: 5.007,00
[INFO] [2024-11-29 21:18:00:995] [PocketBatchManager.js]: [Scrapper/CeyrekAltinBatch] is terminate successfully
[INFO] [2024-11-29 21:19:00:114] [unknown]: [Scrapper/CeyrekAltinBatch] is running
[INFO] [2024-11-29 21:19:00:116] [CeyrekAltinBatch.mjs]: CeyrekAltin servisine girildi.
[INFO] [2024-11-29 21:19:00:897] [PocketService.js]: Trigger : GetCurrencyWithName
[INFO] [2024-11-29 21:19:00:904] [PocketService.js]: Trigger : UpdateCurrency
[INFO] [2024-11-29 21:19:00:913] [CeyrekAltinBatch.mjs]: Ceyrek altin kaydi güncellendi.
[INFO] [2024-11-29 21:19:00:914] [CeyrekAltinBatch.mjs]: Eski Deger: 5.007,00
[INFO] [2024-11-29 21:19:00:916] [CeyrekAltinBatch.mjs]: Yeni Deger: 5.011,00
[INFO] [2024-11-29 21:19:00:917] [PocketBatchManager.js]: [Scrapper/CeyrekAltinBatch] is terminate successfully
[INFO] [2024-11-29 21:20:00:425] [unknown]: [Scrapper/CeyrekAltinBatch] is running
[INFO] [2024-11-29 21:20:00:429] [CeyrekAltinBatch.mjs]: CeyrekAltin servisine girildi.
[INFO] [2024-11-29 21:20:00:554] [PocketService.js]: Trigger : GetCurrencyWithName
[INFO] [2024-11-29 21:20:00:563] [CeyrekAltinBatch.mjs]: Ceyrek altin fiyati ayni. Güncelleme yapilmadi.
[INFO] [2024-11-29 21:20:00:564] [PocketBatchManager.js]: [Scrapper/CeyrekAltinBatch] is terminate successfully
[INFO] [2024-11-29 21:21:00:733] [unknown]: [Scrapper/CeyrekAltinBatch] is running
[INFO] [2024-11-29 21:21:00:737] [CeyrekAltinBatch.mjs]: CeyrekAltin servisine girildi.
[INFO] [2024-11-29 21:21:00:982] [PocketService.js]: Trigger : GetCurrencyWithName
[INFO] [2024-11-29 21:21:00:988] [CeyrekAltinBatch.mjs]: Ceyrek altin fiyati ayni. Güncelleme yapilmadi.
[INFO] [2024-11-29 21:21:00:990] [PocketBatchManager.js]: [Scrapper/CeyrekAltinBatch] is terminate successfully
[INFO] [2024-11-29 21:22:00:130] [unknown]: [Scrapper/CeyrekAltinBatch] is running
[INFO] [2024-11-29 21:22:00:135] [CeyrekAltinBatch.mjs]: CeyrekAltin servisine girildi.
[INFO] [2024-11-29 21:22:00:233] [PocketService.js]: Trigger : GetCurrencyWithName
[INFO] [2024-11-29 21:22:00:239] [PocketService.js]: Trigger : UpdateCurrency
[INFO] [2024-11-29 21:22:00:246] [CeyrekAltinBatch.mjs]: Ceyrek altin kaydi güncellendi.
[INFO] [2024-11-29 21:22:00:247] [CeyrekAltinBatch.mjs]: Eski Deger: 5.011,00
[INFO] [2024-11-29 21:22:00:249] [CeyrekAltinBatch.mjs]: Yeni Deger: 5.009,00
[INFO] [2024-11-29 21:22:00:250] [PocketBatchManager.js]: [Scrapper/CeyrekAltinBatch] is terminate successfully
[INFO] [2024-11-29 21:23:00:527] [unknown]: [Scrapper/CeyrekAltinBatch] is running
[INFO] [2024-11-29 21:23:00:532] [CeyrekAltinBatch.mjs]: CeyrekAltin servisine girildi.
[INFO] [2024-11-29 21:23:00:652] [PocketService.js]: Trigger : GetCurrencyWithName
[INFO] [2024-11-29 21:23:00:659] [CeyrekAltinBatch.mjs]: Ceyrek altin fiyati ayni. Güncelleme yapilmadi.
[INFO] [2024-11-29 21:23:00:660] [PocketBatchManager.js]: [Scrapper/CeyrekAltinBatch] is terminate successfully
[INFO] [2024-11-29 21:24:00:877] [unknown]: [Scrapper/CeyrekAltinBatch] is running
[INFO] [2024-11-29 21:24:00:879] [CeyrekAltinBatch.mjs]: CeyrekAltin servisine girildi.
[INFO] [2024-11-29 21:24:01:346] [PocketService.js]: Trigger : GetCurrencyWithName
[INFO] [2024-11-29 21:24:01:352] [PocketService.js]: Trigger : UpdateCurrency
[INFO] [2024-11-29 21:24:01:361] [CeyrekAltinBatch.mjs]: Ceyrek altin kaydi güncellendi.
[INFO] [2024-11-29 21:24:01:363] [CeyrekAltinBatch.mjs]: Eski Deger: 5.009,00
[INFO] [2024-11-29 21:24:01:365] [CeyrekAltinBatch.mjs]: Yeni Deger: 5.007,00
[INFO] [2024-11-29 21:24:01:367] [PocketBatchManager.js]: [Scrapper/CeyrekAltinBatch] is terminate successfully
[INFO] [2024-11-29 21:25:00:293] [unknown]: [Scrapper/CeyrekAltinBatch] is running
[INFO] [2024-11-29 21:25:00:298] [CeyrekAltinBatch.mjs]: CeyrekAltin servisine girildi.
[INFO] [2024-11-29 21:25:00:443] [PocketService.js]: Trigger : GetCurrencyWithName
[INFO] [2024-11-29 21:25:00:480] [CeyrekAltinBatch.mjs]: Ceyrek altin fiyati ayni. Güncelleme yapilmadi.
[INFO] [2024-11-29 21:25:00:482] [PocketBatchManager.js]: [Scrapper/CeyrekAltinBatch] is terminate successfully
[INFO] [2024-11-29 21:26:00:729] [unknown]: [Scrapper/CeyrekAltinBatch] is running
[INFO] [2024-11-29 21:26:00:734] [CeyrekAltinBatch.mjs]: CeyrekAltin servisine girildi.
[INFO] [2024-11-29 21:26:01:982] [PocketService.js]: Trigger : GetCurrencyWithName
[INFO] [2024-11-29 21:26:01:987] [PocketService.js]: Trigger : UpdateCurrency
[INFO] [2024-11-29 21:26:01:992] [CeyrekAltinBatch.mjs]: Ceyrek altin kaydi güncellendi.
[INFO] [2024-11-29 21:26:01:993] [CeyrekAltinBatch.mjs]: Eski Deger: 5.007,00
[INFO] [2024-11-29 21:26:01:995] [CeyrekAltinBatch.mjs]: Yeni Deger: 5.008,00
[INFO] [2024-11-29 21:26:01:996] [PocketBatchManager.js]: [Scrapper/CeyrekAltinBatch] is terminate successfully
[INFO] [2024-11-29 21:27:00:165] [unknown]: [Scrapper/CeyrekAltinBatch] is running
[INFO] [2024-11-29 21:27:00:170] [CeyrekAltinBatch.mjs]: CeyrekAltin servisine girildi.
[INFO] [2024-11-29 21:27:00:433] [PocketService.js]: Trigger : GetCurrencyWithName
[INFO] [2024-11-29 21:27:00:438] [PocketService.js]: Trigger : UpdateCurrency
[INFO] [2024-11-29 21:27:00:445] [CeyrekAltinBatch.mjs]: Ceyrek altin kaydi güncellendi.
[INFO] [2024-11-29 21:27:00:446] [CeyrekAltinBatch.mjs]: Eski Deger: 5.008,00
[INFO] [2024-11-29 21:27:00:447] [CeyrekAltinBatch.mjs]: Yeni Deger: 5.007,00
[INFO] [2024-11-29 21:27:00:450] [PocketBatchManager.js]: [Scrapper/CeyrekAltinBatch] is terminate successfully
[INFO] [2024-11-29 21:28:00:573] [unknown]: [Scrapper/CeyrekAltinBatch] is running
[INFO] [2024-11-29 21:28:00:578] [CeyrekAltinBatch.mjs]: CeyrekAltin servisine girildi.
[INFO] [2024-11-29 21:28:00:841] [PocketService.js]: Trigger : GetCurrencyWithName
[INFO] [2024-11-29 21:28:00:850] [PocketService.js]: Trigger : UpdateCurrency
[INFO] [2024-11-29 21:28:00:856] [CeyrekAltinBatch.mjs]: Ceyrek altin kaydi güncellendi.
[INFO] [2024-11-29 21:28:00:857] [CeyrekAltinBatch.mjs]: Eski Deger: 5.007,00
[INFO] [2024-11-29 21:28:00:858] [CeyrekAltinBatch.mjs]: Yeni Deger: 5.009,00
[INFO] [2024-11-29 21:28:00:859] [PocketBatchManager.js]: [Scrapper/CeyrekAltinBatch] is terminate successfully
[INFO] [2024-11-29 21:29:00:028] [unknown]: [Scrapper/CeyrekAltinBatch] is running
[INFO] [2024-11-29 21:29:00:030] [CeyrekAltinBatch.mjs]: CeyrekAltin servisine girildi.
[INFO] [2024-11-29 21:29:00:133] [PocketService.js]: Trigger : GetCurrencyWithName
[INFO] [2024-11-29 21:29:00:139] [PocketService.js]: Trigger : UpdateCurrency
[INFO] [2024-11-29 21:29:00:143] [CeyrekAltinBatch.mjs]: Ceyrek altin kaydi güncellendi.
[INFO] [2024-11-29 21:29:00:144] [CeyrekAltinBatch.mjs]: Eski Deger: 5.009,00
[INFO] [2024-11-29 21:29:00:145] [CeyrekAltinBatch.mjs]: Yeni Deger: 5.007,00
[INFO] [2024-11-29 21:29:00:146] [PocketBatchManager.js]: [Scrapper/CeyrekAltinBatch] is terminate successfully
[INFO] [2024-11-29 21:30:00:502] [unknown]: [Scrapper/CeyrekAltinBatch] is running
[INFO] [2024-11-29 21:30:00:507] [CeyrekAltinBatch.mjs]: CeyrekAltin servisine girildi.
[INFO] [2024-11-29 21:30:00:756] [PocketService.js]: Trigger : GetCurrencyWithName
[INFO] [2024-11-29 21:30:00:761] [CeyrekAltinBatch.mjs]: Ceyrek altin fiyati ayni. Güncelleme yapilmadi.
[INFO] [2024-11-29 21:30:00:763] [PocketBatchManager.js]: [Scrapper/CeyrekAltinBatch] is terminate successfully
[INFO] [2024-11-29 21:31:00:882] [unknown]: [Scrapper/CeyrekAltinBatch] is running
[INFO] [2024-11-29 21:31:00:887] [CeyrekAltinBatch.mjs]: CeyrekAltin servisine girildi.
[INFO] [2024-11-29 21:31:00:994] [PocketService.js]: Trigger : GetCurrencyWithName
[INFO] [2024-11-29 21:31:01:006] [CeyrekAltinBatch.mjs]: Ceyrek altin fiyati ayni. Güncelleme yapilmadi.
[INFO] [2024-11-29 21:31:01:009] [PocketBatchManager.js]: [Scrapper/CeyrekAltinBatch] is terminate successfully
[INFO] [2024-11-29 21:32:00:329] [unknown]: [Scrapper/CeyrekAltinBatch] is running
[INFO] [2024-11-29 21:32:00:332] [CeyrekAltinBatch.mjs]: CeyrekAltin servisine girildi.
[INFO] [2024-11-29 21:32:00:433] [PocketService.js]: Trigger : GetCurrencyWithName
[INFO] [2024-11-29 21:32:00:440] [CeyrekAltinBatch.mjs]: Ceyrek altin fiyati ayni. Güncelleme yapilmadi.
[INFO] [2024-11-29 21:32:00:442] [PocketBatchManager.js]: [Scrapper/CeyrekAltinBatch] is terminate successfully
[INFO] [2024-11-29 21:33:00:723] [unknown]: [Scrapper/CeyrekAltinBatch] is running
[INFO] [2024-11-29 21:33:00:725] [CeyrekAltinBatch.mjs]: CeyrekAltin servisine girildi.
[INFO] [2024-11-29 21:33:00:832] [PocketService.js]: Trigger : GetCurrencyWithName
[INFO] [2024-11-29 21:33:00:839] [CeyrekAltinBatch.mjs]: Ceyrek altin fiyati ayni. Güncelleme yapilmadi.
[INFO] [2024-11-29 21:33:00:841] [PocketBatchManager.js]: [Scrapper/CeyrekAltinBatch] is terminate successfully
[INFO] [2024-11-29 21:34:00:117] [unknown]: [Scrapper/CeyrekAltinBatch] is running
[INFO] [2024-11-29 21:34:00:122] [CeyrekAltinBatch.mjs]: CeyrekAltin servisine girildi.
[INFO] [2024-11-29 21:34:00:225] [PocketService.js]: Trigger : GetCurrencyWithName
[INFO] [2024-11-29 21:34:00:230] [CeyrekAltinBatch.mjs]: Ceyrek altin fiyati ayni. Güncelleme yapilmadi.
[INFO] [2024-11-29 21:34:00:232] [PocketBatchManager.js]: [Scrapper/CeyrekAltinBatch] is terminate successfully
[INFO] [2024-11-29 21:35:00:545] [unknown]: [Scrapper/CeyrekAltinBatch] is running
[INFO] [2024-11-29 21:35:00:548] [CeyrekAltinBatch.mjs]: CeyrekAltin servisine girildi.
[INFO] [2024-11-29 21:35:00:752] [PocketService.js]: Trigger : GetCurrencyWithName
[INFO] [2024-11-29 21:35:00:764] [CeyrekAltinBatch.mjs]: Ceyrek altin fiyati ayni. Güncelleme yapilmadi.
[INFO] [2024-11-29 21:35:00:765] [PocketBatchManager.js]: [Scrapper/CeyrekAltinBatch] is terminate successfully
[INFO] [2024-11-29 21:36:00:909] [unknown]: [Scrapper/CeyrekAltinBatch] is running
[INFO] [2024-11-29 21:36:00:913] [CeyrekAltinBatch.mjs]: CeyrekAltin servisine girildi.
[INFO] [2024-11-29 21:36:01:054] [PocketService.js]: Trigger : GetCurrencyWithName
[INFO] [2024-11-29 21:36:01:060] [PocketService.js]: Trigger : UpdateCurrency
[INFO] [2024-11-29 21:36:01:070] [CeyrekAltinBatch.mjs]: Ceyrek altin kaydi güncellendi.
[INFO] [2024-11-29 21:36:01:071] [CeyrekAltinBatch.mjs]: Eski Deger: 5.007,00
[INFO] [2024-11-29 21:36:01:071] [CeyrekAltinBatch.mjs]: Yeni Deger: 5.006,00
[INFO] [2024-11-29 21:36:01:072] [PocketBatchManager.js]: [Scrapper/CeyrekAltinBatch] is terminate successfully
[INFO] [2024-11-29 21:37:00:269] [unknown]: [Scrapper/CeyrekAltinBatch] is running
[INFO] [2024-11-29 21:37:00:273] [CeyrekAltinBatch.mjs]: CeyrekAltin servisine girildi.
[INFO] [2024-11-29 21:37:00:390] [PocketService.js]: Trigger : GetCurrencyWithName
[INFO] [2024-11-29 21:37:00:402] [CeyrekAltinBatch.mjs]: Ceyrek altin fiyati ayni. Güncelleme yapilmadi.
[INFO] [2024-11-29 21:37:00:404] [PocketBatchManager.js]: [Scrapper/CeyrekAltinBatch] is terminate successfully
[INFO] [2024-11-29 21:38:00:664] [unknown]: [Scrapper/CeyrekAltinBatch] is running
[INFO] [2024-11-29 21:38:00:668] [CeyrekAltinBatch.mjs]: CeyrekAltin servisine girildi.
[INFO] [2024-11-29 21:38:00:772] [PocketService.js]: Trigger : GetCurrencyWithName
[INFO] [2024-11-29 21:38:00:778] [PocketService.js]: Trigger : UpdateCurrency
[INFO] [2024-11-29 21:38:00:783] [CeyrekAltinBatch.mjs]: Ceyrek altin kaydi güncellendi.
[INFO] [2024-11-29 21:38:00:784] [CeyrekAltinBatch.mjs]: Eski Deger: 5.006,00
[INFO] [2024-11-29 21:38:00:785] [CeyrekAltinBatch.mjs]: Yeni Deger: 5.005,00
[INFO] [2024-11-29 21:38:00:786] [PocketBatchManager.js]: [Scrapper/CeyrekAltinBatch] is terminate successfully
[INFO] [2024-11-29 21:39:00:126] [unknown]: [Scrapper/CeyrekAltinBatch] is running
[INFO] [2024-11-29 21:39:00:131] [CeyrekAltinBatch.mjs]: CeyrekAltin servisine girildi.
[INFO] [2024-11-29 21:39:00:235] [PocketService.js]: Trigger : GetCurrencyWithName
[INFO] [2024-11-29 21:39:00:239] [CeyrekAltinBatch.mjs]: Ceyrek altin fiyati ayni. Güncelleme yapilmadi.
[INFO] [2024-11-29 21:39:00:240] [PocketBatchManager.js]: [Scrapper/CeyrekAltinBatch] is terminate successfully
[INFO] [2024-11-29 21:40:00:501] [unknown]: [Scrapper/CeyrekAltinBatch] is running
[INFO] [2024-11-29 21:40:00:506] [CeyrekAltinBatch.mjs]: CeyrekAltin servisine girildi.
[INFO] [2024-11-29 21:40:00:613] [PocketService.js]: Trigger : GetCurrencyWithName
[INFO] [2024-11-29 21:40:00:655] [PocketService.js]: Trigger : UpdateCurrency
[INFO] [2024-11-29 21:40:00:662] [CeyrekAltinBatch.mjs]: Ceyrek altin kaydi güncellendi.
[INFO] [2024-11-29 21:40:00:663] [CeyrekAltinBatch.mjs]: Eski Deger: 5.005,00
[INFO] [2024-11-29 21:40:00:664] [CeyrekAltinBatch.mjs]: Yeni Deger: 5.007,00
[INFO] [2024-11-29 21:40:00:666] [PocketBatchManager.js]: [Scrapper/CeyrekAltinBatch] is terminate successfully
[INFO] [2024-11-29 21:41:00:924] [unknown]: [Scrapper/CeyrekAltinBatch] is running
[INFO] [2024-11-29 21:41:00:926] [CeyrekAltinBatch.mjs]: CeyrekAltin servisine girildi.
[INFO] [2024-11-29 21:41:01:173] [PocketService.js]: Trigger : GetCurrencyWithName
[INFO] [2024-11-29 21:41:01:178] [PocketService.js]: Trigger : UpdateCurrency
[INFO] [2024-11-29 21:41:01:181] [CeyrekAltinBatch.mjs]: Ceyrek altin kaydi güncellendi.
[INFO] [2024-11-29 21:41:01:182] [CeyrekAltinBatch.mjs]: Eski Deger: 5.007,00
[INFO] [2024-11-29 21:41:01:183] [CeyrekAltinBatch.mjs]: Yeni Deger: 5.005,00
[INFO] [2024-11-29 21:41:01:185] [PocketBatchManager.js]: [Scrapper/CeyrekAltinBatch] is terminate successfully
[INFO] [2024-11-29 21:42:00:296] [unknown]: [Scrapper/CeyrekAltinBatch] is running
[INFO] [2024-11-29 21:42:00:301] [CeyrekAltinBatch.mjs]: CeyrekAltin servisine girildi.
[INFO] [2024-11-29 21:42:00:398] [PocketService.js]: Trigger : GetCurrencyWithName
[INFO] [2024-11-29 21:42:00:404] [PocketService.js]: Trigger : UpdateCurrency
[INFO] [2024-11-29 21:42:00:409] [CeyrekAltinBatch.mjs]: Ceyrek altin kaydi güncellendi.
[INFO] [2024-11-29 21:42:00:410] [CeyrekAltinBatch.mjs]: Eski Deger: 5.005,00
[INFO] [2024-11-29 21:42:00:411] [CeyrekAltinBatch.mjs]: Yeni Deger: 5.007,00
[INFO] [2024-11-29 21:42:00:412] [PocketBatchManager.js]: [Scrapper/CeyrekAltinBatch] is terminate successfully
[INFO] [2024-11-29 21:43:00:645] [unknown]: [Scrapper/CeyrekAltinBatch] is running
[INFO] [2024-11-29 21:43:00:650] [CeyrekAltinBatch.mjs]: CeyrekAltin servisine girildi.
[INFO] [2024-11-29 21:43:00:745] [PocketService.js]: Trigger : GetCurrencyWithName
[INFO] [2024-11-29 21:43:00:752] [CeyrekAltinBatch.mjs]: Ceyrek altin fiyati ayni. Güncelleme yapilmadi.
[INFO] [2024-11-29 21:43:00:754] [PocketBatchManager.js]: [Scrapper/CeyrekAltinBatch] is terminate successfully
[INFO] [2024-11-29 21:44:00:015] [unknown]: [Scrapper/CeyrekAltinBatch] is running
[INFO] [2024-11-29 21:44:00:018] [CeyrekAltinBatch.mjs]: CeyrekAltin servisine girildi.
[INFO] [2024-11-29 21:44:00:286] [PocketService.js]: Trigger : GetCurrencyWithName
[INFO] [2024-11-29 21:44:00:290] [CeyrekAltinBatch.mjs]: Ceyrek altin fiyati ayni. Güncelleme yapilmadi.
[INFO] [2024-11-29 21:44:00:291] [PocketBatchManager.js]: [Scrapper/CeyrekAltinBatch] is terminate successfully
[INFO] [2024-11-29 21:45:00:431] [unknown]: [Scrapper/CeyrekAltinBatch] is running
[INFO] [2024-11-29 21:45:00:436] [CeyrekAltinBatch.mjs]: CeyrekAltin servisine girildi.
[INFO] [2024-11-29 21:45:00:536] [PocketService.js]: Trigger : GetCurrencyWithName
[INFO] [2024-11-29 21:45:00:541] [PocketService.js]: Trigger : UpdateCurrency
[INFO] [2024-11-29 21:45:00:547] [CeyrekAltinBatch.mjs]: Ceyrek altin kaydi güncellendi.
[INFO] [2024-11-29 21:45:00:548] [CeyrekAltinBatch.mjs]: Eski Deger: 5.007,00
[INFO] [2024-11-29 21:45:00:549] [CeyrekAltinBatch.mjs]: Yeni Deger: 5.005,00
[INFO] [2024-11-29 21:45:00:550] [PocketBatchManager.js]: [Scrapper/CeyrekAltinBatch] is terminate successfully
[INFO] [2024-11-29 21:46:00:831] [unknown]: [Scrapper/CeyrekAltinBatch] is running
[INFO] [2024-11-29 21:46:00:836] [CeyrekAltinBatch.mjs]: CeyrekAltin servisine girildi.
[INFO] [2024-11-29 21:46:00:936] [PocketService.js]: Trigger : GetCurrencyWithName
[INFO] [2024-11-29 21:46:00:945] [PocketService.js]: Trigger : UpdateCurrency
[INFO] [2024-11-29 21:46:00:951] [CeyrekAltinBatch.mjs]: Ceyrek altin kaydi güncellendi.
[INFO] [2024-11-29 21:46:00:953] [CeyrekAltinBatch.mjs]: Eski Deger: 5.005,00
[INFO] [2024-11-29 21:46:00:954] [CeyrekAltinBatch.mjs]: Yeni Deger: 5.002,00
[INFO] [2024-11-29 21:46:00:956] [PocketBatchManager.js]: [Scrapper/CeyrekAltinBatch] is terminate successfully
[INFO] [2024-11-29 21:47:00:276] [unknown]: [Scrapper/CeyrekAltinBatch] is running
[INFO] [2024-11-29 21:47:00:277] [CeyrekAltinBatch.mjs]: CeyrekAltin servisine girildi.
[INFO] [2024-11-29 21:47:00:542] [PocketService.js]: Trigger : GetCurrencyWithName
[INFO] [2024-11-29 21:47:00:547] [PocketService.js]: Trigger : UpdateCurrency
[INFO] [2024-11-29 21:47:00:554] [CeyrekAltinBatch.mjs]: Ceyrek altin kaydi güncellendi.
[INFO] [2024-11-29 21:47:00:555] [CeyrekAltinBatch.mjs]: Eski Deger: 5.002,00
[INFO] [2024-11-29 21:47:00:556] [CeyrekAltinBatch.mjs]: Yeni Deger: 4.999,00
[INFO] [2024-11-29 21:47:00:558] [PocketBatchManager.js]: [Scrapper/CeyrekAltinBatch] is terminate successfully
[INFO] [2024-11-29 21:48:00:699] [unknown]: [Scrapper/CeyrekAltinBatch] is running
[INFO] [2024-11-29 21:48:00:703] [CeyrekAltinBatch.mjs]: CeyrekAltin servisine girildi.
[INFO] [2024-11-29 21:48:00:958] [PocketService.js]: Trigger : GetCurrencyWithName
[INFO] [2024-11-29 21:48:00:964] [CeyrekAltinBatch.mjs]: Ceyrek altin fiyati ayni. Güncelleme yapilmadi.
[INFO] [2024-11-29 21:48:00:966] [PocketBatchManager.js]: [Scrapper/CeyrekAltinBatch] is terminate successfully
[INFO] [2024-11-29 21:49:00:153] [unknown]: [Scrapper/CeyrekAltinBatch] is running
[INFO] [2024-11-29 21:49:00:157] [CeyrekAltinBatch.mjs]: CeyrekAltin servisine girildi.
[INFO] [2024-11-29 21:49:00:261] [PocketService.js]: Trigger : GetCurrencyWithName
[INFO] [2024-11-29 21:49:00:270] [PocketService.js]: Trigger : UpdateCurrency
[INFO] [2024-11-29 21:49:00:279] [CeyrekAltinBatch.mjs]: Ceyrek altin kaydi güncellendi.
[INFO] [2024-11-29 21:49:00:281] [CeyrekAltinBatch.mjs]: Eski Deger: 4.999,00
[INFO] [2024-11-29 21:49:00:282] [CeyrekAltinBatch.mjs]: Yeni Deger: 4.996,00
[INFO] [2024-11-29 21:49:00:283] [PocketBatchManager.js]: [Scrapper/CeyrekAltinBatch] is terminate successfully
[INFO] [2024-11-29 21:50:00:615] [unknown]: [Scrapper/CeyrekAltinBatch] is running
[INFO] [2024-11-29 21:50:00:620] [CeyrekAltinBatch.mjs]: CeyrekAltin servisine girildi.
[INFO] [2024-11-29 21:50:00:754] [PocketService.js]: Trigger : GetCurrencyWithName
[INFO] [2024-11-29 21:50:00:762] [CeyrekAltinBatch.mjs]: Ceyrek altin fiyati ayni. Güncelleme yapilmadi.
[INFO] [2024-11-29 21:50:00:764] [PocketBatchManager.js]: [Scrapper/CeyrekAltinBatch] is terminate successfully
[INFO] [2024-11-29 21:51:00:050] [unknown]: [Scrapper/CeyrekAltinBatch] is running
[INFO] [2024-11-29 21:51:00:052] [CeyrekAltinBatch.mjs]: CeyrekAltin servisine girildi.
[INFO] [2024-11-29 21:51:00:136] [PocketService.js]: Trigger : GetCurrencyWithName
[INFO] [2024-11-29 21:51:00:142] [CeyrekAltinBatch.mjs]: Ceyrek altin fiyati ayni. Güncelleme yapilmadi.
[INFO] [2024-11-29 21:51:00:143] [PocketBatchManager.js]: [Scrapper/CeyrekAltinBatch] is terminate successfully
[INFO] [2024-11-29 21:52:00:501] [unknown]: [Scrapper/CeyrekAltinBatch] is running
[INFO] [2024-11-29 21:52:00:505] [CeyrekAltinBatch.mjs]: CeyrekAltin servisine girildi.
[INFO] [2024-11-29 21:52:00:579] [PocketService.js]: Trigger : GetCurrencyWithName
[INFO] [2024-11-29 21:52:00:588] [PocketService.js]: Trigger : UpdateCurrency
[INFO] [2024-11-29 21:52:00:593] [CeyrekAltinBatch.mjs]: Ceyrek altin kaydi güncellendi.
[INFO] [2024-11-29 21:52:00:594] [CeyrekAltinBatch.mjs]: Eski Deger: 4.996,00
[INFO] [2024-11-29 21:52:00:595] [CeyrekAltinBatch.mjs]: Yeni Deger: 4.995,00
[INFO] [2024-11-29 21:52:00:596] [PocketBatchManager.js]: [Scrapper/CeyrekAltinBatch] is terminate successfully
[INFO] [2024-11-29 21:53:00:883] [unknown]: [Scrapper/CeyrekAltinBatch] is running
[INFO] [2024-11-29 21:53:00:885] [CeyrekAltinBatch.mjs]: CeyrekAltin servisine girildi.
[INFO] [2024-11-29 21:53:00:966] [PocketService.js]: Trigger : GetCurrencyWithName
[INFO] [2024-11-29 21:53:00:972] [CeyrekAltinBatch.mjs]: Ceyrek altin fiyati ayni. Güncelleme yapilmadi.
[INFO] [2024-11-29 21:53:00:973] [PocketBatchManager.js]: [Scrapper/CeyrekAltinBatch] is terminate successfully
[INFO] [2024-11-29 21:54:00:269] [unknown]: [Scrapper/CeyrekAltinBatch] is running
[INFO] [2024-11-29 21:54:00:273] [CeyrekAltinBatch.mjs]: CeyrekAltin servisine girildi.
[INFO] [2024-11-29 21:54:00:345] [PocketService.js]: Trigger : GetCurrencyWithName
[INFO] [2024-11-29 21:54:00:349] [CeyrekAltinBatch.mjs]: Ceyrek altin fiyati ayni. Güncelleme yapilmadi.
[INFO] [2024-11-29 21:54:00:351] [PocketBatchManager.js]: [Scrapper/CeyrekAltinBatch] is terminate successfully
[INFO] [2024-11-29 21:55:00:648] [unknown]: [Scrapper/CeyrekAltinBatch] is running
[INFO] [2024-11-29 21:55:00:653] [CeyrekAltinBatch.mjs]: CeyrekAltin servisine girildi.
[INFO] [2024-11-29 21:55:00:757] [PocketService.js]: Trigger : GetCurrencyWithName
[INFO] [2024-11-29 21:55:00:764] [PocketService.js]: Trigger : UpdateCurrency
[INFO] [2024-11-29 21:55:00:769] [CeyrekAltinBatch.mjs]: Ceyrek altin kaydi güncellendi.
[INFO] [2024-11-29 21:55:00:770] [CeyrekAltinBatch.mjs]: Eski Deger: 4.995,00
[INFO] [2024-11-29 21:55:00:771] [CeyrekAltinBatch.mjs]: Yeni Deger: 4.996,00
[INFO] [2024-11-29 21:55:00:773] [PocketBatchManager.js]: [Scrapper/CeyrekAltinBatch] is terminate successfully
[INFO] [2024-11-29 21:56:00:059] [unknown]: [Scrapper/CeyrekAltinBatch] is running
[INFO] [2024-11-29 21:56:00:061] [CeyrekAltinBatch.mjs]: CeyrekAltin servisine girildi.
[INFO] [2024-11-29 21:56:00:162] [PocketService.js]: Trigger : GetCurrencyWithName
[INFO] [2024-11-29 21:56:00:167] [CeyrekAltinBatch.mjs]: Ceyrek altin fiyati ayni. Güncelleme yapilmadi.
[INFO] [2024-11-29 21:56:00:169] [PocketBatchManager.js]: [Scrapper/CeyrekAltinBatch] is terminate successfully
[INFO] [2024-11-29 21:57:00:494] [unknown]: [Scrapper/CeyrekAltinBatch] is running
[INFO] [2024-11-29 21:57:00:498] [CeyrekAltinBatch.mjs]: CeyrekAltin servisine girildi.
[INFO] [2024-11-29 21:57:00:598] [PocketService.js]: Trigger : GetCurrencyWithName
[INFO] [2024-11-29 21:57:00:604] [CeyrekAltinBatch.mjs]: Ceyrek altin fiyati ayni. Güncelleme yapilmadi.
[INFO] [2024-11-29 21:57:00:605] [PocketBatchManager.js]: [Scrapper/CeyrekAltinBatch] is terminate successfully
[INFO] [2024-11-29 21:58:00:987] [unknown]: [Scrapper/CeyrekAltinBatch] is running
[INFO] [2024-11-29 21:58:00:989] [CeyrekAltinBatch.mjs]: CeyrekAltin servisine girildi.
[INFO] [2024-11-29 21:58:01:097] [PocketService.js]: Trigger : GetCurrencyWithName
[INFO] [2024-11-29 21:58:01:103] [CeyrekAltinBatch.mjs]: Ceyrek altin fiyati ayni. Güncelleme yapilmadi.
[INFO] [2024-11-29 21:58:01:107] [PocketBatchManager.js]: [Scrapper/CeyrekAltinBatch] is terminate successfully
[INFO] [2024-11-29 21:59:00:417] [unknown]: [Scrapper/CeyrekAltinBatch] is running
[INFO] [2024-11-29 21:59:00:421] [CeyrekAltinBatch.mjs]: CeyrekAltin servisine girildi.
[INFO] [2024-11-29 21:59:00:519] [PocketService.js]: Trigger : GetCurrencyWithName
[INFO] [2024-11-29 21:59:00:524] [PocketService.js]: Trigger : UpdateCurrency
[INFO] [2024-11-29 21:59:00:529] [CeyrekAltinBatch.mjs]: Ceyrek altin kaydi güncellendi.
[INFO] [2024-11-29 21:59:00:530] [CeyrekAltinBatch.mjs]: Eski Deger: 4.996,00
[INFO] [2024-11-29 21:59:00:531] [CeyrekAltinBatch.mjs]: Yeni Deger: 4.995,00
[INFO] [2024-11-29 21:59:00:532] [PocketBatchManager.js]: [Scrapper/CeyrekAltinBatch] is terminate successfully
[INFO] [2024-11-29 22:00:00:858] [unknown]: [Scrapper/CeyrekAltinBatch] is running
[INFO] [2024-11-29 22:00:00:862] [CeyrekAltinBatch.mjs]: CeyrekAltin servisine girildi.
[INFO] [2024-11-29 22:00:01:011] [PocketService.js]: Trigger : GetCurrencyWithName
[INFO] [2024-11-29 22:00:01:016] [PocketService.js]: Trigger : UpdateCurrency
[INFO] [2024-11-29 22:00:01:022] [CeyrekAltinBatch.mjs]: Ceyrek altin kaydi güncellendi.
[INFO] [2024-11-29 22:00:01:023] [CeyrekAltinBatch.mjs]: Eski Deger: 4.995,00
[INFO] [2024-11-29 22:00:01:024] [CeyrekAltinBatch.mjs]: Yeni Deger: 4.997,00
[INFO] [2024-11-29 22:00:01:027] [PocketBatchManager.js]: [Scrapper/CeyrekAltinBatch] is terminate successfully
[INFO] [2024-11-29 22:01:00:253] [unknown]: [Scrapper/CeyrekAltinBatch] is running
[INFO] [2024-11-29 22:01:00:255] [CeyrekAltinBatch.mjs]: CeyrekAltin servisine girildi.
[INFO] [2024-11-29 22:01:00:363] [PocketService.js]: Trigger : GetCurrencyWithName
[INFO] [2024-11-29 22:01:00:374] [PocketService.js]: Trigger : UpdateCurrency
[INFO] [2024-11-29 22:01:00:380] [CeyrekAltinBatch.mjs]: Ceyrek altin kaydi güncellendi.
[INFO] [2024-11-29 22:01:00:381] [CeyrekAltinBatch.mjs]: Eski Deger: 4.997,00
[INFO] [2024-11-29 22:01:00:382] [CeyrekAltinBatch.mjs]: Yeni Deger: 4.995,00
[INFO] [2024-11-29 22:01:00:383] [PocketBatchManager.js]: [Scrapper/CeyrekAltinBatch] is terminate successfully
[INFO] [2024-11-29 22:02:00:713] [unknown]: [Scrapper/CeyrekAltinBatch] is running
[INFO] [2024-11-29 22:02:00:716] [CeyrekAltinBatch.mjs]: CeyrekAltin servisine girildi.
[INFO] [2024-11-29 22:02:00:869] [PocketService.js]: Trigger : GetCurrencyWithName
[INFO] [2024-11-29 22:02:00:877] [CeyrekAltinBatch.mjs]: Ceyrek altin fiyati ayni. Güncelleme yapilmadi.
[INFO] [2024-11-29 22:02:00:878] [PocketBatchManager.js]: [Scrapper/CeyrekAltinBatch] is terminate successfully
[INFO] [2024-11-29 22:03:00:196] [unknown]: [Scrapper/CeyrekAltinBatch] is running
[INFO] [2024-11-29 22:03:00:201] [CeyrekAltinBatch.mjs]: CeyrekAltin servisine girildi.
[INFO] [2024-11-29 22:03:00:492] [PocketService.js]: Trigger : GetCurrencyWithName
[INFO] [2024-11-29 22:03:00:497] [CeyrekAltinBatch.mjs]: Ceyrek altin fiyati ayni. Güncelleme yapilmadi.
[INFO] [2024-11-29 22:03:00:499] [PocketBatchManager.js]: [Scrapper/CeyrekAltinBatch] is terminate successfully
[INFO] [2024-11-29 22:04:00:633] [unknown]: [Scrapper/CeyrekAltinBatch] is running
[INFO] [2024-11-29 22:04:00:637] [CeyrekAltinBatch.mjs]: CeyrekAltin servisine girildi.
[INFO] [2024-11-29 22:04:00:752] [PocketService.js]: Trigger : GetCurrencyWithName
[INFO] [2024-11-29 22:04:00:758] [PocketService.js]: Trigger : UpdateCurrency
[INFO] [2024-11-29 22:04:00:768] [CeyrekAltinBatch.mjs]: Ceyrek altin kaydi güncellendi.
[INFO] [2024-11-29 22:04:00:769] [CeyrekAltinBatch.mjs]: Eski Deger: 4.995,00
[INFO] [2024-11-29 22:04:00:770] [CeyrekAltinBatch.mjs]: Yeni Deger: 4.993,00
[INFO] [2024-11-29 22:04:00:771] [PocketBatchManager.js]: [Scrapper/CeyrekAltinBatch] is terminate successfully
[INFO] [2024-11-29 22:05:00:051] [unknown]: [Scrapper/CeyrekAltinBatch] is running
[INFO] [2024-11-29 22:05:00:053] [CeyrekAltinBatch.mjs]: CeyrekAltin servisine girildi.
[INFO] [2024-11-29 22:05:00:119] [PocketService.js]: Trigger : GetCurrencyWithName
[INFO] [2024-11-29 22:05:00:125] [PocketService.js]: Trigger : UpdateCurrency
[INFO] [2024-11-29 22:05:00:130] [CeyrekAltinBatch.mjs]: Ceyrek altin kaydi güncellendi.
[INFO] [2024-11-29 22:05:00:131] [CeyrekAltinBatch.mjs]: Eski Deger: 4.993,00
[INFO] [2024-11-29 22:05:00:132] [CeyrekAltinBatch.mjs]: Yeni Deger: 4.995,00
[INFO] [2024-11-29 22:05:00:133] [PocketBatchManager.js]: [Scrapper/CeyrekAltinBatch] is terminate successfully
[INFO] [2024-11-29 22:06:00:459] [unknown]: [Scrapper/CeyrekAltinBatch] is running
[INFO] [2024-11-29 22:06:00:464] [CeyrekAltinBatch.mjs]: CeyrekAltin servisine girildi.
[INFO] [2024-11-29 22:06:00:559] [PocketService.js]: Trigger : GetCurrencyWithName
[INFO] [2024-11-29 22:06:00:564] [CeyrekAltinBatch.mjs]: Ceyrek altin fiyati ayni. Güncelleme yapilmadi.
[INFO] [2024-11-29 22:06:00:565] [PocketBatchManager.js]: [Scrapper/CeyrekAltinBatch] is terminate successfully
[INFO] [2024-11-29 22:07:00:834] [unknown]: [Scrapper/CeyrekAltinBatch] is running
[INFO] [2024-11-29 22:07:00:839] [CeyrekAltinBatch.mjs]: CeyrekAltin servisine girildi.
[INFO] [2024-11-29 22:07:00:947] [PocketService.js]: Trigger : GetCurrencyWithName
[INFO] [2024-11-29 22:07:00:961] [CeyrekAltinBatch.mjs]: Ceyrek altin fiyati ayni. Güncelleme yapilmadi.
[INFO] [2024-11-29 22:07:00:964] [PocketBatchManager.js]: [Scrapper/CeyrekAltinBatch] is terminate successfully
[INFO] [2024-11-29 22:08:00:257] [unknown]: [Scrapper/CeyrekAltinBatch] is running
[INFO] [2024-11-29 22:08:00:261] [CeyrekAltinBatch.mjs]: CeyrekAltin servisine girildi.
[INFO] [2024-11-29 22:08:00:883] [PocketService.js]: Trigger : GetCurrencyWithName
[INFO] [2024-11-29 22:08:00:892] [CeyrekAltinBatch.mjs]: Ceyrek altin fiyati ayni. Güncelleme yapilmadi.
[INFO] [2024-11-29 22:08:00:894] [PocketBatchManager.js]: [Scrapper/CeyrekAltinBatch] is terminate successfully
[INFO] [2024-11-29 22:09:00:741] [unknown]: [Scrapper/CeyrekAltinBatch] is running
[INFO] [2024-11-29 22:09:00:744] [CeyrekAltinBatch.mjs]: CeyrekAltin servisine girildi.
[INFO] [2024-11-29 22:09:01:014] [PocketService.js]: Trigger : GetCurrencyWithName
[INFO] [2024-11-29 22:09:01:019] [CeyrekAltinBatch.mjs]: Ceyrek altin fiyati ayni. Güncelleme yapilmadi.
[INFO] [2024-11-29 22:09:01:021] [PocketBatchManager.js]: [Scrapper/CeyrekAltinBatch] is terminate successfully
[INFO] [2024-11-29 22:10:00:136] [unknown]: [Scrapper/CeyrekAltinBatch] is running
[INFO] [2024-11-29 22:10:00:141] [CeyrekAltinBatch.mjs]: CeyrekAltin servisine girildi.
[INFO] [2024-11-29 22:10:00:243] [PocketService.js]: Trigger : GetCurrencyWithName
[INFO] [2024-11-29 22:10:00:247] [CeyrekAltinBatch.mjs]: Ceyrek altin fiyati ayni. Güncelleme yapilmadi.
[INFO] [2024-11-29 22:10:00:249] [PocketBatchManager.js]: [Scrapper/CeyrekAltinBatch] is terminate successfully
[INFO] [2024-11-29 22:11:00:546] [unknown]: [Scrapper/CeyrekAltinBatch] is running
[INFO] [2024-11-29 22:11:00:551] [CeyrekAltinBatch.mjs]: CeyrekAltin servisine girildi.
[INFO] [2024-11-29 22:11:00:650] [PocketService.js]: Trigger : GetCurrencyWithName
[INFO] [2024-11-29 22:11:00:655] [CeyrekAltinBatch.mjs]: Ceyrek altin fiyati ayni. Güncelleme yapilmadi.
[INFO] [2024-11-29 22:11:00:656] [PocketBatchManager.js]: [Scrapper/CeyrekAltinBatch] is terminate successfully
[INFO] [2024-11-29 22:12:00:008] [unknown]: [Scrapper/CeyrekAltinBatch] is running
[INFO] [2024-11-29 22:12:00:010] [CeyrekAltinBatch.mjs]: CeyrekAltin servisine girildi.
[INFO] [2024-11-29 22:12:00:105] [PocketService.js]: Trigger : GetCurrencyWithName
[INFO] [2024-11-29 22:12:00:110] [CeyrekAltinBatch.mjs]: Ceyrek altin fiyati ayni. Güncelleme yapilmadi.
[INFO] [2024-11-29 22:12:00:112] [PocketBatchManager.js]: [Scrapper/CeyrekAltinBatch] is terminate successfully
[INFO] [2024-11-29 22:13:00:478] [unknown]: [Scrapper/CeyrekAltinBatch] is running
[INFO] [2024-11-29 22:13:00:482] [CeyrekAltinBatch.mjs]: CeyrekAltin servisine girildi.
[INFO] [2024-11-29 22:13:00:599] [PocketService.js]: Trigger : GetCurrencyWithName
[INFO] [2024-11-29 22:13:00:604] [CeyrekAltinBatch.mjs]: Ceyrek altin fiyati ayni. Güncelleme yapilmadi.
[INFO] [2024-11-29 22:13:00:605] [PocketBatchManager.js]: [Scrapper/CeyrekAltinBatch] is terminate successfully
[INFO] [2024-11-29 22:14:00:947] [unknown]: [Scrapper/CeyrekAltinBatch] is running
[INFO] [2024-11-29 22:14:00:949] [CeyrekAltinBatch.mjs]: CeyrekAltin servisine girildi.
[INFO] [2024-11-29 22:14:01:044] [PocketService.js]: Trigger : GetCurrencyWithName
[INFO] [2024-11-29 22:14:01:051] [PocketService.js]: Trigger : UpdateCurrency
[INFO] [2024-11-29 22:14:01:057] [CeyrekAltinBatch.mjs]: Ceyrek altin kaydi güncellendi.
[INFO] [2024-11-29 22:14:01:059] [CeyrekAltinBatch.mjs]: Eski Deger: 4.995,00
[INFO] [2024-11-29 22:14:01:060] [CeyrekAltinBatch.mjs]: Yeni Deger: 4.997,00
[INFO] [2024-11-29 22:14:01:061] [PocketBatchManager.js]: [Scrapper/CeyrekAltinBatch] is terminate successfully
[INFO] [2024-11-29 22:15:00:366] [unknown]: [Scrapper/CeyrekAltinBatch] is running
[INFO] [2024-11-29 22:15:00:368] [CeyrekAltinBatch.mjs]: CeyrekAltin servisine girildi.
[INFO] [2024-11-29 22:15:00:482] [PocketService.js]: Trigger : GetCurrencyWithName
[INFO] [2024-11-29 22:15:00:505] [CeyrekAltinBatch.mjs]: Ceyrek altin fiyati ayni. Güncelleme yapilmadi.
[INFO] [2024-11-29 22:15:00:507] [PocketBatchManager.js]: [Scrapper/CeyrekAltinBatch] is terminate successfully
[INFO] [2024-11-29 22:16:00:828] [unknown]: [Scrapper/CeyrekAltinBatch] is running
[INFO] [2024-11-29 22:16:00:832] [CeyrekAltinBatch.mjs]: CeyrekAltin servisine girildi.
[INFO] [2024-11-29 22:16:00:936] [PocketService.js]: Trigger : GetCurrencyWithName
[INFO] [2024-11-29 22:16:00:945] [PocketService.js]: Trigger : UpdateCurrency
[INFO] [2024-11-29 22:16:00:953] [CeyrekAltinBatch.mjs]: Ceyrek altin kaydi güncellendi.
[INFO] [2024-11-29 22:16:00:955] [CeyrekAltinBatch.mjs]: Eski Deger: 4.997,00
[INFO] [2024-11-29 22:16:00:956] [CeyrekAltinBatch.mjs]: Yeni Deger: 4.996,00
[INFO] [2024-11-29 22:16:00:957] [PocketBatchManager.js]: [Scrapper/CeyrekAltinBatch] is terminate successfully
[INFO] [2024-11-29 22:17:00:291] [unknown]: [Scrapper/CeyrekAltinBatch] is running
[INFO] [2024-11-29 22:17:00:295] [CeyrekAltinBatch.mjs]: CeyrekAltin servisine girildi.
[INFO] [2024-11-29 22:17:00:392] [PocketService.js]: Trigger : GetCurrencyWithName
[INFO] [2024-11-29 22:17:00:399] [PocketService.js]: Trigger : UpdateCurrency
[INFO] [2024-11-29 22:17:00:403] [CeyrekAltinBatch.mjs]: Ceyrek altin kaydi güncellendi.
[INFO] [2024-11-29 22:17:00:404] [CeyrekAltinBatch.mjs]: Eski Deger: 4.996,00
[INFO] [2024-11-29 22:17:00:405] [CeyrekAltinBatch.mjs]: Yeni Deger: 4.994,00
[INFO] [2024-11-29 22:17:00:406] [PocketBatchManager.js]: [Scrapper/CeyrekAltinBatch] is terminate successfully
[INFO] [2024-11-29 22:18:00:766] [unknown]: [Scrapper/CeyrekAltinBatch] is running
[INFO] [2024-11-29 22:18:00:770] [CeyrekAltinBatch.mjs]: CeyrekAltin servisine girildi.
[INFO] [2024-11-29 22:18:01:015] [PocketService.js]: Trigger : GetCurrencyWithName
[INFO] [2024-11-29 22:18:01:021] [PocketService.js]: Trigger : UpdateCurrency
[INFO] [2024-11-29 22:18:01:027] [CeyrekAltinBatch.mjs]: Ceyrek altin kaydi güncellendi.
[INFO] [2024-11-29 22:18:01:028] [CeyrekAltinBatch.mjs]: Eski Deger: 4.994,00
[INFO] [2024-11-29 22:18:01:029] [CeyrekAltinBatch.mjs]: Yeni Deger: 4.995,00
[INFO] [2024-11-29 22:18:01:030] [PocketBatchManager.js]: [Scrapper/CeyrekAltinBatch] is terminate successfully
[INFO] [2024-11-29 22:19:00:221] [unknown]: [Scrapper/CeyrekAltinBatch] is running
[INFO] [2024-11-29 22:19:00:226] [CeyrekAltinBatch.mjs]: CeyrekAltin servisine girildi.
[INFO] [2024-11-29 22:19:00:294] [PocketService.js]: Trigger : GetCurrencyWithName
[INFO] [2024-11-29 22:19:00:302] [CeyrekAltinBatch.mjs]: Ceyrek altin fiyati ayni. Güncelleme yapilmadi.
[INFO] [2024-11-29 22:19:00:303] [PocketBatchManager.js]: [Scrapper/CeyrekAltinBatch] is terminate successfully
[INFO] [2024-11-29 22:20:00:642] [unknown]: [Scrapper/CeyrekAltinBatch] is running
[INFO] [2024-11-29 22:20:00:646] [CeyrekAltinBatch.mjs]: CeyrekAltin servisine girildi.
[INFO] [2024-11-29 22:20:00:802] [PocketService.js]: Trigger : GetCurrencyWithName
[INFO] [2024-11-29 22:20:00:808] [CeyrekAltinBatch.mjs]: Ceyrek altin fiyati ayni. Güncelleme yapilmadi.
[INFO] [2024-11-29 22:20:00:809] [PocketBatchManager.js]: [Scrapper/CeyrekAltinBatch] is terminate successfully
[INFO] [2024-11-29 22:21:00:088] [unknown]: [Scrapper/CeyrekAltinBatch] is running
[INFO] [2024-11-29 22:21:00:093] [CeyrekAltinBatch.mjs]: CeyrekAltin servisine girildi.
[INFO] [2024-11-29 22:21:00:208] [PocketService.js]: Trigger : GetCurrencyWithName
[INFO] [2024-11-29 22:21:00:212] [CeyrekAltinBatch.mjs]: Ceyrek altin fiyati ayni. Güncelleme yapilmadi.
[INFO] [2024-11-29 22:21:00:213] [PocketBatchManager.js]: [Scrapper/CeyrekAltinBatch] is terminate successfully
[INFO] [2024-11-29 22:22:00:468] [unknown]: [Scrapper/CeyrekAltinBatch] is running
[INFO] [2024-11-29 22:22:00:472] [CeyrekAltinBatch.mjs]: CeyrekAltin servisine girildi.
[INFO] [2024-11-29 22:22:06:891] [PocketService.js]: Trigger : GetCurrencyWithName
[INFO] [2024-11-29 22:22:06:896] [CeyrekAltinBatch.mjs]: Ceyrek altin fiyati ayni. Güncelleme yapilmadi.
[INFO] [2024-11-29 22:22:06:898] [PocketBatchManager.js]: [Scrapper/CeyrekAltinBatch] is terminate successfully
[INFO] [2024-11-29 22:23:00:885] [unknown]: [Scrapper/CeyrekAltinBatch] is running
[INFO] [2024-11-29 22:23:00:890] [CeyrekAltinBatch.mjs]: CeyrekAltin servisine girildi.
[INFO] [2024-11-29 22:23:00:994] [PocketService.js]: Trigger : GetCurrencyWithName
[INFO] [2024-11-29 22:23:00:999] [CeyrekAltinBatch.mjs]: Ceyrek altin fiyati ayni. Güncelleme yapilmadi.
[INFO] [2024-11-29 22:23:01:000] [PocketBatchManager.js]: [Scrapper/CeyrekAltinBatch] is terminate successfully
[INFO] [2024-11-29 22:24:00:313] [unknown]: [Scrapper/CeyrekAltinBatch] is running
[INFO] [2024-11-29 22:24:00:315] [CeyrekAltinBatch.mjs]: CeyrekAltin servisine girildi.
[INFO] [2024-11-29 22:24:00:377] [PocketService.js]: Trigger : GetCurrencyWithName
[INFO] [2024-11-29 22:24:00:383] [PocketService.js]: Trigger : UpdateCurrency
[INFO] [2024-11-29 22:24:00:388] [CeyrekAltinBatch.mjs]: Ceyrek altin kaydi güncellendi.
[INFO] [2024-11-29 22:24:00:389] [CeyrekAltinBatch.mjs]: Eski Deger: 4.995,00
[INFO] [2024-11-29 22:24:00:390] [CeyrekAltinBatch.mjs]: Yeni Deger: 4.997,00
[INFO] [2024-11-29 22:24:00:391] [PocketBatchManager.js]: [Scrapper/CeyrekAltinBatch] is terminate successfully
[INFO] [2024-11-29 22:25:00:781] [unknown]: [Scrapper/CeyrekAltinBatch] is running
[INFO] [2024-11-29 22:25:00:786] [CeyrekAltinBatch.mjs]: CeyrekAltin servisine girildi.
[INFO] [2024-11-29 22:25:00:856] [PocketService.js]: Trigger : GetCurrencyWithName
[INFO] [2024-11-29 22:25:00:861] [CeyrekAltinBatch.mjs]: Ceyrek altin fiyati ayni. Güncelleme yapilmadi.
[INFO] [2024-11-29 22:25:00:862] [PocketBatchManager.js]: [Scrapper/CeyrekAltinBatch] is terminate successfully
[INFO] [2024-11-29 22:26:00:190] [unknown]: [Scrapper/CeyrekAltinBatch] is running
[INFO] [2024-11-29 22:26:00:195] [CeyrekAltinBatch.mjs]: CeyrekAltin servisine girildi.
[INFO] [2024-11-29 22:26:00:308] [PocketService.js]: Trigger : GetCurrencyWithName
[INFO] [2024-11-29 22:26:00:314] [CeyrekAltinBatch.mjs]: Ceyrek altin fiyati ayni. Güncelleme yapilmadi.
[INFO] [2024-11-29 22:26:00:315] [PocketBatchManager.js]: [Scrapper/CeyrekAltinBatch] is terminate successfully
[INFO] [2024-11-29 22:27:00:612] [unknown]: [Scrapper/CeyrekAltinBatch] is running
[INFO] [2024-11-29 22:27:00:617] [CeyrekAltinBatch.mjs]: CeyrekAltin servisine girildi.
[INFO] [2024-11-29 22:27:00:720] [PocketService.js]: Trigger : GetCurrencyWithName
[INFO] [2024-11-29 22:27:00:725] [PocketService.js]: Trigger : UpdateCurrency
[INFO] [2024-11-29 22:27:00:729] [CeyrekAltinBatch.mjs]: Ceyrek altin kaydi güncellendi.
[INFO] [2024-11-29 22:27:00:730] [CeyrekAltinBatch.mjs]: Eski Deger: 4.997,00
[INFO] [2024-11-29 22:27:00:731] [CeyrekAltinBatch.mjs]: Yeni Deger: 4.996,00
[INFO] [2024-11-29 22:27:00:732] [PocketBatchManager.js]: [Scrapper/CeyrekAltinBatch] is terminate successfully
[INFO] [2024-11-29 22:28:00:026] [unknown]: [Scrapper/CeyrekAltinBatch] is running
[INFO] [2024-11-29 22:28:00:028] [CeyrekAltinBatch.mjs]: CeyrekAltin servisine girildi.
[INFO] [2024-11-29 22:28:00:167] [PocketService.js]: Trigger : GetCurrencyWithName
[INFO] [2024-11-29 22:28:00:173] [PocketService.js]: Trigger : UpdateCurrency
[INFO] [2024-11-29 22:28:00:179] [CeyrekAltinBatch.mjs]: Ceyrek altin kaydi güncellendi.
[INFO] [2024-11-29 22:28:00:181] [CeyrekAltinBatch.mjs]: Eski Deger: 4.996,00
[INFO] [2024-11-29 22:28:00:182] [CeyrekAltinBatch.mjs]: Yeni Deger: 4.991,00
[INFO] [2024-11-29 22:28:00:183] [PocketBatchManager.js]: [Scrapper/CeyrekAltinBatch] is terminate successfully
[INFO] [2024-11-29 22:29:00:478] [unknown]: [Scrapper/CeyrekAltinBatch] is running
[INFO] [2024-11-29 22:29:00:483] [CeyrekAltinBatch.mjs]: CeyrekAltin servisine girildi.
[INFO] [2024-11-29 22:29:00:611] [PocketService.js]: Trigger : GetCurrencyWithName
[INFO] [2024-11-29 22:29:00:620] [CeyrekAltinBatch.mjs]: Ceyrek altin fiyati ayni. Güncelleme yapilmadi.
[INFO] [2024-11-29 22:29:00:621] [PocketBatchManager.js]: [Scrapper/CeyrekAltinBatch] is terminate successfully
[INFO] [2024-11-29 22:30:00:904] [unknown]: [Scrapper/CeyrekAltinBatch] is running
[INFO] [2024-11-29 22:30:00:908] [CeyrekAltinBatch.mjs]: CeyrekAltin servisine girildi.
[INFO] [2024-11-29 22:30:01:038] [PocketService.js]: Trigger : GetCurrencyWithName
[INFO] [2024-11-29 22:30:01:044] [CeyrekAltinBatch.mjs]: Ceyrek altin fiyati ayni. Güncelleme yapilmadi.
[INFO] [2024-11-29 22:30:01:046] [PocketBatchManager.js]: [Scrapper/CeyrekAltinBatch] is terminate successfully
[INFO] [2024-11-29 22:31:00:398] [unknown]: [Scrapper/CeyrekAltinBatch] is running
[INFO] [2024-11-29 22:31:00:402] [CeyrekAltinBatch.mjs]: CeyrekAltin servisine girildi.
[INFO] [2024-11-29 22:31:00:529] [PocketService.js]: Trigger : GetCurrencyWithName
[INFO] [2024-11-29 22:31:00:547] [PocketService.js]: Trigger : UpdateCurrency
[INFO] [2024-11-29 22:31:00:556] [CeyrekAltinBatch.mjs]: Ceyrek altin kaydi güncellendi.
[INFO] [2024-11-29 22:31:00:557] [CeyrekAltinBatch.mjs]: Eski Deger: 4.991,00
[INFO] [2024-11-29 22:31:00:558] [CeyrekAltinBatch.mjs]: Yeni Deger: 4.990,00
[INFO] [2024-11-29 22:31:00:559] [PocketBatchManager.js]: [Scrapper/CeyrekAltinBatch] is terminate successfully
[INFO] [2024-11-29 22:32:00:857] [unknown]: [Scrapper/CeyrekAltinBatch] is running
[INFO] [2024-11-29 22:32:00:862] [CeyrekAltinBatch.mjs]: CeyrekAltin servisine girildi.
[INFO] [2024-11-29 22:32:00:971] [PocketService.js]: Trigger : GetCurrencyWithName
[INFO] [2024-11-29 22:32:00:976] [CeyrekAltinBatch.mjs]: Ceyrek altin fiyati ayni. Güncelleme yapilmadi.
[INFO] [2024-11-29 22:32:00:978] [PocketBatchManager.js]: [Scrapper/CeyrekAltinBatch] is terminate successfully
[INFO] [2024-11-29 22:33:00:282] [unknown]: [Scrapper/CeyrekAltinBatch] is running
[INFO] [2024-11-29 22:33:00:283] [CeyrekAltinBatch.mjs]: CeyrekAltin servisine girildi.
[INFO] [2024-11-29 22:33:00:349] [PocketService.js]: Trigger : GetCurrencyWithName
[INFO] [2024-11-29 22:33:00:353] [PocketService.js]: Trigger : UpdateCurrency
[INFO] [2024-11-29 22:33:00:359] [CeyrekAltinBatch.mjs]: Ceyrek altin kaydi güncellendi.
[INFO] [2024-11-29 22:33:00:360] [CeyrekAltinBatch.mjs]: Eski Deger: 4.990,00
[INFO] [2024-11-29 22:33:00:361] [CeyrekAltinBatch.mjs]: Yeni Deger: 4.991,00
[INFO] [2024-11-29 22:33:00:362] [PocketBatchManager.js]: [Scrapper/CeyrekAltinBatch] is terminate successfully
[INFO] [2024-11-29 22:34:00:746] [unknown]: [Scrapper/CeyrekAltinBatch] is running
[INFO] [2024-11-29 22:34:00:750] [CeyrekAltinBatch.mjs]: CeyrekAltin servisine girildi.
[INFO] [2024-11-29 22:34:00:822] [PocketService.js]: Trigger : GetCurrencyWithName
[INFO] [2024-11-29 22:34:00:827] [CeyrekAltinBatch.mjs]: Ceyrek altin fiyati ayni. Güncelleme yapilmadi.
[INFO] [2024-11-29 22:34:00:829] [PocketBatchManager.js]: [Scrapper/CeyrekAltinBatch] is terminate successfully
[INFO] [2024-11-29 22:35:00:222] [unknown]: [Scrapper/CeyrekAltinBatch] is running
[INFO] [2024-11-29 22:35:00:227] [CeyrekAltinBatch.mjs]: CeyrekAltin servisine girildi.
[INFO] [2024-11-29 22:35:00:298] [PocketService.js]: Trigger : GetCurrencyWithName
[INFO] [2024-11-29 22:35:00:306] [PocketService.js]: Trigger : UpdateCurrency
[INFO] [2024-11-29 22:35:00:310] [CeyrekAltinBatch.mjs]: Ceyrek altin kaydi güncellendi.
[INFO] [2024-11-29 22:35:00:311] [CeyrekAltinBatch.mjs]: Eski Deger: 4.991,00
[INFO] [2024-11-29 22:35:00:312] [CeyrekAltinBatch.mjs]: Yeni Deger: 4.992,00
[INFO] [2024-11-29 22:35:00:313] [PocketBatchManager.js]: [Scrapper/CeyrekAltinBatch] is terminate successfully
[INFO] [2024-11-29 22:36:00:715] [unknown]: [Scrapper/CeyrekAltinBatch] is running
[INFO] [2024-11-29 22:36:00:719] [CeyrekAltinBatch.mjs]: CeyrekAltin servisine girildi.
[INFO] [2024-11-29 22:36:00:822] [PocketService.js]: Trigger : GetCurrencyWithName
[INFO] [2024-11-29 22:36:00:827] [PocketService.js]: Trigger : UpdateCurrency
[INFO] [2024-11-29 22:36:00:831] [CeyrekAltinBatch.mjs]: Ceyrek altin kaydi güncellendi.
[INFO] [2024-11-29 22:36:00:832] [CeyrekAltinBatch.mjs]: Eski Deger: 4.992,00
[INFO] [2024-11-29 22:36:00:833] [CeyrekAltinBatch.mjs]: Yeni Deger: 4.990,00
[INFO] [2024-11-29 22:36:00:834] [PocketBatchManager.js]: [Scrapper/CeyrekAltinBatch] is terminate successfully
[INFO] [2024-11-29 22:37:00:141] [unknown]: [Scrapper/CeyrekAltinBatch] is running
[INFO] [2024-11-29 22:37:00:143] [CeyrekAltinBatch.mjs]: CeyrekAltin servisine girildi.
[INFO] [2024-11-29 22:37:00:256] [PocketService.js]: Trigger : GetCurrencyWithName
[INFO] [2024-11-29 22:37:00:263] [PocketService.js]: Trigger : UpdateCurrency
[INFO] [2024-11-29 22:37:00:276] [CeyrekAltinBatch.mjs]: Ceyrek altin kaydi güncellendi.
[INFO] [2024-11-29 22:37:00:280] [CeyrekAltinBatch.mjs]: Eski Deger: 4.990,00
[INFO] [2024-11-29 22:37:00:282] [CeyrekAltinBatch.mjs]: Yeni Deger: 4.992,00
[INFO] [2024-11-29 22:37:00:283] [PocketBatchManager.js]: [Scrapper/CeyrekAltinBatch] is terminate successfully
[INFO] [2024-11-29 22:38:00:583] [unknown]: [Scrapper/CeyrekAltinBatch] is running
[INFO] [2024-11-29 22:38:00:588] [CeyrekAltinBatch.mjs]: CeyrekAltin servisine girildi.
[INFO] [2024-11-29 22:38:00:837] [PocketService.js]: Trigger : GetCurrencyWithName
[INFO] [2024-11-29 22:38:00:845] [PocketService.js]: Trigger : UpdateCurrency
[INFO] [2024-11-29 22:38:00:850] [CeyrekAltinBatch.mjs]: Ceyrek altin kaydi güncellendi.
[INFO] [2024-11-29 22:38:00:851] [CeyrekAltinBatch.mjs]: Eski Deger: 4.992,00
[INFO] [2024-11-29 22:38:00:852] [CeyrekAltinBatch.mjs]: Yeni Deger: 4.989,00
[INFO] [2024-11-29 22:38:00:853] [PocketBatchManager.js]: [Scrapper/CeyrekAltinBatch] is terminate successfully
[INFO] [2024-11-29 22:39:00:993] [unknown]: [Scrapper/CeyrekAltinBatch] is running
[INFO] [2024-11-29 22:39:00:998] [CeyrekAltinBatch.mjs]: CeyrekAltin servisine girildi.
[INFO] [2024-11-29 22:39:01:060] [PocketService.js]: Trigger : GetCurrencyWithName
[INFO] [2024-11-29 22:39:01:065] [CeyrekAltinBatch.mjs]: Ceyrek altin fiyati ayni. Güncelleme yapilmadi.
[INFO] [2024-11-29 22:39:01:066] [PocketBatchManager.js]: [Scrapper/CeyrekAltinBatch] is terminate successfully
[INFO] [2024-11-29 22:40:00:433] [unknown]: [Scrapper/CeyrekAltinBatch] is running
[INFO] [2024-11-29 22:40:00:434] [CeyrekAltinBatch.mjs]: CeyrekAltin servisine girildi.
[ERROR] [2024-11-29 22:40:24:639] [CeyrekAltinBatch.mjs]: CeyrekAltinBatch servisinde hata meydana geldi: AggregateError
undefined
[ERROR] [2024-11-29 22:40:24:641] [unknown]: Batch execution failed: Error: AggregateError
undefined
[INFO] [2024-11-29 22:41:00:876] [unknown]: [Scrapper/CeyrekAltinBatch] is running
[INFO] [2024-11-29 22:41:00:880] [CeyrekAltinBatch.mjs]: CeyrekAltin servisine girildi.
[INFO] [2024-11-29 22:41:12:004] [PocketService.js]: Trigger : GetCurrencyWithName
[INFO] [2024-11-29 22:41:12:013] [CeyrekAltinBatch.mjs]: Ceyrek altin fiyati ayni. Güncelleme yapilmadi.
[INFO] [2024-11-29 22:41:12:014] [PocketBatchManager.js]: [Scrapper/CeyrekAltinBatch] is terminate successfully
[INFO] [2024-11-29 22:42:00:296] [unknown]: [Scrapper/CeyrekAltinBatch] is running
[INFO] [2024-11-29 22:42:00:300] [CeyrekAltinBatch.mjs]: CeyrekAltin servisine girildi.
[INFO] [2024-11-29 22:42:00:403] [PocketService.js]: Trigger : GetCurrencyWithName
[INFO] [2024-11-29 22:42:00:409] [CeyrekAltinBatch.mjs]: Ceyrek altin fiyati ayni. Güncelleme yapilmadi.
[INFO] [2024-11-29 22:42:00:411] [PocketBatchManager.js]: [Scrapper/CeyrekAltinBatch] is terminate successfully
[INFO] [2024-11-29 22:43:00:736] [unknown]: [Scrapper/CeyrekAltinBatch] is running
[INFO] [2024-11-29 22:43:00:740] [CeyrekAltinBatch.mjs]: CeyrekAltin servisine girildi.
[INFO] [2024-11-29 22:43:00:838] [PocketService.js]: Trigger : GetCurrencyWithName
[INFO] [2024-11-29 22:43:00:842] [CeyrekAltinBatch.mjs]: Ceyrek altin fiyati ayni. Güncelleme yapilmadi.
[INFO] [2024-11-29 22:43:00:844] [PocketBatchManager.js]: [Scrapper/CeyrekAltinBatch] is terminate successfully
[INFO] [2024-11-29 22:44:00:151] [unknown]: [Scrapper/CeyrekAltinBatch] is running
[INFO] [2024-11-29 22:44:00:156] [CeyrekAltinBatch.mjs]: CeyrekAltin servisine girildi.
[INFO] [2024-11-29 22:44:00:220] [PocketService.js]: Trigger : GetCurrencyWithName
[INFO] [2024-11-29 22:44:00:225] [CeyrekAltinBatch.mjs]: Ceyrek altin fiyati ayni. Güncelleme yapilmadi.
[INFO] [2024-11-29 22:44:00:227] [PocketBatchManager.js]: [Scrapper/CeyrekAltinBatch] is terminate successfully
[INFO] [2024-11-29 22:45:00:579] [unknown]: [Scrapper/CeyrekAltinBatch] is running
[INFO] [2024-11-29 22:45:00:581] [CeyrekAltinBatch.mjs]: CeyrekAltin servisine girildi.
[INFO] [2024-11-29 22:45:00:833] [PocketService.js]: Trigger : GetCurrencyWithName
[INFO] [2024-11-29 22:45:00:839] [CeyrekAltinBatch.mjs]: Ceyrek altin fiyati ayni. Güncelleme yapilmadi.
[INFO] [2024-11-29 22:45:00:841] [PocketBatchManager.js]: [Scrapper/CeyrekAltinBatch] is terminate successfully
[INFO] [2024-11-29 22:46:00:974] [unknown]: [Scrapper/CeyrekAltinBatch] is running
[INFO] [2024-11-29 22:46:00:978] [CeyrekAltinBatch.mjs]: CeyrekAltin servisine girildi.
[INFO] [2024-11-29 22:46:01:098] [PocketService.js]: Trigger : GetCurrencyWithName
[INFO] [2024-11-29 22:46:01:103] [CeyrekAltinBatch.mjs]: Ceyrek altin fiyati ayni. Güncelleme yapilmadi.
[INFO] [2024-11-29 22:46:01:104] [PocketBatchManager.js]: [Scrapper/CeyrekAltinBatch] is terminate successfully
[INFO] [2024-11-29 22:47:00:425] [unknown]: [Scrapper/CeyrekAltinBatch] is running
[INFO] [2024-11-29 22:47:00:429] [CeyrekAltinBatch.mjs]: CeyrekAltin servisine girildi.
[INFO] [2024-11-29 22:47:00:528] [PocketService.js]: Trigger : GetCurrencyWithName
[INFO] [2024-11-29 22:47:00:543] [CeyrekAltinBatch.mjs]: Ceyrek altin fiyati ayni. Güncelleme yapilmadi.
[INFO] [2024-11-29 22:47:00:545] [PocketBatchManager.js]: [Scrapper/CeyrekAltinBatch] is terminate successfully
[INFO] [2024-11-29 22:48:00:849] [unknown]: [Scrapper/CeyrekAltinBatch] is running
[INFO] [2024-11-29 22:48:00:854] [CeyrekAltinBatch.mjs]: CeyrekAltin servisine girildi.
[INFO] [2024-11-29 22:48:01:022] [PocketService.js]: Trigger : GetCurrencyWithName
[INFO] [2024-11-29 22:48:01:031] [CeyrekAltinBatch.mjs]: Ceyrek altin fiyati ayni. Güncelleme yapilmadi.
[INFO] [2024-11-29 22:48:01:032] [PocketBatchManager.js]: [Scrapper/CeyrekAltinBatch] is terminate successfully
[INFO] [2024-11-29 22:49:00:276] [unknown]: [Scrapper/CeyrekAltinBatch] is running
[INFO] [2024-11-29 22:49:00:281] [CeyrekAltinBatch.mjs]: CeyrekAltin servisine girildi.
[INFO] [2024-11-29 22:49:00:551] [PocketService.js]: Trigger : GetCurrencyWithName
[INFO] [2024-11-29 22:49:00:555] [CeyrekAltinBatch.mjs]: Ceyrek altin fiyati ayni. Güncelleme yapilmadi.
[INFO] [2024-11-29 22:49:00:557] [PocketBatchManager.js]: [Scrapper/CeyrekAltinBatch] is terminate successfully
[INFO] [2024-11-29 22:50:00:731] [unknown]: [Scrapper/CeyrekAltinBatch] is running
[INFO] [2024-11-29 22:50:00:736] [CeyrekAltinBatch.mjs]: CeyrekAltin servisine girildi.
[INFO] [2024-11-29 22:50:01:072] [PocketService.js]: Trigger : GetCurrencyWithName
[INFO] [2024-11-29 22:50:01:087] [CeyrekAltinBatch.mjs]: Ceyrek altin fiyati ayni. Güncelleme yapilmadi.
[INFO] [2024-11-29 22:50:01:089] [PocketBatchManager.js]: [Scrapper/CeyrekAltinBatch] is terminate successfully
[INFO] [2024-11-29 22:51:00:149] [unknown]: [Scrapper/CeyrekAltinBatch] is running
[INFO] [2024-11-29 22:51:00:153] [CeyrekAltinBatch.mjs]: CeyrekAltin servisine girildi.
[INFO] [2024-11-29 22:51:00:263] [PocketService.js]: Trigger : GetCurrencyWithName
[INFO] [2024-11-29 22:51:00:271] [CeyrekAltinBatch.mjs]: Ceyrek altin fiyati ayni. Güncelleme yapilmadi.
[INFO] [2024-11-29 22:51:00:272] [PocketBatchManager.js]: [Scrapper/CeyrekAltinBatch] is terminate successfully
[INFO] [2024-11-29 22:52:00:565] [unknown]: [Scrapper/CeyrekAltinBatch] is running
[INFO] [2024-11-29 22:52:00:569] [CeyrekAltinBatch.mjs]: CeyrekAltin servisine girildi.
[INFO] [2024-11-29 22:52:00:670] [PocketService.js]: Trigger : GetCurrencyWithName
[INFO] [2024-11-29 22:52:00:675] [CeyrekAltinBatch.mjs]: Ceyrek altin fiyati ayni. Güncelleme yapilmadi.
[INFO] [2024-11-29 22:52:00:676] [PocketBatchManager.js]: [Scrapper/CeyrekAltinBatch] is terminate successfully
[INFO] [2024-11-29 22:53:00:989] [unknown]: [Scrapper/CeyrekAltinBatch] is running
[INFO] [2024-11-29 22:53:00:994] [CeyrekAltinBatch.mjs]: CeyrekAltin servisine girildi.
[INFO] [2024-11-29 22:53:01:097] [PocketService.js]: Trigger : GetCurrencyWithName
[INFO] [2024-11-29 22:53:01:110] [PocketService.js]: Trigger : UpdateCurrency
[INFO] [2024-11-29 22:53:01:117] [CeyrekAltinBatch.mjs]: Ceyrek altin kaydi güncellendi.
[INFO] [2024-11-29 22:53:01:118] [CeyrekAltinBatch.mjs]: Eski Deger: 4.989,00
[INFO] [2024-11-29 22:53:01:119] [CeyrekAltinBatch.mjs]: Yeni Deger: 4.992,00
[INFO] [2024-11-29 22:53:01:120] [PocketBatchManager.js]: [Scrapper/CeyrekAltinBatch] is terminate successfully
[INFO] [2024-11-29 22:54:00:326] [unknown]: [Scrapper/CeyrekAltinBatch] is running
[INFO] [2024-11-29 22:54:00:328] [CeyrekAltinBatch.mjs]: CeyrekAltin servisine girildi.
[INFO] [2024-11-29 22:54:00:397] [PocketService.js]: Trigger : GetCurrencyWithName
[INFO] [2024-11-29 22:54:00:403] [PocketService.js]: Trigger : UpdateCurrency
[INFO] [2024-11-29 22:54:00:410] [CeyrekAltinBatch.mjs]: Ceyrek altin kaydi güncellendi.
[INFO] [2024-11-29 22:54:00:411] [CeyrekAltinBatch.mjs]: Eski Deger: 4.992,00
[INFO] [2024-11-29 22:54:00:411] [CeyrekAltinBatch.mjs]: Yeni Deger: 4.990,00
[INFO] [2024-11-29 22:54:00:412] [PocketBatchManager.js]: [Scrapper/CeyrekAltinBatch] is terminate successfully
[INFO] [2024-11-29 22:55:00:753] [unknown]: [Scrapper/CeyrekAltinBatch] is running
[INFO] [2024-11-29 22:55:00:757] [CeyrekAltinBatch.mjs]: CeyrekAltin servisine girildi.
[INFO] [2024-11-29 22:55:00:823] [PocketService.js]: Trigger : GetCurrencyWithName
[INFO] [2024-11-29 22:55:00:827] [CeyrekAltinBatch.mjs]: Ceyrek altin fiyati ayni. Güncelleme yapilmadi.
[INFO] [2024-11-29 22:55:00:829] [PocketBatchManager.js]: [Scrapper/CeyrekAltinBatch] is terminate successfully
[INFO] [2024-11-29 22:56:00:157] [unknown]: [Scrapper/CeyrekAltinBatch] is running
[INFO] [2024-11-29 22:56:00:161] [CeyrekAltinBatch.mjs]: CeyrekAltin servisine girildi.
[INFO] [2024-11-29 22:56:00:265] [PocketService.js]: Trigger : GetCurrencyWithName
[INFO] [2024-11-29 22:56:00:274] [PocketService.js]: Trigger : UpdateCurrency
[INFO] [2024-11-29 22:56:00:282] [CeyrekAltinBatch.mjs]: Ceyrek altin kaydi güncellendi.
[INFO] [2024-11-29 22:56:00:283] [CeyrekAltinBatch.mjs]: Eski Deger: 4.990,00
[INFO] [2024-11-29 22:56:00:284] [CeyrekAltinBatch.mjs]: Yeni Deger: 4.989,00
[INFO] [2024-11-29 22:56:00:285] [PocketBatchManager.js]: [Scrapper/CeyrekAltinBatch] is terminate successfully
[INFO] [2024-11-29 22:57:00:601] [unknown]: [Scrapper/CeyrekAltinBatch] is running
[INFO] [2024-11-29 22:57:00:606] [CeyrekAltinBatch.mjs]: CeyrekAltin servisine girildi.
[INFO] [2024-11-29 22:57:00:707] [PocketService.js]: Trigger : GetCurrencyWithName
[INFO] [2024-11-29 22:57:00:713] [CeyrekAltinBatch.mjs]: Ceyrek altin fiyati ayni. Güncelleme yapilmadi.
[INFO] [2024-11-29 22:57:00:714] [PocketBatchManager.js]: [Scrapper/CeyrekAltinBatch] is terminate successfully
[INFO] [2024-11-29 22:58:00:027] [unknown]: [Scrapper/CeyrekAltinBatch] is running
[INFO] [2024-11-29 22:58:00:029] [CeyrekAltinBatch.mjs]: CeyrekAltin servisine girildi.
[INFO] [2024-11-29 22:58:00:125] [PocketService.js]: Trigger : GetCurrencyWithName
[INFO] [2024-11-29 22:58:00:131] [CeyrekAltinBatch.mjs]: Ceyrek altin fiyati ayni. Güncelleme yapilmadi.
[INFO] [2024-11-29 22:58:00:132] [PocketBatchManager.js]: [Scrapper/CeyrekAltinBatch] is terminate successfully
[INFO] [2024-11-29 22:59:00:528] [unknown]: [Scrapper/CeyrekAltinBatch] is running
[INFO] [2024-11-29 22:59:00:532] [CeyrekAltinBatch.mjs]: CeyrekAltin servisine girildi.
[INFO] [2024-11-29 22:59:00:635] [PocketService.js]: Trigger : GetCurrencyWithName
[INFO] [2024-11-29 22:59:00:651] [PocketService.js]: Trigger : UpdateCurrency
[INFO] [2024-11-29 22:59:00:657] [CeyrekAltinBatch.mjs]: Ceyrek altin kaydi güncellendi.
[INFO] [2024-11-29 22:59:00:658] [CeyrekAltinBatch.mjs]: Eski Deger: 4.989,00
[INFO] [2024-11-29 22:59:00:659] [CeyrekAltinBatch.mjs]: Yeni Deger: 4.992,00
[INFO] [2024-11-29 22:59:00:660] [PocketBatchManager.js]: [Scrapper/CeyrekAltinBatch] is terminate successfully
[INFO] [2024-11-29 23:00:00:943] [unknown]: [Scrapper/CeyrekAltinBatch] is running
[INFO] [2024-11-29 23:00:00:948] [CeyrekAltinBatch.mjs]: CeyrekAltin servisine girildi.
[INFO] [2024-11-29 23:00:01:051] [PocketService.js]: Trigger : GetCurrencyWithName
[INFO] [2024-11-29 23:00:01:056] [PocketService.js]: Trigger : UpdateCurrency
[INFO] [2024-11-29 23:00:01:060] [CeyrekAltinBatch.mjs]: Ceyrek altin kaydi güncellendi.
[INFO] [2024-11-29 23:00:01:061] [CeyrekAltinBatch.mjs]: Eski Deger: 4.992,00
[INFO] [2024-11-29 23:00:01:062] [CeyrekAltinBatch.mjs]: Yeni Deger: 4.991,00
[INFO] [2024-11-29 23:00:01:063] [PocketBatchManager.js]: [Scrapper/CeyrekAltinBatch] is terminate successfully
[INFO] [2024-11-29 23:01:00:383] [unknown]: [Scrapper/CeyrekAltinBatch] is running
[INFO] [2024-11-29 23:01:00:385] [CeyrekAltinBatch.mjs]: CeyrekAltin servisine girildi.
[INFO] [2024-11-29 23:01:00:450] [PocketService.js]: Trigger : GetCurrencyWithName
[INFO] [2024-11-29 23:01:00:455] [PocketService.js]: Trigger : UpdateCurrency
[INFO] [2024-11-29 23:01:00:459] [CeyrekAltinBatch.mjs]: Ceyrek altin kaydi güncellendi.
[INFO] [2024-11-29 23:01:00:460] [CeyrekAltinBatch.mjs]: Eski Deger: 4.991,00
[INFO] [2024-11-29 23:01:00:461] [CeyrekAltinBatch.mjs]: Yeni Deger: 4.990,00
[INFO] [2024-11-29 23:01:00:462] [PocketBatchManager.js]: [Scrapper/CeyrekAltinBatch] is terminate successfully
[INFO] [2024-11-29 23:02:00:801] [unknown]: [Scrapper/CeyrekAltinBatch] is running
[INFO] [2024-11-29 23:02:00:806] [CeyrekAltinBatch.mjs]: CeyrekAltin servisine girildi.
[INFO] [2024-11-29 23:02:00:868] [PocketService.js]: Trigger : GetCurrencyWithName
[INFO] [2024-11-29 23:02:00:874] [CeyrekAltinBatch.mjs]: Ceyrek altin fiyati ayni. Güncelleme yapilmadi.
[INFO] [2024-11-29 23:02:00:875] [PocketBatchManager.js]: [Scrapper/CeyrekAltinBatch] is terminate successfully
[INFO] [2024-11-29 23:03:00:280] [unknown]: [Scrapper/CeyrekAltinBatch] is running
[INFO] [2024-11-29 23:03:00:285] [CeyrekAltinBatch.mjs]: CeyrekAltin servisine girildi.
[INFO] [2024-11-29 23:03:00:351] [PocketService.js]: Trigger : GetCurrencyWithName
[INFO] [2024-11-29 23:03:00:355] [CeyrekAltinBatch.mjs]: Ceyrek altin fiyati ayni. Güncelleme yapilmadi.
[INFO] [2024-11-29 23:03:00:357] [PocketBatchManager.js]: [Scrapper/CeyrekAltinBatch] is terminate successfully
[INFO] [2024-11-29 23:04:00:732] [unknown]: [Scrapper/CeyrekAltinBatch] is running
[INFO] [2024-11-29 23:04:00:733] [CeyrekAltinBatch.mjs]: CeyrekAltin servisine girildi.
[INFO] [2024-11-29 23:04:00:798] [PocketService.js]: Trigger : GetCurrencyWithName
[INFO] [2024-11-29 23:04:00:803] [CeyrekAltinBatch.mjs]: Ceyrek altin fiyati ayni. Güncelleme yapilmadi.
[INFO] [2024-11-29 23:04:00:804] [PocketBatchManager.js]: [Scrapper/CeyrekAltinBatch] is terminate successfully
[INFO] [2024-11-29 23:05:00:168] [unknown]: [Scrapper/CeyrekAltinBatch] is running
[INFO] [2024-11-29 23:05:00:172] [CeyrekAltinBatch.mjs]: CeyrekAltin servisine girildi.
[INFO] [2024-11-29 23:05:00:423] [PocketService.js]: Trigger : GetCurrencyWithName
[INFO] [2024-11-29 23:05:00:431] [CeyrekAltinBatch.mjs]: Ceyrek altin fiyati ayni. Güncelleme yapilmadi.
[INFO] [2024-11-29 23:05:00:432] [PocketBatchManager.js]: [Scrapper/CeyrekAltinBatch] is terminate successfully
[INFO] [2024-11-29 23:06:00:550] [unknown]: [Scrapper/CeyrekAltinBatch] is running
[INFO] [2024-11-29 23:06:00:555] [CeyrekAltinBatch.mjs]: CeyrekAltin servisine girildi.
[INFO] [2024-11-29 23:06:00:667] [PocketService.js]: Trigger : GetCurrencyWithName
[INFO] [2024-11-29 23:06:00:674] [CeyrekAltinBatch.mjs]: Ceyrek altin fiyati ayni. Güncelleme yapilmadi.
[INFO] [2024-11-29 23:06:00:675] [PocketBatchManager.js]: [Scrapper/CeyrekAltinBatch] is terminate successfully
[INFO] [2024-11-29 23:07:00:043] [unknown]: [Scrapper/CeyrekAltinBatch] is running
[INFO] [2024-11-29 23:07:00:044] [CeyrekAltinBatch.mjs]: CeyrekAltin servisine girildi.
[INFO] [2024-11-29 23:07:00:172] [PocketService.js]: Trigger : GetCurrencyWithName
[INFO] [2024-11-29 23:07:00:178] [CeyrekAltinBatch.mjs]: Ceyrek altin fiyati ayni. Güncelleme yapilmadi.
[INFO] [2024-11-29 23:07:00:180] [PocketBatchManager.js]: [Scrapper/CeyrekAltinBatch] is terminate successfully
[INFO] [2024-11-29 23:08:00:448] [unknown]: [Scrapper/CeyrekAltinBatch] is running
[INFO] [2024-11-29 23:08:00:452] [CeyrekAltinBatch.mjs]: CeyrekAltin servisine girildi.
[INFO] [2024-11-29 23:08:00:541] [PocketService.js]: Trigger : GetCurrencyWithName
[INFO] [2024-11-29 23:08:00:553] [CeyrekAltinBatch.mjs]: Ceyrek altin fiyati ayni. Güncelleme yapilmadi.
[INFO] [2024-11-29 23:08:00:555] [PocketBatchManager.js]: [Scrapper/CeyrekAltinBatch] is terminate successfully
[INFO] [2024-11-29 23:09:00:822] [unknown]: [Scrapper/CeyrekAltinBatch] is running
[INFO] [2024-11-29 23:09:00:826] [CeyrekAltinBatch.mjs]: CeyrekAltin servisine girildi.
[INFO] [2024-11-29 23:09:01:076] [PocketService.js]: Trigger : GetCurrencyWithName
[INFO] [2024-11-29 23:09:01:081] [CeyrekAltinBatch.mjs]: Ceyrek altin fiyati ayni. Güncelleme yapilmadi.
[INFO] [2024-11-29 23:09:01:082] [PocketBatchManager.js]: [Scrapper/CeyrekAltinBatch] is terminate successfully
[INFO] [2024-11-29 23:10:00:160] [unknown]: [Scrapper/CeyrekAltinBatch] is running
[INFO] [2024-11-29 23:10:00:165] [CeyrekAltinBatch.mjs]: CeyrekAltin servisine girildi.
[INFO] [2024-11-29 23:10:00:273] [PocketService.js]: Trigger : GetCurrencyWithName
[INFO] [2024-11-29 23:10:00:279] [CeyrekAltinBatch.mjs]: Ceyrek altin fiyati ayni. Güncelleme yapilmadi.
[INFO] [2024-11-29 23:10:00:280] [PocketBatchManager.js]: [Scrapper/CeyrekAltinBatch] is terminate successfully
[INFO] [2024-11-29 23:11:00:531] [unknown]: [Scrapper/CeyrekAltinBatch] is running
[INFO] [2024-11-29 23:11:00:535] [CeyrekAltinBatch.mjs]: CeyrekAltin servisine girildi.
[INFO] [2024-11-29 23:11:00:639] [PocketService.js]: Trigger : GetCurrencyWithName
[INFO] [2024-11-29 23:11:00:646] [CeyrekAltinBatch.mjs]: Ceyrek altin fiyati ayni. Güncelleme yapilmadi.
[INFO] [2024-11-29 23:11:00:647] [PocketBatchManager.js]: [Scrapper/CeyrekAltinBatch] is terminate successfully
[INFO] [2024-11-29 23:12:00:893] [unknown]: [Scrapper/CeyrekAltinBatch] is running
[INFO] [2024-11-29 23:12:00:898] [CeyrekAltinBatch.mjs]: CeyrekAltin servisine girildi.
[INFO] [2024-11-29 23:12:00:999] [PocketService.js]: Trigger : GetCurrencyWithName
[INFO] [2024-11-29 23:12:01:008] [CeyrekAltinBatch.mjs]: Ceyrek altin fiyati ayni. Güncelleme yapilmadi.
[INFO] [2024-11-29 23:12:01:009] [PocketBatchManager.js]: [Scrapper/CeyrekAltinBatch] is terminate successfully
[INFO] [2024-11-29 23:13:00:310] [unknown]: [Scrapper/CeyrekAltinBatch] is running
[INFO] [2024-11-29 23:13:00:315] [CeyrekAltinBatch.mjs]: CeyrekAltin servisine girildi.
[INFO] [2024-11-29 23:13:00:422] [PocketService.js]: Trigger : GetCurrencyWithName
[INFO] [2024-11-29 23:13:00:429] [CeyrekAltinBatch.mjs]: Ceyrek altin fiyati ayni. Güncelleme yapilmadi.
[INFO] [2024-11-29 23:13:00:430] [PocketBatchManager.js]: [Scrapper/CeyrekAltinBatch] is terminate successfully
[INFO] [2024-11-29 23:14:00:756] [unknown]: [Scrapper/CeyrekAltinBatch] is running
[INFO] [2024-11-29 23:14:00:760] [CeyrekAltinBatch.mjs]: CeyrekAltin servisine girildi.
[INFO] [2024-11-29 23:14:00:864] [PocketService.js]: Trigger : GetCurrencyWithName
[INFO] [2024-11-29 23:14:00:869] [CeyrekAltinBatch.mjs]: Ceyrek altin fiyati ayni. Güncelleme yapilmadi.
[INFO] [2024-11-29 23:14:00:871] [PocketBatchManager.js]: [Scrapper/CeyrekAltinBatch] is terminate successfully
[INFO] [2024-11-29 23:15:00:161] [unknown]: [Scrapper/CeyrekAltinBatch] is running
[INFO] [2024-11-29 23:15:00:165] [CeyrekAltinBatch.mjs]: CeyrekAltin servisine girildi.
[INFO] [2024-11-29 23:15:00:270] [PocketService.js]: Trigger : GetCurrencyWithName
[INFO] [2024-11-29 23:15:00:277] [CeyrekAltinBatch.mjs]: Ceyrek altin fiyati ayni. Güncelleme yapilmadi.
[INFO] [2024-11-29 23:15:00:278] [PocketBatchManager.js]: [Scrapper/CeyrekAltinBatch] is terminate successfully
[INFO] [2024-11-29 23:16:00:617] [unknown]: [Scrapper/CeyrekAltinBatch] is running
[INFO] [2024-11-29 23:16:00:621] [CeyrekAltinBatch.mjs]: CeyrekAltin servisine girildi.
[INFO] [2024-11-29 23:16:00:718] [PocketService.js]: Trigger : GetCurrencyWithName
[INFO] [2024-11-29 23:16:00:722] [CeyrekAltinBatch.mjs]: Ceyrek altin fiyati ayni. Güncelleme yapilmadi.
[INFO] [2024-11-29 23:16:00:724] [PocketBatchManager.js]: [Scrapper/CeyrekAltinBatch] is terminate successfully
[INFO] [2024-11-29 23:17:00:083] [unknown]: [Scrapper/CeyrekAltinBatch] is running
[INFO] [2024-11-29 23:17:00:087] [CeyrekAltinBatch.mjs]: CeyrekAltin servisine girildi.
[INFO] [2024-11-29 23:17:00:191] [PocketService.js]: Trigger : GetCurrencyWithName
[INFO] [2024-11-29 23:17:00:196] [CeyrekAltinBatch.mjs]: Ceyrek altin fiyati ayni. Güncelleme yapilmadi.
[INFO] [2024-11-29 23:17:00:197] [PocketBatchManager.js]: [Scrapper/CeyrekAltinBatch] is terminate successfully
[INFO] [2024-11-29 23:18:00:505] [unknown]: [Scrapper/CeyrekAltinBatch] is running
[INFO] [2024-11-29 23:18:00:510] [CeyrekAltinBatch.mjs]: CeyrekAltin servisine girildi.
[INFO] [2024-11-29 23:18:00:782] [PocketService.js]: Trigger : GetCurrencyWithName
[INFO] [2024-11-29 23:18:00:789] [PocketService.js]: Trigger : UpdateCurrency
[INFO] [2024-11-29 23:18:00:793] [CeyrekAltinBatch.mjs]: Ceyrek altin kaydi güncellendi.
[INFO] [2024-11-29 23:18:00:795] [CeyrekAltinBatch.mjs]: Eski Deger: 4.990,00
[INFO] [2024-11-29 23:18:00:796] [CeyrekAltinBatch.mjs]: Yeni Deger: 4.992,00
[INFO] [2024-11-29 23:18:00:798] [PocketBatchManager.js]: [Scrapper/CeyrekAltinBatch] is terminate successfully
[INFO] [2024-11-29 23:19:00:893] [unknown]: [Scrapper/CeyrekAltinBatch] is running
[INFO] [2024-11-29 23:19:00:897] [CeyrekAltinBatch.mjs]: CeyrekAltin servisine girildi.
[INFO] [2024-11-29 23:19:00:996] [PocketService.js]: Trigger : GetCurrencyWithName
[INFO] [2024-11-29 23:19:01:000] [CeyrekAltinBatch.mjs]: Ceyrek altin fiyati ayni. Güncelleme yapilmadi.
[INFO] [2024-11-29 23:19:01:002] [PocketBatchManager.js]: [Scrapper/CeyrekAltinBatch] is terminate successfully
[INFO] [2024-11-29 23:20:00:280] [unknown]: [Scrapper/CeyrekAltinBatch] is running
[INFO] [2024-11-29 23:20:00:284] [CeyrekAltinBatch.mjs]: CeyrekAltin servisine girildi.
[INFO] [2024-11-29 23:20:00:392] [PocketService.js]: Trigger : GetCurrencyWithName
[INFO] [2024-11-29 23:20:00:404] [CeyrekAltinBatch.mjs]: Ceyrek altin fiyati ayni. Güncelleme yapilmadi.
[INFO] [2024-11-29 23:20:00:407] [PocketBatchManager.js]: [Scrapper/CeyrekAltinBatch] is terminate successfully
[INFO] [2024-11-29 23:21:00:755] [unknown]: [Scrapper/CeyrekAltinBatch] is running
[INFO] [2024-11-29 23:21:00:760] [CeyrekAltinBatch.mjs]: CeyrekAltin servisine girildi.
[INFO] [2024-11-29 23:21:00:975] [PocketService.js]: Trigger : GetCurrencyWithName
[INFO] [2024-11-29 23:21:00:980] [PocketService.js]: Trigger : UpdateCurrency
[INFO] [2024-11-29 23:21:00:984] [CeyrekAltinBatch.mjs]: Ceyrek altin kaydi güncellendi.
[INFO] [2024-11-29 23:21:00:985] [CeyrekAltinBatch.mjs]: Eski Deger: 4.992,00
[INFO] [2024-11-29 23:21:00:986] [CeyrekAltinBatch.mjs]: Yeni Deger: 4.990,00
[INFO] [2024-11-29 23:21:00:987] [PocketBatchManager.js]: [Scrapper/CeyrekAltinBatch] is terminate successfully
[INFO] [2024-11-29 23:22:00:168] [unknown]: [Scrapper/CeyrekAltinBatch] is running
[INFO] [2024-11-29 23:22:00:173] [CeyrekAltinBatch.mjs]: CeyrekAltin servisine girildi.
[INFO] [2024-11-29 23:22:00:301] [PocketService.js]: Trigger : GetCurrencyWithName
[INFO] [2024-11-29 23:22:00:306] [PocketService.js]: Trigger : UpdateCurrency
[INFO] [2024-11-29 23:22:00:312] [CeyrekAltinBatch.mjs]: Ceyrek altin kaydi güncellendi.
[INFO] [2024-11-29 23:22:00:313] [CeyrekAltinBatch.mjs]: Eski Deger: 4.990,00
[INFO] [2024-11-29 23:22:00:314] [CeyrekAltinBatch.mjs]: Yeni Deger: 4.989,00
[INFO] [2024-11-29 23:22:00:315] [PocketBatchManager.js]: [Scrapper/CeyrekAltinBatch] is terminate successfully
[INFO] [2024-11-29 23:23:00:581] [unknown]: [Scrapper/CeyrekAltinBatch] is running
[INFO] [2024-11-29 23:23:00:586] [CeyrekAltinBatch.mjs]: CeyrekAltin servisine girildi.
[INFO] [2024-11-29 23:23:00:695] [PocketService.js]: Trigger : GetCurrencyWithName
[INFO] [2024-11-29 23:23:00:706] [CeyrekAltinBatch.mjs]: Ceyrek altin fiyati ayni. Güncelleme yapilmadi.
[INFO] [2024-11-29 23:23:00:707] [PocketBatchManager.js]: [Scrapper/CeyrekAltinBatch] is terminate successfully
[INFO] [2024-11-29 23:24:00:983] [unknown]: [Scrapper/CeyrekAltinBatch] is running
[INFO] [2024-11-29 23:24:00:987] [CeyrekAltinBatch.mjs]: CeyrekAltin servisine girildi.
[INFO] [2024-11-29 23:24:01:091] [PocketService.js]: Trigger : GetCurrencyWithName
[INFO] [2024-11-29 23:24:01:096] [CeyrekAltinBatch.mjs]: Ceyrek altin fiyati ayni. Güncelleme yapilmadi.
[INFO] [2024-11-29 23:24:01:097] [PocketBatchManager.js]: [Scrapper/CeyrekAltinBatch] is terminate successfully
[INFO] [2024-11-29 23:25:00:358] [unknown]: [Scrapper/CeyrekAltinBatch] is running
[INFO] [2024-11-29 23:25:00:360] [CeyrekAltinBatch.mjs]: CeyrekAltin servisine girildi.
[INFO] [2024-11-29 23:25:00:466] [PocketService.js]: Trigger : GetCurrencyWithName
[INFO] [2024-11-29 23:25:00:472] [CeyrekAltinBatch.mjs]: Ceyrek altin fiyati ayni. Güncelleme yapilmadi.
[INFO] [2024-11-29 23:25:00:473] [PocketBatchManager.js]: [Scrapper/CeyrekAltinBatch] is terminate successfully
[INFO] [2024-11-29 23:26:00:759] [unknown]: [Scrapper/CeyrekAltinBatch] is running
[INFO] [2024-11-29 23:26:00:763] [CeyrekAltinBatch.mjs]: CeyrekAltin servisine girildi.
[INFO] [2024-11-29 23:26:00:839] [PocketService.js]: Trigger : GetCurrencyWithName
[INFO] [2024-11-29 23:26:00:844] [CeyrekAltinBatch.mjs]: Ceyrek altin fiyati ayni. Güncelleme yapilmadi.
[INFO] [2024-11-29 23:26:00:845] [PocketBatchManager.js]: [Scrapper/CeyrekAltinBatch] is terminate successfully
[INFO] [2024-11-29 23:27:00:180] [unknown]: [Scrapper/CeyrekAltinBatch] is running
[INFO] [2024-11-29 23:27:00:184] [CeyrekAltinBatch.mjs]: CeyrekAltin servisine girildi.
[INFO] [2024-11-29 23:27:00:290] [PocketService.js]: Trigger : GetCurrencyWithName
[INFO] [2024-11-29 23:27:00:297] [CeyrekAltinBatch.mjs]: Ceyrek altin fiyati ayni. Güncelleme yapilmadi.
[INFO] [2024-11-29 23:27:00:298] [PocketBatchManager.js]: [Scrapper/CeyrekAltinBatch] is terminate successfully
[INFO] [2024-11-29 23:28:00:624] [unknown]: [Scrapper/CeyrekAltinBatch] is running
[INFO] [2024-11-29 23:28:00:629] [CeyrekAltinBatch.mjs]: CeyrekAltin servisine girildi.
[INFO] [2024-11-29 23:28:00:734] [PocketService.js]: Trigger : GetCurrencyWithName
[INFO] [2024-11-29 23:28:00:740] [CeyrekAltinBatch.mjs]: Ceyrek altin fiyati ayni. Güncelleme yapilmadi.
[INFO] [2024-11-29 23:28:00:741] [PocketBatchManager.js]: [Scrapper/CeyrekAltinBatch] is terminate successfully
[INFO] [2024-11-29 23:29:00:029] [unknown]: [Scrapper/CeyrekAltinBatch] is running
[INFO] [2024-11-29 23:29:00:030] [CeyrekAltinBatch.mjs]: CeyrekAltin servisine girildi.
[INFO] [2024-11-29 23:29:00:131] [PocketService.js]: Trigger : GetCurrencyWithName
[INFO] [2024-11-29 23:29:00:143] [CeyrekAltinBatch.mjs]: Ceyrek altin fiyati ayni. Güncelleme yapilmadi.
[INFO] [2024-11-29 23:29:00:145] [PocketBatchManager.js]: [Scrapper/CeyrekAltinBatch] is terminate successfully
[INFO] [2024-11-29 23:30:00:444] [unknown]: [Scrapper/CeyrekAltinBatch] is running
[INFO] [2024-11-29 23:30:00:449] [CeyrekAltinBatch.mjs]: CeyrekAltin servisine girildi.
[INFO] [2024-11-29 23:30:00:551] [PocketService.js]: Trigger : GetCurrencyWithName
[INFO] [2024-11-29 23:30:00:559] [PocketService.js]: Trigger : UpdateCurrency
[INFO] [2024-11-29 23:30:00:565] [CeyrekAltinBatch.mjs]: Ceyrek altin kaydi güncellendi.
[INFO] [2024-11-29 23:30:00:566] [CeyrekAltinBatch.mjs]: Eski Deger: 4.989,00
[INFO] [2024-11-29 23:30:00:567] [CeyrekAltinBatch.mjs]: Yeni Deger: 4.990,00
[INFO] [2024-11-29 23:30:00:569] [PocketBatchManager.js]: [Scrapper/CeyrekAltinBatch] is terminate successfully
[INFO] [2024-11-29 23:31:00:872] [unknown]: [Scrapper/CeyrekAltinBatch] is running
[INFO] [2024-11-29 23:31:00:876] [CeyrekAltinBatch.mjs]: CeyrekAltin servisine girildi.
[INFO] [2024-11-29 23:31:00:988] [PocketService.js]: Trigger : GetCurrencyWithName
[INFO] [2024-11-29 23:31:01:016] [CeyrekAltinBatch.mjs]: Ceyrek altin fiyati ayni. Güncelleme yapilmadi.
[INFO] [2024-11-29 23:31:01:018] [PocketBatchManager.js]: [Scrapper/CeyrekAltinBatch] is terminate successfully
[INFO] [2024-11-29 23:32:00:272] [unknown]: [Scrapper/CeyrekAltinBatch] is running
[INFO] [2024-11-29 23:32:00:274] [CeyrekAltinBatch.mjs]: CeyrekAltin servisine girildi.
[INFO] [2024-11-29 23:32:00:381] [PocketService.js]: Trigger : GetCurrencyWithName
[INFO] [2024-11-29 23:32:00:394] [CeyrekAltinBatch.mjs]: Ceyrek altin fiyati ayni. Güncelleme yapilmadi.
[INFO] [2024-11-29 23:32:00:396] [PocketBatchManager.js]: [Scrapper/CeyrekAltinBatch] is terminate successfully
[INFO] [2024-11-29 23:33:00:701] [unknown]: [Scrapper/CeyrekAltinBatch] is running
[INFO] [2024-11-29 23:33:00:706] [CeyrekAltinBatch.mjs]: CeyrekAltin servisine girildi.
[INFO] [2024-11-29 23:33:00:992] [PocketService.js]: Trigger : GetCurrencyWithName
[INFO] [2024-11-29 23:33:00:998] [CeyrekAltinBatch.mjs]: Ceyrek altin fiyati ayni. Güncelleme yapilmadi.
[INFO] [2024-11-29 23:33:00:999] [PocketBatchManager.js]: [Scrapper/CeyrekAltinBatch] is terminate successfully
[INFO] [2024-11-29 23:34:00:124] [unknown]: [Scrapper/CeyrekAltinBatch] is running
[INFO] [2024-11-29 23:34:00:126] [CeyrekAltinBatch.mjs]: CeyrekAltin servisine girildi.
[INFO] [2024-11-29 23:34:00:263] [PocketService.js]: Trigger : GetCurrencyWithName
[INFO] [2024-11-29 23:34:00:268] [CeyrekAltinBatch.mjs]: Ceyrek altin fiyati ayni. Güncelleme yapilmadi.
[INFO] [2024-11-29 23:34:00:270] [PocketBatchManager.js]: [Scrapper/CeyrekAltinBatch] is terminate successfully
[INFO] [2024-11-29 23:35:00:514] [unknown]: [Scrapper/CeyrekAltinBatch] is running
[INFO] [2024-11-29 23:35:00:519] [CeyrekAltinBatch.mjs]: CeyrekAltin servisine girildi.
[INFO] [2024-11-29 23:35:00:790] [PocketService.js]: Trigger : GetCurrencyWithName
[INFO] [2024-11-29 23:35:00:795] [CeyrekAltinBatch.mjs]: Ceyrek altin fiyati ayni. Güncelleme yapilmadi.
[INFO] [2024-11-29 23:35:00:796] [PocketBatchManager.js]: [Scrapper/CeyrekAltinBatch] is terminate successfully
[INFO] [2024-11-29 23:36:00:940] [unknown]: [Scrapper/CeyrekAltinBatch] is running
[INFO] [2024-11-29 23:36:00:945] [CeyrekAltinBatch.mjs]: CeyrekAltin servisine girildi.
[INFO] [2024-11-29 23:36:01:013] [PocketService.js]: Trigger : GetCurrencyWithName
[INFO] [2024-11-29 23:36:01:020] [PocketService.js]: Trigger : UpdateCurrency
[INFO] [2024-11-29 23:36:01:025] [CeyrekAltinBatch.mjs]: Ceyrek altin kaydi güncellendi.
[INFO] [2024-11-29 23:36:01:027] [CeyrekAltinBatch.mjs]: Eski Deger: 4.990,00
[INFO] [2024-11-29 23:36:01:028] [CeyrekAltinBatch.mjs]: Yeni Deger: 4.992,00
[INFO] [2024-11-29 23:36:01:029] [PocketBatchManager.js]: [Scrapper/CeyrekAltinBatch] is terminate successfully
[INFO] [2024-11-29 23:37:00:308] [unknown]: [Scrapper/CeyrekAltinBatch] is running
[INFO] [2024-11-29 23:37:00:312] [CeyrekAltinBatch.mjs]: CeyrekAltin servisine girildi.
[INFO] [2024-11-29 23:37:00:381] [PocketService.js]: Trigger : GetCurrencyWithName
[INFO] [2024-11-29 23:37:00:388] [PocketService.js]: Trigger : UpdateCurrency
[INFO] [2024-11-29 23:37:00:394] [CeyrekAltinBatch.mjs]: Ceyrek altin kaydi güncellendi.
[INFO] [2024-11-29 23:37:00:396] [CeyrekAltinBatch.mjs]: Eski Deger: 4.992,00
[INFO] [2024-11-29 23:37:00:398] [CeyrekAltinBatch.mjs]: Yeni Deger: 4.989,00
[INFO] [2024-11-29 23:37:00:399] [PocketBatchManager.js]: [Scrapper/CeyrekAltinBatch] is terminate successfully
[INFO] [2024-11-29 23:38:00:693] [unknown]: [Scrapper/CeyrekAltinBatch] is running
[INFO] [2024-11-29 23:38:00:695] [CeyrekAltinBatch.mjs]: CeyrekAltin servisine girildi.
[INFO] [2024-11-29 23:38:00:798] [PocketService.js]: Trigger : GetCurrencyWithName
[INFO] [2024-11-29 23:38:00:810] [CeyrekAltinBatch.mjs]: Ceyrek altin fiyati ayni. Güncelleme yapilmadi.
[INFO] [2024-11-29 23:38:00:811] [PocketBatchManager.js]: [Scrapper/CeyrekAltinBatch] is terminate successfully
[INFO] [2024-11-29 23:39:00:141] [unknown]: [Scrapper/CeyrekAltinBatch] is running
[INFO] [2024-11-29 23:39:00:146] [CeyrekAltinBatch.mjs]: CeyrekAltin servisine girildi.
[INFO] [2024-11-29 23:39:00:285] [PocketService.js]: Trigger : GetCurrencyWithName
[INFO] [2024-11-29 23:39:00:289] [CeyrekAltinBatch.mjs]: Ceyrek altin fiyati ayni. Güncelleme yapilmadi.
[INFO] [2024-11-29 23:39:00:290] [PocketBatchManager.js]: [Scrapper/CeyrekAltinBatch] is terminate successfully
[INFO] [2024-11-29 23:40:00:564] [unknown]: [Scrapper/CeyrekAltinBatch] is running
[INFO] [2024-11-29 23:40:00:569] [CeyrekAltinBatch.mjs]: CeyrekAltin servisine girildi.
[INFO] [2024-11-29 23:40:00:675] [PocketService.js]: Trigger : GetCurrencyWithName
[INFO] [2024-11-29 23:40:00:680] [CeyrekAltinBatch.mjs]: Ceyrek altin fiyati ayni. Güncelleme yapilmadi.
[INFO] [2024-11-29 23:40:00:681] [PocketBatchManager.js]: [Scrapper/CeyrekAltinBatch] is terminate successfully
[INFO] [2024-11-29 23:41:00:923] [unknown]: [Scrapper/CeyrekAltinBatch] is running
[INFO] [2024-11-29 23:41:00:928] [CeyrekAltinBatch.mjs]: CeyrekAltin servisine girildi.
[INFO] [2024-11-29 23:41:01:044] [PocketService.js]: Trigger : GetCurrencyWithName
[INFO] [2024-11-29 23:41:01:079] [CeyrekAltinBatch.mjs]: Ceyrek altin fiyati ayni. Güncelleme yapilmadi.
[INFO] [2024-11-29 23:41:01:081] [PocketBatchManager.js]: [Scrapper/CeyrekAltinBatch] is terminate successfully
[INFO] [2024-11-29 23:42:00:337] [unknown]: [Scrapper/CeyrekAltinBatch] is running
[INFO] [2024-11-29 23:42:00:338] [CeyrekAltinBatch.mjs]: CeyrekAltin servisine girildi.
[INFO] [2024-11-29 23:42:00:445] [PocketService.js]: Trigger : GetCurrencyWithName
[INFO] [2024-11-29 23:42:00:452] [CeyrekAltinBatch.mjs]: Ceyrek altin fiyati ayni. Güncelleme yapilmadi.
[INFO] [2024-11-29 23:42:00:453] [PocketBatchManager.js]: [Scrapper/CeyrekAltinBatch] is terminate successfully
[INFO] [2024-11-29 23:43:00:776] [unknown]: [Scrapper/CeyrekAltinBatch] is running
[INFO] [2024-11-29 23:43:00:780] [CeyrekAltinBatch.mjs]: CeyrekAltin servisine girildi.
[INFO] [2024-11-29 23:43:00:883] [PocketService.js]: Trigger : GetCurrencyWithName
[INFO] [2024-11-29 23:43:00:889] [CeyrekAltinBatch.mjs]: Ceyrek altin fiyati ayni. Güncelleme yapilmadi.
[INFO] [2024-11-29 23:43:00:890] [PocketBatchManager.js]: [Scrapper/CeyrekAltinBatch] is terminate successfully
[INFO] [2024-11-29 23:44:00:149] [unknown]: [Scrapper/CeyrekAltinBatch] is running
[INFO] [2024-11-29 23:44:00:154] [CeyrekAltinBatch.mjs]: CeyrekAltin servisine girildi.
[INFO] [2024-11-29 23:44:00:261] [PocketService.js]: Trigger : GetCurrencyWithName
[INFO] [2024-11-29 23:44:00:266] [PocketService.js]: Trigger : UpdateCurrency
[INFO] [2024-11-29 23:44:00:272] [CeyrekAltinBatch.mjs]: Ceyrek altin kaydi güncellendi.
[INFO] [2024-11-29 23:44:00:273] [CeyrekAltinBatch.mjs]: Eski Deger: 4.989,00
[INFO] [2024-11-29 23:44:00:275] [CeyrekAltinBatch.mjs]: Yeni Deger: 4.990,00
[INFO] [2024-11-29 23:44:00:276] [PocketBatchManager.js]: [Scrapper/CeyrekAltinBatch] is terminate successfully
[INFO] [2024-11-29 23:45:00:536] [unknown]: [Scrapper/CeyrekAltinBatch] is running
[INFO] [2024-11-29 23:45:00:540] [CeyrekAltinBatch.mjs]: CeyrekAltin servisine girildi.
[INFO] [2024-11-29 23:45:00:935] [PocketService.js]: Trigger : GetCurrencyWithName
[INFO] [2024-11-29 23:45:00:943] [PocketService.js]: Trigger : UpdateCurrency
[INFO] [2024-11-29 23:45:00:950] [CeyrekAltinBatch.mjs]: Ceyrek altin kaydi güncellendi.
[INFO] [2024-11-29 23:45:00:951] [CeyrekAltinBatch.mjs]: Eski Deger: 4.990,00
[INFO] [2024-11-29 23:45:00:954] [CeyrekAltinBatch.mjs]: Yeni Deger: 4.989,00
[INFO] [2024-11-29 23:45:00:955] [PocketBatchManager.js]: [Scrapper/CeyrekAltinBatch] is terminate successfully
[INFO] [2024-11-29 23:46:00:971] [unknown]: [Scrapper/CeyrekAltinBatch] is running
[INFO] [2024-11-29 23:46:00:975] [CeyrekAltinBatch.mjs]: CeyrekAltin servisine girildi.
[INFO] [2024-11-29 23:46:01:142] [PocketService.js]: Trigger : GetCurrencyWithName
[INFO] [2024-11-29 23:46:01:147] [PocketService.js]: Trigger : UpdateCurrency
[INFO] [2024-11-29 23:46:01:154] [CeyrekAltinBatch.mjs]: Ceyrek altin kaydi güncellendi.
[INFO] [2024-11-29 23:46:01:156] [CeyrekAltinBatch.mjs]: Eski Deger: 4.989,00
[INFO] [2024-11-29 23:46:01:157] [CeyrekAltinBatch.mjs]: Yeni Deger: 4.991,00
[INFO] [2024-11-29 23:46:01:158] [PocketBatchManager.js]: [Scrapper/CeyrekAltinBatch] is terminate successfully
[INFO] [2024-11-29 23:47:00:279] [unknown]: [Scrapper/CeyrekAltinBatch] is running
[INFO] [2024-11-29 23:47:00:283] [CeyrekAltinBatch.mjs]: CeyrekAltin servisine girildi.
[INFO] [2024-11-29 23:47:00:407] [PocketService.js]: Trigger : GetCurrencyWithName
[INFO] [2024-11-29 23:47:00:419] [PocketService.js]: Trigger : UpdateCurrency
[INFO] [2024-11-29 23:47:00:425] [CeyrekAltinBatch.mjs]: Ceyrek altin kaydi güncellendi.
[INFO] [2024-11-29 23:47:00:426] [CeyrekAltinBatch.mjs]: Eski Deger: 4.991,00
[INFO] [2024-11-29 23:47:00:427] [CeyrekAltinBatch.mjs]: Yeni Deger: 4.990,00
[INFO] [2024-11-29 23:47:00:428] [PocketBatchManager.js]: [Scrapper/CeyrekAltinBatch] is terminate successfully
[INFO] [2024-11-29 23:48:00:638] [unknown]: [Scrapper/CeyrekAltinBatch] is running
[INFO] [2024-11-29 23:48:00:643] [CeyrekAltinBatch.mjs]: CeyrekAltin servisine girildi.
[INFO] [2024-11-29 23:48:00:750] [PocketService.js]: Trigger : GetCurrencyWithName
[INFO] [2024-11-29 23:48:00:757] [PocketService.js]: Trigger : UpdateCurrency
[INFO] [2024-11-29 23:48:00:762] [CeyrekAltinBatch.mjs]: Ceyrek altin kaydi güncellendi.
[INFO] [2024-11-29 23:48:00:763] [CeyrekAltinBatch.mjs]: Eski Deger: 4.990,00
[INFO] [2024-11-29 23:48:00:764] [CeyrekAltinBatch.mjs]: Yeni Deger: 4.989,00
[INFO] [2024-11-29 23:48:00:765] [PocketBatchManager.js]: [Scrapper/CeyrekAltinBatch] is terminate successfully
[INFO] [2024-11-29 23:49:00:088] [unknown]: [Scrapper/CeyrekAltinBatch] is running
[INFO] [2024-11-29 23:49:00:092] [CeyrekAltinBatch.mjs]: CeyrekAltin servisine girildi.
[INFO] [2024-11-29 23:49:00:197] [PocketService.js]: Trigger : GetCurrencyWithName
[INFO] [2024-11-29 23:49:00:201] [CeyrekAltinBatch.mjs]: Ceyrek altin fiyati ayni. Güncelleme yapilmadi.
[INFO] [2024-11-29 23:49:00:202] [PocketBatchManager.js]: [Scrapper/CeyrekAltinBatch] is terminate successfully
[INFO] [2024-11-29 23:50:00:455] [unknown]: [Scrapper/CeyrekAltinBatch] is running
[INFO] [2024-11-29 23:50:00:456] [CeyrekAltinBatch.mjs]: CeyrekAltin servisine girildi.
[INFO] [2024-11-29 23:50:00:526] [PocketService.js]: Trigger : GetCurrencyWithName
[INFO] [2024-11-29 23:50:00:537] [CeyrekAltinBatch.mjs]: Ceyrek altin fiyati ayni. Güncelleme yapilmadi.
[INFO] [2024-11-29 23:50:00:538] [PocketBatchManager.js]: [Scrapper/CeyrekAltinBatch] is terminate successfully
[INFO] [2024-11-29 23:51:00:832] [unknown]: [Scrapper/CeyrekAltinBatch] is running
[INFO] [2024-11-29 23:51:00:837] [CeyrekAltinBatch.mjs]: CeyrekAltin servisine girildi.
[INFO] [2024-11-29 23:51:00:941] [PocketService.js]: Trigger : GetCurrencyWithName
[INFO] [2024-11-29 23:51:00:949] [CeyrekAltinBatch.mjs]: Ceyrek altin fiyati ayni. Güncelleme yapilmadi.
[INFO] [2024-11-29 23:51:00:950] [PocketBatchManager.js]: [Scrapper/CeyrekAltinBatch] is terminate successfully
[INFO] [2024-11-29 23:52:00:206] [unknown]: [Scrapper/CeyrekAltinBatch] is running
[INFO] [2024-11-29 23:52:00:210] [CeyrekAltinBatch.mjs]: CeyrekAltin servisine girildi.
[INFO] [2024-11-29 23:52:00:319] [PocketService.js]: Trigger : GetCurrencyWithName
[INFO] [2024-11-29 23:52:00:328] [CeyrekAltinBatch.mjs]: Ceyrek altin fiyati ayni. Güncelleme yapilmadi.
[INFO] [2024-11-29 23:52:00:329] [PocketBatchManager.js]: [Scrapper/CeyrekAltinBatch] is terminate successfully
[INFO] [2024-11-29 23:53:00:617] [unknown]: [Scrapper/CeyrekAltinBatch] is running
[INFO] [2024-11-29 23:53:00:621] [CeyrekAltinBatch.mjs]: CeyrekAltin servisine girildi.
[INFO] [2024-11-29 23:53:00:726] [PocketService.js]: Trigger : GetCurrencyWithName
[INFO] [2024-11-29 23:53:00:742] [CeyrekAltinBatch.mjs]: Ceyrek altin fiyati ayni. Güncelleme yapilmadi.
[INFO] [2024-11-29 23:53:00:744] [PocketBatchManager.js]: [Scrapper/CeyrekAltinBatch] is terminate successfully
[INFO] [2024-11-29 23:54:00:010] [unknown]: [Scrapper/CeyrekAltinBatch] is running
[INFO] [2024-11-29 23:54:00:012] [CeyrekAltinBatch.mjs]: CeyrekAltin servisine girildi.
[INFO] [2024-11-29 23:54:00:166] [PocketService.js]: Trigger : GetCurrencyWithName
[INFO] [2024-11-29 23:54:00:173] [CeyrekAltinBatch.mjs]: Ceyrek altin fiyati ayni. Güncelleme yapilmadi.
[INFO] [2024-11-29 23:54:00:174] [PocketBatchManager.js]: [Scrapper/CeyrekAltinBatch] is terminate successfully
[INFO] [2024-11-29 23:55:00:370] [unknown]: [Scrapper/CeyrekAltinBatch] is running
[INFO] [2024-11-29 23:55:00:373] [CeyrekAltinBatch.mjs]: CeyrekAltin servisine girildi.
[INFO] [2024-11-29 23:55:00:460] [PocketService.js]: Trigger : GetCurrencyWithName
[INFO] [2024-11-29 23:55:00:466] [CeyrekAltinBatch.mjs]: Ceyrek altin fiyati ayni. Güncelleme yapilmadi.
[INFO] [2024-11-29 23:55:00:467] [PocketBatchManager.js]: [Scrapper/CeyrekAltinBatch] is terminate successfully
[INFO] [2024-11-29 23:56:00:768] [unknown]: [Scrapper/CeyrekAltinBatch] is running
[INFO] [2024-11-29 23:56:00:772] [CeyrekAltinBatch.mjs]: CeyrekAltin servisine girildi.
[INFO] [2024-11-29 23:56:00:856] [PocketService.js]: Trigger : GetCurrencyWithName
[INFO] [2024-11-29 23:56:00:869] [CeyrekAltinBatch.mjs]: Ceyrek altin fiyati ayni. Güncelleme yapilmadi.
[INFO] [2024-11-29 23:56:00:872] [PocketBatchManager.js]: [Scrapper/CeyrekAltinBatch] is terminate successfully
[INFO] [2024-11-29 23:57:00:203] [unknown]: [Scrapper/CeyrekAltinBatch] is running
[INFO] [2024-11-29 23:57:00:208] [CeyrekAltinBatch.mjs]: CeyrekAltin servisine girildi.
[INFO] [2024-11-29 23:57:00:313] [PocketService.js]: Trigger : GetCurrencyWithName
[INFO] [2024-11-29 23:57:00:318] [CeyrekAltinBatch.mjs]: Ceyrek altin fiyati ayni. Güncelleme yapilmadi.
[INFO] [2024-11-29 23:57:00:320] [PocketBatchManager.js]: [Scrapper/CeyrekAltinBatch] is terminate successfully
[INFO] [2024-11-29 23:58:00:584] [unknown]: [Scrapper/CeyrekAltinBatch] is running
[INFO] [2024-11-29 23:58:00:587] [CeyrekAltinBatch.mjs]: CeyrekAltin servisine girildi.
[INFO] [2024-11-29 23:58:00:651] [PocketService.js]: Trigger : GetCurrencyWithName
[INFO] [2024-11-29 23:58:00:656] [CeyrekAltinBatch.mjs]: Ceyrek altin fiyati ayni. Güncelleme yapilmadi.
[INFO] [2024-11-29 23:58:00:657] [PocketBatchManager.js]: [Scrapper/CeyrekAltinBatch] is terminate successfully
[INFO] [2024-11-29 23:59:00:015] [unknown]: [Scrapper/CeyrekAltinBatch] is running
[INFO] [2024-11-29 23:59:00:017] [CeyrekAltinBatch.mjs]: CeyrekAltin servisine girildi.
[INFO] [2024-11-29 23:59:00:120] [PocketService.js]: Trigger : GetCurrencyWithName
[INFO] [2024-11-29 23:59:00:132] [CeyrekAltinBatch.mjs]: Ceyrek altin fiyati ayni. Güncelleme yapilmadi.
[INFO] [2024-11-29 23:59:00:133] [PocketBatchManager.js]: [Scrapper/CeyrekAltinBatch] is terminate successfully
[INFO] [2024-11-30 00:00:00:396] [unknown]: [Scrapper/CeyrekAltinBatch] is running
[INFO] [2024-11-30 00:00:00:398] [CeyrekAltinBatch.mjs]: CeyrekAltin servisine girildi.
[INFO] [2024-11-30 00:00:00:503] [PocketService.js]: Trigger : GetCurrencyWithName
[INFO] [2024-11-30 00:00:00:512] [PocketService.js]: Trigger : UpdateCurrency
[INFO] [2024-11-30 00:00:00:517] [CeyrekAltinBatch.mjs]: Ceyrek altin kaydi güncellendi.
[INFO] [2024-11-30 00:00:00:519] [CeyrekAltinBatch.mjs]: Eski Deger: 4.989,00
[INFO] [2024-11-30 00:00:00:520] [CeyrekAltinBatch.mjs]: Yeni Deger: 4.990,00
[INFO] [2024-11-30 00:00:00:521] [PocketBatchManager.js]: [Scrapper/CeyrekAltinBatch] is terminate successfully
[INFO] [2024-11-30 00:01:00:832] [unknown]: [Scrapper/CeyrekAltinBatch] is running
[INFO] [2024-11-30 00:01:00:833] [CeyrekAltinBatch.mjs]: CeyrekAltin servisine girildi.
[INFO] [2024-11-30 00:01:00:900] [PocketService.js]: Trigger : GetCurrencyWithName
[INFO] [2024-11-30 00:01:00:907] [CeyrekAltinBatch.mjs]: Ceyrek altin fiyati ayni. Güncelleme yapilmadi.
[INFO] [2024-11-30 00:01:00:909] [PocketBatchManager.js]: [Scrapper/CeyrekAltinBatch] is terminate successfully
[INFO] [2024-11-30 00:02:00:261] [unknown]: [Scrapper/CeyrekAltinBatch] is running
[INFO] [2024-11-30 00:02:00:266] [CeyrekAltinBatch.mjs]: CeyrekAltin servisine girildi.
[INFO] [2024-11-30 00:02:00:516] [PocketService.js]: Trigger : GetCurrencyWithName
[INFO] [2024-11-30 00:02:00:521] [PocketService.js]: Trigger : UpdateCurrency
[INFO] [2024-11-30 00:02:00:532] [CeyrekAltinBatch.mjs]: Ceyrek altin kaydi güncellendi.
[INFO] [2024-11-30 00:02:00:533] [CeyrekAltinBatch.mjs]: Eski Deger: 4.990,00
[INFO] [2024-11-30 00:02:00:535] [CeyrekAltinBatch.mjs]: Yeni Deger: 4.991,00
[INFO] [2024-11-30 00:02:00:536] [PocketBatchManager.js]: [Scrapper/CeyrekAltinBatch] is terminate successfully
[INFO] [2024-11-30 00:03:00:634] [unknown]: [Scrapper/CeyrekAltinBatch] is running
[INFO] [2024-11-30 00:03:00:636] [CeyrekAltinBatch.mjs]: CeyrekAltin servisine girildi.
[INFO] [2024-11-30 00:03:00:913] [PocketService.js]: Trigger : GetCurrencyWithName
[INFO] [2024-11-30 00:03:00:918] [CeyrekAltinBatch.mjs]: Ceyrek altin fiyati ayni. Güncelleme yapilmadi.
[INFO] [2024-11-30 00:03:00:919] [PocketBatchManager.js]: [Scrapper/CeyrekAltinBatch] is terminate successfully
[INFO] [2024-11-30 00:04:00:007] [unknown]: [Scrapper/CeyrekAltinBatch] is running
[INFO] [2024-11-30 00:04:00:009] [CeyrekAltinBatch.mjs]: CeyrekAltin servisine girildi.
[INFO] [2024-11-30 00:04:00:263] [PocketService.js]: Trigger : GetCurrencyWithName
[INFO] [2024-11-30 00:04:00:267] [PocketService.js]: Trigger : UpdateCurrency
[INFO] [2024-11-30 00:04:00:272] [CeyrekAltinBatch.mjs]: Ceyrek altin kaydi güncellendi.
[INFO] [2024-11-30 00:04:00:273] [CeyrekAltinBatch.mjs]: Eski Deger: 4.991,00
[INFO] [2024-11-30 00:04:00:274] [CeyrekAltinBatch.mjs]: Yeni Deger: 4.990,00
[INFO] [2024-11-30 00:04:00:275] [PocketBatchManager.js]: [Scrapper/CeyrekAltinBatch] is terminate successfully
[INFO] [2024-11-30 00:05:00:376] [unknown]: [Scrapper/CeyrekAltinBatch] is running
[INFO] [2024-11-30 00:05:00:377] [CeyrekAltinBatch.mjs]: CeyrekAltin servisine girildi.
[INFO] [2024-11-30 00:05:00:478] [PocketService.js]: Trigger : GetCurrencyWithName
[INFO] [2024-11-30 00:05:00:483] [CeyrekAltinBatch.mjs]: Ceyrek altin fiyati ayni. Güncelleme yapilmadi.
[INFO] [2024-11-30 00:05:00:484] [PocketBatchManager.js]: [Scrapper/CeyrekAltinBatch] is terminate successfully
[INFO] [2024-11-30 00:06:00:776] [unknown]: [Scrapper/CeyrekAltinBatch] is running
[INFO] [2024-11-30 00:06:00:782] [CeyrekAltinBatch.mjs]: CeyrekAltin servisine girildi.
[INFO] [2024-11-30 00:06:00:892] [PocketService.js]: Trigger : GetCurrencyWithName
[INFO] [2024-11-30 00:06:00:898] [CeyrekAltinBatch.mjs]: Ceyrek altin fiyati ayni. Güncelleme yapilmadi.
[INFO] [2024-11-30 00:06:00:900] [PocketBatchManager.js]: [Scrapper/CeyrekAltinBatch] is terminate successfully
[INFO] [2024-11-30 00:07:00:198] [unknown]: [Scrapper/CeyrekAltinBatch] is running
[INFO] [2024-11-30 00:07:00:202] [CeyrekAltinBatch.mjs]: CeyrekAltin servisine girildi.
[INFO] [2024-11-30 00:07:00:305] [PocketService.js]: Trigger : GetCurrencyWithName
[INFO] [2024-11-30 00:07:00:309] [CeyrekAltinBatch.mjs]: Ceyrek altin fiyati ayni. Güncelleme yapilmadi.
[INFO] [2024-11-30 00:07:00:310] [PocketBatchManager.js]: [Scrapper/CeyrekAltinBatch] is terminate successfully
[INFO] [2024-11-30 00:08:00:605] [unknown]: [Scrapper/CeyrekAltinBatch] is running
[INFO] [2024-11-30 00:08:00:607] [CeyrekAltinBatch.mjs]: CeyrekAltin servisine girildi.
[INFO] [2024-11-30 00:08:00:804] [PocketService.js]: Trigger : GetCurrencyWithName
[INFO] [2024-11-30 00:08:00:812] [CeyrekAltinBatch.mjs]: Ceyrek altin fiyati ayni. Güncelleme yapilmadi.
[INFO] [2024-11-30 00:08:00:814] [PocketBatchManager.js]: [Scrapper/CeyrekAltinBatch] is terminate successfully
[INFO] [2024-11-30 00:09:00:046] [unknown]: [Scrapper/CeyrekAltinBatch] is running
[INFO] [2024-11-30 00:09:00:048] [CeyrekAltinBatch.mjs]: CeyrekAltin servisine girildi.
[INFO] [2024-11-30 00:09:00:148] [PocketService.js]: Trigger : GetCurrencyWithName
[INFO] [2024-11-30 00:09:00:153] [CeyrekAltinBatch.mjs]: Ceyrek altin fiyati ayni. Güncelleme yapilmadi.
[INFO] [2024-11-30 00:09:00:154] [PocketBatchManager.js]: [Scrapper/CeyrekAltinBatch] is terminate successfully
[INFO] [2024-11-30 00:10:00:425] [unknown]: [Scrapper/CeyrekAltinBatch] is running
[INFO] [2024-11-30 00:10:00:429] [CeyrekAltinBatch.mjs]: CeyrekAltin servisine girildi.
[INFO] [2024-11-30 00:10:00:534] [PocketService.js]: Trigger : GetCurrencyWithName
[INFO] [2024-11-30 00:10:00:540] [CeyrekAltinBatch.mjs]: Ceyrek altin fiyati ayni. Güncelleme yapilmadi.
[INFO] [2024-11-30 00:10:00:541] [PocketBatchManager.js]: [Scrapper/CeyrekAltinBatch] is terminate successfully
[INFO] [2024-11-30 00:11:00:775] [unknown]: [Scrapper/CeyrekAltinBatch] is running
[INFO] [2024-11-30 00:11:00:780] [CeyrekAltinBatch.mjs]: CeyrekAltin servisine girildi.
[INFO] [2024-11-30 00:11:01:039] [PocketService.js]: Trigger : GetCurrencyWithName
[INFO] [2024-11-30 00:11:01:044] [CeyrekAltinBatch.mjs]: Ceyrek altin fiyati ayni. Güncelleme yapilmadi.
[INFO] [2024-11-30 00:11:01:045] [PocketBatchManager.js]: [Scrapper/CeyrekAltinBatch] is terminate successfully
[INFO] [2024-11-30 00:12:00:136] [unknown]: [Scrapper/CeyrekAltinBatch] is running
[INFO] [2024-11-30 00:12:00:140] [CeyrekAltinBatch.mjs]: CeyrekAltin servisine girildi.
[INFO] [2024-11-30 00:12:00:290] [PocketService.js]: Trigger : GetCurrencyWithName
[INFO] [2024-11-30 00:12:00:298] [CeyrekAltinBatch.mjs]: Ceyrek altin fiyati ayni. Güncelleme yapilmadi.
[INFO] [2024-11-30 00:12:00:301] [PocketBatchManager.js]: [Scrapper/CeyrekAltinBatch] is terminate successfully
[INFO] [2024-11-30 00:13:00:552] [unknown]: [Scrapper/CeyrekAltinBatch] is running
[INFO] [2024-11-30 00:13:00:557] [CeyrekAltinBatch.mjs]: CeyrekAltin servisine girildi.
[INFO] [2024-11-30 00:13:00:689] [PocketService.js]: Trigger : GetCurrencyWithName
[INFO] [2024-11-30 00:13:00:693] [CeyrekAltinBatch.mjs]: Ceyrek altin fiyati ayni. Güncelleme yapilmadi.
[INFO] [2024-11-30 00:13:00:694] [PocketBatchManager.js]: [Scrapper/CeyrekAltinBatch] is terminate successfully
[INFO] [2024-11-30 00:14:00:937] [unknown]: [Scrapper/CeyrekAltinBatch] is running
[INFO] [2024-11-30 00:14:00:941] [CeyrekAltinBatch.mjs]: CeyrekAltin servisine girildi.
[INFO] [2024-11-30 00:14:01:069] [PocketService.js]: Trigger : GetCurrencyWithName
[INFO] [2024-11-30 00:14:01:083] [CeyrekAltinBatch.mjs]: Ceyrek altin fiyati ayni. Güncelleme yapilmadi.
[INFO] [2024-11-30 00:14:01:085] [PocketBatchManager.js]: [Scrapper/CeyrekAltinBatch] is terminate successfully
[INFO] [2024-11-30 00:15:00:358] [unknown]: [Scrapper/CeyrekAltinBatch] is running
[INFO] [2024-11-30 00:15:00:363] [CeyrekAltinBatch.mjs]: CeyrekAltin servisine girildi.
[INFO] [2024-11-30 00:15:00:468] [PocketService.js]: Trigger : GetCurrencyWithName
[INFO] [2024-11-30 00:15:00:475] [PocketService.js]: Trigger : UpdateCurrency
[INFO] [2024-11-30 00:15:00:483] [CeyrekAltinBatch.mjs]: Ceyrek altin kaydi güncellendi.
[INFO] [2024-11-30 00:15:00:484] [CeyrekAltinBatch.mjs]: Eski Deger: 4.990,00
[INFO] [2024-11-30 00:15:00:485] [CeyrekAltinBatch.mjs]: Yeni Deger: 4.991,00
[INFO] [2024-11-30 00:15:00:487] [PocketBatchManager.js]: [Scrapper/CeyrekAltinBatch] is terminate successfully
[INFO] [2024-11-30 00:16:00:729] [unknown]: [Scrapper/CeyrekAltinBatch] is running
[INFO] [2024-11-30 00:16:00:731] [CeyrekAltinBatch.mjs]: CeyrekAltin servisine girildi.
[INFO] [2024-11-30 00:16:00:800] [PocketService.js]: Trigger : GetCurrencyWithName
[INFO] [2024-11-30 00:16:00:805] [CeyrekAltinBatch.mjs]: Ceyrek altin fiyati ayni. Güncelleme yapilmadi.
[INFO] [2024-11-30 00:16:00:807] [PocketBatchManager.js]: [Scrapper/CeyrekAltinBatch] is terminate successfully
[INFO] [2024-11-30 00:17:00:226] [unknown]: [Scrapper/CeyrekAltinBatch] is running
[INFO] [2024-11-30 00:17:00:233] [CeyrekAltinBatch.mjs]: CeyrekAltin servisine girildi.
[INFO] [2024-11-30 00:17:00:337] [PocketService.js]: Trigger : GetCurrencyWithName
[INFO] [2024-11-30 00:17:00:342] [CeyrekAltinBatch.mjs]: Ceyrek altin fiyati ayni. Güncelleme yapilmadi.
[INFO] [2024-11-30 00:17:00:343] [PocketBatchManager.js]: [Scrapper/CeyrekAltinBatch] is terminate successfully
[INFO] [2024-11-30 00:18:00:703] [unknown]: [Scrapper/CeyrekAltinBatch] is running
[INFO] [2024-11-30 00:18:00:708] [CeyrekAltinBatch.mjs]: CeyrekAltin servisine girildi.
[INFO] [2024-11-30 00:18:00:815] [PocketService.js]: Trigger : GetCurrencyWithName
[INFO] [2024-11-30 00:18:00:821] [CeyrekAltinBatch.mjs]: Ceyrek altin fiyati ayni. Güncelleme yapilmadi.
[INFO] [2024-11-30 00:18:00:822] [PocketBatchManager.js]: [Scrapper/CeyrekAltinBatch] is terminate successfully
[INFO] [2024-11-30 00:19:00:144] [unknown]: [Scrapper/CeyrekAltinBatch] is running
[INFO] [2024-11-30 00:19:00:149] [CeyrekAltinBatch.mjs]: CeyrekAltin servisine girildi.
[INFO] [2024-11-30 00:19:00:249] [PocketService.js]: Trigger : GetCurrencyWithName
[INFO] [2024-11-30 00:19:00:254] [CeyrekAltinBatch.mjs]: Ceyrek altin fiyati ayni. Güncelleme yapilmadi.
[INFO] [2024-11-30 00:19:00:255] [PocketBatchManager.js]: [Scrapper/CeyrekAltinBatch] is terminate successfully
[INFO] [2024-11-30 00:20:00:604] [unknown]: [Scrapper/CeyrekAltinBatch] is running
[INFO] [2024-11-30 00:20:00:608] [CeyrekAltinBatch.mjs]: CeyrekAltin servisine girildi.
[INFO] [2024-11-30 00:20:00:714] [PocketService.js]: Trigger : GetCurrencyWithName
[INFO] [2024-11-30 00:20:00:732] [CeyrekAltinBatch.mjs]: Ceyrek altin fiyati ayni. Güncelleme yapilmadi.
[INFO] [2024-11-30 00:20:00:735] [PocketBatchManager.js]: [Scrapper/CeyrekAltinBatch] is terminate successfully
[INFO] [2024-11-30 00:21:00:010] [unknown]: [Scrapper/CeyrekAltinBatch] is running
[INFO] [2024-11-30 00:21:00:012] [CeyrekAltinBatch.mjs]: CeyrekAltin servisine girildi.
[INFO] [2024-11-30 00:21:00:077] [PocketService.js]: Trigger : GetCurrencyWithName
[INFO] [2024-11-30 00:21:00:082] [CeyrekAltinBatch.mjs]: Ceyrek altin fiyati ayni. Güncelleme yapilmadi.
[INFO] [2024-11-30 00:21:00:083] [PocketBatchManager.js]: [Scrapper/CeyrekAltinBatch] is terminate successfully
[INFO] [2024-11-30 00:22:00:448] [unknown]: [Scrapper/CeyrekAltinBatch] is running
[INFO] [2024-11-30 00:22:00:452] [CeyrekAltinBatch.mjs]: CeyrekAltin servisine girildi.
[INFO] [2024-11-30 00:22:00:552] [PocketService.js]: Trigger : GetCurrencyWithName
[INFO] [2024-11-30 00:22:00:557] [CeyrekAltinBatch.mjs]: Ceyrek altin fiyati ayni. Güncelleme yapilmadi.
[INFO] [2024-11-30 00:22:00:558] [PocketBatchManager.js]: [Scrapper/CeyrekAltinBatch] is terminate successfully
[REQUEST] [2024-11-30 00:22:29:140] [api.js]:
                                   [MODULE]       : Admpanel
                                   [SERVICE]      : DashboardApi
                                   [ENDPOINT]     : adm-dashboard-info
                                   [METHOD]       : GET
                                   [X-USER-TOKEN] : 65d78580994151d94460ea1f
                                   [IP]           : ::1
[INFO] [2024-11-30 00:22:29:149] [PocketService.js]: Trigger : ControlUserPermissionToken
[INFO] [2024-11-30 00:22:29:153] [PocketService.js]: Trigger : GetPermissionToken
[INFO] [2024-11-30 00:22:29:160] [PocketService.js]: Trigger : UpdatePermissionToken
[INFO] [2024-11-30 00:22:29:176] [PocketService.js]: Trigger : DashboardApi
[INFO] [2024-11-30 00:22:29:178] [PocketService.js]: Trigger : GetEndpoints
[INFO] [2024-11-30 00:22:29:184] [PocketService.js]: Trigger : GetServerInfo
[INFO] [2024-11-30 00:22:29:195] [PocketService.js]: Trigger : GetBatchJobs
[INFO] [2024-11-30 00:22:29:205] [PocketService.js]: Trigger : GetAllServerInfo
[INFO] [2024-11-30 00:22:29:281] [PocketService.js]: Trigger : GetBatchHealth
[INFO] [2024-11-30 00:22:29:282] [GetBatchHealth.mjs]: GetBatchhealt servisinde info fırlatıldı
[INFO] [2024-11-30 00:22:29:290] [PocketService.js]: Trigger : GetPocketLog
[INFO] [2024-11-30 00:22:29:332] [DashboardApi.mjs]: Dashboard response:
[INFO] [2024-11-30 00:22:29:335] [DashboardApi.mjs]: [object Object]
[INFO] [2024-11-30 00:22:29:372] [PocketService.js]: Trigger : SaveApiLog
[INFO] [2024-11-30 00:23:00:899] [unknown]: [Scrapper/CeyrekAltinBatch] is running
[INFO] [2024-11-30 00:23:00:902] [CeyrekAltinBatch.mjs]: CeyrekAltin servisine girildi.
[INFO] [2024-11-30 00:23:00:983] [PocketService.js]: Trigger : GetCurrencyWithName
[INFO] [2024-11-30 00:23:00:997] [CeyrekAltinBatch.mjs]: Ceyrek altin fiyati ayni. Güncelleme yapilmadi.
[INFO] [2024-11-30 00:23:01:001] [PocketBatchManager.js]: [Scrapper/CeyrekAltinBatch] is terminate successfully
[ERROR] [2024-11-30 00:23:03:653] [unknown]: SIGINT signal received. The application is shutting down.
Error
[ERROR] [2024-11-30 01:24:19:555] [unknown]: SIGINT signal received. The application is shutting down.
Error
[INFO] [2024-11-30 01:24:56:028] [api.js]: - CheckAbuseipAttacker.mjs loading successfully
[INFO] [2024-11-30 01:24:56:030] [api.js]: - CheckTokenEndpointAuth.mjs loading successfully
[INFO] [2024-11-30 01:24:56:031] [api.js]: - ControlUserPermissionToken.mjs loading successfully
[INFO] [2024-11-30 01:24:56:031] [api.js]: - DecisionRepetiteAttackRequest.mjs loading successfully
[INFO] [2024-11-30 01:24:56:032] [api.js]: - GetActiveRepetiteAttackRequest.mjs loading successfully
[INFO] [2024-11-30 01:24:56:033] [api.js]: - GetAllServerInfo.mjs loading successfully
[INFO] [2024-11-30 01:24:56:034] [api.js]: - GetBatchHealth.mjs loading successfully
[INFO] [2024-11-30 01:24:56:035] [api.js]: - GetEndpoints.mjs loading successfully
[INFO] [2024-11-30 01:24:56:036] [api.js]: - GetPermissionToken.mjs loading successfully
[INFO] [2024-11-30 01:24:56:037] [api.js]: - GetServerInfo.mjs loading successfully
[INFO] [2024-11-30 01:24:56:038] [api.js]: - GetUserService.mjs loading successfully
[INFO] [2024-11-30 01:24:56:038] [api.js]: - GetUserWithEmail.mjs loading successfully
[INFO] [2024-11-30 01:24:56:039] [api.js]: - GetUserWithUserId.mjs loading successfully
[INFO] [2024-11-30 01:24:56:040] [api.js]: - LoginService.mjs loading successfully
[INFO] [2024-11-30 01:24:56:041] [api.js]: - LogoutService.mjs loading successfully
[INFO] [2024-11-30 01:24:56:042] [api.js]: - SaveApiLog.mjs loading successfully
[INFO] [2024-11-30 01:24:56:043] [api.js]: - SaveRepetiteAttackRequest.mjs loading successfully
[INFO] [2024-11-30 01:24:56:045] [api.js]: - SaveServerInfo.mjs loading successfully
[INFO] [2024-11-30 01:24:56:046] [api.js]: - UpdatePermissionToken.mjs loading successfully
[INFO] [2024-11-30 01:24:56:047] [api.js]: - UpdateRepetiteAttackRequest.mjs loading successfully
[INFO] [2024-11-30 01:24:56:048] [api.js]: - UpdateUserService.mjs loading successfully
[INFO] [2024-11-30 01:24:56:053] [api.js]: - DashboardApi.mjs loading successfully
[INFO] [2024-11-30 01:24:56:054] [api.js]: - GetBatchInfo.mjs loading successfully
[INFO] [2024-11-30 01:24:56:056] [api.js]: - GetPocketLog.mjs loading successfully
[INFO] [2024-11-30 01:24:56:062] [api.js]: - UpdateExchangeRate.mjs loading successfully
[INFO] [2024-11-30 01:24:56:067] [api.js]: - CheckOtpAndAccountActivate.mjs loading successfully
[INFO] [2024-11-30 01:24:56:068] [api.js]: - GetUserWithEmail.mjs loading successfully
[INFO] [2024-11-30 01:24:56:070] [api.js]: - LoginService.mjs loading successfully
[INFO] [2024-11-30 01:24:56:071] [api.js]: - PasswordResetSendOTP.mjs loading successfully
[INFO] [2024-11-30 01:24:56:072] [api.js]: - SaveUserService.mjs loading successfully
[INFO] [2024-11-30 01:24:56:073] [api.js]: - SignUpService.mjs loading successfully
[INFO] [2024-11-30 01:24:56:074] [api.js]: - UpdateUserWithEmail.mjs loading successfully
[INFO] [2024-11-30 01:24:56:080] [api.js]: - GetAccount.mjs loading successfully
[INFO] [2024-11-30 01:24:56:081] [api.js]: - Login.mjs loading successfully
[INFO] [2024-11-30 01:24:56:086] [api.js]: - CheckOTP.mjs loading successfully
[INFO] [2024-11-30 01:24:56:087] [api.js]: - CheckTOKEN.mjs loading successfully
[INFO] [2024-11-30 01:24:56:088] [api.js]: - GenerateOTP.mjs loading successfully
[INFO] [2024-11-30 01:24:56:090] [api.js]: - GetOTP.mjs loading successfully
[INFO] [2024-11-30 01:24:56:091] [api.js]: - GetTOKEN.mjs loading successfully
[INFO] [2024-11-30 01:24:56:092] [api.js]: - ITReportSender.mjs loading successfully
[INFO] [2024-11-30 01:24:56:093] [api.js]: - SaveOTP.mjs loading successfully
[INFO] [2024-11-30 01:24:56:094] [api.js]: - SendEmailActivation.mjs loading successfully
[INFO] [2024-11-30 01:24:56:096] [api.js]: - SendNotificationCode.mjs loading successfully
[INFO] [2024-11-30 01:24:56:097] [api.js]: - SendOTP.mjs loading successfully
[INFO] [2024-11-30 01:24:56:098] [api.js]: - SendResumeMail.mjs loading successfully
[INFO] [2024-11-30 01:24:56:098] [api.js]: - SendResumeMailForSuspicious.mjs loading successfully
[INFO] [2024-11-30 01:24:56:099] [api.js]: - UpdateOTP.mjs loading successfully
[INFO] [2024-11-30 01:24:56:100] [api.js]: - ValidateVerifyEmailToken.mjs loading successfully
[INFO] [2024-11-30 01:24:56:105] [api.js]: - GetBatchJobs.mjs loading successfully
[INFO] [2024-11-30 01:24:56:106] [api.js]: - GetBatchJobWithParameter.mjs loading successfully
[INFO] [2024-11-30 01:24:56:107] [api.js]: - GetSecret.mjs loading successfully
[INFO] [2024-11-30 01:24:56:108] [api.js]: - SaveBatchJobs.mjs loading successfully
[INFO] [2024-11-30 01:24:56:109] [api.js]: - SaveServiceInfo.mjs loading successfully
[INFO] [2024-11-30 01:24:56:112] [api.js]: - UpdateBatchJob.mjs loading successfully
[INFO] [2024-11-30 01:24:56:116] [api.js]: - AnalysisAndReportBatch.mjs loading successfully
[INFO] [2024-11-30 01:24:56:117] [api.js]: - APIQueryResume.mjs loading successfully
[INFO] [2024-11-30 01:24:56:118] [api.js]: - DecisionResumeEntry.mjs loading successfully
[INFO] [2024-11-30 01:24:56:119] [api.js]: - FindIpContext.mjs loading successfully
[INFO] [2024-11-30 01:24:56:120] [api.js]: - GetBatchCounter.mjs loading successfully
[INFO] [2024-11-30 01:24:56:122] [api.js]: - GetCounter.mjs loading successfully
[INFO] [2024-11-30 01:24:56:123] [api.js]: - GetResumeData.mjs loading successfully
[INFO] [2024-11-30 01:24:56:124] [api.js]: - QueryDecisionResume.mjs loading successfully
[INFO] [2024-11-30 01:24:56:125] [api.js]: - SaveDecisionResume.mjs loading successfully
[INFO] [2024-11-30 01:24:56:126] [api.js]: - SaveMail.mjs loading successfully
[INFO] [2024-11-30 01:24:56:128] [api.js]: - SearchMail.mjs loading successfully
[INFO] [2024-11-30 01:24:56:129] [api.js]: - UpdateBatchCounter.mjs loading successfully
[INFO] [2024-11-30 01:24:56:130] [api.js]: - UpdateCounter.mjs loading successfully
[INFO] [2024-11-30 01:24:56:131] [api.js]: - UpdateDecisionResume.mjs loading successfully
[INFO] [2024-11-30 01:24:56:132] [api.js]: - VerifyCaptcha.mjs loading successfully
[INFO] [2024-11-30 01:24:56:136] [api.js]: - CeyrekAltinBatch.mjs loading successfully
[INFO] [2024-11-30 01:24:56:137] [api.js]: - DovizKurlariBatch.mjs loading successfully
[INFO] [2024-11-30 01:24:56:139] [api.js]: - GetCurrencyWithName.mjs loading successfully
[INFO] [2024-11-30 01:24:56:140] [api.js]: - UpdateCurrency.mjs loading successfully
[INFO] [2024-11-30 01:24:56:145] [api.js]: - HtmlTemplateTest.mjs loading successfully
[INFO] [2024-11-30 01:24:56:148] [api.js]: - GenerateToken.mjs loading successfully
[INFO] [2024-11-30 01:24:56:153] [api.js]: - GenerateUniqueID.mjs loading successfully
[INFO] [2024-11-30 01:24:56:154] [api.js]: - IpService.mjs loading successfully
[INFO] [2024-11-30 01:24:56:157] [api.js]:
Success process: 77
Fail process: 0
Total Modules: 12
Total Service: 77
[INFO] [2024-11-30 01:24:56:160] [api.js]:
Module and service static check has been completed successfully.
[INFO] [2024-11-30 01:24:56:795] [PocketService.js]: Trigger : SaveServerInfo
[INFO] [2024-11-30 01:24:56:812] [PocketService.js]: Trigger : GetServerInfo
[INFO] [2024-11-30 01:24:56:897] [unknown]: Server is started on port 3000
[REQUEST] [2024-11-30 01:25:06:606] [api.js]:
                                   [MODULE]       : Admpanel
                                   [SERVICE]      : DashboardApi
                                   [ENDPOINT]     : adm-dashboard-info
                                   [METHOD]       : GET
                                   [X-USER-TOKEN] : 65d78580994151d94460ea1f
                                   [IP]           : ::1
[INFO] [2024-11-30 01:25:06:635] [PocketService.js]: Trigger : ControlUserPermissionToken
[INFO] [2024-11-30 01:25:06:658] [PocketService.js]: Trigger : GetPermissionToken
[INFO] [2024-11-30 01:25:06:692] [PocketService.js]: Trigger : UpdatePermissionToken
[INFO] [2024-11-30 01:25:06:752] [PocketService.js]: Trigger : DashboardApi
[INFO] [2024-11-30 01:25:06:768] [PocketService.js]: Trigger : GetEndpoints
[INFO] [2024-11-30 01:25:06:771] [PocketService.js]: Trigger : GetServerInfo
[INFO] [2024-11-30 01:25:06:805] [PocketService.js]: Trigger : GetBatchJobs
[INFO] [2024-11-30 01:25:06:827] [PocketService.js]: Trigger : GetAllServerInfo
[INFO] [2024-11-30 01:25:06:935] [PocketService.js]: Trigger : GetBatchHealth
[INFO] [2024-11-30 01:25:06:936] [GetBatchHealth.mjs]: GetBatchhealt servisinde info fırlatıldı
[INFO] [2024-11-30 01:25:06:966] [PocketService.js]: Trigger : GetPocketLog
[INFO] [2024-11-30 01:25:06:996] [DashboardApi.mjs]: Dashboard response:
[INFO] [2024-11-30 01:25:06:998] [DashboardApi.mjs]: [object Object]
[INFO] [2024-11-30 01:25:07:030] [PocketService.js]: Trigger : SaveApiLog
[ERROR] [2024-11-30 01:33:33:025] [unknown]: SIGINT signal received. The application is shutting down.
Error
[INFO] [2024-11-30 01:33:35:803] [api.js]: - CheckAbuseipAttacker.mjs loading successfully
[INFO] [2024-11-30 01:33:35:806] [api.js]: - CheckTokenEndpointAuth.mjs loading successfully
[INFO] [2024-11-30 01:33:35:807] [api.js]: - ControlUserPermissionToken.mjs loading successfully
[INFO] [2024-11-30 01:33:35:807] [api.js]: - DecisionRepetiteAttackRequest.mjs loading successfully
[INFO] [2024-11-30 01:33:35:808] [api.js]: - GetActiveRepetiteAttackRequest.mjs loading successfully
[INFO] [2024-11-30 01:33:35:808] [api.js]: - GetAllServerInfo.mjs loading successfully
[INFO] [2024-11-30 01:33:35:809] [api.js]: - GetBatchHealth.mjs loading successfully
[INFO] [2024-11-30 01:33:35:810] [api.js]: - GetEndpoints.mjs loading successfully
[INFO] [2024-11-30 01:33:35:811] [api.js]: - GetPermissionToken.mjs loading successfully
[INFO] [2024-11-30 01:33:35:813] [api.js]: - GetServerInfo.mjs loading successfully
[INFO] [2024-11-30 01:33:35:814] [api.js]: - GetUserService.mjs loading successfully
[INFO] [2024-11-30 01:33:35:815] [api.js]: - GetUserWithEmail.mjs loading successfully
[INFO] [2024-11-30 01:33:35:817] [api.js]: - GetUserWithUserId.mjs loading successfully
[INFO] [2024-11-30 01:33:35:818] [api.js]: - LoginService.mjs loading successfully
[INFO] [2024-11-30 01:33:35:819] [api.js]: - LogoutService.mjs loading successfully
[INFO] [2024-11-30 01:33:35:822] [api.js]: - SaveApiLog.mjs loading successfully
[INFO] [2024-11-30 01:33:35:824] [api.js]: - SaveRepetiteAttackRequest.mjs loading successfully
[INFO] [2024-11-30 01:33:35:825] [api.js]: - SaveServerInfo.mjs loading successfully
[INFO] [2024-11-30 01:33:35:827] [api.js]: - UpdatePermissionToken.mjs loading successfully
[INFO] [2024-11-30 01:33:35:828] [api.js]: - UpdateRepetiteAttackRequest.mjs loading successfully
[INFO] [2024-11-30 01:33:35:829] [api.js]: - UpdateUserService.mjs loading successfully
[INFO] [2024-11-30 01:33:35:832] [api.js]: - DashboardApi.mjs loading successfully
[INFO] [2024-11-30 01:33:35:833] [api.js]: - GetBatchInfo.mjs loading successfully
[INFO] [2024-11-30 01:33:35:834] [api.js]: - GetPocketLog.mjs loading successfully
[INFO] [2024-11-30 01:33:35:838] [api.js]: - UpdateExchangeRate.mjs loading successfully
[INFO] [2024-11-30 01:33:35:843] [api.js]: - CheckOtpAndAccountActivate.mjs loading successfully
[INFO] [2024-11-30 01:33:35:845] [api.js]: - GetUserWithEmail.mjs loading successfully
[INFO] [2024-11-30 01:33:35:846] [api.js]: - LoginService.mjs loading successfully
[INFO] [2024-11-30 01:33:35:847] [api.js]: - PasswordResetSendOTP.mjs loading successfully
[INFO] [2024-11-30 01:33:35:848] [api.js]: - SaveUserService.mjs loading successfully
[INFO] [2024-11-30 01:33:35:848] [api.js]: - SignUpService.mjs loading successfully
[INFO] [2024-11-30 01:33:35:849] [api.js]: - UpdateUserWithEmail.mjs loading successfully
[INFO] [2024-11-30 01:33:35:852] [api.js]: - GetAccount.mjs loading successfully
[INFO] [2024-11-30 01:33:35:853] [api.js]: - Login.mjs loading successfully
[INFO] [2024-11-30 01:33:35:858] [api.js]: - CheckOTP.mjs loading successfully
[INFO] [2024-11-30 01:33:35:859] [api.js]: - CheckTOKEN.mjs loading successfully
[INFO] [2024-11-30 01:33:35:861] [api.js]: - GenerateOTP.mjs loading successfully
[INFO] [2024-11-30 01:33:35:862] [api.js]: - GetOTP.mjs loading successfully
[INFO] [2024-11-30 01:33:35:863] [api.js]: - GetTOKEN.mjs loading successfully
[INFO] [2024-11-30 01:33:35:864] [api.js]: - ITReportSender.mjs loading successfully
[INFO] [2024-11-30 01:33:35:865] [api.js]: - SaveOTP.mjs loading successfully
[INFO] [2024-11-30 01:33:35:866] [api.js]: - SendEmailActivation.mjs loading successfully
[INFO] [2024-11-30 01:33:35:866] [api.js]: - SendNotificationCode.mjs loading successfully
[INFO] [2024-11-30 01:33:35:867] [api.js]: - SendOTP.mjs loading successfully
[INFO] [2024-11-30 01:33:35:868] [api.js]: - SendResumeMail.mjs loading successfully
[INFO] [2024-11-30 01:33:35:869] [api.js]: - SendResumeMailForSuspicious.mjs loading successfully
[INFO] [2024-11-30 01:33:35:870] [api.js]: - UpdateOTP.mjs loading successfully
[INFO] [2024-11-30 01:33:35:872] [api.js]: - ValidateVerifyEmailToken.mjs loading successfully
[INFO] [2024-11-30 01:33:35:875] [api.js]: - GetBatchJobs.mjs loading successfully
[INFO] [2024-11-30 01:33:35:878] [api.js]: - GetBatchJobWithParameter.mjs loading successfully
[INFO] [2024-11-30 01:33:35:878] [api.js]: - GetSecret.mjs loading successfully
[INFO] [2024-11-30 01:33:35:879] [api.js]: - SaveBatchJobs.mjs loading successfully
[INFO] [2024-11-30 01:33:35:880] [api.js]: - SaveServiceInfo.mjs loading successfully
[INFO] [2024-11-30 01:33:35:881] [api.js]: - UpdateBatchJob.mjs loading successfully
[INFO] [2024-11-30 01:33:35:884] [api.js]: - AnalysisAndReportBatch.mjs loading successfully
[INFO] [2024-11-30 01:33:35:885] [api.js]: - APIQueryResume.mjs loading successfully
[INFO] [2024-11-30 01:33:35:886] [api.js]: - DecisionResumeEntry.mjs loading successfully
[INFO] [2024-11-30 01:33:35:887] [api.js]: - FindIpContext.mjs loading successfully
[INFO] [2024-11-30 01:33:35:888] [api.js]: - GetBatchCounter.mjs loading successfully
[INFO] [2024-11-30 01:33:35:890] [api.js]: - GetCounter.mjs loading successfully
[INFO] [2024-11-30 01:33:35:890] [api.js]: - GetResumeData.mjs loading successfully
[INFO] [2024-11-30 01:33:35:891] [api.js]: - QueryDecisionResume.mjs loading successfully
[INFO] [2024-11-30 01:33:35:892] [api.js]: - SaveDecisionResume.mjs loading successfully
[INFO] [2024-11-30 01:33:35:894] [api.js]: - SaveMail.mjs loading successfully
[INFO] [2024-11-30 01:33:35:894] [api.js]: - SearchMail.mjs loading successfully
[INFO] [2024-11-30 01:33:35:895] [api.js]: - UpdateBatchCounter.mjs loading successfully
[INFO] [2024-11-30 01:33:35:896] [api.js]: - UpdateCounter.mjs loading successfully
[INFO] [2024-11-30 01:33:35:896] [api.js]: - UpdateDecisionResume.mjs loading successfully
[INFO] [2024-11-30 01:33:35:897] [api.js]: - VerifyCaptcha.mjs loading successfully
[INFO] [2024-11-30 01:33:35:900] [api.js]: - CeyrekAltinBatch.mjs loading successfully
[INFO] [2024-11-30 01:33:35:901] [api.js]: - DovizKurlariBatch.mjs loading successfully
[INFO] [2024-11-30 01:33:35:902] [api.js]: - GetCurrencyWithName.mjs loading successfully
[INFO] [2024-11-30 01:33:35:903] [api.js]: - UpdateCurrency.mjs loading successfully
[INFO] [2024-11-30 01:33:35:907] [api.js]: - HtmlTemplateTest.mjs loading successfully
[INFO] [2024-11-30 01:33:35:911] [api.js]: - GenerateToken.mjs loading successfully
[INFO] [2024-11-30 01:33:35:913] [api.js]: - GenerateUniqueID.mjs loading successfully
[INFO] [2024-11-30 01:33:35:914] [api.js]: - IpService.mjs loading successfully
[INFO] [2024-11-30 01:33:35:916] [api.js]:
Success process: 77
Fail process: 0
Total Modules: 12
Total Service: 77
[INFO] [2024-11-30 01:33:35:917] [api.js]:
Module and service static check has been completed successfully.
[INFO] [2024-11-30 01:33:35:974] [PocketService.js]: Trigger : SaveServerInfo
[INFO] [2024-11-30 01:33:35:978] [PocketService.js]: Trigger : GetServerInfo
[INFO] [2024-11-30 01:33:36:042] [unknown]: Server is started on port 3000
[REQUEST] [2024-11-30 01:33:59:517] [api.js]:
                                   [MODULE]       : Admpanel
                                   [SERVICE]      : GetPocketLog
                                   [ENDPOINT]     : adm-pocket-log
                                   [METHOD]       : GET
                                   [X-USER-TOKEN] : 65d78580994151d94460ea1f
                                   [IP]           : ::1
[INFO] [2024-11-30 01:33:59:523] [PocketService.js]: Trigger : ControlUserPermissionToken
[INFO] [2024-11-30 01:33:59:529] [PocketService.js]: Trigger : GetPermissionToken
[INFO] [2024-11-30 01:33:59:545] [PocketService.js]: Trigger : UpdatePermissionToken
[INFO] [2024-11-30 01:33:59:590] [PocketService.js]: Trigger : GetPocketLog
[ERROR] [2024-11-30 01:33:59:592] [GetPocketLog.mjs]: GetPocketLog servisinde hata meydana geldi: readline is not defined
undefined
[INFO] [2024-11-30 01:33:59:601] [PocketService.js]: Trigger : SaveApiLog
[ERROR] [2024-11-30 01:38:24:057] [unknown]: SIGINT signal received. The application is shutting down.
Error
[INFO] [2024-11-30 01:38:25:322] [api.js]: - CheckAbuseipAttacker.mjs loading successfully
[INFO] [2024-11-30 01:38:25:325] [api.js]: - CheckTokenEndpointAuth.mjs loading successfully
[INFO] [2024-11-30 01:38:25:326] [api.js]: - ControlUserPermissionToken.mjs loading successfully
[INFO] [2024-11-30 01:38:25:327] [api.js]: - DecisionRepetiteAttackRequest.mjs loading successfully
[INFO] [2024-11-30 01:38:25:329] [api.js]: - GetActiveRepetiteAttackRequest.mjs loading successfully
[INFO] [2024-11-30 01:38:25:330] [api.js]: - GetAllServerInfo.mjs loading successfully
[INFO] [2024-11-30 01:38:25:331] [api.js]: - GetBatchHealth.mjs loading successfully
[INFO] [2024-11-30 01:38:25:332] [api.js]: - GetEndpoints.mjs loading successfully
[INFO] [2024-11-30 01:38:25:334] [api.js]: - GetPermissionToken.mjs loading successfully
[INFO] [2024-11-30 01:38:25:335] [api.js]: - GetServerInfo.mjs loading successfully
[INFO] [2024-11-30 01:38:25:337] [api.js]: - GetUserService.mjs loading successfully
[INFO] [2024-11-30 01:38:25:338] [api.js]: - GetUserWithEmail.mjs loading successfully
[INFO] [2024-11-30 01:38:25:339] [api.js]: - GetUserWithUserId.mjs loading successfully
[INFO] [2024-11-30 01:38:25:340] [api.js]: - LoginService.mjs loading successfully
[INFO] [2024-11-30 01:38:25:342] [api.js]: - LogoutService.mjs loading successfully
[INFO] [2024-11-30 01:38:25:343] [api.js]: - SaveApiLog.mjs loading successfully
[INFO] [2024-11-30 01:38:25:345] [api.js]: - SaveRepetiteAttackRequest.mjs loading successfully
[INFO] [2024-11-30 01:38:25:347] [api.js]: - SaveServerInfo.mjs loading successfully
[INFO] [2024-11-30 01:38:25:348] [api.js]: - UpdatePermissionToken.mjs loading successfully
[INFO] [2024-11-30 01:38:25:349] [api.js]: - UpdateRepetiteAttackRequest.mjs loading successfully
[INFO] [2024-11-30 01:38:25:350] [api.js]: - UpdateUserService.mjs loading successfully
[INFO] [2024-11-30 01:38:25:355] [api.js]: - DashboardApi.mjs loading successfully
[INFO] [2024-11-30 01:38:25:356] [api.js]: - GetBatchInfo.mjs loading successfully
[INFO] [2024-11-30 01:38:25:357] [api.js]: - GetPocketLog.mjs loading successfully
[INFO] [2024-11-30 01:38:25:363] [api.js]: - UpdateExchangeRate.mjs loading successfully
[INFO] [2024-11-30 01:38:25:367] [api.js]: - CheckOtpAndAccountActivate.mjs loading successfully
[INFO] [2024-11-30 01:38:25:368] [api.js]: - GetUserWithEmail.mjs loading successfully
[INFO] [2024-11-30 01:38:25:370] [api.js]: - LoginService.mjs loading successfully
[INFO] [2024-11-30 01:38:25:371] [api.js]: - PasswordResetSendOTP.mjs loading successfully
[INFO] [2024-11-30 01:38:25:372] [api.js]: - SaveUserService.mjs loading successfully
[INFO] [2024-11-30 01:38:25:373] [api.js]: - SignUpService.mjs loading successfully
[INFO] [2024-11-30 01:38:25:374] [api.js]: - UpdateUserWithEmail.mjs loading successfully
[INFO] [2024-11-30 01:38:25:378] [api.js]: - GetAccount.mjs loading successfully
[INFO] [2024-11-30 01:38:25:380] [api.js]: - Login.mjs loading successfully
[INFO] [2024-11-30 01:38:25:384] [api.js]: - CheckOTP.mjs loading successfully
[INFO] [2024-11-30 01:38:25:386] [api.js]: - CheckTOKEN.mjs loading successfully
[INFO] [2024-11-30 01:38:25:387] [api.js]: - GenerateOTP.mjs loading successfully
[INFO] [2024-11-30 01:38:25:388] [api.js]: - GetOTP.mjs loading successfully
[INFO] [2024-11-30 01:38:25:389] [api.js]: - GetTOKEN.mjs loading successfully
[INFO] [2024-11-30 01:38:25:390] [api.js]: - ITReportSender.mjs loading successfully
[INFO] [2024-11-30 01:38:25:391] [api.js]: - SaveOTP.mjs loading successfully
[INFO] [2024-11-30 01:38:25:392] [api.js]: - SendEmailActivation.mjs loading successfully
[INFO] [2024-11-30 01:38:25:393] [api.js]: - SendNotificationCode.mjs loading successfully
[INFO] [2024-11-30 01:38:25:394] [api.js]: - SendOTP.mjs loading successfully
[INFO] [2024-11-30 01:38:25:395] [api.js]: - SendResumeMail.mjs loading successfully
[INFO] [2024-11-30 01:38:25:396] [api.js]: - SendResumeMailForSuspicious.mjs loading successfully
[INFO] [2024-11-30 01:38:25:398] [api.js]: - UpdateOTP.mjs loading successfully
[INFO] [2024-11-30 01:38:25:399] [api.js]: - ValidateVerifyEmailToken.mjs loading successfully
[INFO] [2024-11-30 01:38:25:404] [api.js]: - GetBatchJobs.mjs loading successfully
[INFO] [2024-11-30 01:38:25:404] [api.js]: - GetBatchJobWithParameter.mjs loading successfully
[INFO] [2024-11-30 01:38:25:405] [api.js]: - GetSecret.mjs loading successfully
[INFO] [2024-11-30 01:38:25:406] [api.js]: - SaveBatchJobs.mjs loading successfully
[INFO] [2024-11-30 01:38:25:407] [api.js]: - SaveServiceInfo.mjs loading successfully
[INFO] [2024-11-30 01:38:25:408] [api.js]: - UpdateBatchJob.mjs loading successfully
[INFO] [2024-11-30 01:38:25:413] [api.js]: - AnalysisAndReportBatch.mjs loading successfully
[INFO] [2024-11-30 01:38:25:414] [api.js]: - APIQueryResume.mjs loading successfully
[INFO] [2024-11-30 01:38:25:415] [api.js]: - DecisionResumeEntry.mjs loading successfully
[INFO] [2024-11-30 01:38:25:416] [api.js]: - FindIpContext.mjs loading successfully
[INFO] [2024-11-30 01:38:25:417] [api.js]: - GetBatchCounter.mjs loading successfully
[INFO] [2024-11-30 01:38:25:418] [api.js]: - GetCounter.mjs loading successfully
[INFO] [2024-11-30 01:38:25:420] [api.js]: - GetResumeData.mjs loading successfully
[INFO] [2024-11-30 01:38:25:421] [api.js]: - QueryDecisionResume.mjs loading successfully
[INFO] [2024-11-30 01:38:25:422] [api.js]: - SaveDecisionResume.mjs loading successfully
[INFO] [2024-11-30 01:38:25:423] [api.js]: - SaveMail.mjs loading successfully
[INFO] [2024-11-30 01:38:25:424] [api.js]: - SearchMail.mjs loading successfully
[INFO] [2024-11-30 01:38:25:425] [api.js]: - UpdateBatchCounter.mjs loading successfully
[INFO] [2024-11-30 01:38:25:426] [api.js]: - UpdateCounter.mjs loading successfully
[INFO] [2024-11-30 01:38:25:427] [api.js]: - UpdateDecisionResume.mjs loading successfully
[INFO] [2024-11-30 01:38:25:429] [api.js]: - VerifyCaptcha.mjs loading successfully
[INFO] [2024-11-30 01:38:25:433] [api.js]: - CeyrekAltinBatch.mjs loading successfully
[INFO] [2024-11-30 01:38:25:434] [api.js]: - DovizKurlariBatch.mjs loading successfully
[INFO] [2024-11-30 01:38:25:436] [api.js]: - GetCurrencyWithName.mjs loading successfully
[INFO] [2024-11-30 01:38:25:437] [api.js]: - UpdateCurrency.mjs loading successfully
[INFO] [2024-11-30 01:38:25:440] [api.js]: - HtmlTemplateTest.mjs loading successfully
[INFO] [2024-11-30 01:38:25:443] [api.js]: - GenerateToken.mjs loading successfully
[INFO] [2024-11-30 01:38:25:447] [api.js]: - GenerateUniqueID.mjs loading successfully
[INFO] [2024-11-30 01:38:25:448] [api.js]: - IpService.mjs loading successfully
[INFO] [2024-11-30 01:38:25:451] [api.js]:
Success process: 77
Fail process: 0
Total Modules: 12
Total Service: 77
[INFO] [2024-11-30 01:38:25:453] [api.js]:
Module and service static check has been completed successfully.
[INFO] [2024-11-30 01:38:25:509] [PocketService.js]: Trigger : SaveServerInfo
[INFO] [2024-11-30 01:38:25:515] [PocketService.js]: Trigger : GetServerInfo
[INFO] [2024-11-30 01:38:25:577] [unknown]: Server is started on port 3000
[REQUEST] [2024-11-30 01:38:28:979] [api.js]:
                                   [MODULE]       : Admpanel
                                   [SERVICE]      : GetPocketLog
                                   [ENDPOINT]     : adm-pocket-log
                                   [METHOD]       : GET
                                   [X-USER-TOKEN] : 65d78580994151d94460ea1f
                                   [IP]           : ::1
[INFO] [2024-11-30 01:38:28:987] [PocketService.js]: Trigger : ControlUserPermissionToken
[INFO] [2024-11-30 01:38:28:991] [PocketService.js]: Trigger : GetPermissionToken
[INFO] [2024-11-30 01:38:29:006] [PocketService.js]: Trigger : UpdatePermissionToken
[INFO] [2024-11-30 01:38:29:053] [PocketService.js]: Trigger : GetPocketLog
[INFO] [2024-11-30 01:38:29:095] [PocketService.js]: Trigger : SaveApiLog
[REQUEST] [2024-11-30 01:39:26:985] [api.js]:
                                   [MODULE]       : Admpanel
                                   [SERVICE]      : GetPocketLog
                                   [ENDPOINT]     : adm-pocket-log
                                   [METHOD]       : GET
                                   [X-USER-TOKEN] : 65d78580994151d94460ea1f
                                   [IP]           : ::1
[INFO] [2024-11-30 01:39:26:989] [PocketService.js]: Trigger : ControlUserPermissionToken
[INFO] [2024-11-30 01:39:26:991] [PocketService.js]: Trigger : GetPermissionToken
[INFO] [2024-11-30 01:39:27:004] [PocketService.js]: Trigger : UpdatePermissionToken
[INFO] [2024-11-30 01:39:27:019] [PocketService.js]: Trigger : GetPocketLog
[INFO] [2024-11-30 01:39:27:062] [PocketService.js]: Trigger : SaveApiLog
[REQUEST] [2024-11-30 01:39:49:008] [api.js]:
                                   [MODULE]       : Admpanel
                                   [SERVICE]      : GetPocketLog
                                   [ENDPOINT]     : adm-pocket-log
                                   [METHOD]       : GET
                                   [X-USER-TOKEN] : 65d78580994151d94460ea1f
                                   [IP]           : ::1
[INFO] [2024-11-30 01:39:49:013] [PocketService.js]: Trigger : ControlUserPermissionToken
[INFO] [2024-11-30 01:39:49:014] [PocketService.js]: Trigger : GetPermissionToken
[INFO] [2024-11-30 01:39:49:023] [PocketService.js]: Trigger : UpdatePermissionToken
[INFO] [2024-11-30 01:39:49:041] [PocketService.js]: Trigger : GetPocketLog
[INFO] [2024-11-30 01:39:49:085] [PocketService.js]: Trigger : SaveApiLog
[REQUEST] [2024-11-30 01:40:33:563] [api.js]:
                                   [MODULE]       : Admpanel
                                   [SERVICE]      : GetPocketLog
                                   [ENDPOINT]     : adm-pocket-log
                                   [METHOD]       : GET
                                   [X-USER-TOKEN] : 65d78580994151d94460ea1f
                                   [IP]           : ::1
[INFO] [2024-11-30 01:40:33:566] [PocketService.js]: Trigger : ControlUserPermissionToken
[INFO] [2024-11-30 01:40:33:568] [PocketService.js]: Trigger : GetPermissionToken
[INFO] [2024-11-30 01:40:33:574] [PocketService.js]: Trigger : UpdatePermissionToken
[INFO] [2024-11-30 01:40:33:585] [PocketService.js]: Trigger : GetPocketLog
[INFO] [2024-11-30 01:40:33:626] [PocketService.js]: Trigger : SaveApiLog
[REQUEST] [2024-11-30 01:40:46:923] [api.js]:
                                   [MODULE]       : Admpanel
                                   [SERVICE]      : DashboardApi
                                   [ENDPOINT]     : adm-dashboard-info
                                   [METHOD]       : GET
                                   [X-USER-TOKEN] : 65d78580994151d94460ea1f
                                   [IP]           : ::1
[INFO] [2024-11-30 01:40:46:927] [PocketService.js]: Trigger : ControlUserPermissionToken
[INFO] [2024-11-30 01:40:46:929] [PocketService.js]: Trigger : GetPermissionToken
[INFO] [2024-11-30 01:40:46:942] [PocketService.js]: Trigger : UpdatePermissionToken
[INFO] [2024-11-30 01:40:46:961] [PocketService.js]: Trigger : DashboardApi
[INFO] [2024-11-30 01:40:46:967] [PocketService.js]: Trigger : GetEndpoints
[INFO] [2024-11-30 01:40:46:969] [PocketService.js]: Trigger : GetServerInfo
[INFO] [2024-11-30 01:40:46:987] [PocketService.js]: Trigger : GetBatchJobs
[INFO] [2024-11-30 01:40:46:995] [PocketService.js]: Trigger : GetAllServerInfo
[INFO] [2024-11-30 01:40:47:083] [PocketService.js]: Trigger : GetBatchHealth
[INFO] [2024-11-30 01:40:47:084] [GetBatchHealth.mjs]: GetBatchhealt servisinde info fırlatıldı
[INFO] [2024-11-30 01:40:47:093] [PocketService.js]: Trigger : GetPocketLog
[ERROR] [2024-11-30 01:40:47:094] [GetPocketLog.mjs]: GetPocketLog servisinde hata meydana geldi: Cannot destructure property 'startDate' of 'criteria' as it is undefined.
undefined
[ERROR] [2024-11-30 01:40:47:097] [DashboardApi.mjs]: DashboardApi servisinde hata meydana geldi."Error: Log dosyası okunamadı: Cannot destructure property 'startDate' of 'criteria' as it is undefined.
undefined
[INFO] [2024-11-30 01:40:47:102] [PocketService.js]: Trigger : SaveApiLog
[REQUEST] [2024-11-30 01:40:50:934] [api.js]:
                                   [MODULE]       : Admpanel
                                   [SERVICE]      : GetPocketLog
                                   [ENDPOINT]     : adm-pocket-log
                                   [METHOD]       : GET
                                   [X-USER-TOKEN] : 65d78580994151d94460ea1f
                                   [IP]           : ::1
[INFO] [2024-11-30 01:40:50:941] [PocketService.js]: Trigger : ControlUserPermissionToken
[INFO] [2024-11-30 01:40:50:944] [PocketService.js]: Trigger : GetPermissionToken
[INFO] [2024-11-30 01:40:50:975] [PocketService.js]: Trigger : UpdatePermissionToken
[INFO] [2024-11-30 01:40:50:994] [PocketService.js]: Trigger : GetPocketLog
[INFO] [2024-11-30 01:40:51:032] [PocketService.js]: Trigger : SaveApiLog
[ERROR] [2024-11-30 01:43:23:882] [unknown]: SIGINT signal received. The application is shutting down.
Error
[INFO] [2024-11-30 01:43:25:802] [api.js]: - CheckAbuseipAttacker.mjs loading successfully
[INFO] [2024-11-30 01:43:25:805] [api.js]: - CheckTokenEndpointAuth.mjs loading successfully
[INFO] [2024-11-30 01:43:25:806] [api.js]: - ControlUserPermissionToken.mjs loading successfully
[INFO] [2024-11-30 01:43:25:807] [api.js]: - DecisionRepetiteAttackRequest.mjs loading successfully
[INFO] [2024-11-30 01:43:25:808] [api.js]: - GetActiveRepetiteAttackRequest.mjs loading successfully
[INFO] [2024-11-30 01:43:25:809] [api.js]: - GetAllServerInfo.mjs loading successfully
[INFO] [2024-11-30 01:43:25:811] [api.js]: - GetBatchHealth.mjs loading successfully
[INFO] [2024-11-30 01:43:25:812] [api.js]: - GetEndpoints.mjs loading successfully
[INFO] [2024-11-30 01:43:25:813] [api.js]: - GetPermissionToken.mjs loading successfully
[INFO] [2024-11-30 01:43:25:814] [api.js]: - GetServerInfo.mjs loading successfully
[INFO] [2024-11-30 01:43:25:816] [api.js]: - GetUserService.mjs loading successfully
[INFO] [2024-11-30 01:43:25:817] [api.js]: - GetUserWithEmail.mjs loading successfully
[INFO] [2024-11-30 01:43:25:819] [api.js]: - GetUserWithUserId.mjs loading successfully
[INFO] [2024-11-30 01:43:25:820] [api.js]: - LoginService.mjs loading successfully
[INFO] [2024-11-30 01:43:25:821] [api.js]: - LogoutService.mjs loading successfully
[INFO] [2024-11-30 01:43:25:822] [api.js]: - SaveApiLog.mjs loading successfully
[INFO] [2024-11-30 01:43:25:823] [api.js]: - SaveRepetiteAttackRequest.mjs loading successfully
[INFO] [2024-11-30 01:43:25:825] [api.js]: - SaveServerInfo.mjs loading successfully
[INFO] [2024-11-30 01:43:25:826] [api.js]: - UpdatePermissionToken.mjs loading successfully
[INFO] [2024-11-30 01:43:25:827] [api.js]: - UpdateRepetiteAttackRequest.mjs loading successfully
[INFO] [2024-11-30 01:43:25:828] [api.js]: - UpdateUserService.mjs loading successfully
[INFO] [2024-11-30 01:43:25:831] [api.js]: - DashboardApi.mjs loading successfully
[INFO] [2024-11-30 01:43:25:833] [api.js]: - GetBatchInfo.mjs loading successfully
[INFO] [2024-11-30 01:43:25:834] [api.js]: - GetPocketLog.mjs loading successfully
[INFO] [2024-11-30 01:43:25:838] [api.js]: - UpdateExchangeRate.mjs loading successfully
[INFO] [2024-11-30 01:43:25:841] [api.js]: - CheckOtpAndAccountActivate.mjs loading successfully
[INFO] [2024-11-30 01:43:25:842] [api.js]: - GetUserWithEmail.mjs loading successfully
[INFO] [2024-11-30 01:43:25:843] [api.js]: - LoginService.mjs loading successfully
[INFO] [2024-11-30 01:43:25:844] [api.js]: - PasswordResetSendOTP.mjs loading successfully
[INFO] [2024-11-30 01:43:25:846] [api.js]: - SaveUserService.mjs loading successfully
[INFO] [2024-11-30 01:43:25:847] [api.js]: - SignUpService.mjs loading successfully
[INFO] [2024-11-30 01:43:25:848] [api.js]: - UpdateUserWithEmail.mjs loading successfully
[INFO] [2024-11-30 01:43:25:852] [api.js]: - GetAccount.mjs loading successfully
[INFO] [2024-11-30 01:43:25:853] [api.js]: - Login.mjs loading successfully
[INFO] [2024-11-30 01:43:25:857] [api.js]: - CheckOTP.mjs loading successfully
[INFO] [2024-11-30 01:43:25:858] [api.js]: - CheckTOKEN.mjs loading successfully
[INFO] [2024-11-30 01:43:25:859] [api.js]: - GenerateOTP.mjs loading successfully
[INFO] [2024-11-30 01:43:25:860] [api.js]: - GetOTP.mjs loading successfully
[INFO] [2024-11-30 01:43:25:861] [api.js]: - GetTOKEN.mjs loading successfully
[INFO] [2024-11-30 01:43:25:863] [api.js]: - ITReportSender.mjs loading successfully
[INFO] [2024-11-30 01:43:25:864] [api.js]: - SaveOTP.mjs loading successfully
[INFO] [2024-11-30 01:43:25:865] [api.js]: - SendEmailActivation.mjs loading successfully
[INFO] [2024-11-30 01:43:25:866] [api.js]: - SendNotificationCode.mjs loading successfully
[INFO] [2024-11-30 01:43:25:867] [api.js]: - SendOTP.mjs loading successfully
[INFO] [2024-11-30 01:43:25:868] [api.js]: - SendResumeMail.mjs loading successfully
[INFO] [2024-11-30 01:43:25:869] [api.js]: - SendResumeMailForSuspicious.mjs loading successfully
[INFO] [2024-11-30 01:43:25:870] [api.js]: - UpdateOTP.mjs loading successfully
[INFO] [2024-11-30 01:43:25:872] [api.js]: - ValidateVerifyEmailToken.mjs loading successfully
[INFO] [2024-11-30 01:43:25:875] [api.js]: - GetBatchJobs.mjs loading successfully
[INFO] [2024-11-30 01:43:25:877] [api.js]: - GetBatchJobWithParameter.mjs loading successfully
[INFO] [2024-11-30 01:43:25:879] [api.js]: - GetSecret.mjs loading successfully
[INFO] [2024-11-30 01:43:25:880] [api.js]: - SaveBatchJobs.mjs loading successfully
[INFO] [2024-11-30 01:43:25:881] [api.js]: - SaveServiceInfo.mjs loading successfully
[INFO] [2024-11-30 01:43:25:882] [api.js]: - UpdateBatchJob.mjs loading successfully
[INFO] [2024-11-30 01:43:25:886] [api.js]: - AnalysisAndReportBatch.mjs loading successfully
[INFO] [2024-11-30 01:43:25:887] [api.js]: - APIQueryResume.mjs loading successfully
[INFO] [2024-11-30 01:43:25:888] [api.js]: - DecisionResumeEntry.mjs loading successfully
[INFO] [2024-11-30 01:43:25:889] [api.js]: - FindIpContext.mjs loading successfully
[INFO] [2024-11-30 01:43:25:890] [api.js]: - GetBatchCounter.mjs loading successfully
[INFO] [2024-11-30 01:43:25:891] [api.js]: - GetCounter.mjs loading successfully
[INFO] [2024-11-30 01:43:25:893] [api.js]: - GetResumeData.mjs loading successfully
[INFO] [2024-11-30 01:43:25:894] [api.js]: - QueryDecisionResume.mjs loading successfully
[INFO] [2024-11-30 01:43:25:896] [api.js]: - SaveDecisionResume.mjs loading successfully
[INFO] [2024-11-30 01:43:25:897] [api.js]: - SaveMail.mjs loading successfully
[INFO] [2024-11-30 01:43:25:898] [api.js]: - SearchMail.mjs loading successfully
[INFO] [2024-11-30 01:43:25:899] [api.js]: - UpdateBatchCounter.mjs loading successfully
[INFO] [2024-11-30 01:43:25:901] [api.js]: - UpdateCounter.mjs loading successfully
[INFO] [2024-11-30 01:43:25:902] [api.js]: - UpdateDecisionResume.mjs loading successfully
[INFO] [2024-11-30 01:43:25:903] [api.js]: - VerifyCaptcha.mjs loading successfully
[INFO] [2024-11-30 01:43:25:907] [api.js]: - CeyrekAltinBatch.mjs loading successfully
[INFO] [2024-11-30 01:43:25:908] [api.js]: - DovizKurlariBatch.mjs loading successfully
[INFO] [2024-11-30 01:43:25:909] [api.js]: - GetCurrencyWithName.mjs loading successfully
[INFO] [2024-11-30 01:43:25:910] [api.js]: - UpdateCurrency.mjs loading successfully
[INFO] [2024-11-30 01:43:25:915] [api.js]: - HtmlTemplateTest.mjs loading successfully
[INFO] [2024-11-30 01:43:25:919] [api.js]: - GenerateToken.mjs loading successfully
[INFO] [2024-11-30 01:43:25:922] [api.js]: - GenerateUniqueID.mjs loading successfully
[INFO] [2024-11-30 01:43:25:923] [api.js]: - IpService.mjs loading successfully
[INFO] [2024-11-30 01:43:25:925] [api.js]:
Success process: 77
Fail process: 0
Total Modules: 12
Total Service: 77
[INFO] [2024-11-30 01:43:25:927] [api.js]:
Module and service static check has been completed successfully.
[INFO] [2024-11-30 01:43:25:980] [PocketService.js]: Trigger : SaveServerInfo
[INFO] [2024-11-30 01:43:25:986] [PocketService.js]: Trigger : GetServerInfo
[INFO] [2024-11-30 01:43:26:056] [unknown]: Server is started on port 3000
[REQUEST] [2024-11-30 01:43:29:138] [api.js]:
                                   [MODULE]       : Admpanel
                                   [SERVICE]      : GetPocketLog
                                   [ENDPOINT]     : adm-pocket-log
                                   [METHOD]       : GET
                                   [X-USER-TOKEN] : 65d78580994151d94460ea1f
                                   [IP]           : ::1
[INFO] [2024-11-30 01:43:29:144] [PocketService.js]: Trigger : ControlUserPermissionToken
[INFO] [2024-11-30 01:43:29:151] [PocketService.js]: Trigger : GetPermissionToken
[INFO] [2024-11-30 01:43:29:164] [PocketService.js]: Trigger : UpdatePermissionToken
[INFO] [2024-11-30 01:43:29:206] [PocketService.js]: Trigger : GetPocketLog
[INFO] [2024-11-30 01:43:29:245] [PocketService.js]: Trigger : SaveApiLog
[REQUEST] [2024-11-30 01:43:37:750] [api.js]:
                                   [MODULE]       : Admpanel
                                   [SERVICE]      : DashboardApi
                                   [ENDPOINT]     : adm-dashboard-info
                                   [METHOD]       : GET
                                   [X-USER-TOKEN] : 65d78580994151d94460ea1f
                                   [IP]           : ::1
[INFO] [2024-11-30 01:43:37:755] [PocketService.js]: Trigger : ControlUserPermissionToken
[INFO] [2024-11-30 01:43:37:759] [PocketService.js]: Trigger : GetPermissionToken
[INFO] [2024-11-30 01:43:37:770] [PocketService.js]: Trigger : UpdatePermissionToken
[INFO] [2024-11-30 01:43:37:792] [PocketService.js]: Trigger : DashboardApi
[INFO] [2024-11-30 01:43:37:799] [PocketService.js]: Trigger : GetEndpoints
[INFO] [2024-11-30 01:43:37:802] [PocketService.js]: Trigger : GetServerInfo
[INFO] [2024-11-30 01:43:37:820] [PocketService.js]: Trigger : GetBatchJobs
[INFO] [2024-11-30 01:43:37:831] [PocketService.js]: Trigger : GetAllServerInfo
[INFO] [2024-11-30 01:43:37:924] [PocketService.js]: Trigger : GetBatchHealth
[INFO] [2024-11-30 01:43:37:925] [GetBatchHealth.mjs]: GetBatchhealt servisinde info fırlatıldı
[INFO] [2024-11-30 01:43:37:934] [PocketService.js]: Trigger : GetPocketLog
[ERROR] [2024-11-30 01:43:37:935] [GetPocketLog.mjs]: GetPocketLog servisinde hata meydana geldi: Cannot destructure property 'startDate' of 'criteria' as it is undefined.
undefined
[ERROR] [2024-11-30 01:43:37:937] [DashboardApi.mjs]: DashboardApi servisinde hata meydana geldi."Error: Log dosyası okunamadı: Cannot destructure property 'startDate' of 'criteria' as it is undefined.
undefined
[INFO] [2024-11-30 01:43:37:940] [PocketService.js]: Trigger : SaveApiLog
[REQUEST] [2024-11-30 01:43:57:834] [api.js]:
                                   [MODULE]       : Admpanel
                                   [SERVICE]      : DashboardApi
                                   [ENDPOINT]     : adm-dashboard-info
                                   [METHOD]       : GET
                                   [X-USER-TOKEN] : 65d78580994151d94460ea1f
                                   [IP]           : ::1
[INFO] [2024-11-30 01:43:57:839] [PocketService.js]: Trigger : ControlUserPermissionToken
[INFO] [2024-11-30 01:43:57:841] [PocketService.js]: Trigger : GetPermissionToken
[INFO] [2024-11-30 01:43:57:854] [PocketService.js]: Trigger : UpdatePermissionToken
[INFO] [2024-11-30 01:43:57:873] [PocketService.js]: Trigger : DashboardApi
[INFO] [2024-11-30 01:43:57:875] [PocketService.js]: Trigger : GetEndpoints
[INFO] [2024-11-30 01:43:57:877] [PocketService.js]: Trigger : GetServerInfo
[INFO] [2024-11-30 01:43:57:890] [PocketService.js]: Trigger : GetBatchJobs
[INFO] [2024-11-30 01:43:57:894] [PocketService.js]: Trigger : GetAllServerInfo
[INFO] [2024-11-30 01:43:57:973] [PocketService.js]: Trigger : GetBatchHealth
[INFO] [2024-11-30 01:43:57:974] [GetBatchHealth.mjs]: GetBatchhealt servisinde info fırlatıldı
[INFO] [2024-11-30 01:43:57:980] [PocketService.js]: Trigger : GetPocketLog
[ERROR] [2024-11-30 01:43:57:982] [GetPocketLog.mjs]: GetPocketLog servisinde hata meydana geldi: Cannot destructure property 'startDate' of 'criteria' as it is undefined.
undefined
[ERROR] [2024-11-30 01:43:57:983] [DashboardApi.mjs]: DashboardApi servisinde hata meydana geldi."Error: Log dosyası okunamadı: Cannot destructure property 'startDate' of 'criteria' as it is undefined.
undefined
[INFO] [2024-11-30 01:43:57:986] [PocketService.js]: Trigger : SaveApiLog
[ERROR] [2024-11-30 01:44:01:191] [unknown]: SIGINT signal received. The application is shutting down.
Error
[INFO] [2024-11-30 01:44:02:355] [api.js]: - CheckAbuseipAttacker.mjs loading successfully
[INFO] [2024-11-30 01:44:02:357] [api.js]: - CheckTokenEndpointAuth.mjs loading successfully
[INFO] [2024-11-30 01:44:02:359] [api.js]: - ControlUserPermissionToken.mjs loading successfully
[INFO] [2024-11-30 01:44:02:360] [api.js]: - DecisionRepetiteAttackRequest.mjs loading successfully
[INFO] [2024-11-30 01:44:02:361] [api.js]: - GetActiveRepetiteAttackRequest.mjs loading successfully
[INFO] [2024-11-30 01:44:02:362] [api.js]: - GetAllServerInfo.mjs loading successfully
[INFO] [2024-11-30 01:44:02:364] [api.js]: - GetBatchHealth.mjs loading successfully
[INFO] [2024-11-30 01:44:02:365] [api.js]: - GetEndpoints.mjs loading successfully
[INFO] [2024-11-30 01:44:02:366] [api.js]: - GetPermissionToken.mjs loading successfully
[INFO] [2024-11-30 01:44:02:368] [api.js]: - GetServerInfo.mjs loading successfully
[INFO] [2024-11-30 01:44:02:369] [api.js]: - GetUserService.mjs loading successfully
[INFO] [2024-11-30 01:44:02:371] [api.js]: - GetUserWithEmail.mjs loading successfully
[INFO] [2024-11-30 01:44:02:372] [api.js]: - GetUserWithUserId.mjs loading successfully
[INFO] [2024-11-30 01:44:02:373] [api.js]: - LoginService.mjs loading successfully
[INFO] [2024-11-30 01:44:02:375] [api.js]: - LogoutService.mjs loading successfully
[INFO] [2024-11-30 01:44:02:376] [api.js]: - SaveApiLog.mjs loading successfully
[INFO] [2024-11-30 01:44:02:377] [api.js]: - SaveRepetiteAttackRequest.mjs loading successfully
[INFO] [2024-11-30 01:44:02:378] [api.js]: - SaveServerInfo.mjs loading successfully
[INFO] [2024-11-30 01:44:02:380] [api.js]: - UpdatePermissionToken.mjs loading successfully
[INFO] [2024-11-30 01:44:02:381] [api.js]: - UpdateRepetiteAttackRequest.mjs loading successfully
[INFO] [2024-11-30 01:44:02:382] [api.js]: - UpdateUserService.mjs loading successfully
[INFO] [2024-11-30 01:44:02:387] [api.js]: - DashboardApi.mjs loading successfully
[INFO] [2024-11-30 01:44:02:388] [api.js]: - GetBatchInfo.mjs loading successfully
[INFO] [2024-11-30 01:44:02:389] [api.js]: - GetPocketLog.mjs loading successfully
[INFO] [2024-11-30 01:44:02:393] [api.js]: - UpdateExchangeRate.mjs loading successfully
[INFO] [2024-11-30 01:44:02:398] [api.js]: - CheckOtpAndAccountActivate.mjs loading successfully
[INFO] [2024-11-30 01:44:02:399] [api.js]: - GetUserWithEmail.mjs loading successfully
[INFO] [2024-11-30 01:44:02:400] [api.js]: - LoginService.mjs loading successfully
[INFO] [2024-11-30 01:44:02:402] [api.js]: - PasswordResetSendOTP.mjs loading successfully
[INFO] [2024-11-30 01:44:02:403] [api.js]: - SaveUserService.mjs loading successfully
[INFO] [2024-11-30 01:44:02:404] [api.js]: - SignUpService.mjs loading successfully
[INFO] [2024-11-30 01:44:02:405] [api.js]: - UpdateUserWithEmail.mjs loading successfully
[INFO] [2024-11-30 01:44:02:407] [api.js]: - GetAccount.mjs loading successfully
[INFO] [2024-11-30 01:44:02:408] [api.js]: - Login.mjs loading successfully
[INFO] [2024-11-30 01:44:02:412] [api.js]: - CheckOTP.mjs loading successfully
[INFO] [2024-11-30 01:44:02:413] [api.js]: - CheckTOKEN.mjs loading successfully
[INFO] [2024-11-30 01:44:02:414] [api.js]: - GenerateOTP.mjs loading successfully
[INFO] [2024-11-30 01:44:02:415] [api.js]: - GetOTP.mjs loading successfully
[INFO] [2024-11-30 01:44:02:416] [api.js]: - GetTOKEN.mjs loading successfully
[INFO] [2024-11-30 01:44:02:418] [api.js]: - ITReportSender.mjs loading successfully
[INFO] [2024-11-30 01:44:02:419] [api.js]: - SaveOTP.mjs loading successfully
[INFO] [2024-11-30 01:44:02:420] [api.js]: - SendEmailActivation.mjs loading successfully
[INFO] [2024-11-30 01:44:02:421] [api.js]: - SendNotificationCode.mjs loading successfully
[INFO] [2024-11-30 01:44:02:422] [api.js]: - SendOTP.mjs loading successfully
[INFO] [2024-11-30 01:44:02:423] [api.js]: - SendResumeMail.mjs loading successfully
[INFO] [2024-11-30 01:44:02:424] [api.js]: - SendResumeMailForSuspicious.mjs loading successfully
[INFO] [2024-11-30 01:44:02:425] [api.js]: - UpdateOTP.mjs loading successfully
[INFO] [2024-11-30 01:44:02:426] [api.js]: - ValidateVerifyEmailToken.mjs loading successfully
[INFO] [2024-11-30 01:44:02:430] [api.js]: - GetBatchJobs.mjs loading successfully
[INFO] [2024-11-30 01:44:02:431] [api.js]: - GetBatchJobWithParameter.mjs loading successfully
[INFO] [2024-11-30 01:44:02:432] [api.js]: - GetSecret.mjs loading successfully
[INFO] [2024-11-30 01:44:02:433] [api.js]: - SaveBatchJobs.mjs loading successfully
[INFO] [2024-11-30 01:44:02:435] [api.js]: - SaveServiceInfo.mjs loading successfully
[INFO] [2024-11-30 01:44:02:436] [api.js]: - UpdateBatchJob.mjs loading successfully
[INFO] [2024-11-30 01:44:02:439] [api.js]: - AnalysisAndReportBatch.mjs loading successfully
[INFO] [2024-11-30 01:44:02:440] [api.js]: - APIQueryResume.mjs loading successfully
[INFO] [2024-11-30 01:44:02:441] [api.js]: - DecisionResumeEntry.mjs loading successfully
[INFO] [2024-11-30 01:44:02:442] [api.js]: - FindIpContext.mjs loading successfully
[INFO] [2024-11-30 01:44:02:443] [api.js]: - GetBatchCounter.mjs loading successfully
[INFO] [2024-11-30 01:44:02:444] [api.js]: - GetCounter.mjs loading successfully
[INFO] [2024-11-30 01:44:02:445] [api.js]: - GetResumeData.mjs loading successfully
[INFO] [2024-11-30 01:44:02:446] [api.js]: - QueryDecisionResume.mjs loading successfully
[INFO] [2024-11-30 01:44:02:447] [api.js]: - SaveDecisionResume.mjs loading successfully
[INFO] [2024-11-30 01:44:02:449] [api.js]: - SaveMail.mjs loading successfully
[INFO] [2024-11-30 01:44:02:450] [api.js]: - SearchMail.mjs loading successfully
[INFO] [2024-11-30 01:44:02:452] [api.js]: - UpdateBatchCounter.mjs loading successfully
[INFO] [2024-11-30 01:44:02:453] [api.js]: - UpdateCounter.mjs loading successfully
[INFO] [2024-11-30 01:44:02:454] [api.js]: - UpdateDecisionResume.mjs loading successfully
[INFO] [2024-11-30 01:44:02:454] [api.js]: - VerifyCaptcha.mjs loading successfully
[INFO] [2024-11-30 01:44:02:458] [api.js]: - CeyrekAltinBatch.mjs loading successfully
[INFO] [2024-11-30 01:44:02:459] [api.js]: - DovizKurlariBatch.mjs loading successfully
[INFO] [2024-11-30 01:44:02:460] [api.js]: - GetCurrencyWithName.mjs loading successfully
[INFO] [2024-11-30 01:44:02:461] [api.js]: - UpdateCurrency.mjs loading successfully
[INFO] [2024-11-30 01:44:02:465] [api.js]: - HtmlTemplateTest.mjs loading successfully
[INFO] [2024-11-30 01:44:02:469] [api.js]: - GenerateToken.mjs loading successfully
[INFO] [2024-11-30 01:44:02:472] [api.js]: - GenerateUniqueID.mjs loading successfully
[INFO] [2024-11-30 01:44:02:473] [api.js]: - IpService.mjs loading successfully
[INFO] [2024-11-30 01:44:02:475] [api.js]:
Success process: 77
Fail process: 0
Total Modules: 12
Total Service: 77
[INFO] [2024-11-30 01:44:02:477] [api.js]:
Module and service static check has been completed successfully.
[INFO] [2024-11-30 01:44:02:528] [PocketService.js]: Trigger : SaveServerInfo
[INFO] [2024-11-30 01:44:02:532] [PocketService.js]: Trigger : GetServerInfo
[INFO] [2024-11-30 01:44:02:600] [unknown]: Server is started on port 3000
[REQUEST] [2024-11-30 01:44:05:580] [api.js]:
                                   [MODULE]       : Admpanel
                                   [SERVICE]      : GetPocketLog
                                   [ENDPOINT]     : adm-pocket-log
                                   [METHOD]       : GET
                                   [X-USER-TOKEN] : 65d78580994151d94460ea1f
                                   [IP]           : ::1
[INFO] [2024-11-30 01:44:05:585] [PocketService.js]: Trigger : ControlUserPermissionToken
[INFO] [2024-11-30 01:44:05:589] [PocketService.js]: Trigger : GetPermissionToken
[INFO] [2024-11-30 01:44:05:606] [PocketService.js]: Trigger : UpdatePermissionToken
[INFO] [2024-11-30 01:44:05:647] [PocketService.js]: Trigger : GetPocketLog
[INFO] [2024-11-30 01:44:05:697] [PocketService.js]: Trigger : SaveApiLog
[REQUEST] [2024-11-30 18:34:16:347] [api.js]:
                                   [MODULE]       : Admpanel
                                   [SERVICE]      : GetPocketLog
                                   [ENDPOINT]     : adm-pocket-log
                                   [METHOD]       : GET
                                   [X-USER-TOKEN] : 65d78580994151d94460ea1f
                                   [IP]           : ::1
[INFO] [2024-11-30 18:34:16:351] [PocketService.js]: Trigger : ControlUserPermissionToken
[INFO] [2024-11-30 18:34:16:353] [PocketService.js]: Trigger : GetPermissionToken
[INFO] [2024-11-30 18:34:16:377] [PocketService.js]: Trigger : UpdatePermissionToken
[INFO] [2024-11-30 18:34:16:392] [PocketService.js]: Trigger : GetPocketLog
[INFO] [2024-11-30 18:34:16:431] [PocketService.js]: Trigger : SaveApiLog
[ERROR] [2024-11-30 18:34:45:322] [unknown]: SIGINT signal received. The application is shutting down.
Error
[INFO] [2024-11-30 18:34:46:796] [api.js]: - CheckAbuseipAttacker.mjs loading successfully
[INFO] [2024-11-30 18:34:46:799] [api.js]: - CheckTokenEndpointAuth.mjs loading successfully
[INFO] [2024-11-30 18:34:46:800] [api.js]: - ControlUserPermissionToken.mjs loading successfully
[INFO] [2024-11-30 18:34:46:801] [api.js]: - DecisionRepetiteAttackRequest.mjs loading successfully
[INFO] [2024-11-30 18:34:46:802] [api.js]: - GetActiveRepetiteAttackRequest.mjs loading successfully
[INFO] [2024-11-30 18:34:46:803] [api.js]: - GetAllServerInfo.mjs loading successfully
[INFO] [2024-11-30 18:34:46:804] [api.js]: - GetBatchHealth.mjs loading successfully
[INFO] [2024-11-30 18:34:46:806] [api.js]: - GetEndpoints.mjs loading successfully
[INFO] [2024-11-30 18:34:46:807] [api.js]: - GetPermissionToken.mjs loading successfully
[INFO] [2024-11-30 18:34:46:809] [api.js]: - GetServerInfo.mjs loading successfully
[INFO] [2024-11-30 18:34:46:810] [api.js]: - GetUserService.mjs loading successfully
[INFO] [2024-11-30 18:34:46:811] [api.js]: - GetUserWithEmail.mjs loading successfully
[INFO] [2024-11-30 18:34:46:813] [api.js]: - GetUserWithUserId.mjs loading successfully
[INFO] [2024-11-30 18:34:46:815] [api.js]: - LoginService.mjs loading successfully
[INFO] [2024-11-30 18:34:46:817] [api.js]: - LogoutService.mjs loading successfully
[INFO] [2024-11-30 18:34:46:819] [api.js]: - SaveApiLog.mjs loading successfully
[INFO] [2024-11-30 18:34:46:820] [api.js]: - SaveRepetiteAttackRequest.mjs loading successfully
[INFO] [2024-11-30 18:34:46:822] [api.js]: - SaveServerInfo.mjs loading successfully
[INFO] [2024-11-30 18:34:46:824] [api.js]: - UpdatePermissionToken.mjs loading successfully
[INFO] [2024-11-30 18:34:46:825] [api.js]: - UpdateRepetiteAttackRequest.mjs loading successfully
[INFO] [2024-11-30 18:34:46:826] [api.js]: - UpdateUserService.mjs loading successfully
[INFO] [2024-11-30 18:34:46:829] [api.js]: - DashboardApi.mjs loading successfully
[INFO] [2024-11-30 18:34:46:830] [api.js]: - GetBatchInfo.mjs loading successfully
[INFO] [2024-11-30 18:34:46:831] [api.js]: - GetPocketLog.mjs loading successfully
[INFO] [2024-11-30 18:34:46:836] [api.js]: - UpdateExchangeRate.mjs loading successfully
[INFO] [2024-11-30 18:34:46:841] [api.js]: - CheckOtpAndAccountActivate.mjs loading successfully
[INFO] [2024-11-30 18:34:46:842] [api.js]: - GetUserWithEmail.mjs loading successfully
[INFO] [2024-11-30 18:34:46:843] [api.js]: - LoginService.mjs loading successfully
[INFO] [2024-11-30 18:34:46:844] [api.js]: - PasswordResetSendOTP.mjs loading successfully
[INFO] [2024-11-30 18:34:46:845] [api.js]: - SaveUserService.mjs loading successfully
[INFO] [2024-11-30 18:34:46:846] [api.js]: - SignUpService.mjs loading successfully
[INFO] [2024-11-30 18:34:46:846] [api.js]: - UpdateUserWithEmail.mjs loading successfully
[INFO] [2024-11-30 18:34:46:851] [api.js]: - GetAccount.mjs loading successfully
[INFO] [2024-11-30 18:34:46:852] [api.js]: - Login.mjs loading successfully
[INFO] [2024-11-30 18:34:46:855] [api.js]: - CheckOTP.mjs loading successfully
[INFO] [2024-11-30 18:34:46:857] [api.js]: - CheckTOKEN.mjs loading successfully
[INFO] [2024-11-30 18:34:46:858] [api.js]: - GenerateOTP.mjs loading successfully
[INFO] [2024-11-30 18:34:46:859] [api.js]: - GetOTP.mjs loading successfully
[INFO] [2024-11-30 18:34:46:860] [api.js]: - GetTOKEN.mjs loading successfully
[INFO] [2024-11-30 18:34:46:861] [api.js]: - ITReportSender.mjs loading successfully
[INFO] [2024-11-30 18:34:46:862] [api.js]: - SaveOTP.mjs loading successfully
[INFO] [2024-11-30 18:34:46:862] [api.js]: - SendEmailActivation.mjs loading successfully
[INFO] [2024-11-30 18:34:46:863] [api.js]: - SendNotificationCode.mjs loading successfully
[INFO] [2024-11-30 18:34:46:866] [api.js]: - SendOTP.mjs loading successfully
[INFO] [2024-11-30 18:34:46:867] [api.js]: - SendResumeMail.mjs loading successfully
[INFO] [2024-11-30 18:34:46:868] [api.js]: - SendResumeMailForSuspicious.mjs loading successfully
[INFO] [2024-11-30 18:34:46:869] [api.js]: - UpdateOTP.mjs loading successfully
[INFO] [2024-11-30 18:34:46:870] [api.js]: - ValidateVerifyEmailToken.mjs loading successfully
[INFO] [2024-11-30 18:34:46:874] [api.js]: - GetBatchJobs.mjs loading successfully
[INFO] [2024-11-30 18:34:46:875] [api.js]: - GetBatchJobWithParameter.mjs loading successfully
[INFO] [2024-11-30 18:34:46:876] [api.js]: - GetSecret.mjs loading successfully
[INFO] [2024-11-30 18:34:46:877] [api.js]: - SaveBatchJobs.mjs loading successfully
[INFO] [2024-11-30 18:34:46:878] [api.js]: - SaveServiceInfo.mjs loading successfully
[INFO] [2024-11-30 18:34:46:879] [api.js]: - UpdateBatchJob.mjs loading successfully
[INFO] [2024-11-30 18:34:46:883] [api.js]: - AnalysisAndReportBatch.mjs loading successfully
[INFO] [2024-11-30 18:34:46:884] [api.js]: - APIQueryResume.mjs loading successfully
[INFO] [2024-11-30 18:34:46:887] [api.js]: - DecisionResumeEntry.mjs loading successfully
[INFO] [2024-11-30 18:34:46:889] [api.js]: - FindIpContext.mjs loading successfully
[INFO] [2024-11-30 18:34:46:890] [api.js]: - GetBatchCounter.mjs loading successfully
[INFO] [2024-11-30 18:34:46:892] [api.js]: - GetCounter.mjs loading successfully
[INFO] [2024-11-30 18:34:46:893] [api.js]: - GetResumeData.mjs loading successfully
[INFO] [2024-11-30 18:34:46:894] [api.js]: - QueryDecisionResume.mjs loading successfully
[INFO] [2024-11-30 18:34:46:894] [api.js]: - SaveDecisionResume.mjs loading successfully
[INFO] [2024-11-30 18:34:46:895] [api.js]: - SaveMail.mjs loading successfully
[INFO] [2024-11-30 18:34:46:896] [api.js]: - SearchMail.mjs loading successfully
[INFO] [2024-11-30 18:34:46:897] [api.js]: - UpdateBatchCounter.mjs loading successfully
[INFO] [2024-11-30 18:34:46:898] [api.js]: - UpdateCounter.mjs loading successfully
[INFO] [2024-11-30 18:34:46:899] [api.js]: - UpdateDecisionResume.mjs loading successfully
[INFO] [2024-11-30 18:34:46:900] [api.js]: - VerifyCaptcha.mjs loading successfully
[INFO] [2024-11-30 18:34:46:904] [api.js]: - CeyrekAltinBatch.mjs loading successfully
[INFO] [2024-11-30 18:34:46:905] [api.js]: - DovizKurlariBatch.mjs loading successfully
[INFO] [2024-11-30 18:34:46:906] [api.js]: - GetCurrencyWithName.mjs loading successfully
[INFO] [2024-11-30 18:34:46:907] [api.js]: - UpdateCurrency.mjs loading successfully
[INFO] [2024-11-30 18:34:46:910] [api.js]: - HtmlTemplateTest.mjs loading successfully
[INFO] [2024-11-30 18:34:46:913] [api.js]: - GenerateToken.mjs loading successfully
[INFO] [2024-11-30 18:34:46:916] [api.js]: - GenerateUniqueID.mjs loading successfully
[INFO] [2024-11-30 18:34:46:917] [api.js]: - IpService.mjs loading successfully
[INFO] [2024-11-30 18:34:46:920] [api.js]:
Success process: 77
Fail process: 0
Total Modules: 12
Total Service: 77
[INFO] [2024-11-30 18:34:46:922] [api.js]:
Module and service static check has been completed successfully.
[INFO] [2024-11-30 18:34:46:991] [PocketService.js]: Trigger : SaveServerInfo
[INFO] [2024-11-30 18:34:46:994] [PocketService.js]: Trigger : GetServerInfo
[INFO] [2024-11-30 18:34:47:062] [unknown]: Server is started on port 3000
[REQUEST] [2024-11-30 18:34:50:331] [api.js]:
                                   [MODULE]       : Admpanel
                                   [SERVICE]      : GetPocketLog
                                   [ENDPOINT]     : adm-pocket-log
                                   [METHOD]       : GET
                                   [X-USER-TOKEN] : 65d78580994151d94460ea1f
                                   [IP]           : ::1
[INFO] [2024-11-30 18:34:50:338] [PocketService.js]: Trigger : ControlUserPermissionToken
[INFO] [2024-11-30 18:34:50:342] [PocketService.js]: Trigger : GetPermissionToken
[INFO] [2024-11-30 18:34:50:359] [PocketService.js]: Trigger : UpdatePermissionToken
[INFO] [2024-11-30 18:34:50:399] [PocketService.js]: Trigger : GetPocketLog
[INFO] [2024-11-30 18:34:50:442] [PocketService.js]: Trigger : SaveApiLog
[REQUEST] [2024-11-30 18:35:07:830] [api.js]:
                                   [MODULE]       : Admpanel
                                   [SERVICE]      : DashboardApi
                                   [ENDPOINT]     : adm-dashboard-info
                                   [METHOD]       : GET
                                   [X-USER-TOKEN] : 65d78580994151d94460ea1f
                                   [IP]           : ::1
[INFO] [2024-11-30 18:35:07:834] [PocketService.js]: Trigger : ControlUserPermissionToken
[INFO] [2024-11-30 18:35:07:835] [PocketService.js]: Trigger : GetPermissionToken
[INFO] [2024-11-30 18:35:07:851] [PocketService.js]: Trigger : UpdatePermissionToken
[INFO] [2024-11-30 18:35:07:879] [PocketService.js]: Trigger : DashboardApi
[INFO] [2024-11-30 18:35:07:888] [PocketService.js]: Trigger : GetEndpoints
[INFO] [2024-11-30 18:35:07:894] [PocketService.js]: Trigger : GetServerInfo
[INFO] [2024-11-30 18:35:07:917] [PocketService.js]: Trigger : GetBatchJobs
[INFO] [2024-11-30 18:35:07:928] [PocketService.js]: Trigger : GetAllServerInfo
[INFO] [2024-11-30 18:35:08:059] [PocketService.js]: Trigger : GetBatchHealth
[INFO] [2024-11-30 18:35:08:060] [GetBatchHealth.mjs]: GetBatchhealt servisinde info fırlatıldı
[INFO] [2024-11-30 18:35:08:072] [PocketService.js]: Trigger : GetPocketLog
[ERROR] [2024-11-30 18:35:08:074] [GetPocketLog.mjs]: GetPocketLog servisinde hata meydana geldi: Cannot destructure property 'startDate' of 'criteria' as it is undefined.
undefined
[ERROR] [2024-11-30 18:35:08:076] [DashboardApi.mjs]: DashboardApi servisinde hata meydana geldi."Error: Log dosyası okunamadı: Cannot destructure property 'startDate' of 'criteria' as it is undefined.
undefined
[INFO] [2024-11-30 18:35:08:079] [PocketService.js]: Trigger : SaveApiLog
[ERROR] [2024-11-30 18:36:08:456] [unknown]: SIGINT signal received. The application is shutting down.
Error
[INFO] [2024-11-30 18:36:09:534] [api.js]: - CheckAbuseipAttacker.mjs loading successfully
[INFO] [2024-11-30 18:36:09:536] [api.js]: - CheckTokenEndpointAuth.mjs loading successfully
[INFO] [2024-11-30 18:36:09:537] [api.js]: - ControlUserPermissionToken.mjs loading successfully
[INFO] [2024-11-30 18:36:09:538] [api.js]: - DecisionRepetiteAttackRequest.mjs loading successfully
[INFO] [2024-11-30 18:36:09:539] [api.js]: - GetActiveRepetiteAttackRequest.mjs loading successfully
[INFO] [2024-11-30 18:36:09:541] [api.js]: - GetAllServerInfo.mjs loading successfully
[INFO] [2024-11-30 18:36:09:542] [api.js]: - GetBatchHealth.mjs loading successfully
[INFO] [2024-11-30 18:36:09:543] [api.js]: - GetEndpoints.mjs loading successfully
[INFO] [2024-11-30 18:36:09:545] [api.js]: - GetPermissionToken.mjs loading successfully
[INFO] [2024-11-30 18:36:09:548] [api.js]: - GetServerInfo.mjs loading successfully
[INFO] [2024-11-30 18:36:09:549] [api.js]: - GetUserService.mjs loading successfully
[INFO] [2024-11-30 18:36:09:550] [api.js]: - GetUserWithEmail.mjs loading successfully
[INFO] [2024-11-30 18:36:09:551] [api.js]: - GetUserWithUserId.mjs loading successfully
[INFO] [2024-11-30 18:36:09:554] [api.js]: - LoginService.mjs loading successfully
[INFO] [2024-11-30 18:36:09:555] [api.js]: - LogoutService.mjs loading successfully
[INFO] [2024-11-30 18:36:09:556] [api.js]: - SaveApiLog.mjs loading successfully
[INFO] [2024-11-30 18:36:09:558] [api.js]: - SaveRepetiteAttackRequest.mjs loading successfully
[INFO] [2024-11-30 18:36:09:559] [api.js]: - SaveServerInfo.mjs loading successfully
[INFO] [2024-11-30 18:36:09:560] [api.js]: - UpdatePermissionToken.mjs loading successfully
[INFO] [2024-11-30 18:36:09:561] [api.js]: - UpdateRepetiteAttackRequest.mjs loading successfully
[INFO] [2024-11-30 18:36:09:562] [api.js]: - UpdateUserService.mjs loading successfully
[INFO] [2024-11-30 18:36:09:566] [api.js]: - DashboardApi.mjs loading successfully
[INFO] [2024-11-30 18:36:09:567] [api.js]: - GetBatchInfo.mjs loading successfully
[INFO] [2024-11-30 18:36:09:568] [api.js]: - GetPocketLog.mjs loading successfully
[INFO] [2024-11-30 18:36:09:573] [api.js]: - UpdateExchangeRate.mjs loading successfully
[INFO] [2024-11-30 18:36:09:576] [api.js]: - CheckOtpAndAccountActivate.mjs loading successfully
[INFO] [2024-11-30 18:36:09:577] [api.js]: - GetUserWithEmail.mjs loading successfully
[INFO] [2024-11-30 18:36:09:578] [api.js]: - LoginService.mjs loading successfully
[INFO] [2024-11-30 18:36:09:579] [api.js]: - PasswordResetSendOTP.mjs loading successfully
[INFO] [2024-11-30 18:36:09:580] [api.js]: - SaveUserService.mjs loading successfully
[INFO] [2024-11-30 18:36:09:581] [api.js]: - SignUpService.mjs loading successfully
[INFO] [2024-11-30 18:36:09:583] [api.js]: - UpdateUserWithEmail.mjs loading successfully
[INFO] [2024-11-30 18:36:09:587] [api.js]: - GetAccount.mjs loading successfully
[INFO] [2024-11-30 18:36:09:588] [api.js]: - Login.mjs loading successfully
[INFO] [2024-11-30 18:36:09:592] [api.js]: - CheckOTP.mjs loading successfully
[INFO] [2024-11-30 18:36:09:593] [api.js]: - CheckTOKEN.mjs loading successfully
[INFO] [2024-11-30 18:36:09:594] [api.js]: - GenerateOTP.mjs loading successfully
[INFO] [2024-11-30 18:36:09:595] [api.js]: - GetOTP.mjs loading successfully
[INFO] [2024-11-30 18:36:09:596] [api.js]: - GetTOKEN.mjs loading successfully
[INFO] [2024-11-30 18:36:09:597] [api.js]: - ITReportSender.mjs loading successfully
[INFO] [2024-11-30 18:36:09:598] [api.js]: - SaveOTP.mjs loading successfully
[INFO] [2024-11-30 18:36:09:599] [api.js]: - SendEmailActivation.mjs loading successfully
[INFO] [2024-11-30 18:36:09:600] [api.js]: - SendNotificationCode.mjs loading successfully
[INFO] [2024-11-30 18:36:09:601] [api.js]: - SendOTP.mjs loading successfully
[INFO] [2024-11-30 18:36:09:602] [api.js]: - SendResumeMail.mjs loading successfully
[INFO] [2024-11-30 18:36:09:603] [api.js]: - SendResumeMailForSuspicious.mjs loading successfully
[INFO] [2024-11-30 18:36:09:604] [api.js]: - UpdateOTP.mjs loading successfully
[INFO] [2024-11-30 18:36:09:605] [api.js]: - ValidateVerifyEmailToken.mjs loading successfully
[INFO] [2024-11-30 18:36:09:610] [api.js]: - GetBatchJobs.mjs loading successfully
[INFO] [2024-11-30 18:36:09:611] [api.js]: - GetBatchJobWithParameter.mjs loading successfully
[INFO] [2024-11-30 18:36:09:612] [api.js]: - GetSecret.mjs loading successfully
[INFO] [2024-11-30 18:36:09:613] [api.js]: - SaveBatchJobs.mjs loading successfully
[INFO] [2024-11-30 18:36:09:615] [api.js]: - SaveServiceInfo.mjs loading successfully
[INFO] [2024-11-30 18:36:09:616] [api.js]: - UpdateBatchJob.mjs loading successfully
[INFO] [2024-11-30 18:36:09:620] [api.js]: - AnalysisAndReportBatch.mjs loading successfully
[INFO] [2024-11-30 18:36:09:621] [api.js]: - APIQueryResume.mjs loading successfully
[INFO] [2024-11-30 18:36:09:622] [api.js]: - DecisionResumeEntry.mjs loading successfully
[INFO] [2024-11-30 18:36:09:623] [api.js]: - FindIpContext.mjs loading successfully
[INFO] [2024-11-30 18:36:09:624] [api.js]: - GetBatchCounter.mjs loading successfully
[INFO] [2024-11-30 18:36:09:626] [api.js]: - GetCounter.mjs loading successfully
[INFO] [2024-11-30 18:36:09:627] [api.js]: - GetResumeData.mjs loading successfully
[INFO] [2024-11-30 18:36:09:628] [api.js]: - QueryDecisionResume.mjs loading successfully
[INFO] [2024-11-30 18:36:09:629] [api.js]: - SaveDecisionResume.mjs loading successfully
[INFO] [2024-11-30 18:36:09:630] [api.js]: - SaveMail.mjs loading successfully
[INFO] [2024-11-30 18:36:09:631] [api.js]: - SearchMail.mjs loading successfully
[INFO] [2024-11-30 18:36:09:632] [api.js]: - UpdateBatchCounter.mjs loading successfully
[INFO] [2024-11-30 18:36:09:633] [api.js]: - UpdateCounter.mjs loading successfully
[INFO] [2024-11-30 18:36:09:634] [api.js]: - UpdateDecisionResume.mjs loading successfully
[INFO] [2024-11-30 18:36:09:636] [api.js]: - VerifyCaptcha.mjs loading successfully
[INFO] [2024-11-30 18:36:09:640] [api.js]: - CeyrekAltinBatch.mjs loading successfully
[INFO] [2024-11-30 18:36:09:641] [api.js]: - DovizKurlariBatch.mjs loading successfully
[INFO] [2024-11-30 18:36:09:641] [api.js]: - GetCurrencyWithName.mjs loading successfully
[INFO] [2024-11-30 18:36:09:642] [api.js]: - UpdateCurrency.mjs loading successfully
[INFO] [2024-11-30 18:36:09:646] [api.js]: - HtmlTemplateTest.mjs loading successfully
[INFO] [2024-11-30 18:36:09:650] [api.js]: - GenerateToken.mjs loading successfully
[INFO] [2024-11-30 18:36:09:654] [api.js]: - GenerateUniqueID.mjs loading successfully
[INFO] [2024-11-30 18:36:09:655] [api.js]: - IpService.mjs loading successfully
[INFO] [2024-11-30 18:36:09:657] [api.js]:
Success process: 77
Fail process: 0
Total Modules: 12
Total Service: 77
[INFO] [2024-11-30 18:36:09:659] [api.js]:
Module and service static check has been completed successfully.
[INFO] [2024-11-30 18:36:09:711] [PocketService.js]: Trigger : SaveServerInfo
[INFO] [2024-11-30 18:36:09:715] [PocketService.js]: Trigger : GetServerInfo
[INFO] [2024-11-30 18:36:09:778] [unknown]: Server is started on port 3000
[REQUEST] [2024-11-30 18:36:13:606] [api.js]:
                                   [MODULE]       : Admpanel
                                   [SERVICE]      : GetPocketLog
                                   [ENDPOINT]     : adm-pocket-log
                                   [METHOD]       : GET
                                   [X-USER-TOKEN] : 65d78580994151d94460ea1f
                                   [IP]           : ::1
[INFO] [2024-11-30 18:36:13:612] [PocketService.js]: Trigger : ControlUserPermissionToken
[INFO] [2024-11-30 18:36:13:619] [PocketService.js]: Trigger : GetPermissionToken
[INFO] [2024-11-30 18:36:13:632] [PocketService.js]: Trigger : UpdatePermissionToken
[INFO] [2024-11-30 18:36:13:669] [PocketService.js]: Trigger : GetPocketLog
[INFO] [2024-11-30 18:36:13:700] [PocketService.js]: Trigger : SaveApiLog
[REQUEST] [2024-11-30 18:36:20:134] [api.js]:
                                   [MODULE]       : Admpanel
                                   [SERVICE]      : DashboardApi
                                   [ENDPOINT]     : adm-dashboard-info
                                   [METHOD]       : GET
                                   [X-USER-TOKEN] : 65d78580994151d94460ea1f
                                   [IP]           : ::1
[INFO] [2024-11-30 18:36:20:139] [PocketService.js]: Trigger : ControlUserPermissionToken
[INFO] [2024-11-30 18:36:20:144] [PocketService.js]: Trigger : GetPermissionToken
[INFO] [2024-11-30 18:36:20:161] [PocketService.js]: Trigger : UpdatePermissionToken
[INFO] [2024-11-30 18:36:20:185] [PocketService.js]: Trigger : DashboardApi
[INFO] [2024-11-30 18:36:20:189] [PocketService.js]: Trigger : GetEndpoints
[INFO] [2024-11-30 18:36:20:193] [PocketService.js]: Trigger : GetServerInfo
[INFO] [2024-11-30 18:36:20:214] [PocketService.js]: Trigger : GetBatchJobs
[INFO] [2024-11-30 18:36:20:226] [PocketService.js]: Trigger : GetAllServerInfo
[INFO] [2024-11-30 18:36:20:316] [PocketService.js]: Trigger : GetBatchHealth
[INFO] [2024-11-30 18:36:20:317] [GetBatchHealth.mjs]: GetBatchhealt servisinde info fırlatıldı
[INFO] [2024-11-30 18:36:20:326] [PocketService.js]: Trigger : GetPocketLog
[ERROR] [2024-11-30 18:36:20:327] [GetPocketLog.mjs]: GetPocketLog servisinde hata meydana geldi: Cannot destructure property 'startDate' of 'criteria' as it is undefined.
undefined
[ERROR] [2024-11-30 18:36:20:329] [DashboardApi.mjs]: DashboardApi servisinde hata meydana geldi."Error: Log dosyası okunamadı: Cannot destructure property 'startDate' of 'criteria' as it is undefined.
undefined
[INFO] [2024-11-30 18:36:20:332] [PocketService.js]: Trigger : SaveApiLog
[ERROR] [2024-11-30 18:37:03:293] [unknown]: SIGINT signal received. The application is shutting down.
Error
[INFO] [2024-11-30 18:37:04:323] [api.js]: - CheckAbuseipAttacker.mjs loading successfully
[INFO] [2024-11-30 18:37:04:327] [api.js]: - CheckTokenEndpointAuth.mjs loading successfully
[INFO] [2024-11-30 18:37:04:328] [api.js]: - ControlUserPermissionToken.mjs loading successfully
[INFO] [2024-11-30 18:37:04:329] [api.js]: - DecisionRepetiteAttackRequest.mjs loading successfully
[INFO] [2024-11-30 18:37:04:330] [api.js]: - GetActiveRepetiteAttackRequest.mjs loading successfully
[INFO] [2024-11-30 18:37:04:331] [api.js]: - GetAllServerInfo.mjs loading successfully
[INFO] [2024-11-30 18:37:04:333] [api.js]: - GetBatchHealth.mjs loading successfully
[INFO] [2024-11-30 18:37:04:334] [api.js]: - GetEndpoints.mjs loading successfully
[INFO] [2024-11-30 18:37:04:335] [api.js]: - GetPermissionToken.mjs loading successfully
[INFO] [2024-11-30 18:37:04:336] [api.js]: - GetServerInfo.mjs loading successfully
[INFO] [2024-11-30 18:37:04:337] [api.js]: - GetUserService.mjs loading successfully
[INFO] [2024-11-30 18:37:04:339] [api.js]: - GetUserWithEmail.mjs loading successfully
[INFO] [2024-11-30 18:37:04:341] [api.js]: - GetUserWithUserId.mjs loading successfully
[INFO] [2024-11-30 18:37:04:342] [api.js]: - LoginService.mjs loading successfully
[INFO] [2024-11-30 18:37:04:343] [api.js]: - LogoutService.mjs loading successfully
[INFO] [2024-11-30 18:37:04:346] [api.js]: - SaveApiLog.mjs loading successfully
[INFO] [2024-11-30 18:37:04:347] [api.js]: - SaveRepetiteAttackRequest.mjs loading successfully
[INFO] [2024-11-30 18:37:04:348] [api.js]: - SaveServerInfo.mjs loading successfully
[INFO] [2024-11-30 18:37:04:349] [api.js]: - UpdatePermissionToken.mjs loading successfully
[INFO] [2024-11-30 18:37:04:350] [api.js]: - UpdateRepetiteAttackRequest.mjs loading successfully
[INFO] [2024-11-30 18:37:04:351] [api.js]: - UpdateUserService.mjs loading successfully
[INFO] [2024-11-30 18:37:04:355] [api.js]: - DashboardApi.mjs loading successfully
[INFO] [2024-11-30 18:37:04:357] [api.js]: - GetBatchInfo.mjs loading successfully
[INFO] [2024-11-30 18:37:04:358] [api.js]: - GetPocketLog.mjs loading successfully
[INFO] [2024-11-30 18:37:04:363] [api.js]: - UpdateExchangeRate.mjs loading successfully
[INFO] [2024-11-30 18:37:04:368] [api.js]: - CheckOtpAndAccountActivate.mjs loading successfully
[INFO] [2024-11-30 18:37:04:369] [api.js]: - GetUserWithEmail.mjs loading successfully
[INFO] [2024-11-30 18:37:04:370] [api.js]: - LoginService.mjs loading successfully
[INFO] [2024-11-30 18:37:04:371] [api.js]: - PasswordResetSendOTP.mjs loading successfully
[INFO] [2024-11-30 18:37:04:372] [api.js]: - SaveUserService.mjs loading successfully
[INFO] [2024-11-30 18:37:04:373] [api.js]: - SignUpService.mjs loading successfully
[INFO] [2024-11-30 18:37:04:375] [api.js]: - UpdateUserWithEmail.mjs loading successfully
[INFO] [2024-11-30 18:37:04:379] [api.js]: - GetAccount.mjs loading successfully
[INFO] [2024-11-30 18:37:04:381] [api.js]: - Login.mjs loading successfully
[INFO] [2024-11-30 18:37:04:385] [api.js]: - CheckOTP.mjs loading successfully
[INFO] [2024-11-30 18:37:04:385] [api.js]: - CheckTOKEN.mjs loading successfully
[INFO] [2024-11-30 18:37:04:387] [api.js]: - GenerateOTP.mjs loading successfully
[INFO] [2024-11-30 18:37:04:388] [api.js]: - GetOTP.mjs loading successfully
[INFO] [2024-11-30 18:37:04:389] [api.js]: - GetTOKEN.mjs loading successfully
[INFO] [2024-11-30 18:37:04:391] [api.js]: - ITReportSender.mjs loading successfully
[INFO] [2024-11-30 18:37:04:392] [api.js]: - SaveOTP.mjs loading successfully
[INFO] [2024-11-30 18:37:04:393] [api.js]: - SendEmailActivation.mjs loading successfully
[INFO] [2024-11-30 18:37:04:394] [api.js]: - SendNotificationCode.mjs loading successfully
[INFO] [2024-11-30 18:37:04:395] [api.js]: - SendOTP.mjs loading successfully
[INFO] [2024-11-30 18:37:04:397] [api.js]: - SendResumeMail.mjs loading successfully
[INFO] [2024-11-30 18:37:04:398] [api.js]: - SendResumeMailForSuspicious.mjs loading successfully
[INFO] [2024-11-30 18:37:04:399] [api.js]: - UpdateOTP.mjs loading successfully
[INFO] [2024-11-30 18:37:04:400] [api.js]: - ValidateVerifyEmailToken.mjs loading successfully
[INFO] [2024-11-30 18:37:04:405] [api.js]: - GetBatchJobs.mjs loading successfully
[INFO] [2024-11-30 18:37:04:406] [api.js]: - GetBatchJobWithParameter.mjs loading successfully
[INFO] [2024-11-30 18:37:04:407] [api.js]: - GetSecret.mjs loading successfully
[INFO] [2024-11-30 18:37:04:408] [api.js]: - SaveBatchJobs.mjs loading successfully
[INFO] [2024-11-30 18:37:04:409] [api.js]: - SaveServiceInfo.mjs loading successfully
[INFO] [2024-11-30 18:37:04:410] [api.js]: - UpdateBatchJob.mjs loading successfully
[INFO] [2024-11-30 18:37:04:415] [api.js]: - AnalysisAndReportBatch.mjs loading successfully
[INFO] [2024-11-30 18:37:04:416] [api.js]: - APIQueryResume.mjs loading successfully
[INFO] [2024-11-30 18:37:04:417] [api.js]: - DecisionResumeEntry.mjs loading successfully
[INFO] [2024-11-30 18:37:04:418] [api.js]: - FindIpContext.mjs loading successfully
[INFO] [2024-11-30 18:37:04:419] [api.js]: - GetBatchCounter.mjs loading successfully
[INFO] [2024-11-30 18:37:04:421] [api.js]: - GetCounter.mjs loading successfully
[INFO] [2024-11-30 18:37:04:422] [api.js]: - GetResumeData.mjs loading successfully
[INFO] [2024-11-30 18:37:04:423] [api.js]: - QueryDecisionResume.mjs loading successfully
[INFO] [2024-11-30 18:37:04:424] [api.js]: - SaveDecisionResume.mjs loading successfully
[INFO] [2024-11-30 18:37:04:425] [api.js]: - SaveMail.mjs loading successfully
[INFO] [2024-11-30 18:37:04:425] [api.js]: - SearchMail.mjs loading successfully
[INFO] [2024-11-30 18:37:04:426] [api.js]: - UpdateBatchCounter.mjs loading successfully
[INFO] [2024-11-30 18:37:04:427] [api.js]: - UpdateCounter.mjs loading successfully
[INFO] [2024-11-30 18:37:04:429] [api.js]: - UpdateDecisionResume.mjs loading successfully
[INFO] [2024-11-30 18:37:04:430] [api.js]: - VerifyCaptcha.mjs loading successfully
[INFO] [2024-11-30 18:37:04:433] [api.js]: - CeyrekAltinBatch.mjs loading successfully
[INFO] [2024-11-30 18:37:04:434] [api.js]: - DovizKurlariBatch.mjs loading successfully
[INFO] [2024-11-30 18:37:04:435] [api.js]: - GetCurrencyWithName.mjs loading successfully
[INFO] [2024-11-30 18:37:04:436] [api.js]: - UpdateCurrency.mjs loading successfully
[INFO] [2024-11-30 18:37:04:440] [api.js]: - HtmlTemplateTest.mjs loading successfully
[INFO] [2024-11-30 18:37:04:444] [api.js]: - GenerateToken.mjs loading successfully
[INFO] [2024-11-30 18:37:04:448] [api.js]: - GenerateUniqueID.mjs loading successfully
[INFO] [2024-11-30 18:37:04:449] [api.js]: - IpService.mjs loading successfully
[INFO] [2024-11-30 18:37:04:451] [api.js]:
Success process: 77
Fail process: 0
Total Modules: 12
Total Service: 77
[INFO] [2024-11-30 18:37:04:453] [api.js]:
Module and service static check has been completed successfully.
[INFO] [2024-11-30 18:37:04:506] [PocketService.js]: Trigger : SaveServerInfo
[INFO] [2024-11-30 18:37:04:510] [PocketService.js]: Trigger : GetServerInfo
[INFO] [2024-11-30 18:37:04:569] [unknown]: Server is started on port 3000
[REQUEST] [2024-11-30 18:37:08:008] [api.js]:
                                   [MODULE]       : Admpanel
                                   [SERVICE]      : GetPocketLog
                                   [ENDPOINT]     : adm-pocket-log
                                   [METHOD]       : GET
                                   [X-USER-TOKEN] : 65d78580994151d94460ea1f
                                   [IP]           : ::1
[INFO] [2024-11-30 18:37:08:013] [PocketService.js]: Trigger : ControlUserPermissionToken
[INFO] [2024-11-30 18:37:08:020] [PocketService.js]: Trigger : GetPermissionToken
[INFO] [2024-11-30 18:37:08:039] [PocketService.js]: Trigger : UpdatePermissionToken
[INFO] [2024-11-30 18:37:08:087] [PocketService.js]: Trigger : GetPocketLog
[INFO] [2024-11-30 18:37:08:124] [PocketService.js]: Trigger : SaveApiLog
[REQUEST] [2024-11-30 18:37:48:721] [api.js]:
                                   [MODULE]       : Admpanel
                                   [SERVICE]      : DashboardApi
                                   [ENDPOINT]     : adm-dashboard-info
                                   [METHOD]       : GET
                                   [X-USER-TOKEN] : 65d78580994151d94460ea1f
                                   [IP]           : ::1
[INFO] [2024-11-30 18:37:48:727] [PocketService.js]: Trigger : ControlUserPermissionToken
[INFO] [2024-11-30 18:37:48:730] [PocketService.js]: Trigger : GetPermissionToken
[INFO] [2024-11-30 18:37:48:744] [PocketService.js]: Trigger : UpdatePermissionToken
[INFO] [2024-11-30 18:37:48:764] [PocketService.js]: Trigger : DashboardApi
[INFO] [2024-11-30 18:37:48:770] [PocketService.js]: Trigger : GetEndpoints
[INFO] [2024-11-30 18:37:48:773] [PocketService.js]: Trigger : GetServerInfo
[INFO] [2024-11-30 18:37:48:801] [PocketService.js]: Trigger : GetBatchJobs
[INFO] [2024-11-30 18:37:48:823] [PocketService.js]: Trigger : GetAllServerInfo
[INFO] [2024-11-30 18:37:48:975] [PocketService.js]: Trigger : GetBatchHealth
[INFO] [2024-11-30 18:37:48:977] [GetBatchHealth.mjs]: GetBatchhealt servisinde info fırlatıldı
[INFO] [2024-11-30 18:37:48:995] [PocketService.js]: Trigger : GetPocketLog
[ERROR] [2024-11-30 18:37:48:997] [GetPocketLog.mjs]: GetPocketLog servisinde hata meydana geldi: Cannot destructure property 'startDate' of 'criteria' as it is undefined.
undefined
[ERROR] [2024-11-30 18:37:49:002] [DashboardApi.mjs]: DashboardApi servisinde hata meydana geldi."Error: Log dosyası okunamadı: Cannot destructure property 'startDate' of 'criteria' as it is undefined.
undefined
[INFO] [2024-11-30 18:37:49:008] [PocketService.js]: Trigger : SaveApiLog
[ERROR] [2024-11-30 18:40:47:084] [unknown]: SIGINT signal received. The application is shutting down.
Error
[INFO] [2024-11-30 18:40:48:217] [api.js]: - CheckAbuseipAttacker.mjs loading successfully
[INFO] [2024-11-30 18:40:48:221] [api.js]: - CheckTokenEndpointAuth.mjs loading successfully
[INFO] [2024-11-30 18:40:48:222] [api.js]: - ControlUserPermissionToken.mjs loading successfully
[INFO] [2024-11-30 18:40:48:224] [api.js]: - DecisionRepetiteAttackRequest.mjs loading successfully
[INFO] [2024-11-30 18:40:48:226] [api.js]: - GetActiveRepetiteAttackRequest.mjs loading successfully
[INFO] [2024-11-30 18:40:48:228] [api.js]: - GetAllServerInfo.mjs loading successfully
[INFO] [2024-11-30 18:40:48:230] [api.js]: - GetBatchHealth.mjs loading successfully
[INFO] [2024-11-30 18:40:48:232] [api.js]: - GetEndpoints.mjs loading successfully
[INFO] [2024-11-30 18:40:48:233] [api.js]: - GetPermissionToken.mjs loading successfully
[INFO] [2024-11-30 18:40:48:236] [api.js]: - GetServerInfo.mjs loading successfully
[INFO] [2024-11-30 18:40:48:240] [api.js]: - GetUserService.mjs loading successfully
[INFO] [2024-11-30 18:40:48:243] [api.js]: - GetUserWithEmail.mjs loading successfully
[INFO] [2024-11-30 18:40:48:244] [api.js]: - GetUserWithUserId.mjs loading successfully
[INFO] [2024-11-30 18:40:48:247] [api.js]: - LoginService.mjs loading successfully
[INFO] [2024-11-30 18:40:48:251] [api.js]: - LogoutService.mjs loading successfully
[INFO] [2024-11-30 18:40:48:255] [api.js]: - SaveApiLog.mjs loading successfully
[INFO] [2024-11-30 18:40:48:261] [api.js]: - SaveRepetiteAttackRequest.mjs loading successfully
[INFO] [2024-11-30 18:40:48:264] [api.js]: - SaveServerInfo.mjs loading successfully
[INFO] [2024-11-30 18:40:48:266] [api.js]: - UpdatePermissionToken.mjs loading successfully
[INFO] [2024-11-30 18:40:48:267] [api.js]: - UpdateRepetiteAttackRequest.mjs loading successfully
[INFO] [2024-11-30 18:40:48:268] [api.js]: - UpdateUserService.mjs loading successfully
[INFO] [2024-11-30 18:40:48:275] [api.js]: - DashboardApi.mjs loading successfully
[INFO] [2024-11-30 18:40:48:278] [api.js]: - GetBatchInfo.mjs loading successfully
[INFO] [2024-11-30 18:40:48:281] [api.js]: - GetPocketLog.mjs loading successfully
[INFO] [2024-11-30 18:40:48:285] [api.js]: - UpdateExchangeRate.mjs loading successfully
[INFO] [2024-11-30 18:40:48:290] [api.js]: - CheckOtpAndAccountActivate.mjs loading successfully
[INFO] [2024-11-30 18:40:48:292] [api.js]: - GetUserWithEmail.mjs loading successfully
[INFO] [2024-11-30 18:40:48:294] [api.js]: - LoginService.mjs loading successfully
[INFO] [2024-11-30 18:40:48:297] [api.js]: - PasswordResetSendOTP.mjs loading successfully
[INFO] [2024-11-30 18:40:48:298] [api.js]: - SaveUserService.mjs loading successfully
[INFO] [2024-11-30 18:40:48:299] [api.js]: - SignUpService.mjs loading successfully
[INFO] [2024-11-30 18:40:48:301] [api.js]: - UpdateUserWithEmail.mjs loading successfully
[INFO] [2024-11-30 18:40:48:304] [api.js]: - GetAccount.mjs loading successfully
[INFO] [2024-11-30 18:40:48:306] [api.js]: - Login.mjs loading successfully
[INFO] [2024-11-30 18:40:48:310] [api.js]: - CheckOTP.mjs loading successfully
[INFO] [2024-11-30 18:40:48:312] [api.js]: - CheckTOKEN.mjs loading successfully
[INFO] [2024-11-30 18:40:48:315] [api.js]: - GenerateOTP.mjs loading successfully
[INFO] [2024-11-30 18:40:48:316] [api.js]: - GetOTP.mjs loading successfully
[INFO] [2024-11-30 18:40:48:317] [api.js]: - GetTOKEN.mjs loading successfully
[INFO] [2024-11-30 18:40:48:318] [api.js]: - ITReportSender.mjs loading successfully
[INFO] [2024-11-30 18:40:48:319] [api.js]: - SaveOTP.mjs loading successfully
[INFO] [2024-11-30 18:40:48:320] [api.js]: - SendEmailActivation.mjs loading successfully
[INFO] [2024-11-30 18:40:48:324] [api.js]: - SendNotificationCode.mjs loading successfully
[INFO] [2024-11-30 18:40:48:327] [api.js]: - SendOTP.mjs loading successfully
[INFO] [2024-11-30 18:40:48:330] [api.js]: - SendResumeMail.mjs loading successfully
[INFO] [2024-11-30 18:40:48:332] [api.js]: - SendResumeMailForSuspicious.mjs loading successfully
[INFO] [2024-11-30 18:40:48:333] [api.js]: - UpdateOTP.mjs loading successfully
[INFO] [2024-11-30 18:40:48:335] [api.js]: - ValidateVerifyEmailToken.mjs loading successfully
[INFO] [2024-11-30 18:40:48:342] [api.js]: - GetBatchJobs.mjs loading successfully
[INFO] [2024-11-30 18:40:48:343] [api.js]: - GetBatchJobWithParameter.mjs loading successfully
[INFO] [2024-11-30 18:40:48:344] [api.js]: - GetSecret.mjs loading successfully
[INFO] [2024-11-30 18:40:48:346] [api.js]: - SaveBatchJobs.mjs loading successfully
[INFO] [2024-11-30 18:40:48:348] [api.js]: - SaveServiceInfo.mjs loading successfully
[INFO] [2024-11-30 18:40:48:349] [api.js]: - UpdateBatchJob.mjs loading successfully
[INFO] [2024-11-30 18:40:48:352] [api.js]: - AnalysisAndReportBatch.mjs loading successfully
[INFO] [2024-11-30 18:40:48:353] [api.js]: - APIQueryResume.mjs loading successfully
[INFO] [2024-11-30 18:40:48:355] [api.js]: - DecisionResumeEntry.mjs loading successfully
[INFO] [2024-11-30 18:40:48:356] [api.js]: - FindIpContext.mjs loading successfully
[INFO] [2024-11-30 18:40:48:358] [api.js]: - GetBatchCounter.mjs loading successfully
[INFO] [2024-11-30 18:40:48:359] [api.js]: - GetCounter.mjs loading successfully
[INFO] [2024-11-30 18:40:48:361] [api.js]: - GetResumeData.mjs loading successfully
[INFO] [2024-11-30 18:40:48:362] [api.js]: - QueryDecisionResume.mjs loading successfully
[INFO] [2024-11-30 18:40:48:363] [api.js]: - SaveDecisionResume.mjs loading successfully
[INFO] [2024-11-30 18:40:48:367] [api.js]: - SaveMail.mjs loading successfully
[INFO] [2024-11-30 18:40:48:368] [api.js]: - SearchMail.mjs loading successfully
[INFO] [2024-11-30 18:40:48:370] [api.js]: - UpdateBatchCounter.mjs loading successfully
[INFO] [2024-11-30 18:40:48:373] [api.js]: - UpdateCounter.mjs loading successfully
[INFO] [2024-11-30 18:40:48:376] [api.js]: - UpdateDecisionResume.mjs loading successfully
[INFO] [2024-11-30 18:40:48:378] [api.js]: - VerifyCaptcha.mjs loading successfully
[INFO] [2024-11-30 18:40:48:389] [api.js]: - CeyrekAltinBatch.mjs loading successfully
[INFO] [2024-11-30 18:40:48:391] [api.js]: - DovizKurlariBatch.mjs loading successfully
[INFO] [2024-11-30 18:40:48:393] [api.js]: - GetCurrencyWithName.mjs loading successfully
[INFO] [2024-11-30 18:40:48:394] [api.js]: - UpdateCurrency.mjs loading successfully
[INFO] [2024-11-30 18:40:48:401] [api.js]: - HtmlTemplateTest.mjs loading successfully
[INFO] [2024-11-30 18:40:48:409] [api.js]: - GenerateToken.mjs loading successfully
[INFO] [2024-11-30 18:40:48:414] [api.js]: - GenerateUniqueID.mjs loading successfully
[INFO] [2024-11-30 18:40:48:415] [api.js]: - IpService.mjs loading successfully
[INFO] [2024-11-30 18:40:48:418] [api.js]:
Success process: 77
Fail process: 0
Total Modules: 12
Total Service: 77
[INFO] [2024-11-30 18:40:48:420] [api.js]:
Module and service static check has been completed successfully.
[INFO] [2024-11-30 18:40:48:486] [PocketService.js]: Trigger : SaveServerInfo
[INFO] [2024-11-30 18:40:48:490] [PocketService.js]: Trigger : GetServerInfo
[INFO] [2024-11-30 18:40:48:573] [unknown]: Server is started on port 3000
[REQUEST] [2024-11-30 18:40:51:805] [api.js]:
                                   [MODULE]       : Admpanel
                                   [SERVICE]      : GetPocketLog
                                   [ENDPOINT]     : adm-pocket-log
                                   [METHOD]       : GET
                                   [X-USER-TOKEN] : 65d78580994151d94460ea1f
                                   [IP]           : ::1
[INFO] [2024-11-30 18:40:51:811] [PocketService.js]: Trigger : ControlUserPermissionToken
[INFO] [2024-11-30 18:40:51:815] [PocketService.js]: Trigger : GetPermissionToken
[INFO] [2024-11-30 18:40:51:835] [PocketService.js]: Trigger : UpdatePermissionToken
[INFO] [2024-11-30 18:40:51:884] [PocketService.js]: Trigger : GetPocketLog
[INFO] [2024-11-30 18:40:51:926] [PocketService.js]: Trigger : SaveApiLog
[REQUEST] [2024-11-30 18:41:07:099] [api.js]:
                                   [MODULE]       : Admpanel
                                   [SERVICE]      : GetPocketLog
                                   [ENDPOINT]     : adm-pocket-log
                                   [METHOD]       : GET
                                   [X-USER-TOKEN] : 65d78580994151d94460ea1f
                                   [IP]           : ::1
[INFO] [2024-11-30 18:41:07:103] [PocketService.js]: Trigger : ControlUserPermissionToken
[INFO] [2024-11-30 18:41:07:105] [PocketService.js]: Trigger : GetPermissionToken
[INFO] [2024-11-30 18:41:07:119] [PocketService.js]: Trigger : UpdatePermissionToken
[INFO] [2024-11-30 18:41:07:137] [PocketService.js]: Trigger : GetPocketLog
[INFO] [2024-11-30 18:41:07:195] [PocketService.js]: Trigger : SaveApiLog
[REQUEST] [2024-11-30 18:41:18:134] [api.js]:
                                   [MODULE]       : Admpanel
                                   [SERVICE]      : DashboardApi
                                   [ENDPOINT]     : adm-dashboard-info
                                   [METHOD]       : GET
                                   [X-USER-TOKEN] : 65d78580994151d94460ea1f
                                   [IP]           : ::1
[INFO] [2024-11-30 18:41:18:138] [PocketService.js]: Trigger : ControlUserPermissionToken
[INFO] [2024-11-30 18:41:18:140] [PocketService.js]: Trigger : GetPermissionToken
[INFO] [2024-11-30 18:41:18:149] [PocketService.js]: Trigger : UpdatePermissionToken
[INFO] [2024-11-30 18:41:18:173] [PocketService.js]: Trigger : DashboardApi
[INFO] [2024-11-30 18:41:18:184] [PocketService.js]: Trigger : GetEndpoints
[INFO] [2024-11-30 18:41:18:188] [PocketService.js]: Trigger : GetServerInfo
[INFO] [2024-11-30 18:41:18:230] [PocketService.js]: Trigger : GetBatchJobs
[INFO] [2024-11-30 18:41:18:243] [PocketService.js]: Trigger : GetAllServerInfo
[INFO] [2024-11-30 18:41:18:449] [PocketService.js]: Trigger : GetBatchHealth
[INFO] [2024-11-30 18:41:18:451] [GetBatchHealth.mjs]: GetBatchhealt servisinde info fırlatıldı
[INFO] [2024-11-30 18:41:18:469] [PocketService.js]: Trigger : GetPocketLog
[INFO] [2024-11-30 18:41:18:525] [DashboardApi.mjs]: Dashboard response:
[INFO] [2024-11-30 18:41:18:529] [DashboardApi.mjs]: [object Object]
[INFO] [2024-11-30 18:41:18:569] [PocketService.js]: Trigger : SaveApiLog
[REQUEST] [2024-12-01 04:14:20:081] [api.js]:
                                   [MODULE]       : Admpanel
                                   [SERVICE]      : GetPocketLog
                                   [ENDPOINT]     : adm-pocket-log
                                   [METHOD]       : GET
                                   [X-USER-TOKEN] : 65d78580994151d94460ea1f
                                   [IP]           : ::1
[INFO] [2024-12-01 04:14:20:084] [PocketService.js]: Trigger : ControlUserPermissionToken
[INFO] [2024-12-01 04:14:20:086] [PocketService.js]: Trigger : GetPermissionToken
[INFO] [2024-12-01 04:14:20:096] [PocketService.js]: Trigger : UpdatePermissionToken
[INFO] [2024-12-01 04:14:20:106] [PocketService.js]: Trigger : GetPocketLog
[INFO] [2024-12-01 04:14:20:152] [PocketService.js]: Trigger : SaveApiLog
[REQUEST] [2024-12-01 04:14:32:871] [api.js]:
                                   [MODULE]       : Admpanel
                                   [SERVICE]      : GetPocketLog
                                   [ENDPOINT]     : adm-pocket-log
                                   [METHOD]       : GET
                                   [X-USER-TOKEN] : 65d78580994151d94460ea1f
                                   [IP]           : ::1
[INFO] [2024-12-01 04:14:32:875] [PocketService.js]: Trigger : ControlUserPermissionToken
[INFO] [2024-12-01 04:14:32:876] [PocketService.js]: Trigger : GetPermissionToken
[ERROR] [2024-12-01 04:14:32:882] [ControlUserPermissionToken.mjs]: ControlUserPermissionToken servisinde hata meydana geldi.
Token: 65d78580994151d94460ea1f
Error: You have reached the maximum number of token requests allowed. Please try again later or contact support for assistance.
[INFO] [2024-12-01 04:14:32:886] [PocketService.js]: Trigger : SaveApiLog
[REQUEST] [2024-12-01 04:14:53:833] [api.js]:
                                   [MODULE]       : Admpanel
                                   [SERVICE]      : GetPocketLog
                                   [ENDPOINT]     : adm-pocket-log
                                   [METHOD]       : GET
                                   [X-USER-TOKEN] : 65d78580994151d94460ea1f
                                   [IP]           : ::1
[INFO] [2024-12-01 04:14:53:838] [PocketService.js]: Trigger : ControlUserPermissionToken
[INFO] [2024-12-01 04:14:53:840] [PocketService.js]: Trigger : GetPermissionToken
[INFO] [2024-12-01 04:14:53:847] [PocketService.js]: Trigger : UpdatePermissionToken
[INFO] [2024-12-01 04:14:53:861] [PocketService.js]: Trigger : GetPocketLog
[INFO] [2024-12-01 04:14:53:904] [PocketService.js]: Trigger : SaveApiLog
[REQUEST] [2024-12-01 04:14:58:839] [api.js]:
                                   [MODULE]       : Admpanel
                                   [SERVICE]      : DashboardApi
                                   [ENDPOINT]     : adm-dashboard-info
                                   [METHOD]       : GET
                                   [X-USER-TOKEN] : 65d78580994151d94460ea1f
                                   [IP]           : ::1
[INFO] [2024-12-01 04:14:58:842] [PocketService.js]: Trigger : ControlUserPermissionToken
[INFO] [2024-12-01 04:14:58:843] [PocketService.js]: Trigger : GetPermissionToken
[INFO] [2024-12-01 04:14:58:848] [PocketService.js]: Trigger : UpdatePermissionToken
[INFO] [2024-12-01 04:14:58:875] [PocketService.js]: Trigger : DashboardApi
[INFO] [2024-12-01 04:14:58:879] [PocketService.js]: Trigger : GetEndpoints
[INFO] [2024-12-01 04:14:58:881] [PocketService.js]: Trigger : GetServerInfo
[INFO] [2024-12-01 04:14:58:898] [PocketService.js]: Trigger : GetBatchJobs
[INFO] [2024-12-01 04:14:58:909] [PocketService.js]: Trigger : GetAllServerInfo
[INFO] [2024-12-01 04:14:58:977] [PocketService.js]: Trigger : GetBatchHealth
[INFO] [2024-12-01 04:14:58:978] [GetBatchHealth.mjs]: GetBatchhealt servisinde info fırlatıldı
[INFO] [2024-12-01 04:14:58:983] [PocketService.js]: Trigger : GetPocketLog
[INFO] [2024-12-01 04:14:59:011] [DashboardApi.mjs]: Dashboard response:
[INFO] [2024-12-01 04:14:59:012] [DashboardApi.mjs]: [object Object]
[INFO] [2024-12-01 04:14:59:024] [PocketService.js]: Trigger : SaveApiLog
[REQUEST] [2024-12-01 04:15:20:083] [api.js]:
                                   [MODULE]       : Admpanel
                                   [SERVICE]      : DashboardApi
                                   [ENDPOINT]     : adm-dashboard-info
                                   [METHOD]       : GET
                                   [X-USER-TOKEN] : 65d78580994151d94460ea1f
                                   [IP]           : ::1
[INFO] [2024-12-01 04:15:20:089] [PocketService.js]: Trigger : ControlUserPermissionToken
[INFO] [2024-12-01 04:15:20:092] [PocketService.js]: Trigger : GetPermissionToken
[INFO] [2024-12-01 04:15:20:098] [PocketService.js]: Trigger : UpdatePermissionToken
[INFO] [2024-12-01 04:15:20:112] [PocketService.js]: Trigger : DashboardApi
[INFO] [2024-12-01 04:15:20:114] [PocketService.js]: Trigger : GetEndpoints
[INFO] [2024-12-01 04:15:20:115] [PocketService.js]: Trigger : GetServerInfo
[INFO] [2024-12-01 04:15:20:130] [PocketService.js]: Trigger : GetBatchJobs
[INFO] [2024-12-01 04:15:20:143] [PocketService.js]: Trigger : GetAllServerInfo
[INFO] [2024-12-01 04:15:20:211] [PocketService.js]: Trigger : GetBatchHealth
[INFO] [2024-12-01 04:15:20:213] [GetBatchHealth.mjs]: GetBatchhealt servisinde info fırlatıldı
[INFO] [2024-12-01 04:15:20:233] [PocketService.js]: Trigger : GetPocketLog
[INFO] [2024-12-01 04:15:20:268] [DashboardApi.mjs]: Dashboard response:
[INFO] [2024-12-01 04:15:20:270] [DashboardApi.mjs]: [object Object]
[INFO] [2024-12-01 04:15:20:281] [PocketService.js]: Trigger : SaveApiLog
[REQUEST] [2024-12-01 04:19:21:261] [api.js]:
                                   [MODULE]       : Admpanel
                                   [SERVICE]      : DashboardApi
                                   [ENDPOINT]     : adm-dashboard-info
                                   [METHOD]       : GET
                                   [X-USER-TOKEN] : 65d78580994151d94460ea1f
                                   [IP]           : ::1
[INFO] [2024-12-01 04:19:21:264] [PocketService.js]: Trigger : ControlUserPermissionToken
[INFO] [2024-12-01 04:19:21:266] [PocketService.js]: Trigger : GetPermissionToken
[INFO] [2024-12-01 04:19:21:273] [PocketService.js]: Trigger : UpdatePermissionToken
[INFO] [2024-12-01 04:19:21:283] [PocketService.js]: Trigger : DashboardApi
[INFO] [2024-12-01 04:19:21:285] [PocketService.js]: Trigger : GetEndpoints
[INFO] [2024-12-01 04:19:21:287] [PocketService.js]: Trigger : GetServerInfo
[INFO] [2024-12-01 04:19:21:304] [PocketService.js]: Trigger : GetBatchJobs
[INFO] [2024-12-01 04:19:21:313] [PocketService.js]: Trigger : GetAllServerInfo
[INFO] [2024-12-01 04:19:21:383] [PocketService.js]: Trigger : GetBatchHealth
[INFO] [2024-12-01 04:19:21:384] [GetBatchHealth.mjs]: GetBatchhealt servisinde info fırlatıldı
[INFO] [2024-12-01 04:19:21:390] [PocketService.js]: Trigger : GetPocketLog
[INFO] [2024-12-01 04:19:21:431] [DashboardApi.mjs]: Dashboard response:
[INFO] [2024-12-01 04:19:21:432] [DashboardApi.mjs]: [object Object]
[INFO] [2024-12-01 04:19:21:445] [PocketService.js]: Trigger : SaveApiLog
[REQUEST] [2024-12-01 04:19:24:254] [api.js]:
                                   [MODULE]       : Admpanel
                                   [SERVICE]      : DashboardApi
                                   [ENDPOINT]     : adm-dashboard-info
                                   [METHOD]       : GET
                                   [X-USER-TOKEN] : 65d78580994151d94460ea1f
                                   [IP]           : ::1
[INFO] [2024-12-01 04:19:24:259] [PocketService.js]: Trigger : ControlUserPermissionToken
[INFO] [2024-12-01 04:19:24:261] [PocketService.js]: Trigger : GetPermissionToken
[INFO] [2024-12-01 04:19:24:271] [PocketService.js]: Trigger : UpdatePermissionToken
[INFO] [2024-12-01 04:19:24:282] [PocketService.js]: Trigger : DashboardApi
[INFO] [2024-12-01 04:19:24:286] [PocketService.js]: Trigger : GetEndpoints
[INFO] [2024-12-01 04:19:24:289] [PocketService.js]: Trigger : GetServerInfo
[INFO] [2024-12-01 04:19:24:304] [PocketService.js]: Trigger : GetBatchJobs
[INFO] [2024-12-01 04:19:24:310] [PocketService.js]: Trigger : GetAllServerInfo
[INFO] [2024-12-01 04:19:24:370] [PocketService.js]: Trigger : GetBatchHealth
[INFO] [2024-12-01 04:19:24:371] [GetBatchHealth.mjs]: GetBatchhealt servisinde info fırlatıldı
[INFO] [2024-12-01 04:19:24:378] [PocketService.js]: Trigger : GetPocketLog
[INFO] [2024-12-01 04:19:24:407] [DashboardApi.mjs]: Dashboard response:
[INFO] [2024-12-01 04:19:24:409] [DashboardApi.mjs]: [object Object]
[INFO] [2024-12-01 04:19:24:418] [PocketService.js]: Trigger : SaveApiLog
[REQUEST] [2024-12-01 04:23:10:009] [api.js]:
                                   [MODULE]       : Admpanel
                                   [SERVICE]      : DashboardApi
                                   [ENDPOINT]     : adm-dashboard-info
                                   [METHOD]       : GET
                                   [X-USER-TOKEN] : 65d78580994151d94460ea1f
                                   [IP]           : ::1
[INFO] [2024-12-01 04:23:10:012] [PocketService.js]: Trigger : ControlUserPermissionToken
[INFO] [2024-12-01 04:23:10:014] [PocketService.js]: Trigger : GetPermissionToken
[INFO] [2024-12-01 04:23:10:021] [PocketService.js]: Trigger : UpdatePermissionToken
[INFO] [2024-12-01 04:23:10:029] [PocketService.js]: Trigger : DashboardApi
[INFO] [2024-12-01 04:23:10:031] [PocketService.js]: Trigger : GetEndpoints
[INFO] [2024-12-01 04:23:10:034] [PocketService.js]: Trigger : GetServerInfo
[INFO] [2024-12-01 04:23:10:044] [PocketService.js]: Trigger : GetBatchJobs
[INFO] [2024-12-01 04:23:10:053] [PocketService.js]: Trigger : GetAllServerInfo
[INFO] [2024-12-01 04:23:10:160] [PocketService.js]: Trigger : GetBatchHealth
[INFO] [2024-12-01 04:23:10:164] [GetBatchHealth.mjs]: GetBatchhealt servisinde info fırlatıldı
[INFO] [2024-12-01 04:23:10:199] [PocketService.js]: Trigger : GetPocketLog
[INFO] [2024-12-01 04:23:10:297] [DashboardApi.mjs]: Dashboard response:
[INFO] [2024-12-01 04:23:10:301] [DashboardApi.mjs]: [object Object]
[INFO] [2024-12-01 04:23:10:323] [PocketService.js]: Trigger : SaveApiLog
[REQUEST] [2024-12-01 04:34:14:434] [api.js]:
                                   [MODULE]       : Admpanel
                                   [SERVICE]      : DashboardApi
                                   [ENDPOINT]     : adm-dashboard-info
                                   [METHOD]       : GET
                                   [X-USER-TOKEN] : 65d78580994151d94460ea1f
                                   [IP]           : ::1
[INFO] [2024-12-01 04:34:14:437] [PocketService.js]: Trigger : ControlUserPermissionToken
[INFO] [2024-12-01 04:34:14:439] [PocketService.js]: Trigger : GetPermissionToken
[INFO] [2024-12-01 04:34:14:448] [PocketService.js]: Trigger : UpdatePermissionToken
[INFO] [2024-12-01 04:34:14:456] [PocketService.js]: Trigger : DashboardApi
[INFO] [2024-12-01 04:34:14:459] [PocketService.js]: Trigger : GetEndpoints
[INFO] [2024-12-01 04:34:14:461] [PocketService.js]: Trigger : GetServerInfo
[INFO] [2024-12-01 04:34:14:470] [PocketService.js]: Trigger : GetBatchJobs
[INFO] [2024-12-01 04:34:14:476] [PocketService.js]: Trigger : GetAllServerInfo
[INFO] [2024-12-01 04:34:14:539] [PocketService.js]: Trigger : GetBatchHealth
[INFO] [2024-12-01 04:34:14:540] [GetBatchHealth.mjs]: GetBatchhealt servisinde info fırlatıldı
[INFO] [2024-12-01 04:34:14:548] [PocketService.js]: Trigger : GetPocketLog
[INFO] [2024-12-01 04:34:14:599] [DashboardApi.mjs]: Dashboard response:
[INFO] [2024-12-01 04:34:14:601] [DashboardApi.mjs]: [object Object]
[INFO] [2024-12-01 04:34:14:616] [PocketService.js]: Trigger : SaveApiLog
[REQUEST] [2024-12-01 04:43:26:756] [api.js]:
                                   [MODULE]       : Admpanel
                                   [SERVICE]      : DashboardApi
                                   [ENDPOINT]     : adm-dashboard-info
                                   [METHOD]       : GET
                                   [X-USER-TOKEN] : 65d78580994151d94460ea1f
                                   [IP]           : ::1
[INFO] [2024-12-01 04:43:26:760] [PocketService.js]: Trigger : ControlUserPermissionToken
[INFO] [2024-12-01 04:43:26:763] [PocketService.js]: Trigger : GetPermissionToken
[INFO] [2024-12-01 04:43:26:770] [PocketService.js]: Trigger : UpdatePermissionToken
[INFO] [2024-12-01 04:43:26:780] [PocketService.js]: Trigger : DashboardApi
[INFO] [2024-12-01 04:43:26:782] [PocketService.js]: Trigger : GetEndpoints
[INFO] [2024-12-01 04:43:26:783] [PocketService.js]: Trigger : GetServerInfo
[INFO] [2024-12-01 04:43:26:793] [PocketService.js]: Trigger : GetBatchJobs
[INFO] [2024-12-01 04:43:26:801] [PocketService.js]: Trigger : GetAllServerInfo
[INFO] [2024-12-01 04:43:26:872] [PocketService.js]: Trigger : GetBatchHealth
[INFO] [2024-12-01 04:43:26:873] [GetBatchHealth.mjs]: GetBatchhealt servisinde info fırlatıldı
[INFO] [2024-12-01 04:43:26:882] [PocketService.js]: Trigger : GetPocketLog
[INFO] [2024-12-01 04:43:26:938] [DashboardApi.mjs]: Dashboard response:
[INFO] [2024-12-01 04:43:26:939] [DashboardApi.mjs]: [object Object]
[INFO] [2024-12-01 04:43:26:955] [PocketService.js]: Trigger : SaveApiLog
[REQUEST] [2024-12-01 04:46:20:572] [api.js]:
                                   [MODULE]       : Admpanel
                                   [SERVICE]      : DashboardApi
                                   [ENDPOINT]     : adm-dashboard-info
                                   [METHOD]       : GET
                                   [X-USER-TOKEN] : 65d78580994151d94460ea1f
                                   [IP]           : ::1
[INFO] [2024-12-01 04:46:20:576] [PocketService.js]: Trigger : ControlUserPermissionToken
[INFO] [2024-12-01 04:46:20:577] [PocketService.js]: Trigger : GetPermissionToken
[INFO] [2024-12-01 04:46:20:583] [PocketService.js]: Trigger : UpdatePermissionToken
[INFO] [2024-12-01 04:46:20:592] [PocketService.js]: Trigger : DashboardApi
[INFO] [2024-12-01 04:46:20:594] [PocketService.js]: Trigger : GetEndpoints
[INFO] [2024-12-01 04:46:20:595] [PocketService.js]: Trigger : GetServerInfo
[INFO] [2024-12-01 04:46:20:606] [PocketService.js]: Trigger : GetBatchJobs
[INFO] [2024-12-01 04:46:20:611] [PocketService.js]: Trigger : GetAllServerInfo
[INFO] [2024-12-01 04:46:20:690] [PocketService.js]: Trigger : GetBatchHealth
[INFO] [2024-12-01 04:46:20:780] [GetBatchHealth.mjs]: GetBatchhealt servisinde info fırlatıldı
[INFO] [2024-12-01 04:46:20:812] [PocketService.js]: Trigger : GetPocketLog
[INFO] [2024-12-01 04:46:20:913] [DashboardApi.mjs]: Dashboard response:
[INFO] [2024-12-01 04:46:20:914] [DashboardApi.mjs]: [object Object]
[INFO] [2024-12-01 04:46:20:945] [PocketService.js]: Trigger : SaveApiLog
[REQUEST] [2024-12-01 04:50:21:196] [api.js]:
                                   [MODULE]       : Admpanel
                                   [SERVICE]      : DashboardApi
                                   [ENDPOINT]     : adm-dashboard-info
                                   [METHOD]       : GET
                                   [X-USER-TOKEN] : 65d78580994151d94460ea1f
                                   [IP]           : ::1
[INFO] [2024-12-01 04:50:21:201] [PocketService.js]: Trigger : ControlUserPermissionToken
[INFO] [2024-12-01 04:50:21:203] [PocketService.js]: Trigger : GetPermissionToken
[INFO] [2024-12-01 04:50:21:209] [PocketService.js]: Trigger : UpdatePermissionToken
[INFO] [2024-12-01 04:50:21:221] [PocketService.js]: Trigger : DashboardApi
[INFO] [2024-12-01 04:50:21:223] [PocketService.js]: Trigger : GetEndpoints
[INFO] [2024-12-01 04:50:21:225] [PocketService.js]: Trigger : GetServerInfo
[INFO] [2024-12-01 04:50:21:235] [PocketService.js]: Trigger : GetBatchJobs
[INFO] [2024-12-01 04:50:21:242] [PocketService.js]: Trigger : GetAllServerInfo
[INFO] [2024-12-01 04:50:21:305] [PocketService.js]: Trigger : GetBatchHealth
[INFO] [2024-12-01 04:50:21:306] [GetBatchHealth.mjs]: GetBatchhealt servisinde info fırlatıldı
[INFO] [2024-12-01 04:50:21:312] [PocketService.js]: Trigger : GetPocketLog
[INFO] [2024-12-01 04:50:21:348] [DashboardApi.mjs]: Dashboard response:
[INFO] [2024-12-01 04:50:21:349] [DashboardApi.mjs]: [object Object]
[INFO] [2024-12-01 04:50:21:360] [PocketService.js]: Trigger : SaveApiLog
[REQUEST] [2024-12-01 04:50:22:827] [api.js]:
                                   [MODULE]       : Admpanel
                                   [SERVICE]      : GetPocketLog
                                   [ENDPOINT]     : adm-pocket-log
                                   [METHOD]       : GET
                                   [X-USER-TOKEN] : 65d78580994151d94460ea1f
                                   [IP]           : ::1
[INFO] [2024-12-01 04:50:22:835] [PocketService.js]: Trigger : ControlUserPermissionToken
[INFO] [2024-12-01 04:50:22:838] [PocketService.js]: Trigger : GetPermissionToken
[INFO] [2024-12-01 04:50:22:848] [PocketService.js]: Trigger : UpdatePermissionToken
[INFO] [2024-12-01 04:50:22:859] [PocketService.js]: Trigger : GetPocketLog
[INFO] [2024-12-01 04:50:22:904] [PocketService.js]: Trigger : SaveApiLog
[REQUEST] [2024-12-01 04:50:36:645] [api.js]:
                                   [MODULE]       : Admpanel
                                   [SERVICE]      : DashboardApi
                                   [ENDPOINT]     : adm-dashboard-info
                                   [METHOD]       : GET
                                   [X-USER-TOKEN] : 65d78580994151d94460ea1f
                                   [IP]           : ::1
[INFO] [2024-12-01 04:50:36:649] [PocketService.js]: Trigger : ControlUserPermissionToken
[INFO] [2024-12-01 04:50:36:652] [PocketService.js]: Trigger : GetPermissionToken
[INFO] [2024-12-01 04:50:36:664] [PocketService.js]: Trigger : UpdatePermissionToken
[INFO] [2024-12-01 04:50:36:679] [PocketService.js]: Trigger : DashboardApi
[INFO] [2024-12-01 04:50:36:680] [PocketService.js]: Trigger : GetEndpoints
[INFO] [2024-12-01 04:50:36:682] [PocketService.js]: Trigger : GetServerInfo
[INFO] [2024-12-01 04:50:36:708] [PocketService.js]: Trigger : GetBatchJobs
[INFO] [2024-12-01 04:50:36:719] [PocketService.js]: Trigger : GetAllServerInfo
[INFO] [2024-12-01 04:50:36:792] [PocketService.js]: Trigger : GetBatchHealth
[INFO] [2024-12-01 04:50:36:793] [GetBatchHealth.mjs]: GetBatchhealt servisinde info fırlatıldı
[INFO] [2024-12-01 04:50:36:800] [PocketService.js]: Trigger : GetPocketLog
[INFO] [2024-12-01 04:50:36:831] [DashboardApi.mjs]: Dashboard response:
[INFO] [2024-12-01 04:50:36:832] [DashboardApi.mjs]: [object Object]
[INFO] [2024-12-01 04:50:36:851] [PocketService.js]: Trigger : SaveApiLog
[REQUEST] [2024-12-01 04:52:12:709] [api.js]:
                                   [MODULE]       : Admpanel
                                   [SERVICE]      : DashboardApi
                                   [ENDPOINT]     : adm-dashboard-info
                                   [METHOD]       : GET
                                   [X-USER-TOKEN] : 65d78580994151d94460ea1f
                                   [IP]           : ::1
[INFO] [2024-12-01 04:52:12:717] [PocketService.js]: Trigger : ControlUserPermissionToken
[INFO] [2024-12-01 04:52:12:720] [PocketService.js]: Trigger : GetPermissionToken
[INFO] [2024-12-01 04:52:12:725] [PocketService.js]: Trigger : UpdatePermissionToken
[INFO] [2024-12-01 04:52:12:739] [PocketService.js]: Trigger : DashboardApi
[INFO] [2024-12-01 04:52:12:741] [PocketService.js]: Trigger : GetEndpoints
[INFO] [2024-12-01 04:52:12:742] [PocketService.js]: Trigger : GetServerInfo
[INFO] [2024-12-01 04:52:12:757] [PocketService.js]: Trigger : GetBatchJobs
[INFO] [2024-12-01 04:52:12:764] [PocketService.js]: Trigger : GetAllServerInfo
[INFO] [2024-12-01 04:52:12:837] [PocketService.js]: Trigger : GetBatchHealth
[INFO] [2024-12-01 04:52:12:839] [GetBatchHealth.mjs]: GetBatchhealt servisinde info fırlatıldı
[INFO] [2024-12-01 04:52:12:870] [PocketService.js]: Trigger : GetPocketLog
[INFO] [2024-12-01 04:52:12:908] [DashboardApi.mjs]: Dashboard response:
[INFO] [2024-12-01 04:52:12:909] [DashboardApi.mjs]: [object Object]
[INFO] [2024-12-01 04:52:12:921] [PocketService.js]: Trigger : SaveApiLog
[REQUEST] [2024-12-01 04:53:34:570] [api.js]:
                                   [MODULE]       : Admpanel
                                   [SERVICE]      : DashboardApi
                                   [ENDPOINT]     : adm-dashboard-info
                                   [METHOD]       : GET
                                   [X-USER-TOKEN] : 65d78580994151d94460ea1f
                                   [IP]           : ::1
[INFO] [2024-12-01 04:53:34:574] [PocketService.js]: Trigger : ControlUserPermissionToken
[INFO] [2024-12-01 04:53:34:576] [PocketService.js]: Trigger : GetPermissionToken
[INFO] [2024-12-01 04:53:34:582] [PocketService.js]: Trigger : UpdatePermissionToken
[INFO] [2024-12-01 04:53:34:593] [PocketService.js]: Trigger : DashboardApi
[INFO] [2024-12-01 04:53:34:595] [PocketService.js]: Trigger : GetEndpoints
[INFO] [2024-12-01 04:53:34:596] [PocketService.js]: Trigger : GetServerInfo
[INFO] [2024-12-01 04:53:34:608] [PocketService.js]: Trigger : GetBatchJobs
[INFO] [2024-12-01 04:53:34:614] [PocketService.js]: Trigger : GetAllServerInfo
[INFO] [2024-12-01 04:53:34:677] [PocketService.js]: Trigger : GetBatchHealth
[INFO] [2024-12-01 04:53:34:678] [GetBatchHealth.mjs]: GetBatchhealt servisinde info fırlatıldı
[INFO] [2024-12-01 04:53:34:685] [PocketService.js]: Trigger : GetPocketLog
[INFO] [2024-12-01 04:53:34:722] [DashboardApi.mjs]: Dashboard response:
[INFO] [2024-12-01 04:53:34:723] [DashboardApi.mjs]: [object Object]
[INFO] [2024-12-01 04:53:34:735] [PocketService.js]: Trigger : SaveApiLog
[REQUEST] [2024-12-01 04:53:48:457] [api.js]:
                                   [MODULE]       : Admpanel
                                   [SERVICE]      : DashboardApi
                                   [ENDPOINT]     : adm-dashboard-info
                                   [METHOD]       : GET
                                   [X-USER-TOKEN] : 65d78580994151d94460ea1f
                                   [IP]           : ::1
[INFO] [2024-12-01 04:53:48:460] [PocketService.js]: Trigger : ControlUserPermissionToken
[INFO] [2024-12-01 04:53:48:462] [PocketService.js]: Trigger : GetPermissionToken
[INFO] [2024-12-01 04:53:48:471] [PocketService.js]: Trigger : UpdatePermissionToken
[INFO] [2024-12-01 04:53:48:481] [PocketService.js]: Trigger : DashboardApi
[INFO] [2024-12-01 04:53:48:483] [PocketService.js]: Trigger : GetEndpoints
[INFO] [2024-12-01 04:53:48:488] [PocketService.js]: Trigger : GetServerInfo
[INFO] [2024-12-01 04:53:48:507] [PocketService.js]: Trigger : GetBatchJobs
[INFO] [2024-12-01 04:53:48:513] [PocketService.js]: Trigger : GetAllServerInfo
[INFO] [2024-12-01 04:53:48:592] [PocketService.js]: Trigger : GetBatchHealth
[INFO] [2024-12-01 04:53:48:593] [GetBatchHealth.mjs]: GetBatchhealt servisinde info fırlatıldı
[INFO] [2024-12-01 04:53:48:598] [PocketService.js]: Trigger : GetPocketLog
[INFO] [2024-12-01 04:53:48:632] [DashboardApi.mjs]: Dashboard response:
[INFO] [2024-12-01 04:53:48:633] [DashboardApi.mjs]: [object Object]
[INFO] [2024-12-01 04:53:48:646] [PocketService.js]: Trigger : SaveApiLog
[REQUEST] [2024-12-01 04:55:39:572] [api.js]:
                                   [MODULE]       : Admpanel
                                   [SERVICE]      : DashboardApi
                                   [ENDPOINT]     : adm-dashboard-info
                                   [METHOD]       : GET
                                   [X-USER-TOKEN] : 65d78580994151d94460ea1f
                                   [IP]           : ::1
[INFO] [2024-12-01 04:55:39:575] [PocketService.js]: Trigger : ControlUserPermissionToken
[INFO] [2024-12-01 04:55:39:577] [PocketService.js]: Trigger : GetPermissionToken
[INFO] [2024-12-01 04:55:39:584] [PocketService.js]: Trigger : UpdatePermissionToken
[INFO] [2024-12-01 04:55:39:593] [PocketService.js]: Trigger : DashboardApi
[INFO] [2024-12-01 04:55:39:595] [PocketService.js]: Trigger : GetEndpoints
[INFO] [2024-12-01 04:55:39:597] [PocketService.js]: Trigger : GetServerInfo
[INFO] [2024-12-01 04:55:39:607] [PocketService.js]: Trigger : GetBatchJobs
[INFO] [2024-12-01 04:55:39:614] [PocketService.js]: Trigger : GetAllServerInfo
[INFO] [2024-12-01 04:55:39:679] [PocketService.js]: Trigger : GetBatchHealth
[INFO] [2024-12-01 04:55:39:679] [GetBatchHealth.mjs]: GetBatchhealt servisinde info fırlatıldı
[INFO] [2024-12-01 04:55:39:686] [PocketService.js]: Trigger : GetPocketLog
[INFO] [2024-12-01 04:55:39:726] [DashboardApi.mjs]: Dashboard response:
[INFO] [2024-12-01 04:55:39:727] [DashboardApi.mjs]: [object Object]
[INFO] [2024-12-01 04:55:39:739] [PocketService.js]: Trigger : SaveApiLog
[INFO] [2024-12-11 22:25:01:156] [api.js]: - CheckAbuseipAttacker.mjs loading successfully
[INFO] [2024-12-11 22:25:01:173] [api.js]: - CheckTokenEndpointAuth.mjs loading successfully
[INFO] [2024-12-11 22:25:01:190] [api.js]: - ControlUserPermissionToken.mjs loading successfully
[INFO] [2024-12-11 22:25:01:357] [api.js]: - DecisionRepetiteAttackRequest.mjs loading successfully
[INFO] [2024-12-11 22:25:01:435] [api.js]: - GetActiveRepetiteAttackRequest.mjs loading successfully
[INFO] [2024-12-11 22:25:01:436] [api.js]: - GetAllServerInfo.mjs loading successfully
[INFO] [2024-12-11 22:25:01:438] [api.js]: - GetBatchHealth.mjs loading successfully
[INFO] [2024-12-11 22:25:01:454] [api.js]: - GetEndpoints.mjs loading successfully
[INFO] [2024-12-11 22:25:01:456] [api.js]: - GetPermissionToken.mjs loading successfully
[INFO] [2024-12-11 22:25:01:457] [api.js]: - GetServerInfo.mjs loading successfully
[INFO] [2024-12-11 22:25:01:458] [api.js]: - GetUserService.mjs loading successfully
[INFO] [2024-12-11 22:25:01:471] [api.js]: - GetUserWithEmail.mjs loading successfully
[INFO] [2024-12-11 22:25:01:481] [api.js]: - GetUserWithUserId.mjs loading successfully
[INFO] [2024-12-11 22:25:01:485] [api.js]: - LoginService.mjs loading successfully
[INFO] [2024-12-11 22:25:01:488] [api.js]: - LogoutService.mjs loading successfully
[INFO] [2024-12-11 22:25:01:490] [api.js]: - SaveApiLog.mjs loading successfully
[INFO] [2024-12-11 22:25:01:491] [api.js]: - SaveRepetiteAttackRequest.mjs loading successfully
[INFO] [2024-12-11 22:25:01:497] [api.js]: - SaveServerInfo.mjs loading successfully
[INFO] [2024-12-11 22:25:01:501] [api.js]: - UpdatePermissionToken.mjs loading successfully
[INFO] [2024-12-11 22:25:01:505] [api.js]: - UpdateRepetiteAttackRequest.mjs loading successfully
[INFO] [2024-12-11 22:25:01:513] [api.js]: - UpdateUserService.mjs loading successfully
[INFO] [2024-12-11 22:25:01:529] [api.js]: - DashboardApi.mjs loading successfully
[INFO] [2024-12-11 22:25:01:533] [api.js]: - GetBatchInfo.mjs loading successfully
[INFO] [2024-12-11 22:25:01:536] [api.js]: - GetPocketLog.mjs loading successfully
[INFO] [2024-12-11 22:25:01:550] [api.js]: - UpdateExchangeRate.mjs loading successfully
[INFO] [2024-12-11 22:25:01:579] [api.js]: - CheckOtpAndAccountActivate.mjs loading successfully
[INFO] [2024-12-11 22:25:01:583] [api.js]: - GetUserWithEmail.mjs loading successfully
[INFO] [2024-12-11 22:25:01:596] [api.js]: - LoginService.mjs loading successfully
[INFO] [2024-12-11 22:25:01:612] [api.js]: - PasswordResetSendOTP.mjs loading successfully
[INFO] [2024-12-11 22:25:01:617] [api.js]: - SaveUserService.mjs loading successfully
[INFO] [2024-12-11 22:25:01:621] [api.js]: - SignUpService.mjs loading successfully
[INFO] [2024-12-11 22:25:01:624] [api.js]: - UpdateUserWithEmail.mjs loading successfully
[INFO] [2024-12-11 22:25:01:675] [api.js]: - GetAccount.mjs loading successfully
[INFO] [2024-12-11 22:25:01:691] [api.js]: - Login.mjs loading successfully
[INFO] [2024-12-11 22:25:01:865] [api.js]: - CheckOTP.mjs loading successfully
[INFO] [2024-12-11 22:25:01:870] [api.js]: - CheckTOKEN.mjs loading successfully
[INFO] [2024-12-11 22:25:01:890] [api.js]: - GenerateOTP.mjs loading successfully
[INFO] [2024-12-11 22:25:01:920] [api.js]: - GetOTP.mjs loading successfully
[INFO] [2024-12-11 22:25:01:923] [api.js]: - GetTOKEN.mjs loading successfully
[INFO] [2024-12-11 22:25:01:934] [api.js]: - ITReportSender.mjs loading successfully
[INFO] [2024-12-11 22:25:01:938] [api.js]: - SaveOTP.mjs loading successfully
[INFO] [2024-12-11 22:25:01:941] [api.js]: - SendEmailActivation.mjs loading successfully
[INFO] [2024-12-11 22:25:01:954] [api.js]: - SendNotificationCode.mjs loading successfully
[INFO] [2024-12-11 22:25:01:963] [api.js]: - SendOTP.mjs loading successfully
[INFO] [2024-12-11 22:25:01:985] [api.js]: - SendResumeMail.mjs loading successfully
[INFO] [2024-12-11 22:25:01:988] [api.js]: - SendResumeMailForSuspicious.mjs loading successfully
[INFO] [2024-12-11 22:25:01:990] [api.js]: - UpdateOTP.mjs loading successfully
[INFO] [2024-12-11 22:25:01:991] [api.js]: - ValidateVerifyEmailToken.mjs loading successfully
[INFO] [2024-12-11 22:25:02:063] [api.js]: - GetBatchJobs.mjs loading successfully
[INFO] [2024-12-11 22:25:02:068] [api.js]: - GetBatchJobWithParameter.mjs loading successfully
[INFO] [2024-12-11 22:25:02:071] [api.js]: - GetSecret.mjs loading successfully
[INFO] [2024-12-11 22:25:02:079] [api.js]: - SaveBatchJobs.mjs loading successfully
[INFO] [2024-12-11 22:25:02:103] [api.js]: - SaveServiceInfo.mjs loading successfully
[INFO] [2024-12-11 22:25:02:108] [api.js]: - UpdateBatchJob.mjs loading successfully
[INFO] [2024-12-11 22:25:02:200] [api.js]: - AnalysisAndReportBatch.mjs loading successfully
[INFO] [2024-12-11 22:25:02:202] [api.js]: - APIQueryResume.mjs loading successfully
[INFO] [2024-12-11 22:25:02:205] [api.js]: - DecisionResumeEntry.mjs loading successfully
[INFO] [2024-12-11 22:25:02:212] [api.js]: - FindIpContext.mjs loading successfully
[INFO] [2024-12-11 22:25:02:238] [api.js]: - GetBatchCounter.mjs loading successfully
[INFO] [2024-12-11 22:25:02:242] [api.js]: - GetCounter.mjs loading successfully
[INFO] [2024-12-11 22:25:02:251] [api.js]: - GetResumeData.mjs loading successfully
[INFO] [2024-12-11 22:25:02:256] [api.js]: - QueryDecisionResume.mjs loading successfully
[INFO] [2024-12-11 22:25:02:261] [api.js]: - SaveDecisionResume.mjs loading successfully
[INFO] [2024-12-11 22:25:02:266] [api.js]: - SaveMail.mjs loading successfully
[INFO] [2024-12-11 22:25:02:268] [api.js]: - SearchMail.mjs loading successfully
[INFO] [2024-12-11 22:25:02:270] [api.js]: - UpdateBatchCounter.mjs loading successfully
[INFO] [2024-12-11 22:25:02:274] [api.js]: - UpdateCounter.mjs loading successfully
[INFO] [2024-12-11 22:25:02:278] [api.js]: - UpdateDecisionResume.mjs loading successfully
[INFO] [2024-12-11 22:25:02:283] [api.js]: - VerifyCaptcha.mjs loading successfully
[INFO] [2024-12-11 22:25:02:308] [api.js]: - CeyrekAltinBatch.mjs loading successfully
[INFO] [2024-12-11 22:25:02:317] [api.js]: - DovizKurlariBatch.mjs loading successfully
[INFO] [2024-12-11 22:25:02:322] [api.js]: - GetCurrencyWithName.mjs loading successfully
[INFO] [2024-12-11 22:25:02:323] [api.js]: - UpdateCurrency.mjs loading successfully
[INFO] [2024-12-11 22:25:02:334] [api.js]: - HtmlTemplateTest.mjs loading successfully
[INFO] [2024-12-11 22:25:02:353] [api.js]: - GenerateToken.mjs loading successfully
[INFO] [2024-12-11 22:25:02:391] [api.js]: - GenerateUniqueID.mjs loading successfully
[INFO] [2024-12-11 22:25:02:394] [api.js]: - IpService.mjs loading successfully
[INFO] [2024-12-11 22:25:02:407] [api.js]:
Success process: 77
Fail process: 0
Total Modules: 12
Total Service: 77
[INFO] [2024-12-11 22:25:02:428] [api.js]:
Module and service static check has been completed successfully.
[INFO] [2024-12-11 22:25:04:317] [PocketService.js]: Trigger : SaveServerInfo
[INFO] [2024-12-11 22:25:04:356] [PocketService.js]: Trigger : GetServerInfo
[INFO] [2024-12-11 22:25:04:633] [unknown]: Server is started on port 3000
[ERROR] [2024-12-11 22:29:19:315] [unknown]: SIGINT signal received. The application is shutting down.
Error
[INFO] [2024-12-11 22:29:25:225] [api.js]: - CheckAbuseipAttacker.mjs loading successfully
[INFO] [2024-12-11 22:29:25:230] [api.js]: - CheckTokenEndpointAuth.mjs loading successfully
[INFO] [2024-12-11 22:29:25:232] [api.js]: - ControlUserPermissionToken.mjs loading successfully
[INFO] [2024-12-11 22:29:25:233] [api.js]: - DecisionRepetiteAttackRequest.mjs loading successfully
[INFO] [2024-12-11 22:29:25:234] [api.js]: - GetActiveRepetiteAttackRequest.mjs loading successfully
[INFO] [2024-12-11 22:29:25:235] [api.js]: - GetAllServerInfo.mjs loading successfully
[INFO] [2024-12-11 22:29:25:236] [api.js]: - GetBatchHealth.mjs loading successfully
[INFO] [2024-12-11 22:29:25:237] [api.js]: - GetEndpoints.mjs loading successfully
[INFO] [2024-12-11 22:29:25:238] [api.js]: - GetPermissionToken.mjs loading successfully
[INFO] [2024-12-11 22:29:25:240] [api.js]: - GetServerInfo.mjs loading successfully
[INFO] [2024-12-11 22:29:25:241] [api.js]: - GetUserService.mjs loading successfully
[INFO] [2024-12-11 22:29:25:242] [api.js]: - GetUserWithEmail.mjs loading successfully
[INFO] [2024-12-11 22:29:25:245] [api.js]: - GetUserWithUserId.mjs loading successfully
[INFO] [2024-12-11 22:29:25:247] [api.js]: - LoginService.mjs loading successfully
[INFO] [2024-12-11 22:29:25:249] [api.js]: - LogoutService.mjs loading successfully
[INFO] [2024-12-11 22:29:25:250] [api.js]: - SaveApiLog.mjs loading successfully
[INFO] [2024-12-11 22:29:25:251] [api.js]: - SaveRepetiteAttackRequest.mjs loading successfully
[INFO] [2024-12-11 22:29:25:253] [api.js]: - SaveServerInfo.mjs loading successfully
[INFO] [2024-12-11 22:29:25:254] [api.js]: - UpdatePermissionToken.mjs loading successfully
[INFO] [2024-12-11 22:29:25:255] [api.js]: - UpdateRepetiteAttackRequest.mjs loading successfully
[INFO] [2024-12-11 22:29:25:257] [api.js]: - UpdateUserService.mjs loading successfully
[INFO] [2024-12-11 22:29:25:262] [api.js]: - DashboardApi.mjs loading successfully
[INFO] [2024-12-11 22:29:25:264] [api.js]: - GetBatchInfo.mjs loading successfully
[INFO] [2024-12-11 22:29:25:265] [api.js]: - GetPocketLog.mjs loading successfully
[INFO] [2024-12-11 22:29:25:270] [api.js]: - UpdateExchangeRate.mjs loading successfully
[INFO] [2024-12-11 22:29:25:274] [api.js]: - CheckOtpAndAccountActivate.mjs loading successfully
[INFO] [2024-12-11 22:29:25:275] [api.js]: - GetUserWithEmail.mjs loading successfully
[INFO] [2024-12-11 22:29:25:276] [api.js]: - LoginService.mjs loading successfully
[INFO] [2024-12-11 22:29:25:278] [api.js]: - PasswordResetSendOTP.mjs loading successfully
[INFO] [2024-12-11 22:29:25:279] [api.js]: - SaveUserService.mjs loading successfully
[INFO] [2024-12-11 22:29:25:281] [api.js]: - SignUpService.mjs loading successfully
[INFO] [2024-12-11 22:29:25:282] [api.js]: - UpdateUserWithEmail.mjs loading successfully
[INFO] [2024-12-11 22:29:25:286] [api.js]: - GetAccount.mjs loading successfully
[INFO] [2024-12-11 22:29:25:287] [api.js]: - Login.mjs loading successfully
[INFO] [2024-12-11 22:29:25:290] [api.js]: - CheckOTP.mjs loading successfully
[INFO] [2024-12-11 22:29:25:291] [api.js]: - CheckTOKEN.mjs loading successfully
[INFO] [2024-12-11 22:29:25:292] [api.js]: - GenerateOTP.mjs loading successfully
[INFO] [2024-12-11 22:29:25:294] [api.js]: - GetOTP.mjs loading successfully
[INFO] [2024-12-11 22:29:25:296] [api.js]: - GetTOKEN.mjs loading successfully
[INFO] [2024-12-11 22:29:25:297] [api.js]: - ITReportSender.mjs loading successfully
[INFO] [2024-12-11 22:29:25:298] [api.js]: - SaveOTP.mjs loading successfully
[INFO] [2024-12-11 22:29:25:299] [api.js]: - SendEmailActivation.mjs loading successfully
[INFO] [2024-12-11 22:29:25:300] [api.js]: - SendNotificationCode.mjs loading successfully
[INFO] [2024-12-11 22:29:25:301] [api.js]: - SendOTP.mjs loading successfully
[INFO] [2024-12-11 22:29:25:302] [api.js]: - SendResumeMail.mjs loading successfully
[INFO] [2024-12-11 22:29:25:303] [api.js]: - SendResumeMailForSuspicious.mjs loading successfully
[INFO] [2024-12-11 22:29:25:304] [api.js]: - UpdateOTP.mjs loading successfully
[INFO] [2024-12-11 22:29:25:305] [api.js]: - ValidateVerifyEmailToken.mjs loading successfully
[INFO] [2024-12-11 22:29:25:308] [api.js]: - GetBatchJobs.mjs loading successfully
[INFO] [2024-12-11 22:29:25:308] [api.js]: - GetBatchJobWithParameter.mjs loading successfully
[INFO] [2024-12-11 22:29:25:310] [api.js]: - GetSecret.mjs loading successfully
[INFO] [2024-12-11 22:29:25:312] [api.js]: - SaveBatchJobs.mjs loading successfully
[INFO] [2024-12-11 22:29:25:313] [api.js]: - SaveServiceInfo.mjs loading successfully
[INFO] [2024-12-11 22:29:25:315] [api.js]: - UpdateBatchJob.mjs loading successfully
[INFO] [2024-12-11 22:29:25:320] [api.js]: - AnalysisAndReportBatch.mjs loading successfully
[INFO] [2024-12-11 22:29:25:321] [api.js]: - APIQueryResume.mjs loading successfully
[INFO] [2024-12-11 22:29:25:322] [api.js]: - DecisionResumeEntry.mjs loading successfully
[INFO] [2024-12-11 22:29:25:322] [api.js]: - FindIpContext.mjs loading successfully
[INFO] [2024-12-11 22:29:25:323] [api.js]: - GetBatchCounter.mjs loading successfully
[INFO] [2024-12-11 22:29:25:324] [api.js]: - GetCounter.mjs loading successfully
[INFO] [2024-12-11 22:29:25:327] [api.js]: - GetResumeData.mjs loading successfully
[INFO] [2024-12-11 22:29:25:328] [api.js]: - QueryDecisionResume.mjs loading successfully
[INFO] [2024-12-11 22:29:25:330] [api.js]: - SaveDecisionResume.mjs loading successfully
[INFO] [2024-12-11 22:29:25:331] [api.js]: - SaveMail.mjs loading successfully
[INFO] [2024-12-11 22:29:25:332] [api.js]: - SearchMail.mjs loading successfully
[INFO] [2024-12-11 22:29:25:333] [api.js]: - UpdateBatchCounter.mjs loading successfully
[INFO] [2024-12-11 22:29:25:334] [api.js]: - UpdateCounter.mjs loading successfully
[INFO] [2024-12-11 22:29:25:335] [api.js]: - UpdateDecisionResume.mjs loading successfully
[INFO] [2024-12-11 22:29:25:336] [api.js]: - VerifyCaptcha.mjs loading successfully
[INFO] [2024-12-11 22:29:25:339] [api.js]: - CeyrekAltinBatch.mjs loading successfully
[INFO] [2024-12-11 22:29:25:340] [api.js]: - DovizKurlariBatch.mjs loading successfully
[INFO] [2024-12-11 22:29:25:341] [api.js]: - GetCurrencyWithName.mjs loading successfully
[INFO] [2024-12-11 22:29:25:342] [api.js]: - UpdateCurrency.mjs loading successfully
[INFO] [2024-12-11 22:29:25:348] [api.js]: - HtmlTemplateTest.mjs loading successfully
[INFO] [2024-12-11 22:29:25:351] [api.js]: - GenerateToken.mjs loading successfully
[INFO] [2024-12-11 22:29:25:354] [api.js]: - GenerateUniqueID.mjs loading successfully
[INFO] [2024-12-11 22:29:25:355] [api.js]: - IpService.mjs loading successfully
[INFO] [2024-12-11 22:29:25:357] [api.js]:
Success process: 77
Fail process: 0
Total Modules: 12
Total Service: 77
[INFO] [2024-12-11 22:29:25:361] [api.js]:
Module and service static check has been completed successfully.
[INFO] [2024-12-11 22:29:25:436] [PocketService.js]: Trigger : SaveServerInfo
[INFO] [2024-12-11 22:29:25:439] [PocketService.js]: Trigger : GetServerInfo
[INFO] [2024-12-11 22:29:25:505] [unknown]: Server is started on port 3000
[ERROR] [2024-12-11 22:29:29:261] [unknown]: SIGINT signal received. The application is shutting down.
Error
[INFO] [2024-12-11 22:29:34:666] [api.js]: - CheckAbuseipAttacker.mjs loading successfully
[INFO] [2024-12-11 22:29:34:669] [api.js]: - CheckTokenEndpointAuth.mjs loading successfully
[INFO] [2024-12-11 22:29:34:670] [api.js]: - ControlUserPermissionToken.mjs loading successfully
[INFO] [2024-12-11 22:29:34:671] [api.js]: - DecisionRepetiteAttackRequest.mjs loading successfully
[INFO] [2024-12-11 22:29:34:672] [api.js]: - GetActiveRepetiteAttackRequest.mjs loading successfully
[INFO] [2024-12-11 22:29:34:673] [api.js]: - GetAllServerInfo.mjs loading successfully
[INFO] [2024-12-11 22:29:34:675] [api.js]: - GetBatchHealth.mjs loading successfully
[INFO] [2024-12-11 22:29:34:676] [api.js]: - GetEndpoints.mjs loading successfully
[INFO] [2024-12-11 22:29:34:677] [api.js]: - GetPermissionToken.mjs loading successfully
[INFO] [2024-12-11 22:29:34:678] [api.js]: - GetServerInfo.mjs loading successfully
[INFO] [2024-12-11 22:29:34:679] [api.js]: - GetUserService.mjs loading successfully
[INFO] [2024-12-11 22:29:34:680] [api.js]: - GetUserWithEmail.mjs loading successfully
[INFO] [2024-12-11 22:29:34:681] [api.js]: - GetUserWithUserId.mjs loading successfully
[INFO] [2024-12-11 22:29:34:683] [api.js]: - LoginService.mjs loading successfully
[INFO] [2024-12-11 22:29:34:684] [api.js]: - LogoutService.mjs loading successfully
[INFO] [2024-12-11 22:29:34:685] [api.js]: - SaveApiLog.mjs loading successfully
[INFO] [2024-12-11 22:29:34:686] [api.js]: - SaveRepetiteAttackRequest.mjs loading successfully
[INFO] [2024-12-11 22:29:34:687] [api.js]: - SaveServerInfo.mjs loading successfully
[INFO] [2024-12-11 22:29:34:688] [api.js]: - UpdatePermissionToken.mjs loading successfully
[INFO] [2024-12-11 22:29:34:689] [api.js]: - UpdateRepetiteAttackRequest.mjs loading successfully
[INFO] [2024-12-11 22:29:34:690] [api.js]: - UpdateUserService.mjs loading successfully
[INFO] [2024-12-11 22:29:34:694] [api.js]: - DashboardApi.mjs loading successfully
[INFO] [2024-12-11 22:29:34:696] [api.js]: - GetBatchInfo.mjs loading successfully
[INFO] [2024-12-11 22:29:34:697] [api.js]: - GetPocketLog.mjs loading successfully
[INFO] [2024-12-11 22:29:34:702] [api.js]: - UpdateExchangeRate.mjs loading successfully
[INFO] [2024-12-11 22:29:34:705] [api.js]: - CheckOtpAndAccountActivate.mjs loading successfully
[INFO] [2024-12-11 22:29:34:707] [api.js]: - GetUserWithEmail.mjs loading successfully
[INFO] [2024-12-11 22:29:34:708] [api.js]: - LoginService.mjs loading successfully
[INFO] [2024-12-11 22:29:34:709] [api.js]: - PasswordResetSendOTP.mjs loading successfully
[INFO] [2024-12-11 22:29:34:710] [api.js]: - SaveUserService.mjs loading successfully
[INFO] [2024-12-11 22:29:34:711] [api.js]: - SignUpService.mjs loading successfully
[INFO] [2024-12-11 22:29:34:713] [api.js]: - UpdateUserWithEmail.mjs loading successfully
[INFO] [2024-12-11 22:29:34:717] [api.js]: - GetAccount.mjs loading successfully
[INFO] [2024-12-11 22:29:34:718] [api.js]: - Login.mjs loading successfully
[INFO] [2024-12-11 22:29:34:722] [api.js]: - CheckOTP.mjs loading successfully
[INFO] [2024-12-11 22:29:34:724] [api.js]: - CheckTOKEN.mjs loading successfully
[INFO] [2024-12-11 22:29:34:725] [api.js]: - GenerateOTP.mjs loading successfully
[INFO] [2024-12-11 22:29:34:727] [api.js]: - GetOTP.mjs loading successfully
[INFO] [2024-12-11 22:29:34:728] [api.js]: - GetTOKEN.mjs loading successfully
[INFO] [2024-12-11 22:29:34:731] [api.js]: - ITReportSender.mjs loading successfully
[INFO] [2024-12-11 22:29:34:732] [api.js]: - SaveOTP.mjs loading successfully
[INFO] [2024-12-11 22:29:34:733] [api.js]: - SendEmailActivation.mjs loading successfully
[INFO] [2024-12-11 22:29:34:734] [api.js]: - SendNotificationCode.mjs loading successfully
[INFO] [2024-12-11 22:29:34:736] [api.js]: - SendOTP.mjs loading successfully
[INFO] [2024-12-11 22:29:34:737] [api.js]: - SendResumeMail.mjs loading successfully
[INFO] [2024-12-11 22:29:34:738] [api.js]: - SendResumeMailForSuspicious.mjs loading successfully
[INFO] [2024-12-11 22:29:34:740] [api.js]: - UpdateOTP.mjs loading successfully
[INFO] [2024-12-11 22:29:34:742] [api.js]: - ValidateVerifyEmailToken.mjs loading successfully
[INFO] [2024-12-11 22:29:34:747] [api.js]: - GetBatchJobs.mjs loading successfully
[INFO] [2024-12-11 22:29:34:749] [api.js]: - GetBatchJobWithParameter.mjs loading successfully
[INFO] [2024-12-11 22:29:34:750] [api.js]: - GetSecret.mjs loading successfully
[INFO] [2024-12-11 22:29:34:751] [api.js]: - SaveBatchJobs.mjs loading successfully
[INFO] [2024-12-11 22:29:34:752] [api.js]: - SaveServiceInfo.mjs loading successfully
[INFO] [2024-12-11 22:29:34:753] [api.js]: - UpdateBatchJob.mjs loading successfully
[INFO] [2024-12-11 22:29:34:758] [api.js]: - AnalysisAndReportBatch.mjs loading successfully
[INFO] [2024-12-11 22:29:34:759] [api.js]: - APIQueryResume.mjs loading successfully
[INFO] [2024-12-11 22:29:34:763] [api.js]: - DecisionResumeEntry.mjs loading successfully
[INFO] [2024-12-11 22:29:34:765] [api.js]: - FindIpContext.mjs loading successfully
[INFO] [2024-12-11 22:29:34:766] [api.js]: - GetBatchCounter.mjs loading successfully
[INFO] [2024-12-11 22:29:34:767] [api.js]: - GetCounter.mjs loading successfully
[INFO] [2024-12-11 22:29:34:769] [api.js]: - GetResumeData.mjs loading successfully
[INFO] [2024-12-11 22:29:34:770] [api.js]: - QueryDecisionResume.mjs loading successfully
[INFO] [2024-12-11 22:29:34:771] [api.js]: - SaveDecisionResume.mjs loading successfully
[INFO] [2024-12-11 22:29:34:772] [api.js]: - SaveMail.mjs loading successfully
[INFO] [2024-12-11 22:29:34:773] [api.js]: - SearchMail.mjs loading successfully
[INFO] [2024-12-11 22:29:34:774] [api.js]: - UpdateBatchCounter.mjs loading successfully
[INFO] [2024-12-11 22:29:34:775] [api.js]: - UpdateCounter.mjs loading successfully
[INFO] [2024-12-11 22:29:34:776] [api.js]: - UpdateDecisionResume.mjs loading successfully
[INFO] [2024-12-11 22:29:34:777] [api.js]: - VerifyCaptcha.mjs loading successfully
[INFO] [2024-12-11 22:29:34:781] [api.js]: - CeyrekAltinBatch.mjs loading successfully
[INFO] [2024-12-11 22:29:34:782] [api.js]: - DovizKurlariBatch.mjs loading successfully
[INFO] [2024-12-11 22:29:34:783] [api.js]: - GetCurrencyWithName.mjs loading successfully
[INFO] [2024-12-11 22:29:34:784] [api.js]: - UpdateCurrency.mjs loading successfully
[INFO] [2024-12-11 22:29:34:787] [api.js]: - HtmlTemplateTest.mjs loading successfully
[INFO] [2024-12-11 22:29:34:790] [api.js]: - GenerateToken.mjs loading successfully
[INFO] [2024-12-11 22:29:34:793] [api.js]: - GenerateUniqueID.mjs loading successfully
[INFO] [2024-12-11 22:29:34:794] [api.js]: - IpService.mjs loading successfully
[INFO] [2024-12-11 22:29:34:797] [api.js]:
Success process: 77
Fail process: 0
Total Modules: 12
Total Service: 77
[INFO] [2024-12-11 22:29:34:799] [api.js]:
Module and service static check has been completed successfully.
[INFO] [2024-12-11 22:29:34:846] [PocketService.js]: Trigger : SaveServerInfo
[INFO] [2024-12-11 22:29:34:850] [PocketService.js]: Trigger : GetServerInfo
[INFO] [2024-12-11 22:29:34:913] [unknown]: Server is started on port 3000
[REQUEST] [2024-12-14 21:52:26:481] [api.js]:
                                   [MODULE]       : Admpanel
                                   [SERVICE]      : DashboardApi
                                   [ENDPOINT]     : adm-dashboard-info
                                   [METHOD]       : GET
                                   [X-USER-TOKEN] : 65d78580994151d94460ea1f
                                   [IP]           : ::1
[INFO] [2024-12-14 21:52:26:486] [PocketService.js]: Trigger : ControlUserPermissionToken
[INFO] [2024-12-14 21:52:26:491] [PocketService.js]: Trigger : GetPermissionToken
[INFO] [2024-12-14 21:52:26:536] [PocketService.js]: Trigger : UpdatePermissionToken
[INFO] [2024-12-14 21:52:26:558] [PocketService.js]: Trigger : DashboardApi
[INFO] [2024-12-14 21:52:26:562] [PocketService.js]: Trigger : GetEndpoints
[INFO] [2024-12-14 21:52:26:563] [PocketService.js]: Trigger : GetServerInfo
[INFO] [2024-12-14 21:52:26:580] [PocketService.js]: Trigger : GetBatchJobs
[INFO] [2024-12-14 21:52:26:607] [PocketService.js]: Trigger : GetAllServerInfo
[INFO] [2024-12-14 21:52:26:680] [PocketService.js]: Trigger : GetBatchHealth
[INFO] [2024-12-14 21:52:26:681] [GetBatchHealth.mjs]: GetBatchhealt servisinde info fırlatıldı
[INFO] [2024-12-14 21:52:26:693] [PocketService.js]: Trigger : GetPocketLog
[INFO] [2024-12-14 21:52:26:735] [DashboardApi.mjs]: Dashboard response:
[INFO] [2024-12-14 21:52:26:737] [DashboardApi.mjs]: [object Object]
[INFO] [2024-12-14 21:52:26:753] [PocketService.js]: Trigger : SaveApiLog
[REQUEST] [2024-12-14 21:52:34:278] [api.js]:
                                   [MODULE]       : Admpanel
                                   [SERVICE]      : DashboardApi
                                   [ENDPOINT]     : adm-dashboard-info
                                   [METHOD]       : GET
                                   [X-USER-TOKEN] : 65d78580994151d94460ea1f
                                   [IP]           : ::1
[INFO] [2024-12-14 21:52:34:282] [PocketService.js]: Trigger : ControlUserPermissionToken
[INFO] [2024-12-14 21:52:34:286] [PocketService.js]: Trigger : GetPermissionToken
[INFO] [2024-12-14 21:52:34:292] [PocketService.js]: Trigger : UpdatePermissionToken
[INFO] [2024-12-14 21:52:34:307] [PocketService.js]: Trigger : DashboardApi
[INFO] [2024-12-14 21:52:34:309] [PocketService.js]: Trigger : GetEndpoints
[INFO] [2024-12-14 21:52:34:311] [PocketService.js]: Trigger : GetServerInfo
[INFO] [2024-12-14 21:52:34:331] [PocketService.js]: Trigger : GetBatchJobs
[INFO] [2024-12-14 21:52:34:343] [PocketService.js]: Trigger : GetAllServerInfo
[INFO] [2024-12-14 21:52:34:425] [PocketService.js]: Trigger : GetBatchHealth
[INFO] [2024-12-14 21:52:34:426] [GetBatchHealth.mjs]: GetBatchhealt servisinde info fırlatıldı
[INFO] [2024-12-14 21:52:34:433] [PocketService.js]: Trigger : GetPocketLog
[INFO] [2024-12-14 21:52:34:475] [DashboardApi.mjs]: Dashboard response:
[INFO] [2024-12-14 21:52:34:476] [DashboardApi.mjs]: [object Object]
[INFO] [2024-12-14 21:52:34:493] [PocketService.js]: Trigger : SaveApiLog
[INFO] [2024-12-14 21:54:18:172] [unknown]: Request user token -> undefined
[INFO] [2024-12-14 21:54:18:175] [PocketService.js]: Trigger : SaveApiLog
[INFO] [2024-12-14 21:54:18:394] [unknown]: Request user token -> undefined
[INFO] [2024-12-14 21:54:18:396] [PocketService.js]: Trigger : SaveApiLog
[INFO] [2024-12-14 21:54:21:315] [unknown]: Request user token -> undefined
[INFO] [2024-12-14 21:54:21:318] [PocketService.js]: Trigger : SaveApiLog
[INFO] [2024-12-14 21:54:21:401] [unknown]: Request user token -> undefined
[INFO] [2024-12-14 21:54:21:406] [PocketService.js]: Trigger : SaveApiLog
[INFO] [2024-12-14 21:54:24:696] [unknown]: Request user token -> undefined
[INFO] [2024-12-14 21:54:24:699] [PocketService.js]: Trigger : SaveApiLog
[WARNING] [2024-12-14 21:54:24:776] [index.mjs]: Too many requests from IP: ::1.
[INFO] [2024-12-14 21:54:24:790] [PocketService.js]: Trigger : DecisionRepetiteAttackRequest
[INFO] [2024-12-14 21:54:24:794] [PocketService.js]: Trigger : GetActiveRepetiteAttackRequest
[INFO] [2024-12-14 21:54:25:464] [PocketService.js]: Trigger : ITReportSender
[WARNING] [2024-12-14 21:54:29:604] [index.mjs]: Too many requests from IP: ::1.
[INFO] [2024-12-14 21:54:29:606] [PocketService.js]: Trigger : DecisionRepetiteAttackRequest
[INFO] [2024-12-14 21:54:29:608] [PocketService.js]: Trigger : GetActiveRepetiteAttackRequest
[INFO] [2024-12-14 21:54:29:622] [PocketService.js]: Trigger : ITReportSender
[WARNING] [2024-12-14 21:54:31:665] [index.mjs]: Too many requests from IP: ::1.
[INFO] [2024-12-14 21:54:31:669] [PocketService.js]: Trigger : DecisionRepetiteAttackRequest
[INFO] [2024-12-14 21:54:31:671] [PocketService.js]: Trigger : GetActiveRepetiteAttackRequest
[INFO] [2024-12-14 21:54:31:683] [PocketService.js]: Trigger : ITReportSender
[WARNING] [2024-12-14 21:54:40:008] [index.mjs]: Too many requests from IP: ::1.
[INFO] [2024-12-14 21:54:40:010] [PocketService.js]: Trigger : DecisionRepetiteAttackRequest
[INFO] [2024-12-14 21:54:40:012] [PocketService.js]: Trigger : GetActiveRepetiteAttackRequest
[INFO] [2024-12-14 21:54:40:019] [PocketService.js]: Trigger : ITReportSender
[WARNING] [2024-12-14 21:54:41:258] [index.mjs]: Too many requests from IP: ::1.
[INFO] [2024-12-14 21:54:41:261] [PocketService.js]: Trigger : DecisionRepetiteAttackRequest
[INFO] [2024-12-14 21:54:41:265] [PocketService.js]: Trigger : GetActiveRepetiteAttackRequest
[INFO] [2024-12-14 21:54:41:281] [PocketService.js]: Trigger : ITReportSender
[REQUEST] [2024-12-14 21:56:16:929] [api.js]:
                                   [MODULE]       : Admpanel
                                   [SERVICE]      : GetPocketLog
                                   [ENDPOINT]     : adm-pocket-log
                                   [METHOD]       : GET
                                   [X-USER-TOKEN] : 65d78580994151d94460ea1f
                                   [IP]           : ::1
[INFO] [2024-12-14 21:56:16:932] [PocketService.js]: Trigger : ControlUserPermissionToken
[INFO] [2024-12-14 21:56:16:934] [PocketService.js]: Trigger : GetPermissionToken
[INFO] [2024-12-14 21:56:16:941] [PocketService.js]: Trigger : UpdatePermissionToken
[INFO] [2024-12-14 21:56:16:955] [PocketService.js]: Trigger : GetPocketLog
[INFO] [2024-12-14 21:56:17:010] [PocketService.js]: Trigger : SaveApiLog
[REQUEST] [2024-12-14 21:56:41:518] [api.js]:
                                   [MODULE]       : Admpanel
                                   [SERVICE]      : GetPocketLog
                                   [ENDPOINT]     : adm-pocket-log
                                   [METHOD]       : GET
                                   [X-USER-TOKEN] : 65d78580994151d94460ea1f
                                   [IP]           : ::1
[INFO] [2024-12-14 21:56:41:521] [PocketService.js]: Trigger : ControlUserPermissionToken
[INFO] [2024-12-14 21:56:41:522] [PocketService.js]: Trigger : GetPermissionToken
[INFO] [2024-12-14 21:56:41:528] [PocketService.js]: Trigger : UpdatePermissionToken
[INFO] [2024-12-14 21:56:41:536] [PocketService.js]: Trigger : GetPocketLog
[INFO] [2024-12-14 21:56:41:586] [PocketService.js]: Trigger : SaveApiLog
[REQUEST] [2024-12-14 21:56:59:875] [api.js]:
                                   [MODULE]       : Admpanel
                                   [SERVICE]      : GetPocketLog
                                   [ENDPOINT]     : adm-pocket-log
                                   [METHOD]       : GET
                                   [X-USER-TOKEN] : 65d78580994151d94460ea1f
                                   [IP]           : ::1
[INFO] [2024-12-14 21:56:59:880] [PocketService.js]: Trigger : ControlUserPermissionToken
[INFO] [2024-12-14 21:56:59:883] [PocketService.js]: Trigger : GetPermissionToken
[INFO] [2024-12-14 21:56:59:889] [PocketService.js]: Trigger : UpdatePermissionToken
[INFO] [2024-12-14 21:56:59:898] [PocketService.js]: Trigger : GetPocketLog
[INFO] [2024-12-14 21:56:59:939] [PocketService.js]: Trigger : SaveApiLog
[REQUEST] [2024-12-14 21:57:08:076] [api.js]:
                                   [MODULE]       : Admpanel
                                   [SERVICE]      : GetPocketLog
                                   [ENDPOINT]     : adm-pocket-log
                                   [METHOD]       : GET
                                   [X-USER-TOKEN] : 65d78580994151d94460ea1f
                                   [IP]           : ::1
[INFO] [2024-12-14 21:57:08:080] [PocketService.js]: Trigger : ControlUserPermissionToken
[INFO] [2024-12-14 21:57:08:081] [PocketService.js]: Trigger : GetPermissionToken
[INFO] [2024-12-14 21:57:08:087] [PocketService.js]: Trigger : UpdatePermissionToken
[INFO] [2024-12-14 21:57:08:097] [PocketService.js]: Trigger : GetPocketLog
[INFO] [2024-12-14 21:57:08:137] [PocketService.js]: Trigger : SaveApiLog
[REQUEST] [2024-12-14 21:57:20:054] [api.js]:
                                   [MODULE]       : Admpanel
                                   [SERVICE]      : GetPocketLog
                                   [ENDPOINT]     : adm-pocket-log
                                   [METHOD]       : GET
                                   [X-USER-TOKEN] : 65d78580994151d94460ea1f
                                   [IP]           : ::1
[INFO] [2024-12-14 21:57:20:061] [PocketService.js]: Trigger : ControlUserPermissionToken
[INFO] [2024-12-14 21:57:20:064] [PocketService.js]: Trigger : GetPermissionToken
[INFO] [2024-12-14 21:57:20:072] [PocketService.js]: Trigger : UpdatePermissionToken
[INFO] [2024-12-14 21:57:20:080] [PocketService.js]: Trigger : GetPocketLog
[INFO] [2024-12-14 21:57:20:110] [PocketService.js]: Trigger : SaveApiLog
[REQUEST] [2024-12-14 21:57:30:823] [api.js]:
                                   [MODULE]       : Admpanel
                                   [SERVICE]      : GetPocketLog
                                   [ENDPOINT]     : adm-pocket-log
                                   [METHOD]       : GET
                                   [X-USER-TOKEN] : 65d78580994151d94460ea1f
                                   [IP]           : ::1
[INFO] [2024-12-14 21:57:30:827] [PocketService.js]: Trigger : ControlUserPermissionToken
[INFO] [2024-12-14 21:57:30:830] [PocketService.js]: Trigger : GetPermissionToken
[INFO] [2024-12-14 21:57:30:838] [PocketService.js]: Trigger : UpdatePermissionToken
[INFO] [2024-12-14 21:57:30:845] [PocketService.js]: Trigger : GetPocketLog
[INFO] [2024-12-14 21:57:30:884] [PocketService.js]: Trigger : SaveApiLog
[REQUEST] [2024-12-14 21:57:39:679] [api.js]:
                                   [MODULE]       : Admpanel
                                   [SERVICE]      : GetPocketLog
                                   [ENDPOINT]     : adm-pocket-log
                                   [METHOD]       : GET
                                   [X-USER-TOKEN] : 65d78580994151d94460ea1f
                                   [IP]           : ::1
[INFO] [2024-12-14 21:57:39:685] [PocketService.js]: Trigger : ControlUserPermissionToken
[INFO] [2024-12-14 21:57:39:687] [PocketService.js]: Trigger : GetPermissionToken
[INFO] [2024-12-14 21:57:39:693] [PocketService.js]: Trigger : UpdatePermissionToken
[INFO] [2024-12-14 21:57:39:703] [PocketService.js]: Trigger : GetPocketLog
[INFO] [2024-12-14 21:57:39:740] [PocketService.js]: Trigger : SaveApiLog
[REQUEST] [2024-12-14 21:57:48:693] [api.js]:
                                   [MODULE]       : Admpanel
                                   [SERVICE]      : GetPocketLog
                                   [ENDPOINT]     : adm-pocket-log
                                   [METHOD]       : GET
                                   [X-USER-TOKEN] : 65d78580994151d94460ea1f
                                   [IP]           : ::1
[INFO] [2024-12-14 21:57:48:698] [PocketService.js]: Trigger : ControlUserPermissionToken
[INFO] [2024-12-14 21:57:48:700] [PocketService.js]: Trigger : GetPermissionToken
[INFO] [2024-12-14 21:57:48:707] [PocketService.js]: Trigger : UpdatePermissionToken
[INFO] [2024-12-14 21:57:48:718] [PocketService.js]: Trigger : GetPocketLog
[INFO] [2024-12-14 21:57:48:760] [PocketService.js]: Trigger : SaveApiLog
[REQUEST] [2024-12-14 21:58:06:609] [api.js]:
                                   [MODULE]       : Admpanel
                                   [SERVICE]      : GetPocketLog
                                   [ENDPOINT]     : adm-pocket-log
                                   [METHOD]       : GET
                                   [X-USER-TOKEN] : 65d78580994151d94460ea1f
                                   [IP]           : ::1
[INFO] [2024-12-14 21:58:06:612] [PocketService.js]: Trigger : ControlUserPermissionToken
[INFO] [2024-12-14 21:58:06:614] [PocketService.js]: Trigger : GetPermissionToken
[INFO] [2024-12-14 21:58:06:623] [PocketService.js]: Trigger : UpdatePermissionToken
[INFO] [2024-12-14 21:58:06:634] [PocketService.js]: Trigger : GetPocketLog
[INFO] [2024-12-14 21:58:06:691] [PocketService.js]: Trigger : SaveApiLog
[REQUEST] [2024-12-14 22:00:11:194] [api.js]:
                                   [MODULE]       : Admpanel
                                   [SERVICE]      : GetPocketLog
                                   [ENDPOINT]     : adm-pocket-log
                                   [METHOD]       : GET
                                   [X-USER-TOKEN] : 65d78580994151d94460ea1f
                                   [IP]           : ::1
[INFO] [2024-12-14 22:00:11:197] [PocketService.js]: Trigger : ControlUserPermissionToken
[INFO] [2024-12-14 22:00:11:199] [PocketService.js]: Trigger : GetPermissionToken
[INFO] [2024-12-14 22:00:11:205] [PocketService.js]: Trigger : UpdatePermissionToken
[INFO] [2024-12-14 22:00:11:214] [PocketService.js]: Trigger : GetPocketLog
[INFO] [2024-12-14 22:00:11:272] [PocketService.js]: Trigger : SaveApiLog
[REQUEST] [2024-12-14 22:00:42:003] [api.js]:
                                   [MODULE]       : Admpanel
                                   [SERVICE]      : GetPocketLog
                                   [ENDPOINT]     : adm-pocket-log
                                   [METHOD]       : GET
                                   [X-USER-TOKEN] : 65d78580994151d94460ea1f
                                   [IP]           : ::1
[INFO] [2024-12-14 22:00:42:007] [PocketService.js]: Trigger : ControlUserPermissionToken
[INFO] [2024-12-14 22:00:42:008] [PocketService.js]: Trigger : GetPermissionToken
[INFO] [2024-12-14 22:00:42:016] [PocketService.js]: Trigger : UpdatePermissionToken
[INFO] [2024-12-14 22:00:42:024] [PocketService.js]: Trigger : GetPocketLog
[INFO] [2024-12-14 22:00:42:061] [PocketService.js]: Trigger : SaveApiLog
[REQUEST] [2024-12-14 22:00:47:133] [api.js]:
                                   [MODULE]       : Admpanel
                                   [SERVICE]      : GetPocketLog
                                   [ENDPOINT]     : adm-pocket-log
                                   [METHOD]       : GET
                                   [X-USER-TOKEN] : 65d78580994151d94460ea1f
                                   [IP]           : ::1
[INFO] [2024-12-14 22:00:47:140] [PocketService.js]: Trigger : ControlUserPermissionToken
[INFO] [2024-12-14 22:00:47:143] [PocketService.js]: Trigger : GetPermissionToken
[INFO] [2024-12-14 22:00:47:151] [PocketService.js]: Trigger : UpdatePermissionToken
[INFO] [2024-12-14 22:00:47:159] [PocketService.js]: Trigger : GetPocketLog
[INFO] [2024-12-14 22:00:47:198] [PocketService.js]: Trigger : SaveApiLog
[REQUEST] [2024-12-14 22:01:10:813] [api.js]:
                                   [MODULE]       : Admpanel
                                   [SERVICE]      : GetPocketLog
                                   [ENDPOINT]     : adm-pocket-log
                                   [METHOD]       : GET
                                   [X-USER-TOKEN] : 65d78580994151d94460ea1f
                                   [IP]           : ::1
[INFO] [2024-12-14 22:01:10:817] [PocketService.js]: Trigger : ControlUserPermissionToken
[INFO] [2024-12-14 22:01:10:818] [PocketService.js]: Trigger : GetPermissionToken
[INFO] [2024-12-14 22:01:10:826] [PocketService.js]: Trigger : UpdatePermissionToken
[INFO] [2024-12-14 22:01:10:839] [PocketService.js]: Trigger : GetPocketLog
[INFO] [2024-12-14 22:01:10:880] [PocketService.js]: Trigger : SaveApiLog
[REQUEST] [2024-12-14 22:02:01:413] [api.js]:
                                   [MODULE]       : Admpanel
                                   [SERVICE]      : GetPocketLog
                                   [ENDPOINT]     : adm-pocket-log
                                   [METHOD]       : GET
                                   [X-USER-TOKEN] : 65d78580994151d94460ea1f
                                   [IP]           : ::1
[INFO] [2024-12-14 22:02:01:420] [PocketService.js]: Trigger : ControlUserPermissionToken
[INFO] [2024-12-14 22:02:01:422] [PocketService.js]: Trigger : GetPermissionToken
[INFO] [2024-12-14 22:02:01:431] [PocketService.js]: Trigger : UpdatePermissionToken
[INFO] [2024-12-14 22:02:01:442] [PocketService.js]: Trigger : GetPocketLog
[INFO] [2024-12-14 22:02:01:482] [PocketService.js]: Trigger : SaveApiLog
[REQUEST] [2024-12-14 22:02:12:272] [api.js]:
                                   [MODULE]       : Admpanel
                                   [SERVICE]      : GetPocketLog
                                   [ENDPOINT]     : adm-pocket-log
                                   [METHOD]       : GET
                                   [X-USER-TOKEN] : 65d78580994151d94460ea1f
                                   [IP]           : ::1
[INFO] [2024-12-14 22:02:12:275] [PocketService.js]: Trigger : ControlUserPermissionToken
[INFO] [2024-12-14 22:02:12:277] [PocketService.js]: Trigger : GetPermissionToken
[INFO] [2024-12-14 22:02:12:285] [PocketService.js]: Trigger : UpdatePermissionToken
[INFO] [2024-12-14 22:02:12:297] [PocketService.js]: Trigger : GetPocketLog
[INFO] [2024-12-14 22:02:12:349] [PocketService.js]: Trigger : SaveApiLog
[REQUEST] [2024-12-14 22:02:38:190] [api.js]:
                                   [MODULE]       : Admpanel
                                   [SERVICE]      : GetPocketLog
                                   [ENDPOINT]     : adm-pocket-log
                                   [METHOD]       : GET
                                   [X-USER-TOKEN] : 65d78580994151d94460ea1f
                                   [IP]           : ::1
[INFO] [2024-12-14 22:02:38:195] [PocketService.js]: Trigger : ControlUserPermissionToken
[INFO] [2024-12-14 22:02:38:196] [PocketService.js]: Trigger : GetPermissionToken
[INFO] [2024-12-14 22:02:38:203] [PocketService.js]: Trigger : UpdatePermissionToken
[INFO] [2024-12-14 22:02:38:217] [PocketService.js]: Trigger : GetPocketLog
[INFO] [2024-12-14 22:02:38:258] [PocketService.js]: Trigger : SaveApiLog
[REQUEST] [2024-12-14 22:02:46:837] [api.js]:
                                   [MODULE]       : Admpanel
                                   [SERVICE]      : GetPocketLog
                                   [ENDPOINT]     : adm-pocket-log
                                   [METHOD]       : GET
                                   [X-USER-TOKEN] : 65d78580994151d94460ea1f
                                   [IP]           : ::1
[INFO] [2024-12-14 22:02:46:841] [PocketService.js]: Trigger : ControlUserPermissionToken
[INFO] [2024-12-14 22:02:46:843] [PocketService.js]: Trigger : GetPermissionToken
[INFO] [2024-12-14 22:02:46:851] [PocketService.js]: Trigger : UpdatePermissionToken
[INFO] [2024-12-14 22:02:46:861] [PocketService.js]: Trigger : GetPocketLog
[INFO] [2024-12-14 22:02:46:903] [PocketService.js]: Trigger : SaveApiLog
[REQUEST] [2024-12-14 22:02:51:240] [api.js]:
                                   [MODULE]       : Admpanel
                                   [SERVICE]      : GetPocketLog
                                   [ENDPOINT]     : adm-pocket-log
                                   [METHOD]       : GET
                                   [X-USER-TOKEN] : 65d78580994151d94460ea1f
                                   [IP]           : ::1
[INFO] [2024-12-14 22:02:51:244] [PocketService.js]: Trigger : ControlUserPermissionToken
[INFO] [2024-12-14 22:02:51:246] [PocketService.js]: Trigger : GetPermissionToken
[INFO] [2024-12-14 22:02:51:252] [PocketService.js]: Trigger : UpdatePermissionToken
[INFO] [2024-12-14 22:02:51:266] [PocketService.js]: Trigger : GetPocketLog
[INFO] [2024-12-14 22:02:51:315] [PocketService.js]: Trigger : SaveApiLog
[REQUEST] [2024-12-14 22:02:57:085] [api.js]:
                                   [MODULE]       : Admpanel
                                   [SERVICE]      : GetPocketLog
                                   [ENDPOINT]     : adm-pocket-log
                                   [METHOD]       : GET
                                   [X-USER-TOKEN] : 65d78580994151d94460ea1f
                                   [IP]           : ::1
[INFO] [2024-12-14 22:02:57:090] [PocketService.js]: Trigger : ControlUserPermissionToken
[INFO] [2024-12-14 22:02:57:093] [PocketService.js]: Trigger : GetPermissionToken
[INFO] [2024-12-14 22:02:57:100] [PocketService.js]: Trigger : UpdatePermissionToken
[INFO] [2024-12-14 22:02:57:113] [PocketService.js]: Trigger : GetPocketLog
[INFO] [2024-12-14 22:02:57:155] [PocketService.js]: Trigger : SaveApiLog
[REQUEST] [2024-12-14 22:03:00:726] [api.js]:
                                   [MODULE]       : Admpanel
                                   [SERVICE]      : GetPocketLog
                                   [ENDPOINT]     : adm-pocket-log
                                   [METHOD]       : GET
                                   [X-USER-TOKEN] : 65d78580994151d94460ea1f
                                   [IP]           : ::1
[INFO] [2024-12-14 22:03:00:731] [PocketService.js]: Trigger : ControlUserPermissionToken
[INFO] [2024-12-14 22:03:00:733] [PocketService.js]: Trigger : GetPermissionToken
[INFO] [2024-12-14 22:03:00:740] [PocketService.js]: Trigger : UpdatePermissionToken
[INFO] [2024-12-14 22:03:00:748] [PocketService.js]: Trigger : GetPocketLog
[INFO] [2024-12-14 22:03:00:791] [PocketService.js]: Trigger : SaveApiLog
[REQUEST] [2024-12-14 22:03:17:505] [api.js]:
                                   [MODULE]       : Admpanel
                                   [SERVICE]      : GetPocketLog
                                   [ENDPOINT]     : adm-pocket-log
                                   [METHOD]       : GET
                                   [X-USER-TOKEN] : 65d78580994151d94460ea1f
                                   [IP]           : ::1
[INFO] [2024-12-14 22:03:17:508] [PocketService.js]: Trigger : ControlUserPermissionToken
[INFO] [2024-12-14 22:03:17:510] [PocketService.js]: Trigger : GetPermissionToken
[INFO] [2024-12-14 22:03:17:519] [PocketService.js]: Trigger : UpdatePermissionToken
[INFO] [2024-12-14 22:03:17:528] [PocketService.js]: Trigger : GetPocketLog
[INFO] [2024-12-14 22:03:17:572] [PocketService.js]: Trigger : SaveApiLog
[ERROR] [2024-12-14 22:06:39:840] [unknown]: SIGINT signal received. The application is shutting down.
Error
[INFO] [2024-12-14 22:06:53:438] [api.js]: - CheckAbuseipAttacker.mjs loading successfully
[INFO] [2024-12-14 22:06:53:440] [api.js]: - CheckTokenEndpointAuth.mjs loading successfully
[INFO] [2024-12-14 22:06:53:441] [api.js]: - ControlUserPermissionToken.mjs loading successfully
[INFO] [2024-12-14 22:06:53:442] [api.js]: - DecisionRepetiteAttackRequest.mjs loading successfully
[INFO] [2024-12-14 22:06:53:443] [api.js]: - GetActiveRepetiteAttackRequest.mjs loading successfully
[INFO] [2024-12-14 22:06:53:444] [api.js]: - GetAllServerInfo.mjs loading successfully
[INFO] [2024-12-14 22:06:53:446] [api.js]: - GetBatchHealth.mjs loading successfully
[INFO] [2024-12-14 22:06:53:448] [api.js]: - GetEndpoints.mjs loading successfully
[INFO] [2024-12-14 22:06:53:449] [api.js]: - GetPermissionToken.mjs loading successfully
[INFO] [2024-12-14 22:06:53:450] [api.js]: - GetServerInfo.mjs loading successfully
[INFO] [2024-12-14 22:06:53:453] [api.js]: - GetUserService.mjs loading successfully
[INFO] [2024-12-14 22:06:53:455] [api.js]: - GetUserWithEmail.mjs loading successfully
[INFO] [2024-12-14 22:06:53:456] [api.js]: - GetUserWithUserId.mjs loading successfully
[INFO] [2024-12-14 22:06:53:458] [api.js]: - LoginService.mjs loading successfully
[INFO] [2024-12-14 22:06:53:459] [api.js]: - LogoutService.mjs loading successfully
[INFO] [2024-12-14 22:06:53:460] [api.js]: - SaveApiLog.mjs loading successfully
[INFO] [2024-12-14 22:06:53:461] [api.js]: - SaveRepetiteAttackRequest.mjs loading successfully
[INFO] [2024-12-14 22:06:53:462] [api.js]: - SaveServerInfo.mjs loading successfully
[INFO] [2024-12-14 22:06:53:463] [api.js]: - UpdatePermissionToken.mjs loading successfully
[INFO] [2024-12-14 22:06:53:465] [api.js]: - UpdateRepetiteAttackRequest.mjs loading successfully
[INFO] [2024-12-14 22:06:53:466] [api.js]: - UpdateUserService.mjs loading successfully
[INFO] [2024-12-14 22:06:53:470] [api.js]: - DashboardApi.mjs loading successfully
[INFO] [2024-12-14 22:06:53:471] [api.js]: - GetBatchInfo.mjs loading successfully
[INFO] [2024-12-14 22:06:53:473] [api.js]: - GetPocketLog.mjs loading successfully
[INFO] [2024-12-14 22:06:53:477] [api.js]: - UpdateExchangeRate.mjs loading successfully
[INFO] [2024-12-14 22:06:53:482] [api.js]: - CheckOtpAndAccountActivate.mjs loading successfully
[INFO] [2024-12-14 22:06:53:484] [api.js]: - GetUserWithEmail.mjs loading successfully
[INFO] [2024-12-14 22:06:53:485] [api.js]: - LoginService.mjs loading successfully
[INFO] [2024-12-14 22:06:53:486] [api.js]: - PasswordResetSendOTP.mjs loading successfully
[INFO] [2024-12-14 22:06:53:487] [api.js]: - SaveUserService.mjs loading successfully
[INFO] [2024-12-14 22:06:53:488] [api.js]: - SignUpService.mjs loading successfully
[INFO] [2024-12-14 22:06:53:490] [api.js]: - UpdateUserWithEmail.mjs loading successfully
[INFO] [2024-12-14 22:06:53:494] [api.js]: - GetAccount.mjs loading successfully
[INFO] [2024-12-14 22:06:53:495] [api.js]: - Login.mjs loading successfully
[INFO] [2024-12-14 22:06:53:499] [api.js]: - CheckOTP.mjs loading successfully
[INFO] [2024-12-14 22:06:53:500] [api.js]: - CheckTOKEN.mjs loading successfully
[INFO] [2024-12-14 22:06:53:501] [api.js]: - GenerateOTP.mjs loading successfully
[INFO] [2024-12-14 22:06:53:502] [api.js]: - GetOTP.mjs loading successfully
[INFO] [2024-12-14 22:06:53:503] [api.js]: - GetTOKEN.mjs loading successfully
[INFO] [2024-12-14 22:06:53:505] [api.js]: - ITReportSender.mjs loading successfully
[INFO] [2024-12-14 22:06:53:507] [api.js]: - SaveOTP.mjs loading successfully
[INFO] [2024-12-14 22:06:53:508] [api.js]: - SendEmailActivation.mjs loading successfully
[INFO] [2024-12-14 22:06:53:509] [api.js]: - SendNotificationCode.mjs loading successfully
[INFO] [2024-12-14 22:06:53:510] [api.js]: - SendOTP.mjs loading successfully
[INFO] [2024-12-14 22:06:53:511] [api.js]: - SendResumeMail.mjs loading successfully
[INFO] [2024-12-14 22:06:53:512] [api.js]: - SendResumeMailForSuspicious.mjs loading successfully
[INFO] [2024-12-14 22:06:53:513] [api.js]: - UpdateOTP.mjs loading successfully
[INFO] [2024-12-14 22:06:53:514] [api.js]: - ValidateVerifyEmailToken.mjs loading successfully
[INFO] [2024-12-14 22:06:53:518] [api.js]: - GetBatchJobs.mjs loading successfully
[INFO] [2024-12-14 22:06:53:519] [api.js]: - GetBatchJobWithParameter.mjs loading successfully
[INFO] [2024-12-14 22:06:53:520] [api.js]: - GetSecret.mjs loading successfully
[INFO] [2024-12-14 22:06:53:521] [api.js]: - SaveBatchJobs.mjs loading successfully
[INFO] [2024-12-14 22:06:53:523] [api.js]: - SaveServiceInfo.mjs loading successfully
[INFO] [2024-12-14 22:06:53:524] [api.js]: - UpdateBatchJob.mjs loading successfully
[INFO] [2024-12-14 22:06:53:527] [api.js]: - AnalysisAndReportBatch.mjs loading successfully
[INFO] [2024-12-14 22:06:53:528] [api.js]: - APIQueryResume.mjs loading successfully
[INFO] [2024-12-14 22:06:53:529] [api.js]: - DecisionResumeEntry.mjs loading successfully
[INFO] [2024-12-14 22:06:53:530] [api.js]: - FindIpContext.mjs loading successfully
[INFO] [2024-12-14 22:06:53:531] [api.js]: - GetBatchCounter.mjs loading successfully
[INFO] [2024-12-14 22:06:53:532] [api.js]: - GetCounter.mjs loading successfully
[INFO] [2024-12-14 22:06:53:533] [api.js]: - GetResumeData.mjs loading successfully
[INFO] [2024-12-14 22:06:53:534] [api.js]: - QueryDecisionResume.mjs loading successfully
[INFO] [2024-12-14 22:06:53:535] [api.js]: - SaveDecisionResume.mjs loading successfully
[INFO] [2024-12-14 22:06:53:536] [api.js]: - SaveMail.mjs loading successfully
[INFO] [2024-12-14 22:06:53:537] [api.js]: - SearchMail.mjs loading successfully
[INFO] [2024-12-14 22:06:53:538] [api.js]: - UpdateBatchCounter.mjs loading successfully
[INFO] [2024-12-14 22:06:53:539] [api.js]: - UpdateCounter.mjs loading successfully
[INFO] [2024-12-14 22:06:53:540] [api.js]: - UpdateDecisionResume.mjs loading successfully
[INFO] [2024-12-14 22:06:53:541] [api.js]: - VerifyCaptcha.mjs loading successfully
[INFO] [2024-12-14 22:06:53:544] [api.js]: - CeyrekAltinBatch.mjs loading successfully
[INFO] [2024-12-14 22:06:53:545] [api.js]: - DovizKurlariBatch.mjs loading successfully
[INFO] [2024-12-14 22:06:53:545] [api.js]: - GetCurrencyWithName.mjs loading successfully
[INFO] [2024-12-14 22:06:53:547] [api.js]: - UpdateCurrency.mjs loading successfully
[INFO] [2024-12-14 22:06:53:560] [api.js]: - HtmlTemplateTest.mjs loading successfully
[INFO] [2024-12-14 22:06:53:606] [api.js]: - GenerateToken.mjs loading successfully
[INFO] [2024-12-14 22:06:53:609] [api.js]: - GenerateUniqueID.mjs loading successfully
[INFO] [2024-12-14 22:06:53:610] [api.js]: - IpService.mjs loading successfully
[INFO] [2024-12-14 22:06:53:612] [api.js]:
Success process: 77
Fail process: 0
Total Modules: 12
Total Service: 77
[INFO] [2024-12-14 22:06:53:615] [api.js]:
Module and service static check has been completed successfully.
[INFO] [2024-12-14 22:06:54:151] [PocketService.js]: Trigger : SaveServerInfo
[INFO] [2024-12-14 22:06:54:155] [PocketService.js]: Trigger : GetServerInfo
[INFO] [2024-12-14 22:06:54:218] [unknown]: Server is started on port 3000
[REQUEST] [2024-12-14 22:07:06:528] [api.js]:
                                   [MODULE]       : Admpanel
                                   [SERVICE]      : GetPocketLog
                                   [ENDPOINT]     : adm-pocket-log
                                   [METHOD]       : GET
                                   [X-USER-TOKEN] : 65d78580994151d94460ea1f
                                   [IP]           : ::1
[INFO] [2024-12-14 22:07:06:535] [PocketService.js]: Trigger : ControlUserPermissionToken
[INFO] [2024-12-14 22:07:06:538] [PocketService.js]: Trigger : GetPermissionToken
[INFO] [2024-12-14 22:07:06:556] [PocketService.js]: Trigger : UpdatePermissionToken
[INFO] [2024-12-14 22:07:06:596] [PocketService.js]: Trigger : GetPocketLog
[ERROR] [2024-12-14 22:07:06:599] [GetPocketLog.mjs]: GetPocketLog servisinde hata meydana geldi: İki tarih arası 1 haftadan fazla olamaz.
undefined
[INFO] [2024-12-14 22:07:06:604] [PocketService.js]: Trigger : SaveApiLog
[ERROR] [2024-12-14 22:07:32:825] [unknown]: SIGINT signal received. The application is shutting down.
Error
[INFO] [2024-12-14 22:07:37:452] [api.js]: - CheckAbuseipAttacker.mjs loading successfully
[INFO] [2024-12-14 22:07:37:455] [api.js]: - CheckTokenEndpointAuth.mjs loading successfully
[INFO] [2024-12-14 22:07:37:456] [api.js]: - ControlUserPermissionToken.mjs loading successfully
[INFO] [2024-12-14 22:07:37:457] [api.js]: - DecisionRepetiteAttackRequest.mjs loading successfully
[INFO] [2024-12-14 22:07:37:458] [api.js]: - GetActiveRepetiteAttackRequest.mjs loading successfully
[INFO] [2024-12-14 22:07:37:460] [api.js]: - GetAllServerInfo.mjs loading successfully
[INFO] [2024-12-14 22:07:37:462] [api.js]: - GetBatchHealth.mjs loading successfully
[INFO] [2024-12-14 22:07:37:463] [api.js]: - GetEndpoints.mjs loading successfully
[INFO] [2024-12-14 22:07:37:465] [api.js]: - GetPermissionToken.mjs loading successfully
[INFO] [2024-12-14 22:07:37:468] [api.js]: - GetServerInfo.mjs loading successfully
[INFO] [2024-12-14 22:07:37:470] [api.js]: - GetUserService.mjs loading successfully
[INFO] [2024-12-14 22:07:37:471] [api.js]: - GetUserWithEmail.mjs loading successfully
[INFO] [2024-12-14 22:07:37:473] [api.js]: - GetUserWithUserId.mjs loading successfully
[INFO] [2024-12-14 22:07:37:474] [api.js]: - LoginService.mjs loading successfully
[INFO] [2024-12-14 22:07:37:475] [api.js]: - LogoutService.mjs loading successfully
[INFO] [2024-12-14 22:07:37:476] [api.js]: - SaveApiLog.mjs loading successfully
[INFO] [2024-12-14 22:07:37:477] [api.js]: - SaveRepetiteAttackRequest.mjs loading successfully
[INFO] [2024-12-14 22:07:37:478] [api.js]: - SaveServerInfo.mjs loading successfully
[INFO] [2024-12-14 22:07:37:480] [api.js]: - UpdatePermissionToken.mjs loading successfully
[INFO] [2024-12-14 22:07:37:481] [api.js]: - UpdateRepetiteAttackRequest.mjs loading successfully
[INFO] [2024-12-14 22:07:37:482] [api.js]: - UpdateUserService.mjs loading successfully
[INFO] [2024-12-14 22:07:37:487] [api.js]: - DashboardApi.mjs loading successfully
[INFO] [2024-12-14 22:07:37:488] [api.js]: - GetBatchInfo.mjs loading successfully
[INFO] [2024-12-14 22:07:37:489] [api.js]: - GetPocketLog.mjs loading successfully
[INFO] [2024-12-14 22:07:37:492] [api.js]: - UpdateExchangeRate.mjs loading successfully
[INFO] [2024-12-14 22:07:37:497] [api.js]: - CheckOtpAndAccountActivate.mjs loading successfully
[INFO] [2024-12-14 22:07:37:498] [api.js]: - GetUserWithEmail.mjs loading successfully
[INFO] [2024-12-14 22:07:37:500] [api.js]: - LoginService.mjs loading successfully
[INFO] [2024-12-14 22:07:37:501] [api.js]: - PasswordResetSendOTP.mjs loading successfully
[INFO] [2024-12-14 22:07:37:502] [api.js]: - SaveUserService.mjs loading successfully
[INFO] [2024-12-14 22:07:37:504] [api.js]: - SignUpService.mjs loading successfully
[INFO] [2024-12-14 22:07:37:505] [api.js]: - UpdateUserWithEmail.mjs loading successfully
[INFO] [2024-12-14 22:07:37:509] [api.js]: - GetAccount.mjs loading successfully
[INFO] [2024-12-14 22:07:37:509] [api.js]: - Login.mjs loading successfully
[INFO] [2024-12-14 22:07:37:513] [api.js]: - CheckOTP.mjs loading successfully
[INFO] [2024-12-14 22:07:37:515] [api.js]: - CheckTOKEN.mjs loading successfully
[INFO] [2024-12-14 22:07:37:516] [api.js]: - GenerateOTP.mjs loading successfully
[INFO] [2024-12-14 22:07:37:517] [api.js]: - GetOTP.mjs loading successfully
[INFO] [2024-12-14 22:07:37:518] [api.js]: - GetTOKEN.mjs loading successfully
[INFO] [2024-12-14 22:07:37:519] [api.js]: - ITReportSender.mjs loading successfully
[INFO] [2024-12-14 22:07:37:521] [api.js]: - SaveOTP.mjs loading successfully
[INFO] [2024-12-14 22:07:37:522] [api.js]: - SendEmailActivation.mjs loading successfully
[INFO] [2024-12-14 22:07:37:523] [api.js]: - SendNotificationCode.mjs loading successfully
[INFO] [2024-12-14 22:07:37:524] [api.js]: - SendOTP.mjs loading successfully
[INFO] [2024-12-14 22:07:37:525] [api.js]: - SendResumeMail.mjs loading successfully
[INFO] [2024-12-14 22:07:37:525] [api.js]: - SendResumeMailForSuspicious.mjs loading successfully
[INFO] [2024-12-14 22:07:37:526] [api.js]: - UpdateOTP.mjs loading successfully
[INFO] [2024-12-14 22:07:37:527] [api.js]: - ValidateVerifyEmailToken.mjs loading successfully
[INFO] [2024-12-14 22:07:37:531] [api.js]: - GetBatchJobs.mjs loading successfully
[INFO] [2024-12-14 22:07:37:533] [api.js]: - GetBatchJobWithParameter.mjs loading successfully
[INFO] [2024-12-14 22:07:37:534] [api.js]: - GetSecret.mjs loading successfully
[INFO] [2024-12-14 22:07:37:535] [api.js]: - SaveBatchJobs.mjs loading successfully
[INFO] [2024-12-14 22:07:37:537] [api.js]: - SaveServiceInfo.mjs loading successfully
[INFO] [2024-12-14 22:07:37:538] [api.js]: - UpdateBatchJob.mjs loading successfully
[INFO] [2024-12-14 22:07:37:542] [api.js]: - AnalysisAndReportBatch.mjs loading successfully
[INFO] [2024-12-14 22:07:37:543] [api.js]: - APIQueryResume.mjs loading successfully
[INFO] [2024-12-14 22:07:37:544] [api.js]: - DecisionResumeEntry.mjs loading successfully
[INFO] [2024-12-14 22:07:37:545] [api.js]: - FindIpContext.mjs loading successfully
[INFO] [2024-12-14 22:07:37:546] [api.js]: - GetBatchCounter.mjs loading successfully
[INFO] [2024-12-14 22:07:37:548] [api.js]: - GetCounter.mjs loading successfully
[INFO] [2024-12-14 22:07:37:549] [api.js]: - GetResumeData.mjs loading successfully
[INFO] [2024-12-14 22:07:37:550] [api.js]: - QueryDecisionResume.mjs loading successfully
[INFO] [2024-12-14 22:07:37:551] [api.js]: - SaveDecisionResume.mjs loading successfully
[INFO] [2024-12-14 22:07:37:553] [api.js]: - SaveMail.mjs loading successfully
[INFO] [2024-12-14 22:07:37:555] [api.js]: - SearchMail.mjs loading successfully
[INFO] [2024-12-14 22:07:37:556] [api.js]: - UpdateBatchCounter.mjs loading successfully
[INFO] [2024-12-14 22:07:37:557] [api.js]: - UpdateCounter.mjs loading successfully
[INFO] [2024-12-14 22:07:37:558] [api.js]: - UpdateDecisionResume.mjs loading successfully
[INFO] [2024-12-14 22:07:37:558] [api.js]: - VerifyCaptcha.mjs loading successfully
[INFO] [2024-12-14 22:07:37:561] [api.js]: - CeyrekAltinBatch.mjs loading successfully
[INFO] [2024-12-14 22:07:37:563] [api.js]: - DovizKurlariBatch.mjs loading successfully
[INFO] [2024-12-14 22:07:37:564] [api.js]: - GetCurrencyWithName.mjs loading successfully
[INFO] [2024-12-14 22:07:37:565] [api.js]: - UpdateCurrency.mjs loading successfully
[INFO] [2024-12-14 22:07:37:570] [api.js]: - HtmlTemplateTest.mjs loading successfully
[INFO] [2024-12-14 22:07:37:574] [api.js]: - GenerateToken.mjs loading successfully
[INFO] [2024-12-14 22:07:37:578] [api.js]: - GenerateUniqueID.mjs loading successfully
[INFO] [2024-12-14 22:07:37:579] [api.js]: - IpService.mjs loading successfully
[INFO] [2024-12-14 22:07:37:581] [api.js]:
Success process: 77
Fail process: 0
Total Modules: 12
Total Service: 77
[INFO] [2024-12-14 22:07:37:584] [api.js]:
Module and service static check has been completed successfully.
[INFO] [2024-12-14 22:07:37:636] [PocketService.js]: Trigger : SaveServerInfo
[INFO] [2024-12-14 22:07:37:640] [PocketService.js]: Trigger : GetServerInfo
[INFO] [2024-12-14 22:07:37:704] [unknown]: Server is started on port 3000
[REQUEST] [2024-12-14 22:07:40:672] [api.js]:
                                   [MODULE]       : Admpanel
                                   [SERVICE]      : GetPocketLog
                                   [ENDPOINT]     : adm-pocket-log
                                   [METHOD]       : GET
                                   [X-USER-TOKEN] : 65d78580994151d94460ea1f
                                   [IP]           : ::1
[INFO] [2024-12-14 22:07:40:680] [PocketService.js]: Trigger : ControlUserPermissionToken
[INFO] [2024-12-14 22:07:40:684] [PocketService.js]: Trigger : GetPermissionToken
[INFO] [2024-12-14 22:07:40:701] [PocketService.js]: Trigger : UpdatePermissionToken
[INFO] [2024-12-14 22:07:40:744] [PocketService.js]: Trigger : GetPocketLog
[INFO] [2024-12-14 22:07:40:780] [PocketService.js]: Trigger : SaveApiLog
[REQUEST] [2024-12-14 22:07:45:718] [api.js]:
                                   [MODULE]       : Admpanel
                                   [SERVICE]      : GetPocketLog
                                   [ENDPOINT]     : adm-pocket-log
                                   [METHOD]       : GET
                                   [X-USER-TOKEN] : 65d78580994151d94460ea1f
                                   [IP]           : ::1
[INFO] [2024-12-14 22:07:45:722] [PocketService.js]: Trigger : ControlUserPermissionToken
[INFO] [2024-12-14 22:07:45:723] [PocketService.js]: Trigger : GetPermissionToken
[INFO] [2024-12-14 22:07:45:733] [PocketService.js]: Trigger : UpdatePermissionToken
[INFO] [2024-12-14 22:07:45:747] [PocketService.js]: Trigger : GetPocketLog
[ERROR] [2024-12-14 22:07:45:749] [GetPocketLog.mjs]: GetPocketLog servisinde hata meydana geldi: İki tarih arası 1 haftadan fazla olamaz.
undefined
[INFO] [2024-12-14 22:07:45:756] [PocketService.js]: Trigger : SaveApiLog
[ERROR] [2024-12-14 22:08:16:474] [unknown]: SIGINT signal received. The application is shutting down.
Error
[INFO] [2024-12-14 22:08:17:752] [api.js]: - CheckAbuseipAttacker.mjs loading successfully
[INFO] [2024-12-14 22:08:17:756] [api.js]: - CheckTokenEndpointAuth.mjs loading successfully
[INFO] [2024-12-14 22:08:17:757] [api.js]: - ControlUserPermissionToken.mjs loading successfully
[INFO] [2024-12-14 22:08:17:758] [api.js]: - DecisionRepetiteAttackRequest.mjs loading successfully
[INFO] [2024-12-14 22:08:17:759] [api.js]: - GetActiveRepetiteAttackRequest.mjs loading successfully
[INFO] [2024-12-14 22:08:17:761] [api.js]: - GetAllServerInfo.mjs loading successfully
[INFO] [2024-12-14 22:08:17:762] [api.js]: - GetBatchHealth.mjs loading successfully
[INFO] [2024-12-14 22:08:17:763] [api.js]: - GetEndpoints.mjs loading successfully
[INFO] [2024-12-14 22:08:17:764] [api.js]: - GetPermissionToken.mjs loading successfully
[INFO] [2024-12-14 22:08:17:766] [api.js]: - GetServerInfo.mjs loading successfully
[INFO] [2024-12-14 22:08:17:768] [api.js]: - GetUserService.mjs loading successfully
[INFO] [2024-12-14 22:08:17:770] [api.js]: - GetUserWithEmail.mjs loading successfully
[INFO] [2024-12-14 22:08:17:771] [api.js]: - GetUserWithUserId.mjs loading successfully
[INFO] [2024-12-14 22:08:17:772] [api.js]: - LoginService.mjs loading successfully
[INFO] [2024-12-14 22:08:17:773] [api.js]: - LogoutService.mjs loading successfully
[INFO] [2024-12-14 22:08:17:775] [api.js]: - SaveApiLog.mjs loading successfully
[INFO] [2024-12-14 22:08:17:776] [api.js]: - SaveRepetiteAttackRequest.mjs loading successfully
[INFO] [2024-12-14 22:08:17:779] [api.js]: - SaveServerInfo.mjs loading successfully
[INFO] [2024-12-14 22:08:17:780] [api.js]: - UpdatePermissionToken.mjs loading successfully
[INFO] [2024-12-14 22:08:17:781] [api.js]: - UpdateRepetiteAttackRequest.mjs loading successfully
[INFO] [2024-12-14 22:08:17:782] [api.js]: - UpdateUserService.mjs loading successfully
[INFO] [2024-12-14 22:08:17:787] [api.js]: - DashboardApi.mjs loading successfully
[INFO] [2024-12-14 22:08:17:788] [api.js]: - GetBatchInfo.mjs loading successfully
[INFO] [2024-12-14 22:08:17:789] [api.js]: - GetPocketLog.mjs loading successfully
[INFO] [2024-12-14 22:08:17:793] [api.js]: - UpdateExchangeRate.mjs loading successfully
[INFO] [2024-12-14 22:08:17:799] [api.js]: - CheckOtpAndAccountActivate.mjs loading successfully
[INFO] [2024-12-14 22:08:17:801] [api.js]: - GetUserWithEmail.mjs loading successfully
[INFO] [2024-12-14 22:08:17:802] [api.js]: - LoginService.mjs loading successfully
[INFO] [2024-12-14 22:08:17:803] [api.js]: - PasswordResetSendOTP.mjs loading successfully
[INFO] [2024-12-14 22:08:17:805] [api.js]: - SaveUserService.mjs loading successfully
[INFO] [2024-12-14 22:08:17:806] [api.js]: - SignUpService.mjs loading successfully
[INFO] [2024-12-14 22:08:17:807] [api.js]: - UpdateUserWithEmail.mjs loading successfully
[INFO] [2024-12-14 22:08:17:811] [api.js]: - GetAccount.mjs loading successfully
[INFO] [2024-12-14 22:08:17:812] [api.js]: - Login.mjs loading successfully
[INFO] [2024-12-14 22:08:17:816] [api.js]: - CheckOTP.mjs loading successfully
[INFO] [2024-12-14 22:08:17:818] [api.js]: - CheckTOKEN.mjs loading successfully
[INFO] [2024-12-14 22:08:17:819] [api.js]: - GenerateOTP.mjs loading successfully
[INFO] [2024-12-14 22:08:17:821] [api.js]: - GetOTP.mjs loading successfully
[INFO] [2024-12-14 22:08:17:822] [api.js]: - GetTOKEN.mjs loading successfully
[INFO] [2024-12-14 22:08:17:823] [api.js]: - ITReportSender.mjs loading successfully
[INFO] [2024-12-14 22:08:17:824] [api.js]: - SaveOTP.mjs loading successfully
[INFO] [2024-12-14 22:08:17:825] [api.js]: - SendEmailActivation.mjs loading successfully
[INFO] [2024-12-14 22:08:17:826] [api.js]: - SendNotificationCode.mjs loading successfully
[INFO] [2024-12-14 22:08:17:828] [api.js]: - SendOTP.mjs loading successfully
[INFO] [2024-12-14 22:08:17:829] [api.js]: - SendResumeMail.mjs loading successfully
[INFO] [2024-12-14 22:08:17:830] [api.js]: - SendResumeMailForSuspicious.mjs loading successfully
[INFO] [2024-12-14 22:08:17:831] [api.js]: - UpdateOTP.mjs loading successfully
[INFO] [2024-12-14 22:08:17:832] [api.js]: - ValidateVerifyEmailToken.mjs loading successfully
[INFO] [2024-12-14 22:08:17:837] [api.js]: - GetBatchJobs.mjs loading successfully
[INFO] [2024-12-14 22:08:17:838] [api.js]: - GetBatchJobWithParameter.mjs loading successfully
[INFO] [2024-12-14 22:08:17:839] [api.js]: - GetSecret.mjs loading successfully
[INFO] [2024-12-14 22:08:17:840] [api.js]: - SaveBatchJobs.mjs loading successfully
[INFO] [2024-12-14 22:08:17:841] [api.js]: - SaveServiceInfo.mjs loading successfully
[INFO] [2024-12-14 22:08:17:842] [api.js]: - UpdateBatchJob.mjs loading successfully
[INFO] [2024-12-14 22:08:17:847] [api.js]: - AnalysisAndReportBatch.mjs loading successfully
[INFO] [2024-12-14 22:08:17:848] [api.js]: - APIQueryResume.mjs loading successfully
[INFO] [2024-12-14 22:08:17:850] [api.js]: - DecisionResumeEntry.mjs loading successfully
[INFO] [2024-12-14 22:08:17:851] [api.js]: - FindIpContext.mjs loading successfully
[INFO] [2024-12-14 22:08:17:852] [api.js]: - GetBatchCounter.mjs loading successfully
[INFO] [2024-12-14 22:08:17:853] [api.js]: - GetCounter.mjs loading successfully
[INFO] [2024-12-14 22:08:17:854] [api.js]: - GetResumeData.mjs loading successfully
[INFO] [2024-12-14 22:08:17:855] [api.js]: - QueryDecisionResume.mjs loading successfully
[INFO] [2024-12-14 22:08:17:856] [api.js]: - SaveDecisionResume.mjs loading successfully
[INFO] [2024-12-14 22:08:17:857] [api.js]: - SaveMail.mjs loading successfully
[INFO] [2024-12-14 22:08:17:858] [api.js]: - SearchMail.mjs loading successfully
[INFO] [2024-12-14 22:08:17:859] [api.js]: - UpdateBatchCounter.mjs loading successfully
[INFO] [2024-12-14 22:08:17:861] [api.js]: - UpdateCounter.mjs loading successfully
[INFO] [2024-12-14 22:08:17:862] [api.js]: - UpdateDecisionResume.mjs loading successfully
[INFO] [2024-12-14 22:08:17:863] [api.js]: - VerifyCaptcha.mjs loading successfully
[INFO] [2024-12-14 22:08:17:866] [api.js]: - CeyrekAltinBatch.mjs loading successfully
[INFO] [2024-12-14 22:08:17:868] [api.js]: - DovizKurlariBatch.mjs loading successfully
[INFO] [2024-12-14 22:08:17:869] [api.js]: - GetCurrencyWithName.mjs loading successfully
[INFO] [2024-12-14 22:08:17:870] [api.js]: - UpdateCurrency.mjs loading successfully
[INFO] [2024-12-14 22:08:17:873] [api.js]: - HtmlTemplateTest.mjs loading successfully
[INFO] [2024-12-14 22:08:17:875] [api.js]: - GenerateToken.mjs loading successfully
[INFO] [2024-12-14 22:08:17:880] [api.js]: - GenerateUniqueID.mjs loading successfully
[INFO] [2024-12-14 22:08:17:881] [api.js]: - IpService.mjs loading successfully
[INFO] [2024-12-14 22:08:17:883] [api.js]:
Success process: 77
Fail process: 0
Total Modules: 12
Total Service: 77
[INFO] [2024-12-14 22:08:17:886] [api.js]:
Module and service static check has been completed successfully.
[INFO] [2024-12-14 22:08:17:939] [PocketService.js]: Trigger : SaveServerInfo
[INFO] [2024-12-14 22:08:17:945] [PocketService.js]: Trigger : GetServerInfo
[INFO] [2024-12-14 22:08:18:011] [unknown]: Server is started on port 3000
[REQUEST] [2024-12-14 22:08:20:753] [api.js]:
                                   [MODULE]       : Admpanel
                                   [SERVICE]      : GetPocketLog
                                   [ENDPOINT]     : adm-pocket-log
                                   [METHOD]       : GET
                                   [X-USER-TOKEN] : 65d78580994151d94460ea1f
                                   [IP]           : ::1
[INFO] [2024-12-14 22:08:20:759] [PocketService.js]: Trigger : ControlUserPermissionToken
[INFO] [2024-12-14 22:08:20:764] [PocketService.js]: Trigger : GetPermissionToken
[INFO] [2024-12-14 22:08:20:778] [PocketService.js]: Trigger : UpdatePermissionToken
[INFO] [2024-12-14 22:08:20:803] [PocketService.js]: Trigger : GetPocketLog
[ERROR] [2024-12-14 22:08:20:805] [GetPocketLog.mjs]: GetPocketLog servisinde hata meydana geldi: İki tarih arası 1 haftadan fazla olamaz.
undefined
[INFO] [2024-12-14 22:08:20:809] [PocketService.js]: Trigger : SaveApiLog
[ERROR] [2024-12-14 22:09:12:726] [unknown]: SIGINT signal received. The application is shutting down.
Error
[INFO] [2024-12-14 22:09:14:625] [api.js]: - CheckAbuseipAttacker.mjs loading successfully
[INFO] [2024-12-14 22:09:14:627] [api.js]: - CheckTokenEndpointAuth.mjs loading successfully
[INFO] [2024-12-14 22:09:14:629] [api.js]: - ControlUserPermissionToken.mjs loading successfully
[INFO] [2024-12-14 22:09:14:629] [api.js]: - DecisionRepetiteAttackRequest.mjs loading successfully
[INFO] [2024-12-14 22:09:14:630] [api.js]: - GetActiveRepetiteAttackRequest.mjs loading successfully
[INFO] [2024-12-14 22:09:14:632] [api.js]: - GetAllServerInfo.mjs loading successfully
[INFO] [2024-12-14 22:09:14:633] [api.js]: - GetBatchHealth.mjs loading successfully
[INFO] [2024-12-14 22:09:14:634] [api.js]: - GetEndpoints.mjs loading successfully
[INFO] [2024-12-14 22:09:14:635] [api.js]: - GetPermissionToken.mjs loading successfully
[INFO] [2024-12-14 22:09:14:636] [api.js]: - GetServerInfo.mjs loading successfully
[INFO] [2024-12-14 22:09:14:638] [api.js]: - GetUserService.mjs loading successfully
[INFO] [2024-12-14 22:09:14:639] [api.js]: - GetUserWithEmail.mjs loading successfully
[INFO] [2024-12-14 22:09:14:640] [api.js]: - GetUserWithUserId.mjs loading successfully
[INFO] [2024-12-14 22:09:14:641] [api.js]: - LoginService.mjs loading successfully
[INFO] [2024-12-14 22:09:14:644] [api.js]: - LogoutService.mjs loading successfully
[INFO] [2024-12-14 22:09:14:645] [api.js]: - SaveApiLog.mjs loading successfully
[INFO] [2024-12-14 22:09:14:646] [api.js]: - SaveRepetiteAttackRequest.mjs loading successfully
[INFO] [2024-12-14 22:09:14:647] [api.js]: - SaveServerInfo.mjs loading successfully
[INFO] [2024-12-14 22:09:14:648] [api.js]: - UpdatePermissionToken.mjs loading successfully
[INFO] [2024-12-14 22:09:14:649] [api.js]: - UpdateRepetiteAttackRequest.mjs loading successfully
[INFO] [2024-12-14 22:09:14:650] [api.js]: - UpdateUserService.mjs loading successfully
[INFO] [2024-12-14 22:09:14:655] [api.js]: - DashboardApi.mjs loading successfully
[INFO] [2024-12-14 22:09:14:656] [api.js]: - GetBatchInfo.mjs loading successfully
[INFO] [2024-12-14 22:09:14:657] [api.js]: - GetPocketLog.mjs loading successfully
[INFO] [2024-12-14 22:09:14:662] [api.js]: - UpdateExchangeRate.mjs loading successfully
[INFO] [2024-12-14 22:09:14:666] [api.js]: - CheckOtpAndAccountActivate.mjs loading successfully
[INFO] [2024-12-14 22:09:14:667] [api.js]: - GetUserWithEmail.mjs loading successfully
[INFO] [2024-12-14 22:09:14:669] [api.js]: - LoginService.mjs loading successfully
[INFO] [2024-12-14 22:09:14:670] [api.js]: - PasswordResetSendOTP.mjs loading successfully
[INFO] [2024-12-14 22:09:14:671] [api.js]: - SaveUserService.mjs loading successfully
[INFO] [2024-12-14 22:09:14:672] [api.js]: - SignUpService.mjs loading successfully
[INFO] [2024-12-14 22:09:14:673] [api.js]: - UpdateUserWithEmail.mjs loading successfully
[INFO] [2024-12-14 22:09:14:678] [api.js]: - GetAccount.mjs loading successfully
[INFO] [2024-12-14 22:09:14:679] [api.js]: - Login.mjs loading successfully
[INFO] [2024-12-14 22:09:14:683] [api.js]: - CheckOTP.mjs loading successfully
[INFO] [2024-12-14 22:09:14:684] [api.js]: - CheckTOKEN.mjs loading successfully
[INFO] [2024-12-14 22:09:14:686] [api.js]: - GenerateOTP.mjs loading successfully
[INFO] [2024-12-14 22:09:14:687] [api.js]: - GetOTP.mjs loading successfully
[INFO] [2024-12-14 22:09:14:688] [api.js]: - GetTOKEN.mjs loading successfully
[INFO] [2024-12-14 22:09:14:689] [api.js]: - ITReportSender.mjs loading successfully
[INFO] [2024-12-14 22:09:14:690] [api.js]: - SaveOTP.mjs loading successfully
[INFO] [2024-12-14 22:09:14:691] [api.js]: - SendEmailActivation.mjs loading successfully
[INFO] [2024-12-14 22:09:14:692] [api.js]: - SendNotificationCode.mjs loading successfully
[INFO] [2024-12-14 22:09:14:694] [api.js]: - SendOTP.mjs loading successfully
[INFO] [2024-12-14 22:09:14:695] [api.js]: - SendResumeMail.mjs loading successfully
[INFO] [2024-12-14 22:09:14:696] [api.js]: - SendResumeMailForSuspicious.mjs loading successfully
[INFO] [2024-12-14 22:09:14:697] [api.js]: - UpdateOTP.mjs loading successfully
[INFO] [2024-12-14 22:09:14:698] [api.js]: - ValidateVerifyEmailToken.mjs loading successfully
[INFO] [2024-12-14 22:09:14:701] [api.js]: - GetBatchJobs.mjs loading successfully
[INFO] [2024-12-14 22:09:14:702] [api.js]: - GetBatchJobWithParameter.mjs loading successfully
[INFO] [2024-12-14 22:09:14:704] [api.js]: - GetSecret.mjs loading successfully
[INFO] [2024-12-14 22:09:14:705] [api.js]: - SaveBatchJobs.mjs loading successfully
[INFO] [2024-12-14 22:09:14:706] [api.js]: - SaveServiceInfo.mjs loading successfully
[INFO] [2024-12-14 22:09:14:707] [api.js]: - UpdateBatchJob.mjs loading successfully
[INFO] [2024-12-14 22:09:14:712] [api.js]: - AnalysisAndReportBatch.mjs loading successfully
[INFO] [2024-12-14 22:09:14:713] [api.js]: - APIQueryResume.mjs loading successfully
[INFO] [2024-12-14 22:09:14:714] [api.js]: - DecisionResumeEntry.mjs loading successfully
[INFO] [2024-12-14 22:09:14:714] [api.js]: - FindIpContext.mjs loading successfully
[INFO] [2024-12-14 22:09:14:715] [api.js]: - GetBatchCounter.mjs loading successfully
[INFO] [2024-12-14 22:09:14:716] [api.js]: - GetCounter.mjs loading successfully
[INFO] [2024-12-14 22:09:14:718] [api.js]: - GetResumeData.mjs loading successfully
[INFO] [2024-12-14 22:09:14:719] [api.js]: - QueryDecisionResume.mjs loading successfully
[INFO] [2024-12-14 22:09:14:720] [api.js]: - SaveDecisionResume.mjs loading successfully
[INFO] [2024-12-14 22:09:14:721] [api.js]: - SaveMail.mjs loading successfully
[INFO] [2024-12-14 22:09:14:722] [api.js]: - SearchMail.mjs loading successfully
[INFO] [2024-12-14 22:09:14:724] [api.js]: - UpdateBatchCounter.mjs loading successfully
[INFO] [2024-12-14 22:09:14:725] [api.js]: - UpdateCounter.mjs loading successfully
[INFO] [2024-12-14 22:09:14:726] [api.js]: - UpdateDecisionResume.mjs loading successfully
[INFO] [2024-12-14 22:09:14:728] [api.js]: - VerifyCaptcha.mjs loading successfully
[INFO] [2024-12-14 22:09:14:732] [api.js]: - CeyrekAltinBatch.mjs loading successfully
[INFO] [2024-12-14 22:09:14:733] [api.js]: - DovizKurlariBatch.mjs loading successfully
[INFO] [2024-12-14 22:09:14:734] [api.js]: - GetCurrencyWithName.mjs loading successfully
[INFO] [2024-12-14 22:09:14:735] [api.js]: - UpdateCurrency.mjs loading successfully
[INFO] [2024-12-14 22:09:14:740] [api.js]: - HtmlTemplateTest.mjs loading successfully
[INFO] [2024-12-14 22:09:14:744] [api.js]: - GenerateToken.mjs loading successfully
[INFO] [2024-12-14 22:09:14:747] [api.js]: - GenerateUniqueID.mjs loading successfully
[INFO] [2024-12-14 22:09:14:748] [api.js]: - IpService.mjs loading successfully
[INFO] [2024-12-14 22:09:14:751] [api.js]:
Success process: 77
Fail process: 0
Total Modules: 12
Total Service: 77
[INFO] [2024-12-14 22:09:14:754] [api.js]:
Module and service static check has been completed successfully.
[INFO] [2024-12-14 22:09:14:813] [PocketService.js]: Trigger : SaveServerInfo
[INFO] [2024-12-14 22:09:14:816] [PocketService.js]: Trigger : GetServerInfo
[INFO] [2024-12-14 22:09:14:879] [unknown]: Server is started on port 3000
[REQUEST] [2024-12-14 22:09:17:411] [api.js]:
                                   [MODULE]       : Admpanel
                                   [SERVICE]      : GetPocketLog
                                   [ENDPOINT]     : adm-pocket-log
                                   [METHOD]       : GET
                                   [X-USER-TOKEN] : 65d78580994151d94460ea1f
                                   [IP]           : ::1
[INFO] [2024-12-14 22:09:17:417] [PocketService.js]: Trigger : ControlUserPermissionToken
[INFO] [2024-12-14 22:09:17:423] [PocketService.js]: Trigger : GetPermissionToken
[INFO] [2024-12-14 22:09:17:439] [PocketService.js]: Trigger : UpdatePermissionToken
[INFO] [2024-12-14 22:09:17:465] [PocketService.js]: Trigger : GetPocketLog
[ERROR] [2024-12-14 22:09:17:467] [GetPocketLog.mjs]: GetPocketLog servisinde hata meydana geldi: İki tarih arası 1 haftadan fazla olamaz.
undefined
[INFO] [2024-12-14 22:09:17:472] [PocketService.js]: Trigger : SaveApiLog
[REQUEST] [2024-12-14 22:09:41:430] [api.js]:
                                   [MODULE]       : Admpanel
                                   [SERVICE]      : GetPocketLog
                                   [ENDPOINT]     : adm-pocket-log
                                   [METHOD]       : GET
                                   [X-USER-TOKEN] : 65d78580994151d94460ea1f
                                   [IP]           : ::1
[INFO] [2024-12-14 22:09:41:433] [PocketService.js]: Trigger : ControlUserPermissionToken
[INFO] [2024-12-14 22:09:41:435] [PocketService.js]: Trigger : GetPermissionToken
[INFO] [2024-12-14 22:09:41:444] [PocketService.js]: Trigger : UpdatePermissionToken
[INFO] [2024-12-14 22:09:41:456] [PocketService.js]: Trigger : GetPocketLog
[INFO] [2024-12-14 22:09:41:495] [PocketService.js]: Trigger : SaveApiLog
[ERROR] [2024-12-14 22:12:30:352] [unknown]: SIGINT signal received. The application is shutting down.
Error
[INFO] [2024-12-14 22:12:31:629] [api.js]: - CheckAbuseipAttacker.mjs loading successfully
[INFO] [2024-12-14 22:12:31:634] [api.js]: - CheckTokenEndpointAuth.mjs loading successfully
[INFO] [2024-12-14 22:12:31:637] [api.js]: - ControlUserPermissionToken.mjs loading successfully
[INFO] [2024-12-14 22:12:31:639] [api.js]: - DecisionRepetiteAttackRequest.mjs loading successfully
[INFO] [2024-12-14 22:12:31:640] [api.js]: - GetActiveRepetiteAttackRequest.mjs loading successfully
[INFO] [2024-12-14 22:12:31:641] [api.js]: - GetAllServerInfo.mjs loading successfully
[INFO] [2024-12-14 22:12:31:644] [api.js]: - GetBatchHealth.mjs loading successfully
[INFO] [2024-12-14 22:12:31:645] [api.js]: - GetEndpoints.mjs loading successfully
[INFO] [2024-12-14 22:12:31:647] [api.js]: - GetPermissionToken.mjs loading successfully
[INFO] [2024-12-14 22:12:31:649] [api.js]: - GetServerInfo.mjs loading successfully
[INFO] [2024-12-14 22:12:31:650] [api.js]: - GetUserService.mjs loading successfully
[INFO] [2024-12-14 22:12:31:652] [api.js]: - GetUserWithEmail.mjs loading successfully
[INFO] [2024-12-14 22:12:31:654] [api.js]: - GetUserWithUserId.mjs loading successfully
[INFO] [2024-12-14 22:12:31:656] [api.js]: - LoginService.mjs loading successfully
[INFO] [2024-12-14 22:12:31:659] [api.js]: - LogoutService.mjs loading successfully
[INFO] [2024-12-14 22:12:31:660] [api.js]: - SaveApiLog.mjs loading successfully
[INFO] [2024-12-14 22:12:31:661] [api.js]: - SaveRepetiteAttackRequest.mjs loading successfully
[INFO] [2024-12-14 22:12:31:663] [api.js]: - SaveServerInfo.mjs loading successfully
[INFO] [2024-12-14 22:12:31:665] [api.js]: - UpdatePermissionToken.mjs loading successfully
[INFO] [2024-12-14 22:12:31:666] [api.js]: - UpdateRepetiteAttackRequest.mjs loading successfully
[INFO] [2024-12-14 22:12:31:668] [api.js]: - UpdateUserService.mjs loading successfully
[INFO] [2024-12-14 22:12:31:686] [api.js]: - DashboardApi.mjs loading successfully
[INFO] [2024-12-14 22:12:31:692] [api.js]: - GetBatchInfo.mjs loading successfully
[INFO] [2024-12-14 22:12:31:694] [api.js]: - GetPocketLog.mjs loading successfully
[INFO] [2024-12-14 22:12:31:703] [api.js]: - UpdateExchangeRate.mjs loading successfully
[INFO] [2024-12-14 22:12:31:709] [api.js]: - CheckOtpAndAccountActivate.mjs loading successfully
[INFO] [2024-12-14 22:12:31:710] [api.js]: - GetUserWithEmail.mjs loading successfully
[INFO] [2024-12-14 22:12:31:711] [api.js]: - LoginService.mjs loading successfully
[INFO] [2024-12-14 22:12:31:712] [api.js]: - PasswordResetSendOTP.mjs loading successfully
[INFO] [2024-12-14 22:12:31:714] [api.js]: - SaveUserService.mjs loading successfully
[INFO] [2024-12-14 22:12:31:716] [api.js]: - SignUpService.mjs loading successfully
[INFO] [2024-12-14 22:12:31:717] [api.js]: - UpdateUserWithEmail.mjs loading successfully
[INFO] [2024-12-14 22:12:31:723] [api.js]: - GetAccount.mjs loading successfully
[INFO] [2024-12-14 22:12:31:725] [api.js]: - Login.mjs loading successfully
[INFO] [2024-12-14 22:12:31:729] [api.js]: - CheckOTP.mjs loading successfully
[INFO] [2024-12-14 22:12:31:731] [api.js]: - CheckTOKEN.mjs loading successfully
[INFO] [2024-12-14 22:12:31:733] [api.js]: - GenerateOTP.mjs loading successfully
[INFO] [2024-12-14 22:12:31:734] [api.js]: - GetOTP.mjs loading successfully
[INFO] [2024-12-14 22:12:31:735] [api.js]: - GetTOKEN.mjs loading successfully
[INFO] [2024-12-14 22:12:31:736] [api.js]: - ITReportSender.mjs loading successfully
[INFO] [2024-12-14 22:12:31:737] [api.js]: - SaveOTP.mjs loading successfully
[INFO] [2024-12-14 22:12:31:739] [api.js]: - SendEmailActivation.mjs loading successfully
[INFO] [2024-12-14 22:12:31:741] [api.js]: - SendNotificationCode.mjs loading successfully
[INFO] [2024-12-14 22:12:31:741] [api.js]: - SendOTP.mjs loading successfully
[INFO] [2024-12-14 22:12:31:742] [api.js]: - SendResumeMail.mjs loading successfully
[INFO] [2024-12-14 22:12:31:743] [api.js]: - SendResumeMailForSuspicious.mjs loading successfully
[INFO] [2024-12-14 22:12:31:744] [api.js]: - UpdateOTP.mjs loading successfully
[INFO] [2024-12-14 22:12:31:745] [api.js]: - ValidateVerifyEmailToken.mjs loading successfully
[INFO] [2024-12-14 22:12:31:748] [api.js]: - GetBatchJobs.mjs loading successfully
[INFO] [2024-12-14 22:12:31:750] [api.js]: - GetBatchJobWithParameter.mjs loading successfully
[INFO] [2024-12-14 22:12:31:751] [api.js]: - GetSecret.mjs loading successfully
[INFO] [2024-12-14 22:12:31:752] [api.js]: - SaveBatchJobs.mjs loading successfully
[INFO] [2024-12-14 22:12:31:754] [api.js]: - SaveServiceInfo.mjs loading successfully
[INFO] [2024-12-14 22:12:31:754] [api.js]: - UpdateBatchJob.mjs loading successfully
[INFO] [2024-12-14 22:12:31:759] [api.js]: - AnalysisAndReportBatch.mjs loading successfully
[INFO] [2024-12-14 22:12:31:759] [api.js]: - APIQueryResume.mjs loading successfully
[INFO] [2024-12-14 22:12:31:760] [api.js]: - DecisionResumeEntry.mjs loading successfully
[INFO] [2024-12-14 22:12:31:761] [api.js]: - FindIpContext.mjs loading successfully
[INFO] [2024-12-14 22:12:31:762] [api.js]: - GetBatchCounter.mjs loading successfully
[INFO] [2024-12-14 22:12:31:762] [api.js]: - GetCounter.mjs loading successfully
[INFO] [2024-12-14 22:12:31:763] [api.js]: - GetResumeData.mjs loading successfully
[INFO] [2024-12-14 22:12:31:764] [api.js]: - QueryDecisionResume.mjs loading successfully
[INFO] [2024-12-14 22:12:31:765] [api.js]: - SaveDecisionResume.mjs loading successfully
[INFO] [2024-12-14 22:12:31:766] [api.js]: - SaveMail.mjs loading successfully
[INFO] [2024-12-14 22:12:31:767] [api.js]: - SearchMail.mjs loading successfully
[INFO] [2024-12-14 22:12:31:768] [api.js]: - UpdateBatchCounter.mjs loading successfully
[INFO] [2024-12-14 22:12:31:769] [api.js]: - UpdateCounter.mjs loading successfully
[INFO] [2024-12-14 22:12:31:770] [api.js]: - UpdateDecisionResume.mjs loading successfully
[INFO] [2024-12-14 22:12:31:771] [api.js]: - VerifyCaptcha.mjs loading successfully
[INFO] [2024-12-14 22:12:31:774] [api.js]: - CeyrekAltinBatch.mjs loading successfully
[INFO] [2024-12-14 22:12:31:775] [api.js]: - DovizKurlariBatch.mjs loading successfully
[INFO] [2024-12-14 22:12:31:776] [api.js]: - GetCurrencyWithName.mjs loading successfully
[INFO] [2024-12-14 22:12:31:777] [api.js]: - UpdateCurrency.mjs loading successfully
[INFO] [2024-12-14 22:12:31:779] [api.js]: - HtmlTemplateTest.mjs loading successfully
[INFO] [2024-12-14 22:12:31:783] [api.js]: - GenerateToken.mjs loading successfully
[INFO] [2024-12-14 22:12:31:786] [api.js]: - GenerateUniqueID.mjs loading successfully
[INFO] [2024-12-14 22:12:31:787] [api.js]: - IpService.mjs loading successfully
[INFO] [2024-12-14 22:12:31:789] [api.js]:
Success process: 77
Fail process: 0
Total Modules: 12
Total Service: 77
[INFO] [2024-12-14 22:12:31:791] [api.js]:
Module and service static check has been completed successfully.
[INFO] [2024-12-14 22:12:31:841] [PocketService.js]: Trigger : SaveServerInfo
[INFO] [2024-12-14 22:12:31:844] [PocketService.js]: Trigger : GetServerInfo
[INFO] [2024-12-14 22:12:31:902] [unknown]: Server is started on port 3000
[REQUEST] [2024-12-14 22:12:35:677] [api.js]:
                                   [MODULE]       : Admpanel
                                   [SERVICE]      : GetPocketLog
                                   [ENDPOINT]     : adm-pocket-log
                                   [METHOD]       : GET
                                   [X-USER-TOKEN] : 65d78580994151d94460ea1f
                                   [IP]           : ::1
[INFO] [2024-12-14 22:12:35:682] [PocketService.js]: Trigger : ControlUserPermissionToken
[INFO] [2024-12-14 22:12:35:689] [PocketService.js]: Trigger : GetPermissionToken
[INFO] [2024-12-14 22:12:35:704] [PocketService.js]: Trigger : UpdatePermissionToken
[INFO] [2024-12-14 22:12:35:732] [PocketService.js]: Trigger : GetPocketLog
[ERROR] [2024-12-14 22:12:35:734] [GetPocketLog.mjs]: GetPocketLog servisinde hata meydana geldi: Geçersiz tarih: 2024-13-14 22:02:40.
undefined
[INFO] [2024-12-14 22:12:35:742] [PocketService.js]: Trigger : SaveApiLog
[REQUEST] [2024-12-14 22:12:46:263] [api.js]:
                                   [MODULE]       : Admpanel
                                   [SERVICE]      : GetPocketLog
                                   [ENDPOINT]     : adm-pocket-log
                                   [METHOD]       : GET
                                   [X-USER-TOKEN] : 65d78580994151d94460ea1f
                                   [IP]           : ::1
[INFO] [2024-12-14 22:12:46:267] [PocketService.js]: Trigger : ControlUserPermissionToken
[INFO] [2024-12-14 22:12:46:268] [PocketService.js]: Trigger : GetPermissionToken
[INFO] [2024-12-14 22:12:46:281] [PocketService.js]: Trigger : UpdatePermissionToken
[INFO] [2024-12-14 22:12:46:300] [PocketService.js]: Trigger : GetPocketLog
[ERROR] [2024-12-14 22:12:46:303] [GetPocketLog.mjs]: GetPocketLog servisinde hata meydana geldi: Geçersiz tarih formatı: 2024-12-6 22:02:40. Format "YYYY-MM-DD HH:mm:ss" olmalıdır.
undefined
[INFO] [2024-12-14 22:12:46:307] [PocketService.js]: Trigger : SaveApiLog
[REQUEST] [2024-12-14 22:12:52:173] [api.js]:
                                   [MODULE]       : Admpanel
                                   [SERVICE]      : GetPocketLog
                                   [ENDPOINT]     : adm-pocket-log
                                   [METHOD]       : GET
                                   [X-USER-TOKEN] : 65d78580994151d94460ea1f
                                   [IP]           : ::1
[INFO] [2024-12-14 22:12:52:177] [PocketService.js]: Trigger : ControlUserPermissionToken
[INFO] [2024-12-14 22:12:52:180] [PocketService.js]: Trigger : GetPermissionToken
[INFO] [2024-12-14 22:12:52:189] [PocketService.js]: Trigger : UpdatePermissionToken
[INFO] [2024-12-14 22:12:52:205] [PocketService.js]: Trigger : GetPocketLog
[ERROR] [2024-12-14 22:12:52:207] [GetPocketLog.mjs]: GetPocketLog servisinde hata meydana geldi: İki tarih arası 1 haftadan fazla olamaz.
undefined
[INFO] [2024-12-14 22:12:52:209] [PocketService.js]: Trigger : SaveApiLog
[REQUEST] [2024-12-14 22:13:01:410] [api.js]:
                                   [MODULE]       : Admpanel
                                   [SERVICE]      : GetPocketLog
                                   [ENDPOINT]     : adm-pocket-log
                                   [METHOD]       : GET
                                   [X-USER-TOKEN] : 65d78580994151d94460ea1f
                                   [IP]           : ::1
[INFO] [2024-12-14 22:13:01:414] [PocketService.js]: Trigger : ControlUserPermissionToken
[INFO] [2024-12-14 22:13:01:415] [PocketService.js]: Trigger : GetPermissionToken
[INFO] [2024-12-14 22:13:01:423] [PocketService.js]: Trigger : UpdatePermissionToken
[INFO] [2024-12-14 22:13:01:433] [PocketService.js]: Trigger : GetPocketLog
[ERROR] [2024-12-14 22:13:01:435] [GetPocketLog.mjs]: GetPocketLog servisinde hata meydana geldi: Gelecekteki bir tarih için sorgulama yapılamaz.
undefined
[INFO] [2024-12-14 22:13:01:437] [PocketService.js]: Trigger : SaveApiLog
[REQUEST] [2024-12-14 22:13:09:831] [api.js]:
                                   [MODULE]       : Admpanel
                                   [SERVICE]      : GetPocketLog
                                   [ENDPOINT]     : adm-pocket-log
                                   [METHOD]       : GET
                                   [X-USER-TOKEN] : 65d78580994151d94460ea1f
                                   [IP]           : ::1
[INFO] [2024-12-14 22:13:09:835] [PocketService.js]: Trigger : ControlUserPermissionToken
[INFO] [2024-12-14 22:13:09:837] [PocketService.js]: Trigger : GetPermissionToken
[INFO] [2024-12-14 22:13:09:845] [PocketService.js]: Trigger : UpdatePermissionToken
[INFO] [2024-12-14 22:13:09:862] [PocketService.js]: Trigger : GetPocketLog
[ERROR] [2024-12-14 22:13:09:864] [GetPocketLog.mjs]: GetPocketLog servisinde hata meydana geldi: Başlangıç tarihi bitiş tarihinden büyük olamaz.
undefined
[INFO] [2024-12-14 22:13:09:867] [PocketService.js]: Trigger : SaveApiLog
[REQUEST] [2024-12-14 22:13:15:143] [api.js]:
                                   [MODULE]       : Admpanel
                                   [SERVICE]      : GetPocketLog
                                   [ENDPOINT]     : adm-pocket-log
                                   [METHOD]       : GET
                                   [X-USER-TOKEN] : 65d78580994151d94460ea1f
                                   [IP]           : ::1
[INFO] [2024-12-14 22:13:15:147] [PocketService.js]: Trigger : ControlUserPermissionToken
[INFO] [2024-12-14 22:13:15:149] [PocketService.js]: Trigger : GetPermissionToken
[INFO] [2024-12-14 22:13:15:156] [PocketService.js]: Trigger : UpdatePermissionToken
[INFO] [2024-12-14 22:13:15:172] [PocketService.js]: Trigger : GetPocketLog
[ERROR] [2024-12-14 22:13:15:173] [GetPocketLog.mjs]: GetPocketLog servisinde hata meydana geldi: Gelecekteki bir tarih için sorgulama yapılamaz.
undefined
[INFO] [2024-12-14 22:13:15:175] [PocketService.js]: Trigger : SaveApiLog
[REQUEST] [2024-12-14 22:13:25:675] [api.js]:
                                   [MODULE]       : Admpanel
                                   [SERVICE]      : GetPocketLog
                                   [ENDPOINT]     : adm-pocket-log
                                   [METHOD]       : GET
                                   [X-USER-TOKEN] : 65d78580994151d94460ea1f
                                   [IP]           : ::1
[INFO] [2024-12-14 22:13:25:679] [PocketService.js]: Trigger : ControlUserPermissionToken
[INFO] [2024-12-14 22:13:25:682] [PocketService.js]: Trigger : GetPermissionToken
[INFO] [2024-12-14 22:13:25:689] [PocketService.js]: Trigger : UpdatePermissionToken
[INFO] [2024-12-14 22:13:25:705] [PocketService.js]: Trigger : GetPocketLog
[INFO] [2024-12-14 22:13:25:754] [PocketService.js]: Trigger : SaveApiLog
[REQUEST] [2024-12-14 22:15:47:425] [api.js]:
                                   [MODULE]       : Admpanel
                                   [SERVICE]      : GetPocketLog
                                   [ENDPOINT]     : adm-pocket-log
                                   [METHOD]       : GET
                                   [X-USER-TOKEN] : 65d78580994151d94460ea1f
                                   [IP]           : ::1
[INFO] [2024-12-14 22:15:47:428] [PocketService.js]: Trigger : ControlUserPermissionToken
[INFO] [2024-12-14 22:15:47:430] [PocketService.js]: Trigger : GetPermissionToken
[INFO] [2024-12-14 22:15:47:439] [PocketService.js]: Trigger : UpdatePermissionToken
[INFO] [2024-12-14 22:15:47:453] [PocketService.js]: Trigger : GetPocketLog
[INFO] [2024-12-14 22:15:47:498] [PocketService.js]: Trigger : SaveApiLog
[REQUEST] [2024-12-14 22:18:37:099] [api.js]:
                                   [MODULE]       : Admpanel
                                   [SERVICE]      : GetPocketLog
                                   [ENDPOINT]     : adm-pocket-log
                                   [METHOD]       : GET
                                   [X-USER-TOKEN] : 65d78580994151d94460ea1f
                                   [IP]           : ::1
[INFO] [2024-12-14 22:18:37:103] [PocketService.js]: Trigger : ControlUserPermissionToken
[INFO] [2024-12-14 22:18:37:105] [PocketService.js]: Trigger : GetPermissionToken
[INFO] [2024-12-14 22:18:37:114] [PocketService.js]: Trigger : UpdatePermissionToken
[INFO] [2024-12-14 22:18:37:127] [PocketService.js]: Trigger : GetPocketLog
[INFO] [2024-12-14 22:18:37:183] [PocketService.js]: Trigger : SaveApiLog
[REQUEST] [2024-12-14 22:18:41:545] [api.js]:
                                   [MODULE]       : Admpanel
                                   [SERVICE]      : GetPocketLog
                                   [ENDPOINT]     : adm-pocket-log
                                   [METHOD]       : GET
                                   [X-USER-TOKEN] : 65d78580994151d94460ea1f
                                   [IP]           : ::1
[INFO] [2024-12-14 22:18:41:551] [PocketService.js]: Trigger : ControlUserPermissionToken
[INFO] [2024-12-14 22:18:41:554] [PocketService.js]: Trigger : GetPermissionToken
[INFO] [2024-12-14 22:18:41:561] [PocketService.js]: Trigger : UpdatePermissionToken
[INFO] [2024-12-14 22:18:41:575] [PocketService.js]: Trigger : GetPocketLog
[INFO] [2024-12-14 22:18:41:624] [PocketService.js]: Trigger : SaveApiLog
[REQUEST] [2024-12-14 22:18:43:392] [api.js]:
                                   [MODULE]       : Admpanel
                                   [SERVICE]      : GetPocketLog
                                   [ENDPOINT]     : adm-pocket-log
                                   [METHOD]       : GET
                                   [X-USER-TOKEN] : 65d78580994151d94460ea1f
                                   [IP]           : ::1
[INFO] [2024-12-14 22:18:43:398] [PocketService.js]: Trigger : ControlUserPermissionToken
[INFO] [2024-12-14 22:18:43:401] [PocketService.js]: Trigger : GetPermissionToken
[INFO] [2024-12-14 22:18:43:411] [PocketService.js]: Trigger : UpdatePermissionToken
[INFO] [2024-12-14 22:18:43:420] [PocketService.js]: Trigger : GetPocketLog
[INFO] [2024-12-14 22:18:43:463] [PocketService.js]: Trigger : SaveApiLog
[REQUEST] [2024-12-14 22:18:44:994] [api.js]:
                                   [MODULE]       : Admpanel
                                   [SERVICE]      : GetPocketLog
                                   [ENDPOINT]     : adm-pocket-log
                                   [METHOD]       : GET
                                   [X-USER-TOKEN] : 65d78580994151d94460ea1f
                                   [IP]           : ::1
[INFO] [2024-12-14 22:18:45:002] [PocketService.js]: Trigger : ControlUserPermissionToken
[INFO] [2024-12-14 22:18:45:006] [PocketService.js]: Trigger : GetPermissionToken
[INFO] [2024-12-14 22:18:45:017] [PocketService.js]: Trigger : UpdatePermissionToken
[INFO] [2024-12-14 22:18:45:031] [PocketService.js]: Trigger : GetPocketLog
[INFO] [2024-12-14 22:18:45:082] [PocketService.js]: Trigger : SaveApiLog
[REQUEST] [2024-12-14 22:18:46:457] [api.js]:
                                   [MODULE]       : Admpanel
                                   [SERVICE]      : GetPocketLog
                                   [ENDPOINT]     : adm-pocket-log
                                   [METHOD]       : GET
                                   [X-USER-TOKEN] : 65d78580994151d94460ea1f
                                   [IP]           : ::1
[INFO] [2024-12-14 22:18:46:462] [PocketService.js]: Trigger : ControlUserPermissionToken
[INFO] [2024-12-14 22:18:46:464] [PocketService.js]: Trigger : GetPermissionToken
[INFO] [2024-12-14 22:18:46:473] [PocketService.js]: Trigger : UpdatePermissionToken
[INFO] [2024-12-14 22:18:46:483] [PocketService.js]: Trigger : GetPocketLog
[INFO] [2024-12-14 22:18:46:531] [PocketService.js]: Trigger : SaveApiLog
[REQUEST] [2024-12-14 22:18:47:772] [api.js]:
                                   [MODULE]       : Admpanel
                                   [SERVICE]      : GetPocketLog
                                   [ENDPOINT]     : adm-pocket-log
                                   [METHOD]       : GET
                                   [X-USER-TOKEN] : 65d78580994151d94460ea1f
                                   [IP]           : ::1
[INFO] [2024-12-14 22:18:47:776] [PocketService.js]: Trigger : ControlUserPermissionToken
[INFO] [2024-12-14 22:18:47:777] [PocketService.js]: Trigger : GetPermissionToken
[INFO] [2024-12-14 22:18:47:785] [PocketService.js]: Trigger : UpdatePermissionToken
[INFO] [2024-12-14 22:18:47:796] [PocketService.js]: Trigger : GetPocketLog
[INFO] [2024-12-14 22:18:47:847] [PocketService.js]: Trigger : SaveApiLog
[ERROR] [2024-12-15 01:45:42:308] [unknown]: SIGINT signal received. The application is shutting down.
Error
[INFO] [2024-12-15 01:45:50:449] [api.js]: - CheckAbuseipAttacker.mjs loading successfully
[INFO] [2024-12-15 01:45:50:451] [api.js]: - CheckTokenEndpointAuth.mjs loading successfully
[INFO] [2024-12-15 01:45:50:452] [api.js]: - ControlUserPermissionToken.mjs loading successfully
[INFO] [2024-12-15 01:45:50:453] [api.js]: - DecisionRepetiteAttackRequest.mjs loading successfully
[INFO] [2024-12-15 01:45:50:454] [api.js]: - GetActiveRepetiteAttackRequest.mjs loading successfully
[INFO] [2024-12-15 01:45:50:455] [api.js]: - GetAllServerInfo.mjs loading successfully
[INFO] [2024-12-15 01:45:50:456] [api.js]: - GetBatchHealth.mjs loading successfully
[INFO] [2024-12-15 01:45:50:457] [api.js]: - GetEndpoints.mjs loading successfully
[INFO] [2024-12-15 01:45:50:458] [api.js]: - GetPermissionToken.mjs loading successfully
[INFO] [2024-12-15 01:45:50:460] [api.js]: - GetServerInfo.mjs loading successfully
[INFO] [2024-12-15 01:45:50:461] [api.js]: - GetUserService.mjs loading successfully
[INFO] [2024-12-15 01:45:50:462] [api.js]: - GetUserWithEmail.mjs loading successfully
[INFO] [2024-12-15 01:45:50:463] [api.js]: - GetUserWithUserId.mjs loading successfully
[INFO] [2024-12-15 01:45:50:465] [api.js]: - LoginService.mjs loading successfully
[INFO] [2024-12-15 01:45:50:466] [api.js]: - LogoutService.mjs loading successfully
[INFO] [2024-12-15 01:45:50:468] [api.js]: - SaveApiLog.mjs loading successfully
[INFO] [2024-12-15 01:45:50:469] [api.js]: - SaveRepetiteAttackRequest.mjs loading successfully
[INFO] [2024-12-15 01:45:50:471] [api.js]: - SaveServerInfo.mjs loading successfully
[INFO] [2024-12-15 01:45:50:472] [api.js]: - UpdatePermissionToken.mjs loading successfully
[INFO] [2024-12-15 01:45:50:474] [api.js]: - UpdateRepetiteAttackRequest.mjs loading successfully
[INFO] [2024-12-15 01:45:50:476] [api.js]: - UpdateUserService.mjs loading successfully
[INFO] [2024-12-15 01:45:50:480] [api.js]: - DashboardApi.mjs loading successfully
[INFO] [2024-12-15 01:45:50:481] [api.js]: - GetBatchInfo.mjs loading successfully
[INFO] [2024-12-15 01:45:50:482] [api.js]: - GetPocketLog.mjs loading successfully
[INFO] [2024-12-15 01:45:50:486] [api.js]: - UpdateExchangeRate.mjs loading successfully
[INFO] [2024-12-15 01:45:50:489] [api.js]: - CheckOtpAndAccountActivate.mjs loading successfully
[INFO] [2024-12-15 01:45:50:491] [api.js]: - GetUserWithEmail.mjs loading successfully
[INFO] [2024-12-15 01:45:50:492] [api.js]: - LoginService.mjs loading successfully
[INFO] [2024-12-15 01:45:50:493] [api.js]: - PasswordResetSendOTP.mjs loading successfully
[INFO] [2024-12-15 01:45:50:495] [api.js]: - SaveUserService.mjs loading successfully
[INFO] [2024-12-15 01:45:50:496] [api.js]: - SignUpService.mjs loading successfully
[INFO] [2024-12-15 01:45:50:496] [api.js]: - UpdateUserWithEmail.mjs loading successfully
[INFO] [2024-12-15 01:45:50:501] [api.js]: - GetAccount.mjs loading successfully
[INFO] [2024-12-15 01:45:50:502] [api.js]: - Login.mjs loading successfully
[INFO] [2024-12-15 01:45:50:505] [api.js]: - CheckOTP.mjs loading successfully
[INFO] [2024-12-15 01:45:50:506] [api.js]: - CheckTOKEN.mjs loading successfully
[INFO] [2024-12-15 01:45:50:507] [api.js]: - GenerateOTP.mjs loading successfully
[INFO] [2024-12-15 01:45:50:510] [api.js]: - GetOTP.mjs loading successfully
[INFO] [2024-12-15 01:45:50:511] [api.js]: - GetTOKEN.mjs loading successfully
[INFO] [2024-12-15 01:45:50:512] [api.js]: - ITReportSender.mjs loading successfully
[INFO] [2024-12-15 01:45:50:513] [api.js]: - SaveOTP.mjs loading successfully
[INFO] [2024-12-15 01:45:50:514] [api.js]: - SendEmailActivation.mjs loading successfully
[INFO] [2024-12-15 01:45:50:515] [api.js]: - SendNotificationCode.mjs loading successfully
[INFO] [2024-12-15 01:45:50:517] [api.js]: - SendOTP.mjs loading successfully
[INFO] [2024-12-15 01:45:50:518] [api.js]: - SendResumeMail.mjs loading successfully
[INFO] [2024-12-15 01:45:50:519] [api.js]: - SendResumeMailForSuspicious.mjs loading successfully
[INFO] [2024-12-15 01:45:50:520] [api.js]: - UpdateOTP.mjs loading successfully
[INFO] [2024-12-15 01:45:50:520] [api.js]: - ValidateVerifyEmailToken.mjs loading successfully
[INFO] [2024-12-15 01:45:50:523] [api.js]: - GetBatchJobs.mjs loading successfully
[INFO] [2024-12-15 01:45:50:525] [api.js]: - GetBatchJobWithParameter.mjs loading successfully
[INFO] [2024-12-15 01:45:50:526] [api.js]: - GetSecret.mjs loading successfully
[INFO] [2024-12-15 01:45:50:527] [api.js]: - SaveBatchJobs.mjs loading successfully
[INFO] [2024-12-15 01:45:50:528] [api.js]: - SaveServiceInfo.mjs loading successfully
[INFO] [2024-12-15 01:45:50:529] [api.js]: - UpdateBatchJob.mjs loading successfully
[INFO] [2024-12-15 01:45:50:532] [api.js]: - AnalysisAndReportBatch.mjs loading successfully
[INFO] [2024-12-15 01:45:50:533] [api.js]: - APIQueryResume.mjs loading successfully
[INFO] [2024-12-15 01:45:50:534] [api.js]: - DecisionResumeEntry.mjs loading successfully
[INFO] [2024-12-15 01:45:50:535] [api.js]: - FindIpContext.mjs loading successfully
[INFO] [2024-12-15 01:45:50:535] [api.js]: - GetBatchCounter.mjs loading successfully
[INFO] [2024-12-15 01:45:50:536] [api.js]: - GetCounter.mjs loading successfully
[INFO] [2024-12-15 01:45:50:537] [api.js]: - GetResumeData.mjs loading successfully
[INFO] [2024-12-15 01:45:50:537] [api.js]: - QueryDecisionResume.mjs loading successfully
[INFO] [2024-12-15 01:45:50:538] [api.js]: - SaveDecisionResume.mjs loading successfully
[INFO] [2024-12-15 01:45:50:539] [api.js]: - SaveMail.mjs loading successfully
[INFO] [2024-12-15 01:45:50:541] [api.js]: - SearchMail.mjs loading successfully
[INFO] [2024-12-15 01:45:50:541] [api.js]: - UpdateBatchCounter.mjs loading successfully
[INFO] [2024-12-15 01:45:50:543] [api.js]: - UpdateCounter.mjs loading successfully
[INFO] [2024-12-15 01:45:50:544] [api.js]: - UpdateDecisionResume.mjs loading successfully
[INFO] [2024-12-15 01:45:50:545] [api.js]: - VerifyCaptcha.mjs loading successfully
[INFO] [2024-12-15 01:45:50:548] [api.js]: - CeyrekAltinBatch.mjs loading successfully
[INFO] [2024-12-15 01:45:50:549] [api.js]: - DovizKurlariBatch.mjs loading successfully
[INFO] [2024-12-15 01:45:50:550] [api.js]: - GetCurrencyWithName.mjs loading successfully
[INFO] [2024-12-15 01:45:50:550] [api.js]: - UpdateCurrency.mjs loading successfully
[INFO] [2024-12-15 01:45:50:553] [api.js]: - HtmlTemplateTest.mjs loading successfully
[INFO] [2024-12-15 01:45:50:556] [api.js]: - GenerateToken.mjs loading successfully
[INFO] [2024-12-15 01:45:50:560] [api.js]: - GenerateUniqueID.mjs loading successfully
[INFO] [2024-12-15 01:45:50:561] [api.js]: - IpService.mjs loading successfully
[INFO] [2024-12-15 01:45:50:563] [api.js]:
Success process: 77
Fail process: 0
Total Modules: 12
Total Service: 77
[INFO] [2024-12-15 01:45:50:566] [api.js]:
Module and service static check has been completed successfully.
[INFO] [2024-12-15 01:45:51:032] [PocketService.js]: Trigger : SaveServerInfo
[INFO] [2024-12-15 01:45:51:051] [PocketService.js]: Trigger : GetServerInfo
[INFO] [2024-12-15 01:45:51:114] [unknown]: Server is started on port 3000
[REQUEST] [2024-12-15 01:46:26:248] [api.js]:
                                   [MODULE]       : Admpanel
                                   [SERVICE]      : DashboardApi
                                   [ENDPOINT]     : adm-dashboard-info
                                   [METHOD]       : GET
                                   [X-USER-TOKEN] : null
                                   [IP]           : ::1
[INFO] [2024-12-15 01:46:26:255] [PocketService.js]: Trigger : SaveApiLog
[REQUEST] [2024-12-15 01:46:48:027] [api.js]:
                                   [MODULE]       : Admpanel
                                   [SERVICE]      : DashboardApi
                                   [ENDPOINT]     : adm-dashboard-info
                                   [METHOD]       : GET
                                   [X-USER-TOKEN] : 65d78580994151d94460ea1f
                                   [IP]           : ::1
[INFO] [2024-12-15 01:46:48:035] [PocketService.js]: Trigger : ControlUserPermissionToken
[INFO] [2024-12-15 01:46:48:040] [PocketService.js]: Trigger : GetPermissionToken
[INFO] [2024-12-15 01:46:48:049] [PocketService.js]: Trigger : UpdatePermissionToken
[INFO] [2024-12-15 01:46:48:067] [PocketService.js]: Trigger : DashboardApi
[INFO] [2024-12-15 01:46:48:075] [PocketService.js]: Trigger : GetEndpoints
[INFO] [2024-12-15 01:46:48:076] [PocketService.js]: Trigger : GetServerInfo
[INFO] [2024-12-15 01:46:48:079] [PocketService.js]: Trigger : GetBatchHealth
[INFO] [2024-12-15 01:46:48:080] [GetBatchHealth.mjs]: GetBatchhealt servisinde info fırlatıldı
[INFO] [2024-12-15 01:46:48:084] [PocketService.js]: Trigger : GetAllServerInfo
[INFO] [2024-12-15 01:46:48:097] [PocketService.js]: Trigger : GetBatchJobs
[INFO] [2024-12-15 01:46:48:105] [PocketService.js]: Trigger : GetPocketLog
[ERROR] [2024-12-15 01:46:48:219] [DashboardApi.mjs]: DashboardApi servisinde hata meydana geldi."TypeError: Cannot read properties of undefined (reading 'get')
undefined
[INFO] [2024-12-15 01:46:48:222] [PocketService.js]: Trigger : SaveApiLog
[ERROR] [2024-12-15 01:47:04:484] [unknown]: SIGINT signal received. The application is shutting down.
Error
[INFO] [2024-12-15 01:47:09:357] [api.js]: - CheckAbuseipAttacker.mjs loading successfully
[INFO] [2024-12-15 01:47:14:694] [api.js]: - CheckTokenEndpointAuth.mjs loading successfully
[INFO] [2024-12-15 01:47:14:695] [api.js]: - ControlUserPermissionToken.mjs loading successfully
[INFO] [2024-12-15 01:47:14:696] [api.js]: - DecisionRepetiteAttackRequest.mjs loading successfully
[INFO] [2024-12-15 01:47:14:697] [api.js]: - GetActiveRepetiteAttackRequest.mjs loading successfully
[INFO] [2024-12-15 01:47:14:698] [api.js]: - GetAllServerInfo.mjs loading successfully
[INFO] [2024-12-15 01:47:14:700] [api.js]: - GetBatchHealth.mjs loading successfully
[INFO] [2024-12-15 01:47:14:701] [api.js]: - GetEndpoints.mjs loading successfully
[INFO] [2024-12-15 01:47:14:702] [api.js]: - GetPermissionToken.mjs loading successfully
[INFO] [2024-12-15 01:47:14:703] [api.js]: - GetServerInfo.mjs loading successfully
[INFO] [2024-12-15 01:47:14:704] [api.js]: - GetUserService.mjs loading successfully
[INFO] [2024-12-15 01:47:14:706] [api.js]: - GetUserWithEmail.mjs loading successfully
[INFO] [2024-12-15 01:47:14:707] [api.js]: - GetUserWithUserId.mjs loading successfully
[INFO] [2024-12-15 01:47:14:708] [api.js]: - LoginService.mjs loading successfully
[INFO] [2024-12-15 01:47:14:710] [api.js]: - LogoutService.mjs loading successfully
[INFO] [2024-12-15 01:47:14:712] [api.js]: - SaveApiLog.mjs loading successfully
[INFO] [2024-12-15 01:47:14:712] [api.js]: - SaveRepetiteAttackRequest.mjs loading successfully
[INFO] [2024-12-15 01:47:14:713] [api.js]: - SaveServerInfo.mjs loading successfully
[INFO] [2024-12-15 01:47:14:715] [api.js]: - UpdatePermissionToken.mjs loading successfully
[INFO] [2024-12-15 01:47:14:716] [api.js]: - UpdateRepetiteAttackRequest.mjs loading successfully
[INFO] [2024-12-15 01:47:14:717] [api.js]: - UpdateUserService.mjs loading successfully
[INFO] [2024-12-15 01:47:14:719] [api.js]: - DashboardApi.mjs loading successfully
[INFO] [2024-12-15 01:47:14:722] [api.js]: - GetBatchInfo.mjs loading successfully
[INFO] [2024-12-15 01:47:14:723] [api.js]: - GetPocketLog.mjs loading successfully
[INFO] [2024-12-15 01:47:14:727] [api.js]: - UpdateExchangeRate.mjs loading successfully
[INFO] [2024-12-15 01:47:14:730] [api.js]: - CheckOtpAndAccountActivate.mjs loading successfully
[INFO] [2024-12-15 01:47:14:731] [api.js]: - GetUserWithEmail.mjs loading successfully
[INFO] [2024-12-15 01:47:14:732] [api.js]: - LoginService.mjs loading successfully
[INFO] [2024-12-15 01:47:14:732] [api.js]: - PasswordResetSendOTP.mjs loading successfully
[INFO] [2024-12-15 01:47:14:733] [api.js]: - SaveUserService.mjs loading successfully
[INFO] [2024-12-15 01:47:14:734] [api.js]: - SignUpService.mjs loading successfully
[INFO] [2024-12-15 01:47:14:735] [api.js]: - UpdateUserWithEmail.mjs loading successfully
[INFO] [2024-12-15 01:47:14:739] [api.js]: - GetAccount.mjs loading successfully
[INFO] [2024-12-15 01:47:14:740] [api.js]: - Login.mjs loading successfully
[INFO] [2024-12-15 01:47:14:743] [api.js]: - CheckOTP.mjs loading successfully
[INFO] [2024-12-15 01:47:14:745] [api.js]: - CheckTOKEN.mjs loading successfully
[INFO] [2024-12-15 01:47:14:746] [api.js]: - GenerateOTP.mjs loading successfully
[INFO] [2024-12-15 01:47:14:747] [api.js]: - GetOTP.mjs loading successfully
[INFO] [2024-12-15 01:47:14:748] [api.js]: - GetTOKEN.mjs loading successfully
[INFO] [2024-12-15 01:47:14:749] [api.js]: - ITReportSender.mjs loading successfully
[INFO] [2024-12-15 01:47:14:750] [api.js]: - SaveOTP.mjs loading successfully
[INFO] [2024-12-15 01:47:14:751] [api.js]: - SendEmailActivation.mjs loading successfully
[INFO] [2024-12-15 01:47:14:752] [api.js]: - SendNotificationCode.mjs loading successfully
[INFO] [2024-12-15 01:47:14:753] [api.js]: - SendOTP.mjs loading successfully
[INFO] [2024-12-15 01:47:14:756] [api.js]: - SendResumeMail.mjs loading successfully
[INFO] [2024-12-15 01:47:14:757] [api.js]: - SendResumeMailForSuspicious.mjs loading successfully
[INFO] [2024-12-15 01:47:14:758] [api.js]: - UpdateOTP.mjs loading successfully
[INFO] [2024-12-15 01:47:14:760] [api.js]: - ValidateVerifyEmailToken.mjs loading successfully
[INFO] [2024-12-15 01:47:14:763] [api.js]: - GetBatchJobs.mjs loading successfully
[INFO] [2024-12-15 01:47:14:764] [api.js]: - GetBatchJobWithParameter.mjs loading successfully
[INFO] [2024-12-15 01:47:14:765] [api.js]: - GetSecret.mjs loading successfully
[INFO] [2024-12-15 01:47:14:765] [api.js]: - SaveBatchJobs.mjs loading successfully
[INFO] [2024-12-15 01:47:14:766] [api.js]: - SaveServiceInfo.mjs loading successfully
[INFO] [2024-12-15 01:47:14:767] [api.js]: - UpdateBatchJob.mjs loading successfully
[INFO] [2024-12-15 01:47:14:772] [api.js]: - AnalysisAndReportBatch.mjs loading successfully
[INFO] [2024-12-15 01:47:14:774] [api.js]: - APIQueryResume.mjs loading successfully
[INFO] [2024-12-15 01:47:14:775] [api.js]: - DecisionResumeEntry.mjs loading successfully
[INFO] [2024-12-15 01:47:14:776] [api.js]: - FindIpContext.mjs loading successfully
[INFO] [2024-12-15 01:47:14:777] [api.js]: - GetBatchCounter.mjs loading successfully
[INFO] [2024-12-15 01:47:14:780] [api.js]: - GetCounter.mjs loading successfully
[INFO] [2024-12-15 01:47:14:781] [api.js]: - GetResumeData.mjs loading successfully
[INFO] [2024-12-15 01:47:14:782] [api.js]: - QueryDecisionResume.mjs loading successfully
[INFO] [2024-12-15 01:47:14:783] [api.js]: - SaveDecisionResume.mjs loading successfully
[INFO] [2024-12-15 01:47:14:784] [api.js]: - SaveMail.mjs loading successfully
[INFO] [2024-12-15 01:47:14:785] [api.js]: - SearchMail.mjs loading successfully
[INFO] [2024-12-15 01:47:14:787] [api.js]: - UpdateBatchCounter.mjs loading successfully
[INFO] [2024-12-15 01:47:14:790] [api.js]: - UpdateCounter.mjs loading successfully
[INFO] [2024-12-15 01:47:14:791] [api.js]: - UpdateDecisionResume.mjs loading successfully
[INFO] [2024-12-15 01:47:14:793] [api.js]: - VerifyCaptcha.mjs loading successfully
[INFO] [2024-12-15 01:47:14:796] [api.js]: - CeyrekAltinBatch.mjs loading successfully
[INFO] [2024-12-15 01:47:14:797] [api.js]: - DovizKurlariBatch.mjs loading successfully
[INFO] [2024-12-15 01:47:14:798] [api.js]: - GetCurrencyWithName.mjs loading successfully
[INFO] [2024-12-15 01:47:14:798] [api.js]: - UpdateCurrency.mjs loading successfully
[INFO] [2024-12-15 01:47:14:801] [api.js]: - HtmlTemplateTest.mjs loading successfully
[INFO] [2024-12-15 01:47:14:805] [api.js]: - GenerateToken.mjs loading successfully
[INFO] [2024-12-15 01:47:14:808] [api.js]: - GenerateUniqueID.mjs loading successfully
[INFO] [2024-12-15 01:47:14:810] [api.js]: - IpService.mjs loading successfully
[INFO] [2024-12-15 01:47:14:811] [api.js]:
Success process: 77
Fail process: 0
Total Modules: 12
Total Service: 77
[INFO] [2024-12-15 01:47:14:813] [api.js]:
Module and service static check has been completed successfully.
[INFO] [2024-12-15 01:47:14:917] [PocketService.js]: Trigger : SaveServerInfo
[INFO] [2024-12-15 01:47:14:995] [PocketService.js]: Trigger : GetServerInfo
[INFO] [2024-12-15 01:47:17:409] [unknown]: Server is started on port 3000
[REQUEST] [2024-12-15 01:47:27:533] [api.js]:
                                   [MODULE]       : Admpanel
                                   [SERVICE]      : DashboardApi
                                   [ENDPOINT]     : adm-dashboard-info
                                   [METHOD]       : GET
                                   [X-USER-TOKEN] : 65d78580994151d94460ea1f
                                   [IP]           : ::1
[INFO] [2024-12-15 01:47:27:544] [PocketService.js]: Trigger : ControlUserPermissionToken
[INFO] [2024-12-15 01:47:27:555] [PocketService.js]: Trigger : GetPermissionToken
[INFO] [2024-12-15 01:47:27:612] [PocketService.js]: Trigger : UpdatePermissionToken
[INFO] [2024-12-15 01:47:27:678] [PocketService.js]: Trigger : DashboardApi
[INFO] [2024-12-15 01:47:27:710] [PocketService.js]: Trigger : GetEndpoints
[INFO] [2024-12-15 01:47:27:712] [PocketService.js]: Trigger : GetServerInfo
[INFO] [2024-12-15 01:47:27:722] [PocketService.js]: Trigger : GetAllServerInfo
[INFO] [2024-12-15 01:47:27:727] [PocketService.js]: Trigger : GetBatchHealth
[INFO] [2024-12-15 01:47:27:729] [GetBatchHealth.mjs]: GetBatchhealt servisinde info fırlatıldı
[INFO] [2024-12-15 01:47:27:763] [PocketService.js]: Trigger : GetBatchJobs
[INFO] [2024-12-15 01:47:27:793] [PocketService.js]: Trigger : GetPocketLog
[ERROR] [2024-12-15 01:47:52:129] [DashboardApi.mjs]: DashboardApi servisinde hata meydana geldi."TypeError: Cannot read properties of undefined (reading 'get')
undefined
[INFO] [2024-12-15 01:47:52:140] [PocketService.js]: Trigger : SaveApiLog
[INFO] [2024-12-15 01:48:26:935] [api.js]: - CheckAbuseipAttacker.mjs loading successfully
[INFO] [2024-12-15 01:48:26:937] [api.js]: - CheckTokenEndpointAuth.mjs loading successfully
[INFO] [2024-12-15 01:48:26:939] [api.js]: - ControlUserPermissionToken.mjs loading successfully
[INFO] [2024-12-15 01:48:26:939] [api.js]: - DecisionRepetiteAttackRequest.mjs loading successfully
[INFO] [2024-12-15 01:48:26:941] [api.js]: - GetActiveRepetiteAttackRequest.mjs loading successfully
[INFO] [2024-12-15 01:48:26:942] [api.js]: - GetAllServerInfo.mjs loading successfully
[INFO] [2024-12-15 01:48:26:943] [api.js]: - GetBatchHealth.mjs loading successfully
[INFO] [2024-12-15 01:48:26:944] [api.js]: - GetEndpoints.mjs loading successfully
[INFO] [2024-12-15 01:48:26:945] [api.js]: - GetPermissionToken.mjs loading successfully
[INFO] [2024-12-15 01:48:26:946] [api.js]: - GetServerInfo.mjs loading successfully
[INFO] [2024-12-15 01:48:26:947] [api.js]: - GetUserService.mjs loading successfully
[INFO] [2024-12-15 01:48:26:948] [api.js]: - GetUserWithEmail.mjs loading successfully
[INFO] [2024-12-15 01:48:26:949] [api.js]: - GetUserWithUserId.mjs loading successfully
[INFO] [2024-12-15 01:48:26:950] [api.js]: - LoginService.mjs loading successfully
[INFO] [2024-12-15 01:48:26:951] [api.js]: - LogoutService.mjs loading successfully
[INFO] [2024-12-15 01:48:26:952] [api.js]: - SaveApiLog.mjs loading successfully
[INFO] [2024-12-15 01:48:26:952] [api.js]: - SaveRepetiteAttackRequest.mjs loading successfully
[INFO] [2024-12-15 01:48:26:954] [api.js]: - SaveServerInfo.mjs loading successfully
[INFO] [2024-12-15 01:48:26:955] [api.js]: - UpdatePermissionToken.mjs loading successfully
[INFO] [2024-12-15 01:48:26:956] [api.js]: - UpdateRepetiteAttackRequest.mjs loading successfully
[INFO] [2024-12-15 01:48:26:957] [api.js]: - UpdateUserService.mjs loading successfully
[INFO] [2024-12-15 01:48:26:959] [api.js]: - DashboardApi.mjs loading successfully
[INFO] [2024-12-15 01:48:26:960] [api.js]: - GetBatchInfo.mjs loading successfully
[INFO] [2024-12-15 01:48:26:961] [api.js]: - GetPocketLog.mjs loading successfully
[INFO] [2024-12-15 01:48:26:963] [api.js]: - UpdateExchangeRate.mjs loading successfully
[INFO] [2024-12-15 01:48:26:965] [api.js]: - CheckOtpAndAccountActivate.mjs loading successfully
[INFO] [2024-12-15 01:48:26:966] [api.js]: - GetUserWithEmail.mjs loading successfully
[INFO] [2024-12-15 01:48:26:967] [api.js]: - LoginService.mjs loading successfully
[INFO] [2024-12-15 01:48:26:968] [api.js]: - PasswordResetSendOTP.mjs loading successfully
[INFO] [2024-12-15 01:48:26:969] [api.js]: - SaveUserService.mjs loading successfully
[INFO] [2024-12-15 01:48:26:970] [api.js]: - SignUpService.mjs loading successfully
[INFO] [2024-12-15 01:48:26:970] [api.js]: - UpdateUserWithEmail.mjs loading successfully
[INFO] [2024-12-15 01:48:26:973] [api.js]: - GetAccount.mjs loading successfully
[INFO] [2024-12-15 01:48:26:974] [api.js]: - Login.mjs loading successfully
[INFO] [2024-12-15 01:48:26:975] [api.js]: - CheckOTP.mjs loading successfully
[INFO] [2024-12-15 01:48:26:976] [api.js]: - CheckTOKEN.mjs loading successfully
[INFO] [2024-12-15 01:48:26:977] [api.js]: - GenerateOTP.mjs loading successfully
[INFO] [2024-12-15 01:48:26:978] [api.js]: - GetOTP.mjs loading successfully
[INFO] [2024-12-15 01:48:26:979] [api.js]: - GetTOKEN.mjs loading successfully
[INFO] [2024-12-15 01:48:26:980] [api.js]: - ITReportSender.mjs loading successfully
[INFO] [2024-12-15 01:48:26:981] [api.js]: - SaveOTP.mjs loading successfully
[INFO] [2024-12-15 01:48:26:982] [api.js]: - SendEmailActivation.mjs loading successfully
[INFO] [2024-12-15 01:48:26:983] [api.js]: - SendNotificationCode.mjs loading successfully
[INFO] [2024-12-15 01:48:26:984] [api.js]: - SendOTP.mjs loading successfully
[INFO] [2024-12-15 01:48:26:985] [api.js]: - SendResumeMail.mjs loading successfully
[INFO] [2024-12-15 01:48:26:986] [api.js]: - SendResumeMailForSuspicious.mjs loading successfully
[INFO] [2024-12-15 01:48:26:987] [api.js]: - UpdateOTP.mjs loading successfully
[INFO] [2024-12-15 01:48:26:988] [api.js]: - ValidateVerifyEmailToken.mjs loading successfully
[INFO] [2024-12-15 01:48:26:990] [api.js]: - GetBatchJobs.mjs loading successfully
[INFO] [2024-12-15 01:48:26:990] [api.js]: - GetBatchJobWithParameter.mjs loading successfully
[INFO] [2024-12-15 01:48:26:991] [api.js]: - GetSecret.mjs loading successfully
[INFO] [2024-12-15 01:48:26:992] [api.js]: - SaveBatchJobs.mjs loading successfully
[INFO] [2024-12-15 01:48:26:993] [api.js]: - SaveServiceInfo.mjs loading successfully
[INFO] [2024-12-15 01:48:26:994] [api.js]: - UpdateBatchJob.mjs loading successfully
[INFO] [2024-12-15 01:48:26:996] [api.js]: - AnalysisAndReportBatch.mjs loading successfully
[INFO] [2024-12-15 01:48:26:997] [api.js]: - APIQueryResume.mjs loading successfully
[INFO] [2024-12-15 01:48:26:997] [api.js]: - DecisionResumeEntry.mjs loading successfully
[INFO] [2024-12-15 01:48:26:998] [api.js]: - FindIpContext.mjs loading successfully
[INFO] [2024-12-15 01:48:26:999] [api.js]: - GetBatchCounter.mjs loading successfully
[INFO] [2024-12-15 01:48:27:001] [api.js]: - GetCounter.mjs loading successfully
[INFO] [2024-12-15 01:48:27:001] [api.js]: - GetResumeData.mjs loading successfully
[INFO] [2024-12-15 01:48:27:002] [api.js]: - QueryDecisionResume.mjs loading successfully
[INFO] [2024-12-15 01:48:27:003] [api.js]: - SaveDecisionResume.mjs loading successfully
[INFO] [2024-12-15 01:48:27:004] [api.js]: - SaveMail.mjs loading successfully
[INFO] [2024-12-15 01:48:27:005] [api.js]: - SearchMail.mjs loading successfully
[INFO] [2024-12-15 01:48:27:006] [api.js]: - UpdateBatchCounter.mjs loading successfully
[INFO] [2024-12-15 01:48:27:007] [api.js]: - UpdateCounter.mjs loading successfully
[INFO] [2024-12-15 01:48:27:008] [api.js]: - UpdateDecisionResume.mjs loading successfully
[INFO] [2024-12-15 01:48:27:009] [api.js]: - VerifyCaptcha.mjs loading successfully
[INFO] [2024-12-15 01:48:27:011] [api.js]: - CeyrekAltinBatch.mjs loading successfully
[INFO] [2024-12-15 01:48:27:011] [api.js]: - DovizKurlariBatch.mjs loading successfully
[INFO] [2024-12-15 01:48:27:013] [api.js]: - GetCurrencyWithName.mjs loading successfully
[INFO] [2024-12-15 01:48:27:013] [api.js]: - UpdateCurrency.mjs loading successfully
[INFO] [2024-12-15 01:48:27:016] [api.js]: - HtmlTemplateTest.mjs loading successfully
[INFO] [2024-12-15 01:48:27:017] [api.js]: - GenerateToken.mjs loading successfully
[INFO] [2024-12-15 01:48:27:019] [api.js]: - GenerateUniqueID.mjs loading successfully
[INFO] [2024-12-15 01:48:27:020] [api.js]: - IpService.mjs loading successfully
[INFO] [2024-12-15 01:48:27:022] [api.js]:
Success process: 77
Fail process: 0
Total Modules: 12
Total Service: 77
[INFO] [2024-12-15 01:48:27:023] [api.js]:
Module and service static check has been completed successfully.
[INFO] [2024-12-15 01:48:27:119] [PocketService.js]: Trigger : SaveServerInfo
[INFO] [2024-12-15 01:48:27:127] [PocketService.js]: Trigger : GetServerInfo
[INFO] [2024-12-15 01:48:27:202] [unknown]: Server is started on port 3000
[REQUEST] [2024-12-15 01:48:33:484] [api.js]:
                                   [MODULE]       : Admpanel
                                   [SERVICE]      : DashboardApi
                                   [ENDPOINT]     : adm-dashboard-info
                                   [METHOD]       : GET
                                   [X-USER-TOKEN] : 65d78580994151d94460ea1f
                                   [IP]           : ::1
[INFO] [2024-12-15 01:48:33:493] [PocketService.js]: Trigger : ControlUserPermissionToken
[INFO] [2024-12-15 01:48:33:501] [PocketService.js]: Trigger : GetPermissionToken
[INFO] [2024-12-15 01:48:33:520] [PocketService.js]: Trigger : UpdatePermissionToken
[INFO] [2024-12-15 01:48:33:559] [PocketService.js]: Trigger : DashboardApi
[INFO] [2024-12-15 01:48:33:571] [PocketService.js]: Trigger : GetEndpoints
[INFO] [2024-12-15 01:48:33:574] [PocketService.js]: Trigger : GetServerInfo
[INFO] [2024-12-15 01:48:33:615] [PocketService.js]: Trigger : GetBatchJobs
[INFO] [2024-12-15 01:48:33:632] [PocketService.js]: Trigger : GetAllServerInfo
[INFO] [2024-12-15 01:48:33:741] [PocketService.js]: Trigger : GetBatchHealth
[INFO] [2024-12-15 01:48:33:743] [GetBatchHealth.mjs]: GetBatchhealt servisinde info fırlatıldı
[INFO] [2024-12-15 01:48:33:765] [PocketService.js]: Trigger : GetPocketLog
[INFO] [2024-12-15 01:48:33:799] [DashboardApi.mjs]: Dashboard response:
[INFO] [2024-12-15 01:48:33:800] [DashboardApi.mjs]: [object Object]
[INFO] [2024-12-15 01:48:33:822] [PocketService.js]: Trigger : SaveApiLog
[INFO] [2024-12-15 01:53:01:469] [api.js]: - CheckAbuseipAttacker.mjs loading successfully
[INFO] [2024-12-15 01:53:01:472] [api.js]: - CheckTokenEndpointAuth.mjs loading successfully
[INFO] [2024-12-15 01:53:01:473] [api.js]: - ControlUserPermissionToken.mjs loading successfully
[INFO] [2024-12-15 01:53:01:474] [api.js]: - DecisionRepetiteAttackRequest.mjs loading successfully
[INFO] [2024-12-15 01:53:01:476] [api.js]: - GetActiveRepetiteAttackRequest.mjs loading successfully
[INFO] [2024-12-15 01:53:01:477] [api.js]: - GetAllServerInfo.mjs loading successfully
[INFO] [2024-12-15 01:53:01:478] [api.js]: - GetBatchHealth.mjs loading successfully
[INFO] [2024-12-15 01:53:01:479] [api.js]: - GetEndpoints.mjs loading successfully
[INFO] [2024-12-15 01:53:01:480] [api.js]: - GetPermissionToken.mjs loading successfully
[INFO] [2024-12-15 01:53:01:481] [api.js]: - GetServerInfo.mjs loading successfully
[INFO] [2024-12-15 01:53:01:482] [api.js]: - GetUserService.mjs loading successfully
[INFO] [2024-12-15 01:53:01:484] [api.js]: - GetUserWithEmail.mjs loading successfully
[INFO] [2024-12-15 01:53:01:485] [api.js]: - GetUserWithUserId.mjs loading successfully
[INFO] [2024-12-15 01:53:01:486] [api.js]: - LoginService.mjs loading successfully
[INFO] [2024-12-15 01:53:01:487] [api.js]: - LogoutService.mjs loading successfully
[INFO] [2024-12-15 01:53:01:488] [api.js]: - SaveApiLog.mjs loading successfully
[INFO] [2024-12-15 01:53:01:488] [api.js]: - SaveRepetiteAttackRequest.mjs loading successfully
[INFO] [2024-12-15 01:53:01:490] [api.js]: - SaveServerInfo.mjs loading successfully
[INFO] [2024-12-15 01:53:01:491] [api.js]: - UpdatePermissionToken.mjs loading successfully
[INFO] [2024-12-15 01:53:01:491] [api.js]: - UpdateRepetiteAttackRequest.mjs loading successfully
[INFO] [2024-12-15 01:53:01:492] [api.js]: - UpdateUserService.mjs loading successfully
[INFO] [2024-12-15 01:53:01:495] [api.js]: - DashboardApi.mjs loading successfully
[INFO] [2024-12-15 01:53:01:496] [api.js]: - GetBatchInfo.mjs loading successfully
[INFO] [2024-12-15 01:53:01:497] [api.js]: - GetPocketLog.mjs loading successfully
[INFO] [2024-12-15 01:53:01:499] [api.js]: - UpdateExchangeRate.mjs loading successfully
[INFO] [2024-12-15 01:53:01:502] [api.js]: - CheckOtpAndAccountActivate.mjs loading successfully
[INFO] [2024-12-15 01:53:01:503] [api.js]: - GetUserWithEmail.mjs loading successfully
[INFO] [2024-12-15 01:53:01:504] [api.js]: - LoginService.mjs loading successfully
[INFO] [2024-12-15 01:53:01:505] [api.js]: - PasswordResetSendOTP.mjs loading successfully
[INFO] [2024-12-15 01:53:01:506] [api.js]: - SaveUserService.mjs loading successfully
[INFO] [2024-12-15 01:53:01:507] [api.js]: - SignUpService.mjs loading successfully
[INFO] [2024-12-15 01:53:01:507] [api.js]: - UpdateUserWithEmail.mjs loading successfully
[INFO] [2024-12-15 01:53:01:510] [api.js]: - GetAccount.mjs loading successfully
[INFO] [2024-12-15 01:53:01:511] [api.js]: - Login.mjs loading successfully
[INFO] [2024-12-15 01:53:01:513] [api.js]: - CheckOTP.mjs loading successfully
[INFO] [2024-12-15 01:53:01:514] [api.js]: - CheckTOKEN.mjs loading successfully
[INFO] [2024-12-15 01:53:01:515] [api.js]: - GenerateOTP.mjs loading successfully
[INFO] [2024-12-15 01:53:01:517] [api.js]: - GetOTP.mjs loading successfully
[INFO] [2024-12-15 01:53:01:518] [api.js]: - GetTOKEN.mjs loading successfully
[INFO] [2024-12-15 01:53:01:519] [api.js]: - ITReportSender.mjs loading successfully
[INFO] [2024-12-15 01:53:01:520] [api.js]: - SaveOTP.mjs loading successfully
[INFO] [2024-12-15 01:53:01:522] [api.js]: - SendEmailActivation.mjs loading successfully
[INFO] [2024-12-15 01:53:01:522] [api.js]: - SendNotificationCode.mjs loading successfully
[INFO] [2024-12-15 01:53:01:523] [api.js]: - SendOTP.mjs loading successfully
[INFO] [2024-12-15 01:53:01:524] [api.js]: - SendResumeMail.mjs loading successfully
[INFO] [2024-12-15 01:53:01:525] [api.js]: - SendResumeMailForSuspicious.mjs loading successfully
[INFO] [2024-12-15 01:53:01:526] [api.js]: - UpdateOTP.mjs loading successfully
[INFO] [2024-12-15 01:53:01:526] [api.js]: - ValidateVerifyEmailToken.mjs loading successfully
[INFO] [2024-12-15 01:53:01:529] [api.js]: - GetBatchJobs.mjs loading successfully
[INFO] [2024-12-15 01:53:01:529] [api.js]: - GetBatchJobWithParameter.mjs loading successfully
[INFO] [2024-12-15 01:53:01:530] [api.js]: - GetSecret.mjs loading successfully
[INFO] [2024-12-15 01:53:01:531] [api.js]: - SaveBatchJobs.mjs loading successfully
[INFO] [2024-12-15 01:53:01:532] [api.js]: - SaveServiceInfo.mjs loading successfully
[INFO] [2024-12-15 01:53:01:533] [api.js]: - UpdateBatchJob.mjs loading successfully
[INFO] [2024-12-15 01:53:01:535] [api.js]: - AnalysisAndReportBatch.mjs loading successfully
[INFO] [2024-12-15 01:53:01:536] [api.js]: - APIQueryResume.mjs loading successfully
[INFO] [2024-12-15 01:53:01:537] [api.js]: - DecisionResumeEntry.mjs loading successfully
[INFO] [2024-12-15 01:53:01:538] [api.js]: - FindIpContext.mjs loading successfully
[INFO] [2024-12-15 01:53:01:539] [api.js]: - GetBatchCounter.mjs loading successfully
[INFO] [2024-12-15 01:53:01:540] [api.js]: - GetCounter.mjs loading successfully
[INFO] [2024-12-15 01:53:01:541] [api.js]: - GetResumeData.mjs loading successfully
[INFO] [2024-12-15 01:53:01:541] [api.js]: - QueryDecisionResume.mjs loading successfully
[INFO] [2024-12-15 01:53:01:542] [api.js]: - SaveDecisionResume.mjs loading successfully
[INFO] [2024-12-15 01:53:01:543] [api.js]: - SaveMail.mjs loading successfully
[INFO] [2024-12-15 01:53:01:543] [api.js]: - SearchMail.mjs loading successfully
[INFO] [2024-12-15 01:53:01:544] [api.js]: - UpdateBatchCounter.mjs loading successfully
[INFO] [2024-12-15 01:53:01:545] [api.js]: - UpdateCounter.mjs loading successfully
[INFO] [2024-12-15 01:53:01:546] [api.js]: - UpdateDecisionResume.mjs loading successfully
[INFO] [2024-12-15 01:53:01:547] [api.js]: - VerifyCaptcha.mjs loading successfully
[INFO] [2024-12-15 01:53:01:550] [api.js]: - CeyrekAltinBatch.mjs loading successfully
[INFO] [2024-12-15 01:53:01:551] [api.js]: - DovizKurlariBatch.mjs loading successfully
[INFO] [2024-12-15 01:53:01:553] [api.js]: - GetCurrencyWithName.mjs loading successfully
[INFO] [2024-12-15 01:53:01:554] [api.js]: - UpdateCurrency.mjs loading successfully
[INFO] [2024-12-15 01:53:01:556] [api.js]: - HtmlTemplateTest.mjs loading successfully
[INFO] [2024-12-15 01:53:01:558] [api.js]: - GenerateToken.mjs loading successfully
[INFO] [2024-12-15 01:53:01:560] [api.js]: - GenerateUniqueID.mjs loading successfully
[INFO] [2024-12-15 01:53:01:561] [api.js]: - IpService.mjs loading successfully
[INFO] [2024-12-15 01:53:01:562] [api.js]:
Success process: 77
Fail process: 0
Total Modules: 12
Total Service: 77
[INFO] [2024-12-15 01:53:01:563] [api.js]:
Module and service static check has been completed successfully.
[INFO] [2024-12-15 01:53:01:664] [PocketService.js]: Trigger : SaveServerInfo
[INFO] [2024-12-15 01:53:01:673] [PocketService.js]: Trigger : GetServerInfo
[INFO] [2024-12-15 01:53:01:741] [unknown]: Server is started on port 3000
[REQUEST] [2024-12-15 01:53:03:736] [api.js]:
                                   [MODULE]       : Admpanel
                                   [SERVICE]      : DashboardApi
                                   [ENDPOINT]     : adm-dashboard-info
                                   [METHOD]       : GET
                                   [X-USER-TOKEN] : 65d78580994151d94460ea1f
                                   [IP]           : ::1
[INFO] [2024-12-15 01:53:03:746] [PocketService.js]: Trigger : ControlUserPermissionToken
[INFO] [2024-12-15 01:53:03:755] [PocketService.js]: Trigger : GetPermissionToken
[INFO] [2024-12-15 01:53:03:772] [PocketService.js]: Trigger : UpdatePermissionToken
[INFO] [2024-12-15 01:53:03:810] [PocketService.js]: Trigger : DashboardApi
[INFO] [2024-12-15 01:53:03:835] [PocketService.js]: Trigger : GetEndpoints
[INFO] [2024-12-15 01:53:03:840] [PocketService.js]: Trigger : GetServerInfo
[INFO] [2024-12-15 01:53:03:847] [PocketService.js]: Trigger : GetAllServerInfo
[INFO] [2024-12-15 01:53:03:858] [PocketService.js]: Trigger : GetBatchHealth
[INFO] [2024-12-15 01:53:03:860] [GetBatchHealth.mjs]: GetBatchhealt servisinde info fırlatıldı
[INFO] [2024-12-15 01:53:03:892] [PocketService.js]: Trigger : GetBatchJobs
[INFO] [2024-12-15 01:53:03:902] [PocketService.js]: Trigger : GetPocketLog
[INFO] [2024-12-15 01:53:47:469] [api.js]: - CheckAbuseipAttacker.mjs loading successfully
[INFO] [2024-12-15 01:53:47:471] [api.js]: - CheckTokenEndpointAuth.mjs loading successfully
[INFO] [2024-12-15 01:53:47:471] [api.js]: - ControlUserPermissionToken.mjs loading successfully
[INFO] [2024-12-15 01:53:47:472] [api.js]: - DecisionRepetiteAttackRequest.mjs loading successfully
[INFO] [2024-12-15 01:53:47:473] [api.js]: - GetActiveRepetiteAttackRequest.mjs loading successfully
[INFO] [2024-12-15 01:53:47:475] [api.js]: - GetAllServerInfo.mjs loading successfully
[INFO] [2024-12-15 01:53:47:475] [api.js]: - GetBatchHealth.mjs loading successfully
[INFO] [2024-12-15 01:53:47:476] [api.js]: - GetEndpoints.mjs loading successfully
[INFO] [2024-12-15 01:53:47:477] [api.js]: - GetPermissionToken.mjs loading successfully
[INFO] [2024-12-15 01:53:47:478] [api.js]: - GetServerInfo.mjs loading successfully
[INFO] [2024-12-15 01:53:47:479] [api.js]: - GetUserService.mjs loading successfully
[INFO] [2024-12-15 01:53:47:480] [api.js]: - GetUserWithEmail.mjs loading successfully
[INFO] [2024-12-15 01:53:47:481] [api.js]: - GetUserWithUserId.mjs loading successfully
[INFO] [2024-12-15 01:53:47:482] [api.js]: - LoginService.mjs loading successfully
[INFO] [2024-12-15 01:53:47:483] [api.js]: - LogoutService.mjs loading successfully
[INFO] [2024-12-15 01:53:47:484] [api.js]: - SaveApiLog.mjs loading successfully
[INFO] [2024-12-15 01:53:47:485] [api.js]: - SaveRepetiteAttackRequest.mjs loading successfully
[INFO] [2024-12-15 01:53:47:486] [api.js]: - SaveServerInfo.mjs loading successfully
[INFO] [2024-12-15 01:53:47:487] [api.js]: - UpdatePermissionToken.mjs loading successfully
[INFO] [2024-12-15 01:53:47:488] [api.js]: - UpdateRepetiteAttackRequest.mjs loading successfully
[INFO] [2024-12-15 01:53:47:489] [api.js]: - UpdateUserService.mjs loading successfully
[INFO] [2024-12-15 01:53:47:491] [api.js]: - DashboardApi.mjs loading successfully
[INFO] [2024-12-15 01:53:47:492] [api.js]: - GetBatchInfo.mjs loading successfully
[INFO] [2024-12-15 01:53:47:493] [api.js]: - GetPocketLog.mjs loading successfully
[INFO] [2024-12-15 01:53:47:496] [api.js]: - UpdateExchangeRate.mjs loading successfully
[INFO] [2024-12-15 01:53:47:498] [api.js]: - CheckOtpAndAccountActivate.mjs loading successfully
[INFO] [2024-12-15 01:53:47:499] [api.js]: - GetUserWithEmail.mjs loading successfully
[INFO] [2024-12-15 01:53:47:499] [api.js]: - LoginService.mjs loading successfully
[INFO] [2024-12-15 01:53:47:500] [api.js]: - PasswordResetSendOTP.mjs loading successfully
[INFO] [2024-12-15 01:53:47:501] [api.js]: - SaveUserService.mjs loading successfully
[INFO] [2024-12-15 01:53:47:502] [api.js]: - SignUpService.mjs loading successfully
[INFO] [2024-12-15 01:53:47:503] [api.js]: - UpdateUserWithEmail.mjs loading successfully
[INFO] [2024-12-15 01:53:47:505] [api.js]: - GetAccount.mjs loading successfully
[INFO] [2024-12-15 01:53:47:506] [api.js]: - Login.mjs loading successfully
[INFO] [2024-12-15 01:53:47:508] [api.js]: - CheckOTP.mjs loading successfully
[INFO] [2024-12-15 01:53:47:509] [api.js]: - CheckTOKEN.mjs loading successfully
[INFO] [2024-12-15 01:53:47:510] [api.js]: - GenerateOTP.mjs loading successfully
[INFO] [2024-12-15 01:53:47:511] [api.js]: - GetOTP.mjs loading successfully
[INFO] [2024-12-15 01:53:47:512] [api.js]: - GetTOKEN.mjs loading successfully
[INFO] [2024-12-15 01:53:47:513] [api.js]: - ITReportSender.mjs loading successfully
[INFO] [2024-12-15 01:53:47:514] [api.js]: - SaveOTP.mjs loading successfully
[INFO] [2024-12-15 01:53:47:514] [api.js]: - SendEmailActivation.mjs loading successfully
[INFO] [2024-12-15 01:53:47:515] [api.js]: - SendNotificationCode.mjs loading successfully
[INFO] [2024-12-15 01:53:47:516] [api.js]: - SendOTP.mjs loading successfully
[INFO] [2024-12-15 01:53:47:517] [api.js]: - SendResumeMail.mjs loading successfully
[INFO] [2024-12-15 01:53:47:518] [api.js]: - SendResumeMailForSuspicious.mjs loading successfully
[INFO] [2024-12-15 01:53:47:519] [api.js]: - UpdateOTP.mjs loading successfully
[INFO] [2024-12-15 01:53:47:519] [api.js]: - ValidateVerifyEmailToken.mjs loading successfully
[INFO] [2024-12-15 01:53:47:522] [api.js]: - GetBatchJobs.mjs loading successfully
[INFO] [2024-12-15 01:53:47:522] [api.js]: - GetBatchJobWithParameter.mjs loading successfully
[INFO] [2024-12-15 01:53:47:523] [api.js]: - GetSecret.mjs loading successfully
[INFO] [2024-12-15 01:53:47:524] [api.js]: - SaveBatchJobs.mjs loading successfully
[INFO] [2024-12-15 01:53:47:525] [api.js]: - SaveServiceInfo.mjs loading successfully
[INFO] [2024-12-15 01:53:47:525] [api.js]: - UpdateBatchJob.mjs loading successfully
[INFO] [2024-12-15 01:53:47:528] [api.js]: - AnalysisAndReportBatch.mjs loading successfully
[INFO] [2024-12-15 01:53:47:529] [api.js]: - APIQueryResume.mjs loading successfully
[INFO] [2024-12-15 01:53:47:530] [api.js]: - DecisionResumeEntry.mjs loading successfully
[INFO] [2024-12-15 01:53:47:531] [api.js]: - FindIpContext.mjs loading successfully
[INFO] [2024-12-15 01:53:47:532] [api.js]: - GetBatchCounter.mjs loading successfully
[INFO] [2024-12-15 01:53:47:533] [api.js]: - GetCounter.mjs loading successfully
[INFO] [2024-12-15 01:53:47:534] [api.js]: - GetResumeData.mjs loading successfully
[INFO] [2024-12-15 01:53:47:535] [api.js]: - QueryDecisionResume.mjs loading successfully
[INFO] [2024-12-15 01:53:47:536] [api.js]: - SaveDecisionResume.mjs loading successfully
[INFO] [2024-12-15 01:53:47:537] [api.js]: - SaveMail.mjs loading successfully
[INFO] [2024-12-15 01:53:47:538] [api.js]: - SearchMail.mjs loading successfully
[INFO] [2024-12-15 01:53:47:539] [api.js]: - UpdateBatchCounter.mjs loading successfully
[INFO] [2024-12-15 01:53:47:540] [api.js]: - UpdateCounter.mjs loading successfully
[INFO] [2024-12-15 01:53:47:540] [api.js]: - UpdateDecisionResume.mjs loading successfully
[INFO] [2024-12-15 01:53:47:541] [api.js]: - VerifyCaptcha.mjs loading successfully
[INFO] [2024-12-15 01:53:47:543] [api.js]: - CeyrekAltinBatch.mjs loading successfully
[INFO] [2024-12-15 01:53:47:544] [api.js]: - DovizKurlariBatch.mjs loading successfully
[INFO] [2024-12-15 01:53:47:545] [api.js]: - GetCurrencyWithName.mjs loading successfully
[INFO] [2024-12-15 01:53:47:546] [api.js]: - UpdateCurrency.mjs loading successfully
[INFO] [2024-12-15 01:53:47:548] [api.js]: - HtmlTemplateTest.mjs loading successfully
[INFO] [2024-12-15 01:53:47:552] [api.js]: - GenerateToken.mjs loading successfully
[INFO] [2024-12-15 01:53:47:554] [api.js]: - GenerateUniqueID.mjs loading successfully
[INFO] [2024-12-15 01:53:47:555] [api.js]: - IpService.mjs loading successfully
[INFO] [2024-12-15 01:53:47:556] [api.js]:
Success process: 77
Fail process: 0
Total Modules: 12
Total Service: 77
[INFO] [2024-12-15 01:53:47:557] [api.js]:
Module and service static check has been completed successfully.
[INFO] [2024-12-15 01:53:47:649] [PocketService.js]: Trigger : SaveServerInfo
[INFO] [2024-12-15 01:53:47:656] [PocketService.js]: Trigger : GetServerInfo
[INFO] [2024-12-15 01:53:47:732] [unknown]: Server is started on port 3000
[REQUEST] [2024-12-15 01:53:49:962] [api.js]:
                                   [MODULE]       : Admpanel
                                   [SERVICE]      : DashboardApi
                                   [ENDPOINT]     : adm-dashboard-info
                                   [METHOD]       : GET
                                   [X-USER-TOKEN] : 65d78580994151d94460ea1f
                                   [IP]           : ::1
[INFO] [2024-12-15 01:53:49:970] [PocketService.js]: Trigger : ControlUserPermissionToken
[INFO] [2024-12-15 01:53:49:976] [PocketService.js]: Trigger : GetPermissionToken
[INFO] [2024-12-15 01:53:49:994] [PocketService.js]: Trigger : UpdatePermissionToken
[INFO] [2024-12-15 01:53:50:030] [PocketService.js]: Trigger : DashboardApi
[INFO] [2024-12-15 01:53:50:052] [PocketService.js]: Trigger : GetEndpoints
[INFO] [2024-12-15 01:53:50:056] [PocketService.js]: Trigger : GetServerInfo
[INFO] [2024-12-15 01:53:50:067] [PocketService.js]: Trigger : GetAllServerInfo
[INFO] [2024-12-15 01:53:50:079] [PocketService.js]: Trigger : GetBatchHealth
[INFO] [2024-12-15 01:53:50:081] [GetBatchHealth.mjs]: GetBatchhealt servisinde info fırlatıldı
[INFO] [2024-12-15 01:53:50:126] [PocketService.js]: Trigger : GetBatchJobs
[INFO] [2024-12-15 01:53:50:147] [PocketService.js]: Trigger : GetPocketLog
[INFO] [2024-12-15 01:53:56:017] [DashboardApi.mjs]: Dashboard response:
[INFO] [2024-12-15 01:53:56:019] [DashboardApi.mjs]: [object Object]
[INFO] [2024-12-15 01:53:56:041] [PocketService.js]: Trigger : SaveApiLog
[REQUEST] [2024-12-15 01:54:02:962] [api.js]:
                                   [MODULE]       : Admpanel
                                   [SERVICE]      : DashboardApi
                                   [ENDPOINT]     : adm-dashboard-info
                                   [METHOD]       : GET
                                   [X-USER-TOKEN] : 65d78580994151d94460ea1f
                                   [IP]           : ::1
[INFO] [2024-12-15 01:54:02:964] [PocketService.js]: Trigger : ControlUserPermissionToken
[INFO] [2024-12-15 01:54:02:966] [PocketService.js]: Trigger : GetPermissionToken
[INFO] [2024-12-15 01:54:02:974] [PocketService.js]: Trigger : UpdatePermissionToken
[INFO] [2024-12-15 01:54:02:986] [PocketService.js]: Trigger : DashboardApi
[INFO] [2024-12-15 01:54:02:993] [PocketService.js]: Trigger : GetEndpoints
[INFO] [2024-12-15 01:54:02:996] [PocketService.js]: Trigger : GetBatchJobs
[INFO] [2024-12-15 01:54:02:998] [PocketService.js]: Trigger : GetAllServerInfo
[INFO] [2024-12-15 01:54:03:000] [PocketService.js]: Trigger : GetBatchHealth
[INFO] [2024-12-15 01:54:03:001] [GetBatchHealth.mjs]: GetBatchhealt servisinde info fırlatıldı
[INFO] [2024-12-15 01:54:03:004] [PocketService.js]: Trigger : GetPocketLog
[INFO] [2024-12-15 01:54:03:006] [PocketService.js]: Trigger : GetServerInfo
[INFO] [2024-12-15 01:54:03:142] [DashboardApi.mjs]: Dashboard response:
[INFO] [2024-12-15 01:54:03:144] [DashboardApi.mjs]: [object Object]
[INFO] [2024-12-15 01:54:03:162] [PocketService.js]: Trigger : SaveApiLog
[REQUEST] [2024-12-15 01:54:05:847] [api.js]:
                                   [MODULE]       : Admpanel
                                   [SERVICE]      : DashboardApi
                                   [ENDPOINT]     : adm-dashboard-info
                                   [METHOD]       : GET
                                   [X-USER-TOKEN] : 65d78580994151d94460ea1f
                                   [IP]           : ::1
[INFO] [2024-12-15 01:54:05:852] [PocketService.js]: Trigger : ControlUserPermissionToken
[INFO] [2024-12-15 01:54:05:855] [PocketService.js]: Trigger : GetPermissionToken
[INFO] [2024-12-15 01:54:05:867] [PocketService.js]: Trigger : UpdatePermissionToken
[INFO] [2024-12-15 01:54:05:883] [PocketService.js]: Trigger : DashboardApi
[INFO] [2024-12-15 01:54:05:890] [PocketService.js]: Trigger : GetEndpoints
[INFO] [2024-12-15 01:54:05:892] [PocketService.js]: Trigger : GetBatchJobs
[INFO] [2024-12-15 01:54:05:896] [PocketService.js]: Trigger : GetAllServerInfo
[INFO] [2024-12-15 01:54:05:898] [PocketService.js]: Trigger : GetBatchHealth
[INFO] [2024-12-15 01:54:05:899] [GetBatchHealth.mjs]: GetBatchhealt servisinde info fırlatıldı
[INFO] [2024-12-15 01:54:05:902] [PocketService.js]: Trigger : GetPocketLog
[INFO] [2024-12-15 01:54:05:904] [PocketService.js]: Trigger : GetServerInfo
[INFO] [2024-12-15 01:54:06:051] [DashboardApi.mjs]: Dashboard response:
[INFO] [2024-12-15 01:54:06:052] [DashboardApi.mjs]: [object Object]
[INFO] [2024-12-15 01:54:06:069] [PocketService.js]: Trigger : SaveApiLog
[REQUEST] [2024-12-15 01:54:08:027] [api.js]:
                                   [MODULE]       : Admpanel
                                   [SERVICE]      : DashboardApi
                                   [ENDPOINT]     : adm-dashboard-info
                                   [METHOD]       : GET
                                   [X-USER-TOKEN] : 65d78580994151d94460ea1f
                                   [IP]           : ::1
[INFO] [2024-12-15 01:54:08:030] [PocketService.js]: Trigger : ControlUserPermissionToken
[INFO] [2024-12-15 01:54:08:032] [PocketService.js]: Trigger : GetPermissionToken
[INFO] [2024-12-15 01:54:08:040] [PocketService.js]: Trigger : UpdatePermissionToken
[INFO] [2024-12-15 01:54:08:052] [PocketService.js]: Trigger : DashboardApi
[INFO] [2024-12-15 01:54:08:058] [PocketService.js]: Trigger : GetEndpoints
[INFO] [2024-12-15 01:54:08:059] [PocketService.js]: Trigger : GetBatchJobs
[INFO] [2024-12-15 01:54:08:062] [PocketService.js]: Trigger : GetAllServerInfo
[INFO] [2024-12-15 01:54:08:064] [PocketService.js]: Trigger : GetBatchHealth
[INFO] [2024-12-15 01:54:08:065] [GetBatchHealth.mjs]: GetBatchhealt servisinde info fırlatıldı
[INFO] [2024-12-15 01:54:08:067] [PocketService.js]: Trigger : GetPocketLog
[INFO] [2024-12-15 01:54:08:069] [PocketService.js]: Trigger : GetServerInfo
[INFO] [2024-12-15 01:54:08:210] [DashboardApi.mjs]: Dashboard response:
[INFO] [2024-12-15 01:54:08:214] [DashboardApi.mjs]: [object Object]
[INFO] [2024-12-15 01:54:08:234] [PocketService.js]: Trigger : SaveApiLog
[REQUEST] [2024-12-15 01:54:09:993] [api.js]:
                                   [MODULE]       : Admpanel
                                   [SERVICE]      : DashboardApi
                                   [ENDPOINT]     : adm-dashboard-info
                                   [METHOD]       : GET
                                   [X-USER-TOKEN] : 65d78580994151d94460ea1f
                                   [IP]           : ::1
[INFO] [2024-12-15 01:54:09:997] [PocketService.js]: Trigger : ControlUserPermissionToken
[INFO] [2024-12-15 01:54:10:000] [PocketService.js]: Trigger : GetPermissionToken
[INFO] [2024-12-15 01:54:10:014] [PocketService.js]: Trigger : UpdatePermissionToken
[INFO] [2024-12-15 01:54:10:033] [PocketService.js]: Trigger : DashboardApi
[INFO] [2024-12-15 01:54:10:039] [PocketService.js]: Trigger : GetEndpoints
[INFO] [2024-12-15 01:54:10:040] [PocketService.js]: Trigger : GetBatchJobs
[INFO] [2024-12-15 01:54:10:044] [PocketService.js]: Trigger : GetAllServerInfo
[INFO] [2024-12-15 01:54:10:046] [PocketService.js]: Trigger : GetBatchHealth
[INFO] [2024-12-15 01:54:10:047] [GetBatchHealth.mjs]: GetBatchhealt servisinde info fırlatıldı
[INFO] [2024-12-15 01:54:10:049] [PocketService.js]: Trigger : GetPocketLog
[INFO] [2024-12-15 01:54:10:051] [PocketService.js]: Trigger : GetServerInfo
[INFO] [2024-12-15 01:54:10:196] [DashboardApi.mjs]: Dashboard response:
[INFO] [2024-12-15 01:54:10:197] [DashboardApi.mjs]: [object Object]
[INFO] [2024-12-15 01:54:10:212] [PocketService.js]: Trigger : SaveApiLog
[INFO] [2024-12-15 01:54:58:674] [api.js]: - CheckAbuseipAttacker.mjs loading successfully
[INFO] [2024-12-15 01:54:58:677] [api.js]: - CheckTokenEndpointAuth.mjs loading successfully
[INFO] [2024-12-15 01:54:58:678] [api.js]: - ControlUserPermissionToken.mjs loading successfully
[INFO] [2024-12-15 01:54:58:679] [api.js]: - DecisionRepetiteAttackRequest.mjs loading successfully
[INFO] [2024-12-15 01:54:58:679] [api.js]: - GetActiveRepetiteAttackRequest.mjs loading successfully
[INFO] [2024-12-15 01:54:58:682] [api.js]: - GetAllServerInfo.mjs loading successfully
[INFO] [2024-12-15 01:54:58:683] [api.js]: - GetBatchHealth.mjs loading successfully
[INFO] [2024-12-15 01:54:58:684] [api.js]: - GetEndpoints.mjs loading successfully
[INFO] [2024-12-15 01:54:58:686] [api.js]: - GetPermissionToken.mjs loading successfully
[INFO] [2024-12-15 01:54:58:687] [api.js]: - GetServerInfo.mjs loading successfully
[INFO] [2024-12-15 01:54:58:688] [api.js]: - GetUserService.mjs loading successfully
[INFO] [2024-12-15 01:54:58:689] [api.js]: - GetUserWithEmail.mjs loading successfully
[INFO] [2024-12-15 01:54:58:690] [api.js]: - GetUserWithUserId.mjs loading successfully
[INFO] [2024-12-15 01:54:58:693] [api.js]: - LoginService.mjs loading successfully
[INFO] [2024-12-15 01:54:58:694] [api.js]: - LogoutService.mjs loading successfully
[INFO] [2024-12-15 01:54:58:695] [api.js]: - SaveApiLog.mjs loading successfully
[INFO] [2024-12-15 01:54:58:696] [api.js]: - SaveRepetiteAttackRequest.mjs loading successfully
[INFO] [2024-12-15 01:54:58:698] [api.js]: - SaveServerInfo.mjs loading successfully
[INFO] [2024-12-15 01:54:58:699] [api.js]: - UpdatePermissionToken.mjs loading successfully
[INFO] [2024-12-15 01:54:58:701] [api.js]: - UpdateRepetiteAttackRequest.mjs loading successfully
[INFO] [2024-12-15 01:54:58:702] [api.js]: - UpdateUserService.mjs loading successfully
[INFO] [2024-12-15 01:54:58:705] [api.js]: - DashboardApi.mjs loading successfully
[INFO] [2024-12-15 01:54:58:706] [api.js]: - GetBatchInfo.mjs loading successfully
[INFO] [2024-12-15 01:54:58:708] [api.js]: - GetPocketLog.mjs loading successfully
[INFO] [2024-12-15 01:54:58:711] [api.js]: - UpdateExchangeRate.mjs loading successfully
[INFO] [2024-12-15 01:54:58:713] [api.js]: - CheckOtpAndAccountActivate.mjs loading successfully
[INFO] [2024-12-15 01:54:58:714] [api.js]: - GetUserWithEmail.mjs loading successfully
[INFO] [2024-12-15 01:54:58:716] [api.js]: - LoginService.mjs loading successfully
[INFO] [2024-12-15 01:54:58:717] [api.js]: - PasswordResetSendOTP.mjs loading successfully
[INFO] [2024-12-15 01:54:58:718] [api.js]: - SaveUserService.mjs loading successfully
[INFO] [2024-12-15 01:54:58:719] [api.js]: - SignUpService.mjs loading successfully
[INFO] [2024-12-15 01:54:58:720] [api.js]: - UpdateUserWithEmail.mjs loading successfully
[INFO] [2024-12-15 01:54:58:723] [api.js]: - GetAccount.mjs loading successfully
[INFO] [2024-12-15 01:54:58:724] [api.js]: - Login.mjs loading successfully
[INFO] [2024-12-15 01:54:58:727] [api.js]: - CheckOTP.mjs loading successfully
[INFO] [2024-12-15 01:54:58:728] [api.js]: - CheckTOKEN.mjs loading successfully
[INFO] [2024-12-15 01:54:58:729] [api.js]: - GenerateOTP.mjs loading successfully
[INFO] [2024-12-15 01:54:58:730] [api.js]: - GetOTP.mjs loading successfully
[INFO] [2024-12-15 01:54:58:733] [api.js]: - GetTOKEN.mjs loading successfully
[INFO] [2024-12-15 01:54:58:734] [api.js]: - ITReportSender.mjs loading successfully
[INFO] [2024-12-15 01:54:58:735] [api.js]: - SaveOTP.mjs loading successfully
[INFO] [2024-12-15 01:54:58:736] [api.js]: - SendEmailActivation.mjs loading successfully
[INFO] [2024-12-15 01:54:58:737] [api.js]: - SendNotificationCode.mjs loading successfully
[INFO] [2024-12-15 01:54:58:738] [api.js]: - SendOTP.mjs loading successfully
[INFO] [2024-12-15 01:54:58:739] [api.js]: - SendResumeMail.mjs loading successfully
[INFO] [2024-12-15 01:54:58:741] [api.js]: - SendResumeMailForSuspicious.mjs loading successfully
[INFO] [2024-12-15 01:54:58:742] [api.js]: - UpdateOTP.mjs loading successfully
[INFO] [2024-12-15 01:54:58:742] [api.js]: - ValidateVerifyEmailToken.mjs loading successfully
[INFO] [2024-12-15 01:54:58:746] [api.js]: - GetBatchJobs.mjs loading successfully
[INFO] [2024-12-15 01:54:58:749] [api.js]: - GetBatchJobWithParameter.mjs loading successfully
[INFO] [2024-12-15 01:54:58:751] [api.js]: - GetSecret.mjs loading successfully
[INFO] [2024-12-15 01:54:58:752] [api.js]: - SaveBatchJobs.mjs loading successfully
[INFO] [2024-12-15 01:54:58:753] [api.js]: - SaveServiceInfo.mjs loading successfully
[INFO] [2024-12-15 01:54:58:754] [api.js]: - UpdateBatchJob.mjs loading successfully
[INFO] [2024-12-15 01:54:58:756] [api.js]: - AnalysisAndReportBatch.mjs loading successfully
[INFO] [2024-12-15 01:54:58:757] [api.js]: - APIQueryResume.mjs loading successfully
[INFO] [2024-12-15 01:54:58:758] [api.js]: - DecisionResumeEntry.mjs loading successfully
[INFO] [2024-12-15 01:54:58:759] [api.js]: - FindIpContext.mjs loading successfully
[INFO] [2024-12-15 01:54:58:760] [api.js]: - GetBatchCounter.mjs loading successfully
[INFO] [2024-12-15 01:54:58:762] [api.js]: - GetCounter.mjs loading successfully
[INFO] [2024-12-15 01:54:58:763] [api.js]: - GetResumeData.mjs loading successfully
[INFO] [2024-12-15 01:54:58:766] [api.js]: - QueryDecisionResume.mjs loading successfully
[INFO] [2024-12-15 01:54:58:768] [api.js]: - SaveDecisionResume.mjs loading successfully
[INFO] [2024-12-15 01:54:58:769] [api.js]: - SaveMail.mjs loading successfully
[INFO] [2024-12-15 01:54:58:771] [api.js]: - SearchMail.mjs loading successfully
[INFO] [2024-12-15 01:54:58:772] [api.js]: - UpdateBatchCounter.mjs loading successfully
[INFO] [2024-12-15 01:54:58:773] [api.js]: - UpdateCounter.mjs loading successfully
[INFO] [2024-12-15 01:54:58:774] [api.js]: - UpdateDecisionResume.mjs loading successfully
[INFO] [2024-12-15 01:54:58:775] [api.js]: - VerifyCaptcha.mjs loading successfully
[INFO] [2024-12-15 01:54:58:777] [api.js]: - CeyrekAltinBatch.mjs loading successfully
[INFO] [2024-12-15 01:54:58:778] [api.js]: - DovizKurlariBatch.mjs loading successfully
[INFO] [2024-12-15 01:54:58:781] [api.js]: - GetCurrencyWithName.mjs loading successfully
[INFO] [2024-12-15 01:54:58:786] [api.js]: - UpdateCurrency.mjs loading successfully
[INFO] [2024-12-15 01:54:58:789] [api.js]: - HtmlTemplateTest.mjs loading successfully
[INFO] [2024-12-15 01:54:58:792] [api.js]: - GenerateToken.mjs loading successfully
[INFO] [2024-12-15 01:54:58:794] [api.js]: - GenerateUniqueID.mjs loading successfully
[INFO] [2024-12-15 01:54:58:795] [api.js]: - IpService.mjs loading successfully
[INFO] [2024-12-15 01:54:58:802] [api.js]:
Success process: 77
Fail process: 0
Total Modules: 12
Total Service: 77
[INFO] [2024-12-15 01:54:58:804] [api.js]:
Module and service static check has been completed successfully.
[INFO] [2024-12-15 01:54:58:937] [PocketService.js]: Trigger : SaveServerInfo
[INFO] [2024-12-15 01:54:58:944] [PocketService.js]: Trigger : GetServerInfo
[INFO] [2024-12-15 01:54:59:015] [unknown]: Server is started on port 3000
[REQUEST] [2024-12-15 01:55:02:103] [api.js]:
                                   [MODULE]       : Admpanel
                                   [SERVICE]      : DashboardApi
                                   [ENDPOINT]     : adm-dashboard-info
                                   [METHOD]       : GET
                                   [X-USER-TOKEN] : 65d78580994151d94460ea1f
                                   [IP]           : ::1
[INFO] [2024-12-15 01:55:02:110] [PocketService.js]: Trigger : ControlUserPermissionToken
[INFO] [2024-12-15 01:55:02:117] [PocketService.js]: Trigger : GetPermissionToken
[INFO] [2024-12-15 01:55:02:132] [PocketService.js]: Trigger : UpdatePermissionToken
[INFO] [2024-12-15 01:55:02:160] [PocketService.js]: Trigger : DashboardApi
[INFO] [2024-12-15 01:55:02:169] [PocketService.js]: Trigger : GetEndpoints
[INFO] [2024-12-15 01:55:02:174] [PocketService.js]: Trigger : GetServerInfo
[INFO] [2024-12-15 01:55:02:211] [PocketService.js]: Trigger : GetBatchJobs
[INFO] [2024-12-15 01:55:02:231] [PocketService.js]: Trigger : GetAllServerInfo
[INFO] [2024-12-15 01:55:02:382] [PocketService.js]: Trigger : GetBatchHealth
[INFO] [2024-12-15 01:55:02:385] [GetBatchHealth.mjs]: GetBatchhealt servisinde info fırlatıldı
[INFO] [2024-12-15 01:55:02:409] [PocketService.js]: Trigger : GetPocketLog
[INFO] [2024-12-15 01:55:02:453] [DashboardApi.mjs]: Dashboard response:
[INFO] [2024-12-15 01:55:02:454] [DashboardApi.mjs]: [object Object]
[INFO] [2024-12-15 01:55:02:477] [PocketService.js]: Trigger : SaveApiLog
[REQUEST] [2024-12-15 01:55:04:960] [api.js]:
                                   [MODULE]       : Admpanel
                                   [SERVICE]      : DashboardApi
                                   [ENDPOINT]     : adm-dashboard-info
                                   [METHOD]       : GET
                                   [X-USER-TOKEN] : 65d78580994151d94460ea1f
                                   [IP]           : ::1
[INFO] [2024-12-15 01:55:04:964] [PocketService.js]: Trigger : ControlUserPermissionToken
[INFO] [2024-12-15 01:55:04:966] [PocketService.js]: Trigger : GetPermissionToken
[INFO] [2024-12-15 01:55:04:975] [PocketService.js]: Trigger : UpdatePermissionToken
[INFO] [2024-12-15 01:55:04:992] [PocketService.js]: Trigger : DashboardApi
[INFO] [2024-12-15 01:55:04:994] [PocketService.js]: Trigger : GetEndpoints
[INFO] [2024-12-15 01:55:04:997] [PocketService.js]: Trigger : GetServerInfo
[INFO] [2024-12-15 01:55:05:013] [PocketService.js]: Trigger : GetBatchJobs
[INFO] [2024-12-15 01:55:05:026] [PocketService.js]: Trigger : GetAllServerInfo
[INFO] [2024-12-15 01:55:05:133] [PocketService.js]: Trigger : GetBatchHealth
[INFO] [2024-12-15 01:55:05:135] [GetBatchHealth.mjs]: GetBatchhealt servisinde info fırlatıldı
[INFO] [2024-12-15 01:55:05:148] [PocketService.js]: Trigger : GetPocketLog
[INFO] [2024-12-15 01:55:05:186] [DashboardApi.mjs]: Dashboard response:
[INFO] [2024-12-15 01:55:05:187] [DashboardApi.mjs]: [object Object]
[INFO] [2024-12-15 01:55:05:208] [PocketService.js]: Trigger : SaveApiLog
[REQUEST] [2024-12-15 01:55:07:727] [api.js]:
                                   [MODULE]       : Admpanel
                                   [SERVICE]      : DashboardApi
                                   [ENDPOINT]     : adm-dashboard-info
                                   [METHOD]       : GET
                                   [X-USER-TOKEN] : 65d78580994151d94460ea1f
                                   [IP]           : ::1
[INFO] [2024-12-15 01:55:07:731] [PocketService.js]: Trigger : ControlUserPermissionToken
[INFO] [2024-12-15 01:55:07:734] [PocketService.js]: Trigger : GetPermissionToken
[INFO] [2024-12-15 01:55:07:744] [PocketService.js]: Trigger : UpdatePermissionToken
[INFO] [2024-12-15 01:55:07:756] [PocketService.js]: Trigger : DashboardApi
[INFO] [2024-12-15 01:55:07:758] [PocketService.js]: Trigger : GetEndpoints
[INFO] [2024-12-15 01:55:07:760] [PocketService.js]: Trigger : GetServerInfo
[INFO] [2024-12-15 01:55:07:773] [PocketService.js]: Trigger : GetBatchJobs
[INFO] [2024-12-15 01:55:07:782] [PocketService.js]: Trigger : GetAllServerInfo
[INFO] [2024-12-15 01:55:07:889] [PocketService.js]: Trigger : GetBatchHealth
[INFO] [2024-12-15 01:55:07:890] [GetBatchHealth.mjs]: GetBatchhealt servisinde info fırlatıldı
[INFO] [2024-12-15 01:55:07:901] [PocketService.js]: Trigger : GetPocketLog
[INFO] [2024-12-15 01:55:07:941] [DashboardApi.mjs]: Dashboard response:
[INFO] [2024-12-15 01:55:07:942] [DashboardApi.mjs]: [object Object]
[INFO] [2024-12-15 01:55:07:963] [PocketService.js]: Trigger : SaveApiLog
[REQUEST] [2024-12-15 01:55:09:594] [api.js]:
                                   [MODULE]       : Admpanel
                                   [SERVICE]      : DashboardApi
                                   [ENDPOINT]     : adm-dashboard-info
                                   [METHOD]       : GET
                                   [X-USER-TOKEN] : 65d78580994151d94460ea1f
                                   [IP]           : ::1
[INFO] [2024-12-15 01:55:09:597] [PocketService.js]: Trigger : ControlUserPermissionToken
[INFO] [2024-12-15 01:55:09:600] [PocketService.js]: Trigger : GetPermissionToken
[INFO] [2024-12-15 01:55:09:609] [PocketService.js]: Trigger : UpdatePermissionToken
[INFO] [2024-12-15 01:55:09:623] [PocketService.js]: Trigger : DashboardApi
[INFO] [2024-12-15 01:55:09:625] [PocketService.js]: Trigger : GetEndpoints
[INFO] [2024-12-15 01:55:09:627] [PocketService.js]: Trigger : GetServerInfo
[INFO] [2024-12-15 01:55:09:645] [PocketService.js]: Trigger : GetBatchJobs
[INFO] [2024-12-15 01:55:09:657] [PocketService.js]: Trigger : GetAllServerInfo
[INFO] [2024-12-15 01:55:09:754] [PocketService.js]: Trigger : GetBatchHealth
[INFO] [2024-12-15 01:55:09:755] [GetBatchHealth.mjs]: GetBatchhealt servisinde info fırlatıldı
[INFO] [2024-12-15 01:55:09:766] [PocketService.js]: Trigger : GetPocketLog
[INFO] [2024-12-15 01:55:09:802] [DashboardApi.mjs]: Dashboard response:
[INFO] [2024-12-15 01:55:09:803] [DashboardApi.mjs]: [object Object]
[INFO] [2024-12-15 01:55:09:822] [PocketService.js]: Trigger : SaveApiLog
[REQUEST] [2024-12-15 01:55:13:456] [api.js]:
                                   [MODULE]       : Admpanel
                                   [SERVICE]      : DashboardApi
                                   [ENDPOINT]     : adm-dashboard-info
                                   [METHOD]       : GET
                                   [X-USER-TOKEN] : 65d78580994151d94460ea1f
                                   [IP]           : ::1
[INFO] [2024-12-15 01:55:13:462] [PocketService.js]: Trigger : ControlUserPermissionToken
[INFO] [2024-12-15 01:55:13:465] [PocketService.js]: Trigger : GetPermissionToken
[INFO] [2024-12-15 01:55:13:475] [PocketService.js]: Trigger : UpdatePermissionToken
[INFO] [2024-12-15 01:55:13:491] [PocketService.js]: Trigger : DashboardApi
[INFO] [2024-12-15 01:55:13:493] [PocketService.js]: Trigger : GetEndpoints
[INFO] [2024-12-15 01:55:13:496] [PocketService.js]: Trigger : GetServerInfo
[INFO] [2024-12-15 01:55:13:509] [PocketService.js]: Trigger : GetBatchJobs
[INFO] [2024-12-15 01:55:13:519] [PocketService.js]: Trigger : GetAllServerInfo
[INFO] [2024-12-15 01:55:13:627] [PocketService.js]: Trigger : GetBatchHealth
[INFO] [2024-12-15 01:55:13:628] [GetBatchHealth.mjs]: GetBatchhealt servisinde info fırlatıldı
[INFO] [2024-12-15 01:55:13:638] [PocketService.js]: Trigger : GetPocketLog
[INFO] [2024-12-15 01:55:13:675] [DashboardApi.mjs]: Dashboard response:
[INFO] [2024-12-15 01:55:13:677] [DashboardApi.mjs]: [object Object]
[INFO] [2024-12-15 01:55:13:693] [PocketService.js]: Trigger : SaveApiLog
[REQUEST] [2024-12-15 01:55:15:334] [api.js]:
                                   [MODULE]       : Admpanel
                                   [SERVICE]      : DashboardApi
                                   [ENDPOINT]     : adm-dashboard-info
                                   [METHOD]       : GET
                                   [X-USER-TOKEN] : 65d78580994151d94460ea1f
                                   [IP]           : ::1
[INFO] [2024-12-15 01:55:15:343] [PocketService.js]: Trigger : ControlUserPermissionToken
[INFO] [2024-12-15 01:55:15:348] [PocketService.js]: Trigger : GetPermissionToken
[INFO] [2024-12-15 01:55:15:361] [PocketService.js]: Trigger : UpdatePermissionToken
[INFO] [2024-12-15 01:55:15:374] [PocketService.js]: Trigger : DashboardApi
[INFO] [2024-12-15 01:55:15:376] [PocketService.js]: Trigger : GetEndpoints
[INFO] [2024-12-15 01:55:15:378] [PocketService.js]: Trigger : GetServerInfo
[INFO] [2024-12-15 01:55:15:392] [PocketService.js]: Trigger : GetBatchJobs
[INFO] [2024-12-15 01:55:15:402] [PocketService.js]: Trigger : GetAllServerInfo
[INFO] [2024-12-15 01:55:15:494] [PocketService.js]: Trigger : GetBatchHealth
[INFO] [2024-12-15 01:55:15:496] [GetBatchHealth.mjs]: GetBatchhealt servisinde info fırlatıldı
[INFO] [2024-12-15 01:55:15:506] [PocketService.js]: Trigger : GetPocketLog
[INFO] [2024-12-15 01:55:15:541] [DashboardApi.mjs]: Dashboard response:
[INFO] [2024-12-15 01:55:15:542] [DashboardApi.mjs]: [object Object]
[INFO] [2024-12-15 01:55:15:559] [PocketService.js]: Trigger : SaveApiLog
[REQUEST] [2024-12-15 01:55:17:045] [api.js]:
                                   [MODULE]       : Admpanel
                                   [SERVICE]      : DashboardApi
                                   [ENDPOINT]     : adm-dashboard-info
                                   [METHOD]       : GET
                                   [X-USER-TOKEN] : 65d78580994151d94460ea1f
                                   [IP]           : ::1
[INFO] [2024-12-15 01:55:17:049] [PocketService.js]: Trigger : ControlUserPermissionToken
[INFO] [2024-12-15 01:55:17:050] [PocketService.js]: Trigger : GetPermissionToken
[INFO] [2024-12-15 01:55:17:068] [PocketService.js]: Trigger : UpdatePermissionToken
[INFO] [2024-12-15 01:55:17:089] [PocketService.js]: Trigger : DashboardApi
[INFO] [2024-12-15 01:55:17:092] [PocketService.js]: Trigger : GetEndpoints
[INFO] [2024-12-15 01:55:17:094] [PocketService.js]: Trigger : GetServerInfo
[INFO] [2024-12-15 01:55:17:109] [PocketService.js]: Trigger : GetBatchJobs
[INFO] [2024-12-15 01:55:17:119] [PocketService.js]: Trigger : GetAllServerInfo
[INFO] [2024-12-15 01:55:17:194] [PocketService.js]: Trigger : GetBatchHealth
[INFO] [2024-12-15 01:55:17:197] [GetBatchHealth.mjs]: GetBatchhealt servisinde info fırlatıldı
[INFO] [2024-12-15 01:55:17:207] [PocketService.js]: Trigger : GetPocketLog
[INFO] [2024-12-15 01:55:17:247] [DashboardApi.mjs]: Dashboard response:
[INFO] [2024-12-15 01:55:17:249] [DashboardApi.mjs]: [object Object]
[INFO] [2024-12-15 01:55:17:266] [PocketService.js]: Trigger : SaveApiLog
[INFO] [2024-12-15 01:55:32:720] [api.js]: - CheckAbuseipAttacker.mjs loading successfully
[INFO] [2024-12-15 01:55:32:722] [api.js]: - CheckTokenEndpointAuth.mjs loading successfully
[INFO] [2024-12-15 01:55:32:723] [api.js]: - ControlUserPermissionToken.mjs loading successfully
[INFO] [2024-12-15 01:55:32:724] [api.js]: - DecisionRepetiteAttackRequest.mjs loading successfully
[INFO] [2024-12-15 01:55:32:725] [api.js]: - GetActiveRepetiteAttackRequest.mjs loading successfully
[INFO] [2024-12-15 01:55:32:726] [api.js]: - GetAllServerInfo.mjs loading successfully
[INFO] [2024-12-15 01:55:32:727] [api.js]: - GetBatchHealth.mjs loading successfully
[INFO] [2024-12-15 01:55:32:728] [api.js]: - GetEndpoints.mjs loading successfully
[INFO] [2024-12-15 01:55:32:729] [api.js]: - GetPermissionToken.mjs loading successfully
[INFO] [2024-12-15 01:55:32:730] [api.js]: - GetServerInfo.mjs loading successfully
[INFO] [2024-12-15 01:55:32:731] [api.js]: - GetUserService.mjs loading successfully
[INFO] [2024-12-15 01:55:32:732] [api.js]: - GetUserWithEmail.mjs loading successfully
[INFO] [2024-12-15 01:55:32:733] [api.js]: - GetUserWithUserId.mjs loading successfully
[INFO] [2024-12-15 01:55:32:734] [api.js]: - LoginService.mjs loading successfully
[INFO] [2024-12-15 01:55:32:735] [api.js]: - LogoutService.mjs loading successfully
[INFO] [2024-12-15 01:55:32:736] [api.js]: - SaveApiLog.mjs loading successfully
[INFO] [2024-12-15 01:55:32:737] [api.js]: - SaveRepetiteAttackRequest.mjs loading successfully
[INFO] [2024-12-15 01:55:32:738] [api.js]: - SaveServerInfo.mjs loading successfully
[INFO] [2024-12-15 01:55:32:739] [api.js]: - UpdatePermissionToken.mjs loading successfully
[INFO] [2024-12-15 01:55:32:740] [api.js]: - UpdateRepetiteAttackRequest.mjs loading successfully
[INFO] [2024-12-15 01:55:32:741] [api.js]: - UpdateUserService.mjs loading successfully
[INFO] [2024-12-15 01:55:32:743] [api.js]: - DashboardApi.mjs loading successfully
[INFO] [2024-12-15 01:55:32:744] [api.js]: - GetBatchInfo.mjs loading successfully
[INFO] [2024-12-15 01:55:32:745] [api.js]: - GetPocketLog.mjs loading successfully
[INFO] [2024-12-15 01:55:32:747] [api.js]: - UpdateExchangeRate.mjs loading successfully
[INFO] [2024-12-15 01:55:32:750] [api.js]: - CheckOtpAndAccountActivate.mjs loading successfully
[INFO] [2024-12-15 01:55:32:751] [api.js]: - GetUserWithEmail.mjs loading successfully
[INFO] [2024-12-15 01:55:32:752] [api.js]: - LoginService.mjs loading successfully
[INFO] [2024-12-15 01:55:32:752] [api.js]: - PasswordResetSendOTP.mjs loading successfully
[INFO] [2024-12-15 01:55:32:753] [api.js]: - SaveUserService.mjs loading successfully
[INFO] [2024-12-15 01:55:32:754] [api.js]: - SignUpService.mjs loading successfully
[INFO] [2024-12-15 01:55:32:755] [api.js]: - UpdateUserWithEmail.mjs loading successfully
[INFO] [2024-12-15 01:55:32:757] [api.js]: - GetAccount.mjs loading successfully
[INFO] [2024-12-15 01:55:32:758] [api.js]: - Login.mjs loading successfully
[INFO] [2024-12-15 01:55:32:760] [api.js]: - CheckOTP.mjs loading successfully
[INFO] [2024-12-15 01:55:32:761] [api.js]: - CheckTOKEN.mjs loading successfully
[INFO] [2024-12-15 01:55:32:762] [api.js]: - GenerateOTP.mjs loading successfully
[INFO] [2024-12-15 01:55:32:762] [api.js]: - GetOTP.mjs loading successfully
[INFO] [2024-12-15 01:55:32:763] [api.js]: - GetTOKEN.mjs loading successfully
[INFO] [2024-12-15 01:55:32:764] [api.js]: - ITReportSender.mjs loading successfully
[INFO] [2024-12-15 01:55:32:765] [api.js]: - SaveOTP.mjs loading successfully
[INFO] [2024-12-15 01:55:32:766] [api.js]: - SendEmailActivation.mjs loading successfully
[INFO] [2024-12-15 01:55:32:767] [api.js]: - SendNotificationCode.mjs loading successfully
[INFO] [2024-12-15 01:55:32:767] [api.js]: - SendOTP.mjs loading successfully
[INFO] [2024-12-15 01:55:32:768] [api.js]: - SendResumeMail.mjs loading successfully
[INFO] [2024-12-15 01:55:32:769] [api.js]: - SendResumeMailForSuspicious.mjs loading successfully
[INFO] [2024-12-15 01:55:32:770] [api.js]: - UpdateOTP.mjs loading successfully
[INFO] [2024-12-15 01:55:32:771] [api.js]: - ValidateVerifyEmailToken.mjs loading successfully
[INFO] [2024-12-15 01:55:32:774] [api.js]: - GetBatchJobs.mjs loading successfully
[INFO] [2024-12-15 01:55:32:774] [api.js]: - GetBatchJobWithParameter.mjs loading successfully
[INFO] [2024-12-15 01:55:32:776] [api.js]: - GetSecret.mjs loading successfully
[INFO] [2024-12-15 01:55:32:777] [api.js]: - SaveBatchJobs.mjs loading successfully
[INFO] [2024-12-15 01:55:32:777] [api.js]: - SaveServiceInfo.mjs loading successfully
[INFO] [2024-12-15 01:55:32:778] [api.js]: - UpdateBatchJob.mjs loading successfully
[INFO] [2024-12-15 01:55:32:781] [api.js]: - AnalysisAndReportBatch.mjs loading successfully
[INFO] [2024-12-15 01:55:32:783] [api.js]: - APIQueryResume.mjs loading successfully
[INFO] [2024-12-15 01:55:32:784] [api.js]: - DecisionResumeEntry.mjs loading successfully
[INFO] [2024-12-15 01:55:32:785] [api.js]: - FindIpContext.mjs loading successfully
[INFO] [2024-12-15 01:55:32:786] [api.js]: - GetBatchCounter.mjs loading successfully
[INFO] [2024-12-15 01:55:32:786] [api.js]: - GetCounter.mjs loading successfully
[INFO] [2024-12-15 01:55:32:787] [api.js]: - GetResumeData.mjs loading successfully
[INFO] [2024-12-15 01:55:32:788] [api.js]: - QueryDecisionResume.mjs loading successfully
[INFO] [2024-12-15 01:55:32:789] [api.js]: - SaveDecisionResume.mjs loading successfully
[INFO] [2024-12-15 01:55:32:789] [api.js]: - SaveMail.mjs loading successfully
[INFO] [2024-12-15 01:55:32:790] [api.js]: - SearchMail.mjs loading successfully
[INFO] [2024-12-15 01:55:32:791] [api.js]: - UpdateBatchCounter.mjs loading successfully
[INFO] [2024-12-15 01:55:32:792] [api.js]: - UpdateCounter.mjs loading successfully
[INFO] [2024-12-15 01:55:32:792] [api.js]: - UpdateDecisionResume.mjs loading successfully
[INFO] [2024-12-15 01:55:32:793] [api.js]: - VerifyCaptcha.mjs loading successfully
[INFO] [2024-12-15 01:55:32:796] [api.js]: - CeyrekAltinBatch.mjs loading successfully
[INFO] [2024-12-15 01:55:32:797] [api.js]: - DovizKurlariBatch.mjs loading successfully
[INFO] [2024-12-15 01:55:32:798] [api.js]: - GetCurrencyWithName.mjs loading successfully
[INFO] [2024-12-15 01:55:32:799] [api.js]: - UpdateCurrency.mjs loading successfully
[INFO] [2024-12-15 01:55:32:802] [api.js]: - HtmlTemplateTest.mjs loading successfully
[INFO] [2024-12-15 01:55:32:805] [api.js]: - GenerateToken.mjs loading successfully
[INFO] [2024-12-15 01:55:32:807] [api.js]: - GenerateUniqueID.mjs loading successfully
[INFO] [2024-12-15 01:55:32:808] [api.js]: - IpService.mjs loading successfully
[INFO] [2024-12-15 01:55:32:810] [api.js]:
Success process: 77
Fail process: 0
Total Modules: 12
Total Service: 77
[INFO] [2024-12-15 01:55:32:811] [api.js]:
Module and service static check has been completed successfully.
[INFO] [2024-12-15 01:55:32:918] [PocketService.js]: Trigger : SaveServerInfo
[INFO] [2024-12-15 01:55:32:925] [PocketService.js]: Trigger : GetServerInfo
[INFO] [2024-12-15 01:55:32:998] [unknown]: Server is started on port 3000
[REQUEST] [2024-12-15 01:55:35:979] [api.js]:
                                   [MODULE]       : Admpanel
                                   [SERVICE]      : DashboardApi
                                   [ENDPOINT]     : adm-dashboard-info
                                   [METHOD]       : GET
                                   [X-USER-TOKEN] : 65d78580994151d94460ea1f
                                   [IP]           : ::1
[INFO] [2024-12-15 01:55:35:989] [PocketService.js]: Trigger : ControlUserPermissionToken
[INFO] [2024-12-15 01:55:35:997] [PocketService.js]: Trigger : GetPermissionToken
[INFO] [2024-12-15 01:55:36:014] [PocketService.js]: Trigger : UpdatePermissionToken
[INFO] [2024-12-15 01:55:36:040] [PocketService.js]: Trigger : DashboardApi
[INFO] [2024-12-15 01:55:36:061] [PocketService.js]: Trigger : GetEndpoints
[INFO] [2024-12-15 01:55:36:064] [PocketService.js]: Trigger : GetServerInfo
[INFO] [2024-12-15 01:55:36:072] [PocketService.js]: Trigger : GetAllServerInfo
[INFO] [2024-12-15 01:55:36:087] [PocketService.js]: Trigger : GetBatchHealth
[INFO] [2024-12-15 01:55:36:089] [GetBatchHealth.mjs]: GetBatchhealt servisinde info fırlatıldı
[INFO] [2024-12-15 01:55:36:128] [PocketService.js]: Trigger : GetBatchJobs
[INFO] [2024-12-15 01:55:36:139] [PocketService.js]: Trigger : GetPocketLog
[INFO] [2024-12-15 01:55:36:289] [DashboardApi.mjs]: Dashboard response:
[INFO] [2024-12-15 01:55:36:290] [DashboardApi.mjs]: [object Object]
[INFO] [2024-12-15 01:55:36:311] [PocketService.js]: Trigger : SaveApiLog
[REQUEST] [2024-12-15 01:55:37:877] [api.js]:
                                   [MODULE]       : Admpanel
                                   [SERVICE]      : DashboardApi
                                   [ENDPOINT]     : adm-dashboard-info
                                   [METHOD]       : GET
                                   [X-USER-TOKEN] : 65d78580994151d94460ea1f
                                   [IP]           : ::1
[INFO] [2024-12-15 01:55:37:881] [PocketService.js]: Trigger : ControlUserPermissionToken
[INFO] [2024-12-15 01:55:37:883] [PocketService.js]: Trigger : GetPermissionToken
[INFO] [2024-12-15 01:55:37:892] [PocketService.js]: Trigger : UpdatePermissionToken
[INFO] [2024-12-15 01:55:37:905] [PocketService.js]: Trigger : DashboardApi
[INFO] [2024-12-15 01:55:37:910] [PocketService.js]: Trigger : GetEndpoints
[INFO] [2024-12-15 01:55:37:911] [PocketService.js]: Trigger : GetBatchJobs
[INFO] [2024-12-15 01:55:37:913] [PocketService.js]: Trigger : GetAllServerInfo
[INFO] [2024-12-15 01:55:37:916] [PocketService.js]: Trigger : GetBatchHealth
[INFO] [2024-12-15 01:55:37:917] [GetBatchHealth.mjs]: GetBatchhealt servisinde info fırlatıldı
[INFO] [2024-12-15 01:55:37:919] [PocketService.js]: Trigger : GetPocketLog
[INFO] [2024-12-15 01:55:37:922] [PocketService.js]: Trigger : GetServerInfo
[INFO] [2024-12-15 01:55:38:056] [DashboardApi.mjs]: Dashboard response:
[INFO] [2024-12-15 01:55:38:057] [DashboardApi.mjs]: [object Object]
[INFO] [2024-12-15 01:55:38:076] [PocketService.js]: Trigger : SaveApiLog
[REQUEST] [2024-12-15 01:55:39:558] [api.js]:
                                   [MODULE]       : Admpanel
                                   [SERVICE]      : DashboardApi
                                   [ENDPOINT]     : adm-dashboard-info
                                   [METHOD]       : GET
                                   [X-USER-TOKEN] : 65d78580994151d94460ea1f
                                   [IP]           : ::1
[INFO] [2024-12-15 01:55:39:564] [PocketService.js]: Trigger : ControlUserPermissionToken
[INFO] [2024-12-15 01:55:39:567] [PocketService.js]: Trigger : GetPermissionToken
[INFO] [2024-12-15 01:55:39:580] [PocketService.js]: Trigger : UpdatePermissionToken
[INFO] [2024-12-15 01:55:39:605] [PocketService.js]: Trigger : DashboardApi
[INFO] [2024-12-15 01:55:39:610] [PocketService.js]: Trigger : GetEndpoints
[INFO] [2024-12-15 01:55:39:611] [PocketService.js]: Trigger : GetBatchJobs
[INFO] [2024-12-15 01:55:39:614] [PocketService.js]: Trigger : GetAllServerInfo
[INFO] [2024-12-15 01:55:39:617] [PocketService.js]: Trigger : GetBatchHealth
[INFO] [2024-12-15 01:55:39:619] [GetBatchHealth.mjs]: GetBatchhealt servisinde info fırlatıldı
[INFO] [2024-12-15 01:55:39:622] [PocketService.js]: Trigger : GetPocketLog
[INFO] [2024-12-15 01:55:39:624] [PocketService.js]: Trigger : GetServerInfo
[INFO] [2024-12-15 01:55:39:766] [DashboardApi.mjs]: Dashboard response:
[INFO] [2024-12-15 01:55:39:767] [DashboardApi.mjs]: [object Object]
[INFO] [2024-12-15 01:55:39:783] [PocketService.js]: Trigger : SaveApiLog
[REQUEST] [2024-12-15 01:55:41:318] [api.js]:
                                   [MODULE]       : Admpanel
                                   [SERVICE]      : DashboardApi
                                   [ENDPOINT]     : adm-dashboard-info
                                   [METHOD]       : GET
                                   [X-USER-TOKEN] : 65d78580994151d94460ea1f
                                   [IP]           : ::1
[INFO] [2024-12-15 01:55:41:322] [PocketService.js]: Trigger : ControlUserPermissionToken
[INFO] [2024-12-15 01:55:41:324] [PocketService.js]: Trigger : GetPermissionToken
[INFO] [2024-12-15 01:55:41:333] [PocketService.js]: Trigger : UpdatePermissionToken
[INFO] [2024-12-15 01:55:41:346] [PocketService.js]: Trigger : DashboardApi
[INFO] [2024-12-15 01:55:41:353] [PocketService.js]: Trigger : GetEndpoints
[INFO] [2024-12-15 01:55:41:355] [PocketService.js]: Trigger : GetBatchJobs
[INFO] [2024-12-15 01:55:41:357] [PocketService.js]: Trigger : GetAllServerInfo
[INFO] [2024-12-15 01:55:41:360] [PocketService.js]: Trigger : GetBatchHealth
[INFO] [2024-12-15 01:55:41:361] [GetBatchHealth.mjs]: GetBatchhealt servisinde info fırlatıldı
[INFO] [2024-12-15 01:55:41:364] [PocketService.js]: Trigger : GetPocketLog
[INFO] [2024-12-15 01:55:41:365] [PocketService.js]: Trigger : GetServerInfo
[INFO] [2024-12-15 01:55:41:505] [DashboardApi.mjs]: Dashboard response:
[INFO] [2024-12-15 01:55:41:506] [DashboardApi.mjs]: [object Object]
[INFO] [2024-12-15 01:55:41:525] [PocketService.js]: Trigger : SaveApiLog
[REQUEST] [2024-12-15 01:55:44:050] [api.js]:
                                   [MODULE]       : Admpanel
                                   [SERVICE]      : DashboardApi
                                   [ENDPOINT]     : adm-dashboard-info
                                   [METHOD]       : GET
                                   [X-USER-TOKEN] : 65d78580994151d94460ea1f
                                   [IP]           : ::1
[INFO] [2024-12-15 01:55:44:053] [PocketService.js]: Trigger : ControlUserPermissionToken
[INFO] [2024-12-15 01:55:44:054] [PocketService.js]: Trigger : GetPermissionToken
[INFO] [2024-12-15 01:55:44:064] [PocketService.js]: Trigger : UpdatePermissionToken
[INFO] [2024-12-15 01:55:44:076] [PocketService.js]: Trigger : DashboardApi
[INFO] [2024-12-15 01:55:44:083] [PocketService.js]: Trigger : GetEndpoints
[INFO] [2024-12-15 01:55:44:085] [PocketService.js]: Trigger : GetBatchJobs
[INFO] [2024-12-15 01:55:44:087] [PocketService.js]: Trigger : GetAllServerInfo
[INFO] [2024-12-15 01:55:44:089] [PocketService.js]: Trigger : GetBatchHealth
[INFO] [2024-12-15 01:55:44:090] [GetBatchHealth.mjs]: GetBatchhealt servisinde info fırlatıldı
[INFO] [2024-12-15 01:55:44:093] [PocketService.js]: Trigger : GetPocketLog
[INFO] [2024-12-15 01:55:44:096] [PocketService.js]: Trigger : GetServerInfo
[INFO] [2024-12-15 01:55:44:253] [DashboardApi.mjs]: Dashboard response:
[INFO] [2024-12-15 01:55:44:254] [DashboardApi.mjs]: [object Object]
[INFO] [2024-12-15 01:55:44:271] [PocketService.js]: Trigger : SaveApiLog
[REQUEST] [2024-12-15 01:55:45:815] [api.js]:
                                   [MODULE]       : Admpanel
                                   [SERVICE]      : DashboardApi
                                   [ENDPOINT]     : adm-dashboard-info
                                   [METHOD]       : GET
                                   [X-USER-TOKEN] : 65d78580994151d94460ea1f
                                   [IP]           : ::1
[INFO] [2024-12-15 01:55:45:819] [PocketService.js]: Trigger : ControlUserPermissionToken
[INFO] [2024-12-15 01:55:45:821] [PocketService.js]: Trigger : GetPermissionToken
[INFO] [2024-12-15 01:55:45:828] [PocketService.js]: Trigger : UpdatePermissionToken
[INFO] [2024-12-15 01:55:45:840] [PocketService.js]: Trigger : DashboardApi
[INFO] [2024-12-15 01:55:45:847] [PocketService.js]: Trigger : GetEndpoints
[INFO] [2024-12-15 01:55:45:849] [PocketService.js]: Trigger : GetBatchJobs
[INFO] [2024-12-15 01:55:45:852] [PocketService.js]: Trigger : GetAllServerInfo
[INFO] [2024-12-15 01:55:45:854] [PocketService.js]: Trigger : GetBatchHealth
[INFO] [2024-12-15 01:55:45:855] [GetBatchHealth.mjs]: GetBatchhealt servisinde info fırlatıldı
[INFO] [2024-12-15 01:55:45:858] [PocketService.js]: Trigger : GetPocketLog
[INFO] [2024-12-15 01:55:45:860] [PocketService.js]: Trigger : GetServerInfo
[INFO] [2024-12-15 01:55:45:985] [DashboardApi.mjs]: Dashboard response:
[INFO] [2024-12-15 01:55:45:986] [DashboardApi.mjs]: [object Object]
[INFO] [2024-12-15 01:55:46:008] [PocketService.js]: Trigger : SaveApiLog
[REQUEST] [2024-12-15 01:56:12:527] [api.js]:
                                   [MODULE]       : Admpanel
                                   [SERVICE]      : GetPocketLog
                                   [ENDPOINT]     : adm-pocket-log
                                   [METHOD]       : GET
                                   [X-USER-TOKEN] : 65d78580994151d94460ea1f
                                   [IP]           : ::1
[INFO] [2024-12-15 01:56:12:530] [PocketService.js]: Trigger : ControlUserPermissionToken
[INFO] [2024-12-15 01:56:12:533] [PocketService.js]: Trigger : GetPermissionToken
[INFO] [2024-12-15 01:56:12:543] [PocketService.js]: Trigger : UpdatePermissionToken
[INFO] [2024-12-15 01:56:12:565] [PocketService.js]: Trigger : GetPocketLog
[INFO] [2024-12-15 01:56:12:606] [PocketService.js]: Trigger : SaveApiLog
[REQUEST] [2024-12-15 01:56:14:018] [api.js]:
                                   [MODULE]       : Admpanel
                                   [SERVICE]      : GetPocketLog
                                   [ENDPOINT]     : adm-pocket-log
                                   [METHOD]       : GET
                                   [X-USER-TOKEN] : 65d78580994151d94460ea1f
                                   [IP]           : ::1
[INFO] [2024-12-15 01:56:14:025] [PocketService.js]: Trigger : ControlUserPermissionToken
[INFO] [2024-12-15 01:56:14:027] [PocketService.js]: Trigger : GetPermissionToken
[INFO] [2024-12-15 01:56:14:037] [PocketService.js]: Trigger : UpdatePermissionToken
[INFO] [2024-12-15 01:56:14:049] [PocketService.js]: Trigger : GetPocketLog
[INFO] [2024-12-15 01:56:14:084] [PocketService.js]: Trigger : SaveApiLog
[REQUEST] [2024-12-15 01:56:15:331] [api.js]:
                                   [MODULE]       : Admpanel
                                   [SERVICE]      : GetPocketLog
                                   [ENDPOINT]     : adm-pocket-log
                                   [METHOD]       : GET
                                   [X-USER-TOKEN] : 65d78580994151d94460ea1f
                                   [IP]           : ::1
[INFO] [2024-12-15 01:56:15:337] [PocketService.js]: Trigger : ControlUserPermissionToken
[INFO] [2024-12-15 01:56:15:341] [PocketService.js]: Trigger : GetPermissionToken
[INFO] [2024-12-15 01:56:15:350] [PocketService.js]: Trigger : UpdatePermissionToken
[INFO] [2024-12-15 01:56:15:368] [PocketService.js]: Trigger : GetPocketLog
[INFO] [2024-12-15 01:56:15:416] [PocketService.js]: Trigger : SaveApiLog
[REQUEST] [2024-12-15 01:56:16:516] [api.js]:
                                   [MODULE]       : Admpanel
                                   [SERVICE]      : GetPocketLog
                                   [ENDPOINT]     : adm-pocket-log
                                   [METHOD]       : GET
                                   [X-USER-TOKEN] : 65d78580994151d94460ea1f
                                   [IP]           : ::1
[INFO] [2024-12-15 01:56:16:521] [PocketService.js]: Trigger : ControlUserPermissionToken
[INFO] [2024-12-15 01:56:16:524] [PocketService.js]: Trigger : GetPermissionToken
[INFO] [2024-12-15 01:56:16:535] [PocketService.js]: Trigger : UpdatePermissionToken
[INFO] [2024-12-15 01:56:16:558] [PocketService.js]: Trigger : GetPocketLog
[INFO] [2024-12-15 01:56:16:601] [PocketService.js]: Trigger : SaveApiLog
[REQUEST] [2024-12-15 01:56:20:583] [api.js]:
                                   [MODULE]       : Admpanel
                                   [SERVICE]      : DashboardApi
                                   [ENDPOINT]     : adm-dashboard-info
                                   [METHOD]       : GET
                                   [X-USER-TOKEN] : 65d78580994151d94460ea1f
                                   [IP]           : ::1
[INFO] [2024-12-15 01:56:20:588] [PocketService.js]: Trigger : ControlUserPermissionToken
[INFO] [2024-12-15 01:56:20:591] [PocketService.js]: Trigger : GetPermissionToken
[INFO] [2024-12-15 01:56:20:600] [PocketService.js]: Trigger : UpdatePermissionToken
[INFO] [2024-12-15 01:56:20:613] [PocketService.js]: Trigger : DashboardApi
[INFO] [2024-12-15 01:56:20:619] [PocketService.js]: Trigger : GetEndpoints
[INFO] [2024-12-15 01:56:20:621] [PocketService.js]: Trigger : GetBatchJobs
[INFO] [2024-12-15 01:56:20:623] [PocketService.js]: Trigger : GetAllServerInfo
[INFO] [2024-12-15 01:56:20:625] [PocketService.js]: Trigger : GetBatchHealth
[INFO] [2024-12-15 01:56:20:626] [GetBatchHealth.mjs]: GetBatchhealt servisinde info fırlatıldı
[INFO] [2024-12-15 01:56:20:628] [PocketService.js]: Trigger : GetPocketLog
[INFO] [2024-12-15 01:56:20:630] [PocketService.js]: Trigger : GetServerInfo
[INFO] [2024-12-15 01:56:20:783] [DashboardApi.mjs]: Dashboard response:
[INFO] [2024-12-15 01:56:20:784] [DashboardApi.mjs]: [object Object]
[INFO] [2024-12-15 01:56:20:803] [PocketService.js]: Trigger : SaveApiLog
[REQUEST] [2024-12-15 01:56:22:083] [api.js]:
                                   [MODULE]       : Admpanel
                                   [SERVICE]      : DashboardApi
                                   [ENDPOINT]     : adm-dashboard-info
                                   [METHOD]       : GET
                                   [X-USER-TOKEN] : 65d78580994151d94460ea1f
                                   [IP]           : ::1
[INFO] [2024-12-15 01:56:22:088] [PocketService.js]: Trigger : ControlUserPermissionToken
[INFO] [2024-12-15 01:56:22:089] [PocketService.js]: Trigger : GetPermissionToken
[INFO] [2024-12-15 01:56:22:104] [PocketService.js]: Trigger : UpdatePermissionToken
[INFO] [2024-12-15 01:56:22:120] [PocketService.js]: Trigger : DashboardApi
[INFO] [2024-12-15 01:56:22:124] [PocketService.js]: Trigger : GetEndpoints
[INFO] [2024-12-15 01:56:22:126] [PocketService.js]: Trigger : GetBatchJobs
[INFO] [2024-12-15 01:56:22:129] [PocketService.js]: Trigger : GetAllServerInfo
[INFO] [2024-12-15 01:56:22:133] [PocketService.js]: Trigger : GetBatchHealth
[INFO] [2024-12-15 01:56:22:136] [GetBatchHealth.mjs]: GetBatchhealt servisinde info fırlatıldı
[INFO] [2024-12-15 01:56:22:139] [PocketService.js]: Trigger : GetPocketLog
[INFO] [2024-12-15 01:56:22:141] [PocketService.js]: Trigger : GetServerInfo
[INFO] [2024-12-15 01:56:22:258] [DashboardApi.mjs]: Dashboard response:
[INFO] [2024-12-15 01:56:22:259] [DashboardApi.mjs]: [object Object]
[INFO] [2024-12-15 01:56:22:274] [PocketService.js]: Trigger : SaveApiLog
[REQUEST] [2024-12-15 01:56:23:519] [api.js]:
                                   [MODULE]       : Admpanel
                                   [SERVICE]      : DashboardApi
                                   [ENDPOINT]     : adm-dashboard-info
                                   [METHOD]       : GET
                                   [X-USER-TOKEN] : 65d78580994151d94460ea1f
                                   [IP]           : ::1
[INFO] [2024-12-15 01:56:23:522] [PocketService.js]: Trigger : ControlUserPermissionToken
[INFO] [2024-12-15 01:56:23:524] [PocketService.js]: Trigger : GetPermissionToken
[INFO] [2024-12-15 01:56:23:535] [PocketService.js]: Trigger : UpdatePermissionToken
[INFO] [2024-12-15 01:56:23:548] [PocketService.js]: Trigger : DashboardApi
[INFO] [2024-12-15 01:56:23:556] [PocketService.js]: Trigger : GetEndpoints
[INFO] [2024-12-15 01:56:23:558] [PocketService.js]: Trigger : GetBatchJobs
[INFO] [2024-12-15 01:56:23:560] [PocketService.js]: Trigger : GetAllServerInfo
[INFO] [2024-12-15 01:56:23:563] [PocketService.js]: Trigger : GetBatchHealth
[INFO] [2024-12-15 01:56:23:564] [GetBatchHealth.mjs]: GetBatchhealt servisinde info fırlatıldı
[INFO] [2024-12-15 01:56:23:570] [PocketService.js]: Trigger : GetPocketLog
[INFO] [2024-12-15 01:56:23:572] [PocketService.js]: Trigger : GetServerInfo
[INFO] [2024-12-15 01:56:23:694] [DashboardApi.mjs]: Dashboard response:
[INFO] [2024-12-15 01:56:23:695] [DashboardApi.mjs]: [object Object]
[INFO] [2024-12-15 01:56:23:712] [PocketService.js]: Trigger : SaveApiLog
[REQUEST] [2024-12-15 01:56:24:972] [api.js]:
                                   [MODULE]       : Admpanel
                                   [SERVICE]      : DashboardApi
                                   [ENDPOINT]     : adm-dashboard-info
                                   [METHOD]       : GET
                                   [X-USER-TOKEN] : 65d78580994151d94460ea1f
                                   [IP]           : ::1
[INFO] [2024-12-15 01:56:24:975] [PocketService.js]: Trigger : ControlUserPermissionToken
[INFO] [2024-12-15 01:56:24:978] [PocketService.js]: Trigger : GetPermissionToken
[INFO] [2024-12-15 01:56:24:990] [PocketService.js]: Trigger : UpdatePermissionToken
[INFO] [2024-12-15 01:56:25:008] [PocketService.js]: Trigger : DashboardApi
[INFO] [2024-12-15 01:56:25:020] [PocketService.js]: Trigger : GetEndpoints
[INFO] [2024-12-15 01:56:25:022] [PocketService.js]: Trigger : GetBatchJobs
[INFO] [2024-12-15 01:56:25:025] [PocketService.js]: Trigger : GetAllServerInfo
[INFO] [2024-12-15 01:56:25:028] [PocketService.js]: Trigger : GetBatchHealth
[INFO] [2024-12-15 01:56:25:029] [GetBatchHealth.mjs]: GetBatchhealt servisinde info fırlatıldı
[INFO] [2024-12-15 01:56:25:033] [PocketService.js]: Trigger : GetPocketLog
[INFO] [2024-12-15 01:56:25:035] [PocketService.js]: Trigger : GetServerInfo
[INFO] [2024-12-15 01:56:25:149] [DashboardApi.mjs]: Dashboard response:
[INFO] [2024-12-15 01:56:25:151] [DashboardApi.mjs]: [object Object]
[INFO] [2024-12-15 01:56:25:172] [PocketService.js]: Trigger : SaveApiLog
[REQUEST] [2024-12-15 01:56:26:365] [api.js]:
                                   [MODULE]       : Admpanel
                                   [SERVICE]      : DashboardApi
                                   [ENDPOINT]     : adm-dashboard-info
                                   [METHOD]       : GET
                                   [X-USER-TOKEN] : 65d78580994151d94460ea1f
                                   [IP]           : ::1
[INFO] [2024-12-15 01:56:26:372] [PocketService.js]: Trigger : ControlUserPermissionToken
[INFO] [2024-12-15 01:56:26:374] [PocketService.js]: Trigger : GetPermissionToken
[INFO] [2024-12-15 01:56:26:389] [PocketService.js]: Trigger : UpdatePermissionToken
[INFO] [2024-12-15 01:56:26:406] [PocketService.js]: Trigger : DashboardApi
[INFO] [2024-12-15 01:56:26:413] [PocketService.js]: Trigger : GetEndpoints
[INFO] [2024-12-15 01:56:26:418] [PocketService.js]: Trigger : GetBatchJobs
[INFO] [2024-12-15 01:56:26:420] [PocketService.js]: Trigger : GetAllServerInfo
[INFO] [2024-12-15 01:56:26:422] [PocketService.js]: Trigger : GetBatchHealth
[INFO] [2024-12-15 01:56:26:422] [GetBatchHealth.mjs]: GetBatchhealt servisinde info fırlatıldı
[INFO] [2024-12-15 01:56:26:425] [PocketService.js]: Trigger : GetPocketLog
[INFO] [2024-12-15 01:56:26:427] [PocketService.js]: Trigger : GetServerInfo
[INFO] [2024-12-15 01:56:26:553] [DashboardApi.mjs]: Dashboard response:
[INFO] [2024-12-15 01:56:26:554] [DashboardApi.mjs]: [object Object]
[INFO] [2024-12-15 01:56:26:569] [PocketService.js]: Trigger : SaveApiLog
[REQUEST] [2024-12-15 01:56:27:733] [api.js]:
                                   [MODULE]       : Admpanel
                                   [SERVICE]      : DashboardApi
                                   [ENDPOINT]     : adm-dashboard-info
                                   [METHOD]       : GET
                                   [X-USER-TOKEN] : 65d78580994151d94460ea1f
                                   [IP]           : ::1
[INFO] [2024-12-15 01:56:27:737] [PocketService.js]: Trigger : ControlUserPermissionToken
[INFO] [2024-12-15 01:56:27:739] [PocketService.js]: Trigger : GetPermissionToken
[INFO] [2024-12-15 01:56:27:751] [PocketService.js]: Trigger : UpdatePermissionToken
[INFO] [2024-12-15 01:56:27:768] [PocketService.js]: Trigger : DashboardApi
[INFO] [2024-12-15 01:56:27:773] [PocketService.js]: Trigger : GetEndpoints
[INFO] [2024-12-15 01:56:27:776] [PocketService.js]: Trigger : GetBatchJobs
[INFO] [2024-12-15 01:56:27:778] [PocketService.js]: Trigger : GetAllServerInfo
[INFO] [2024-12-15 01:56:27:784] [PocketService.js]: Trigger : GetBatchHealth
[INFO] [2024-12-15 01:56:27:785] [GetBatchHealth.mjs]: GetBatchhealt servisinde info fırlatıldı
[INFO] [2024-12-15 01:56:27:788] [PocketService.js]: Trigger : GetPocketLog
[INFO] [2024-12-15 01:56:27:790] [PocketService.js]: Trigger : GetServerInfo
[INFO] [2024-12-15 01:56:27:919] [DashboardApi.mjs]: Dashboard response:
[INFO] [2024-12-15 01:56:27:920] [DashboardApi.mjs]: [object Object]
[INFO] [2024-12-15 01:56:27:935] [PocketService.js]: Trigger : SaveApiLog
[REQUEST] [2024-12-15 01:56:28:935] [api.js]:
                                   [MODULE]       : Admpanel
                                   [SERVICE]      : DashboardApi
                                   [ENDPOINT]     : adm-dashboard-info
                                   [METHOD]       : GET
                                   [X-USER-TOKEN] : 65d78580994151d94460ea1f
                                   [IP]           : ::1
[INFO] [2024-12-15 01:56:28:938] [PocketService.js]: Trigger : ControlUserPermissionToken
[INFO] [2024-12-15 01:56:28:940] [PocketService.js]: Trigger : GetPermissionToken
[INFO] [2024-12-15 01:56:28:951] [PocketService.js]: Trigger : UpdatePermissionToken
[INFO] [2024-12-15 01:56:28:967] [PocketService.js]: Trigger : DashboardApi
[INFO] [2024-12-15 01:56:28:971] [PocketService.js]: Trigger : GetEndpoints
[INFO] [2024-12-15 01:56:28:973] [PocketService.js]: Trigger : GetBatchJobs
[INFO] [2024-12-15 01:56:28:975] [PocketService.js]: Trigger : GetAllServerInfo
[INFO] [2024-12-15 01:56:28:978] [PocketService.js]: Trigger : GetBatchHealth
[INFO] [2024-12-15 01:56:28:979] [GetBatchHealth.mjs]: GetBatchhealt servisinde info fırlatıldı
[INFO] [2024-12-15 01:56:28:985] [PocketService.js]: Trigger : GetPocketLog
[INFO] [2024-12-15 01:56:28:986] [PocketService.js]: Trigger : GetServerInfo
[INFO] [2024-12-15 01:56:29:127] [DashboardApi.mjs]: Dashboard response:
[INFO] [2024-12-15 01:56:29:128] [DashboardApi.mjs]: [object Object]
[INFO] [2024-12-15 01:56:29:145] [PocketService.js]: Trigger : SaveApiLog
[INFO] [2024-12-15 01:56:39:786] [api.js]: - CheckAbuseipAttacker.mjs loading successfully
[INFO] [2024-12-15 01:56:39:789] [api.js]: - CheckTokenEndpointAuth.mjs loading successfully
[INFO] [2024-12-15 01:56:39:790] [api.js]: - ControlUserPermissionToken.mjs loading successfully
[INFO] [2024-12-15 01:56:39:791] [api.js]: - DecisionRepetiteAttackRequest.mjs loading successfully
[INFO] [2024-12-15 01:56:39:792] [api.js]: - GetActiveRepetiteAttackRequest.mjs loading successfully
[INFO] [2024-12-15 01:56:39:793] [api.js]: - GetAllServerInfo.mjs loading successfully
[INFO] [2024-12-15 01:56:39:794] [api.js]: - GetBatchHealth.mjs loading successfully
[INFO] [2024-12-15 01:56:39:796] [api.js]: - GetEndpoints.mjs loading successfully
[INFO] [2024-12-15 01:56:39:797] [api.js]: - GetPermissionToken.mjs loading successfully
[INFO] [2024-12-15 01:56:39:798] [api.js]: - GetServerInfo.mjs loading successfully
[INFO] [2024-12-15 01:56:39:799] [api.js]: - GetUserService.mjs loading successfully
[INFO] [2024-12-15 01:56:39:800] [api.js]: - GetUserWithEmail.mjs loading successfully
[INFO] [2024-12-15 01:56:39:801] [api.js]: - GetUserWithUserId.mjs loading successfully
[INFO] [2024-12-15 01:56:39:802] [api.js]: - LoginService.mjs loading successfully
[INFO] [2024-12-15 01:56:39:804] [api.js]: - LogoutService.mjs loading successfully
[INFO] [2024-12-15 01:56:39:805] [api.js]: - SaveApiLog.mjs loading successfully
[INFO] [2024-12-15 01:56:39:806] [api.js]: - SaveRepetiteAttackRequest.mjs loading successfully
[INFO] [2024-12-15 01:56:39:807] [api.js]: - SaveServerInfo.mjs loading successfully
[INFO] [2024-12-15 01:56:39:808] [api.js]: - UpdatePermissionToken.mjs loading successfully
[INFO] [2024-12-15 01:56:39:809] [api.js]: - UpdateRepetiteAttackRequest.mjs loading successfully
[INFO] [2024-12-15 01:56:39:810] [api.js]: - UpdateUserService.mjs loading successfully
[INFO] [2024-12-15 01:56:39:812] [api.js]: - DashboardApi.mjs loading successfully
[INFO] [2024-12-15 01:56:39:813] [api.js]: - GetBatchInfo.mjs loading successfully
[INFO] [2024-12-15 01:56:39:814] [api.js]: - GetPocketLog.mjs loading successfully
[INFO] [2024-12-15 01:56:39:816] [api.js]: - UpdateExchangeRate.mjs loading successfully
[INFO] [2024-12-15 01:56:39:819] [api.js]: - CheckOtpAndAccountActivate.mjs loading successfully
[INFO] [2024-12-15 01:56:39:820] [api.js]: - GetUserWithEmail.mjs loading successfully
[INFO] [2024-12-15 01:56:39:821] [api.js]: - LoginService.mjs loading successfully
[INFO] [2024-12-15 01:56:39:821] [api.js]: - PasswordResetSendOTP.mjs loading successfully
[INFO] [2024-12-15 01:56:39:822] [api.js]: - SaveUserService.mjs loading successfully
[INFO] [2024-12-15 01:56:39:823] [api.js]: - SignUpService.mjs loading successfully
[INFO] [2024-12-15 01:56:39:824] [api.js]: - UpdateUserWithEmail.mjs loading successfully
[INFO] [2024-12-15 01:56:39:827] [api.js]: - GetAccount.mjs loading successfully
[INFO] [2024-12-15 01:56:39:828] [api.js]: - Login.mjs loading successfully
[INFO] [2024-12-15 01:56:39:829] [api.js]: - CheckOTP.mjs loading successfully
[INFO] [2024-12-15 01:56:39:830] [api.js]: - CheckTOKEN.mjs loading successfully
[INFO] [2024-12-15 01:56:39:831] [api.js]: - GenerateOTP.mjs loading successfully
[INFO] [2024-12-15 01:56:39:831] [api.js]: - GetOTP.mjs loading successfully
[INFO] [2024-12-15 01:56:39:832] [api.js]: - GetTOKEN.mjs loading successfully
[INFO] [2024-12-15 01:56:39:833] [api.js]: - ITReportSender.mjs loading successfully
[INFO] [2024-12-15 01:56:39:834] [api.js]: - SaveOTP.mjs loading successfully
[INFO] [2024-12-15 01:56:39:834] [api.js]: - SendEmailActivation.mjs loading successfully
[INFO] [2024-12-15 01:56:39:835] [api.js]: - SendNotificationCode.mjs loading successfully
[INFO] [2024-12-15 01:56:39:836] [api.js]: - SendOTP.mjs loading successfully
[INFO] [2024-12-15 01:56:39:837] [api.js]: - SendResumeMail.mjs loading successfully
[INFO] [2024-12-15 01:56:39:838] [api.js]: - SendResumeMailForSuspicious.mjs loading successfully
[INFO] [2024-12-15 01:56:39:839] [api.js]: - UpdateOTP.mjs loading successfully
[INFO] [2024-12-15 01:56:39:839] [api.js]: - ValidateVerifyEmailToken.mjs loading successfully
[INFO] [2024-12-15 01:56:39:842] [api.js]: - GetBatchJobs.mjs loading successfully
[INFO] [2024-12-15 01:56:39:843] [api.js]: - GetBatchJobWithParameter.mjs loading successfully
[INFO] [2024-12-15 01:56:39:844] [api.js]: - GetSecret.mjs loading successfully
[INFO] [2024-12-15 01:56:39:845] [api.js]: - SaveBatchJobs.mjs loading successfully
[INFO] [2024-12-15 01:56:39:845] [api.js]: - SaveServiceInfo.mjs loading successfully
[INFO] [2024-12-15 01:56:39:846] [api.js]: - UpdateBatchJob.mjs loading successfully
[INFO] [2024-12-15 01:56:39:848] [api.js]: - AnalysisAndReportBatch.mjs loading successfully
[INFO] [2024-12-15 01:56:39:849] [api.js]: - APIQueryResume.mjs loading successfully
[INFO] [2024-12-15 01:56:39:849] [api.js]: - DecisionResumeEntry.mjs loading successfully
[INFO] [2024-12-15 01:56:39:850] [api.js]: - FindIpContext.mjs loading successfully
[INFO] [2024-12-15 01:56:39:851] [api.js]: - GetBatchCounter.mjs loading successfully
[INFO] [2024-12-15 01:56:39:852] [api.js]: - GetCounter.mjs loading successfully
[INFO] [2024-12-15 01:56:39:853] [api.js]: - GetResumeData.mjs loading successfully
[INFO] [2024-12-15 01:56:39:854] [api.js]: - QueryDecisionResume.mjs loading successfully
[INFO] [2024-12-15 01:56:39:855] [api.js]: - SaveDecisionResume.mjs loading successfully
[INFO] [2024-12-15 01:56:39:855] [api.js]: - SaveMail.mjs loading successfully
[INFO] [2024-12-15 01:56:39:856] [api.js]: - SearchMail.mjs loading successfully
[INFO] [2024-12-15 01:56:39:857] [api.js]: - UpdateBatchCounter.mjs loading successfully
[INFO] [2024-12-15 01:56:39:858] [api.js]: - UpdateCounter.mjs loading successfully
[INFO] [2024-12-15 01:56:39:859] [api.js]: - UpdateDecisionResume.mjs loading successfully
[INFO] [2024-12-15 01:56:39:860] [api.js]: - VerifyCaptcha.mjs loading successfully
[INFO] [2024-12-15 01:56:39:863] [api.js]: - CeyrekAltinBatch.mjs loading successfully
[INFO] [2024-12-15 01:56:39:864] [api.js]: - DovizKurlariBatch.mjs loading successfully
[INFO] [2024-12-15 01:56:39:865] [api.js]: - GetCurrencyWithName.mjs loading successfully
[INFO] [2024-12-15 01:56:39:866] [api.js]: - UpdateCurrency.mjs loading successfully
[INFO] [2024-12-15 01:56:39:870] [api.js]: - HtmlTemplateTest.mjs loading successfully
[INFO] [2024-12-15 01:56:39:872] [api.js]: - GenerateToken.mjs loading successfully
[INFO] [2024-12-15 01:56:39:874] [api.js]: - GenerateUniqueID.mjs loading successfully
[INFO] [2024-12-15 01:56:39:874] [api.js]: - IpService.mjs loading successfully
[INFO] [2024-12-15 01:56:39:875] [api.js]:
Success process: 77
Fail process: 0
Total Modules: 12
Total Service: 77
[INFO] [2024-12-15 01:56:39:876] [api.js]:
Module and service static check has been completed successfully.
[INFO] [2024-12-15 01:56:40:029] [PocketService.js]: Trigger : SaveServerInfo
[INFO] [2024-12-15 01:56:40:039] [PocketService.js]: Trigger : GetServerInfo
[INFO] [2024-12-15 01:56:40:113] [unknown]: Server is started on port 3000
[REQUEST] [2024-12-15 01:56:42:259] [api.js]:
                                   [MODULE]       : Admpanel
                                   [SERVICE]      : DashboardApi
                                   [ENDPOINT]     : adm-dashboard-info
                                   [METHOD]       : GET
                                   [X-USER-TOKEN] : 65d78580994151d94460ea1f
                                   [IP]           : ::1
[INFO] [2024-12-15 01:56:42:267] [PocketService.js]: Trigger : ControlUserPermissionToken
[INFO] [2024-12-15 01:56:42:274] [PocketService.js]: Trigger : GetPermissionToken
[INFO] [2024-12-15 01:56:42:291] [PocketService.js]: Trigger : UpdatePermissionToken
[INFO] [2024-12-15 01:56:42:316] [PocketService.js]: Trigger : DashboardApi
[INFO] [2024-12-15 01:56:42:324] [PocketService.js]: Trigger : GetEndpoints
[INFO] [2024-12-15 01:56:42:327] [PocketService.js]: Trigger : GetServerInfo
[INFO] [2024-12-15 01:56:42:365] [PocketService.js]: Trigger : GetBatchJobs
[INFO] [2024-12-15 01:56:42:388] [PocketService.js]: Trigger : GetAllServerInfo
[INFO] [2024-12-15 01:56:42:502] [PocketService.js]: Trigger : GetBatchHealth
[INFO] [2024-12-15 01:56:42:504] [GetBatchHealth.mjs]: GetBatchhealt servisinde info fırlatıldı
[INFO] [2024-12-15 01:56:42:523] [PocketService.js]: Trigger : GetPocketLog
[INFO] [2024-12-15 01:56:42:560] [DashboardApi.mjs]: Dashboard response:
[INFO] [2024-12-15 01:56:42:560] [DashboardApi.mjs]: [object Object]
[INFO] [2024-12-15 01:56:42:584] [PocketService.js]: Trigger : SaveApiLog
[REQUEST] [2024-12-15 01:56:43:973] [api.js]:
                                   [MODULE]       : Admpanel
                                   [SERVICE]      : DashboardApi
                                   [ENDPOINT]     : adm-dashboard-info
                                   [METHOD]       : GET
                                   [X-USER-TOKEN] : 65d78580994151d94460ea1f
                                   [IP]           : ::1
[INFO] [2024-12-15 01:56:43:977] [PocketService.js]: Trigger : ControlUserPermissionToken
[INFO] [2024-12-15 01:56:43:979] [PocketService.js]: Trigger : GetPermissionToken
[INFO] [2024-12-15 01:56:43:989] [PocketService.js]: Trigger : UpdatePermissionToken
[INFO] [2024-12-15 01:56:44:002] [PocketService.js]: Trigger : DashboardApi
[INFO] [2024-12-15 01:56:44:004] [PocketService.js]: Trigger : GetEndpoints
[INFO] [2024-12-15 01:56:44:006] [PocketService.js]: Trigger : GetServerInfo
[INFO] [2024-12-15 01:56:44:021] [PocketService.js]: Trigger : GetBatchJobs
[INFO] [2024-12-15 01:56:44:033] [PocketService.js]: Trigger : GetAllServerInfo
[INFO] [2024-12-15 01:56:44:128] [PocketService.js]: Trigger : GetBatchHealth
[INFO] [2024-12-15 01:56:44:129] [GetBatchHealth.mjs]: GetBatchhealt servisinde info fırlatıldı
[INFO] [2024-12-15 01:56:44:140] [PocketService.js]: Trigger : GetPocketLog
[INFO] [2024-12-15 01:56:44:181] [DashboardApi.mjs]: Dashboard response:
[INFO] [2024-12-15 01:56:44:182] [DashboardApi.mjs]: [object Object]
[INFO] [2024-12-15 01:56:44:202] [PocketService.js]: Trigger : SaveApiLog
[REQUEST] [2024-12-15 01:56:45:411] [api.js]:
                                   [MODULE]       : Admpanel
                                   [SERVICE]      : DashboardApi
                                   [ENDPOINT]     : adm-dashboard-info
                                   [METHOD]       : GET
                                   [X-USER-TOKEN] : 65d78580994151d94460ea1f
                                   [IP]           : ::1
[INFO] [2024-12-15 01:56:45:418] [PocketService.js]: Trigger : ControlUserPermissionToken
[INFO] [2024-12-15 01:56:45:421] [PocketService.js]: Trigger : GetPermissionToken
[INFO] [2024-12-15 01:56:45:435] [PocketService.js]: Trigger : UpdatePermissionToken
[INFO] [2024-12-15 01:56:45:466] [PocketService.js]: Trigger : DashboardApi
[INFO] [2024-12-15 01:56:45:468] [PocketService.js]: Trigger : GetEndpoints
[INFO] [2024-12-15 01:56:45:471] [PocketService.js]: Trigger : GetServerInfo
[INFO] [2024-12-15 01:56:45:488] [PocketService.js]: Trigger : GetBatchJobs
[INFO] [2024-12-15 01:56:45:499] [PocketService.js]: Trigger : GetAllServerInfo
[INFO] [2024-12-15 01:56:45:597] [PocketService.js]: Trigger : GetBatchHealth
[INFO] [2024-12-15 01:56:45:598] [GetBatchHealth.mjs]: GetBatchhealt servisinde info fırlatıldı
[INFO] [2024-12-15 01:56:45:607] [PocketService.js]: Trigger : GetPocketLog
[INFO] [2024-12-15 01:56:45:641] [DashboardApi.mjs]: Dashboard response:
[INFO] [2024-12-15 01:56:45:642] [DashboardApi.mjs]: [object Object]
[INFO] [2024-12-15 01:56:45:657] [PocketService.js]: Trigger : SaveApiLog
[REQUEST] [2024-12-15 01:56:46:792] [api.js]:
                                   [MODULE]       : Admpanel
                                   [SERVICE]      : DashboardApi
                                   [ENDPOINT]     : adm-dashboard-info
                                   [METHOD]       : GET
                                   [X-USER-TOKEN] : 65d78580994151d94460ea1f
                                   [IP]           : ::1
[INFO] [2024-12-15 01:56:46:797] [PocketService.js]: Trigger : ControlUserPermissionToken
[INFO] [2024-12-15 01:56:46:800] [PocketService.js]: Trigger : GetPermissionToken
[INFO] [2024-12-15 01:56:46:812] [PocketService.js]: Trigger : UpdatePermissionToken
[INFO] [2024-12-15 01:56:46:828] [PocketService.js]: Trigger : DashboardApi
[INFO] [2024-12-15 01:56:46:830] [PocketService.js]: Trigger : GetEndpoints
[INFO] [2024-12-15 01:56:46:833] [PocketService.js]: Trigger : GetServerInfo
[INFO] [2024-12-15 01:56:46:860] [PocketService.js]: Trigger : GetBatchJobs
[INFO] [2024-12-15 01:56:46:871] [PocketService.js]: Trigger : GetAllServerInfo
[INFO] [2024-12-15 01:56:46:969] [PocketService.js]: Trigger : GetBatchHealth
[INFO] [2024-12-15 01:56:46:970] [GetBatchHealth.mjs]: GetBatchhealt servisinde info fırlatıldı
[INFO] [2024-12-15 01:56:46:980] [PocketService.js]: Trigger : GetPocketLog
[INFO] [2024-12-15 01:56:47:016] [DashboardApi.mjs]: Dashboard response:
[INFO] [2024-12-15 01:56:47:017] [DashboardApi.mjs]: [object Object]
[INFO] [2024-12-15 01:56:47:032] [PocketService.js]: Trigger : SaveApiLog
[REQUEST] [2024-12-15 01:56:48:261] [api.js]:
                                   [MODULE]       : Admpanel
                                   [SERVICE]      : DashboardApi
                                   [ENDPOINT]     : adm-dashboard-info
                                   [METHOD]       : GET
                                   [X-USER-TOKEN] : 65d78580994151d94460ea1f
                                   [IP]           : ::1
[INFO] [2024-12-15 01:56:48:264] [PocketService.js]: Trigger : ControlUserPermissionToken
[INFO] [2024-12-15 01:56:48:267] [PocketService.js]: Trigger : GetPermissionToken
[INFO] [2024-12-15 01:56:48:280] [PocketService.js]: Trigger : UpdatePermissionToken
[INFO] [2024-12-15 01:56:48:297] [PocketService.js]: Trigger : DashboardApi
[INFO] [2024-12-15 01:56:48:300] [PocketService.js]: Trigger : GetEndpoints
[INFO] [2024-12-15 01:56:48:303] [PocketService.js]: Trigger : GetServerInfo
[INFO] [2024-12-15 01:56:48:325] [PocketService.js]: Trigger : GetBatchJobs
[INFO] [2024-12-15 01:56:48:334] [PocketService.js]: Trigger : GetAllServerInfo
[INFO] [2024-12-15 01:56:48:431] [PocketService.js]: Trigger : GetBatchHealth
[INFO] [2024-12-15 01:56:48:432] [GetBatchHealth.mjs]: GetBatchhealt servisinde info fırlatıldı
[INFO] [2024-12-15 01:56:48:441] [PocketService.js]: Trigger : GetPocketLog
[INFO] [2024-12-15 01:56:48:475] [DashboardApi.mjs]: Dashboard response:
[INFO] [2024-12-15 01:56:48:476] [DashboardApi.mjs]: [object Object]
[INFO] [2024-12-15 01:56:48:491] [PocketService.js]: Trigger : SaveApiLog
[REQUEST] [2024-12-15 01:56:49:722] [api.js]:
                                   [MODULE]       : Admpanel
                                   [SERVICE]      : DashboardApi
                                   [ENDPOINT]     : adm-dashboard-info
                                   [METHOD]       : GET
                                   [X-USER-TOKEN] : 65d78580994151d94460ea1f
                                   [IP]           : ::1
[INFO] [2024-12-15 01:56:49:727] [PocketService.js]: Trigger : ControlUserPermissionToken
[INFO] [2024-12-15 01:56:49:730] [PocketService.js]: Trigger : GetPermissionToken
[INFO] [2024-12-15 01:56:49:742] [PocketService.js]: Trigger : UpdatePermissionToken
[INFO] [2024-12-15 01:56:49:762] [PocketService.js]: Trigger : DashboardApi
[INFO] [2024-12-15 01:56:49:764] [PocketService.js]: Trigger : GetEndpoints
[INFO] [2024-12-15 01:56:49:767] [PocketService.js]: Trigger : GetServerInfo
[INFO] [2024-12-15 01:56:49:784] [PocketService.js]: Trigger : GetBatchJobs
[INFO] [2024-12-15 01:56:49:796] [PocketService.js]: Trigger : GetAllServerInfo
[INFO] [2024-12-15 01:56:49:878] [PocketService.js]: Trigger : GetBatchHealth
[INFO] [2024-12-15 01:56:49:879] [GetBatchHealth.mjs]: GetBatchhealt servisinde info fırlatıldı
[INFO] [2024-12-15 01:56:49:889] [PocketService.js]: Trigger : GetPocketLog
[INFO] [2024-12-15 01:56:49:926] [DashboardApi.mjs]: Dashboard response:
[INFO] [2024-12-15 01:56:49:927] [DashboardApi.mjs]: [object Object]
[INFO] [2024-12-15 01:56:49:947] [PocketService.js]: Trigger : SaveApiLog
[INFO] [2024-12-15 01:57:14:028] [api.js]: - CheckAbuseipAttacker.mjs loading successfully
[INFO] [2024-12-15 01:57:14:031] [api.js]: - CheckTokenEndpointAuth.mjs loading successfully
[INFO] [2024-12-15 01:57:14:032] [api.js]: - ControlUserPermissionToken.mjs loading successfully
[INFO] [2024-12-15 01:57:14:033] [api.js]: - DecisionRepetiteAttackRequest.mjs loading successfully
[INFO] [2024-12-15 01:57:14:034] [api.js]: - GetActiveRepetiteAttackRequest.mjs loading successfully
[INFO] [2024-12-15 01:57:14:035] [api.js]: - GetAllServerInfo.mjs loading successfully
[INFO] [2024-12-15 01:57:14:036] [api.js]: - GetBatchHealth.mjs loading successfully
[INFO] [2024-12-15 01:57:14:039] [api.js]: - GetEndpoints.mjs loading successfully
[INFO] [2024-12-15 01:57:14:040] [api.js]: - GetPermissionToken.mjs loading successfully
[INFO] [2024-12-15 01:57:14:041] [api.js]: - GetServerInfo.mjs loading successfully
[INFO] [2024-12-15 01:57:14:042] [api.js]: - GetUserService.mjs loading successfully
[INFO] [2024-12-15 01:57:14:044] [api.js]: - GetUserWithEmail.mjs loading successfully
[INFO] [2024-12-15 01:57:14:046] [api.js]: - GetUserWithUserId.mjs loading successfully
[INFO] [2024-12-15 01:57:14:047] [api.js]: - LoginService.mjs loading successfully
[INFO] [2024-12-15 01:57:14:048] [api.js]: - LogoutService.mjs loading successfully
[INFO] [2024-12-15 01:57:14:049] [api.js]: - SaveApiLog.mjs loading successfully
[INFO] [2024-12-15 01:57:14:050] [api.js]: - SaveRepetiteAttackRequest.mjs loading successfully
[INFO] [2024-12-15 01:57:14:051] [api.js]: - SaveServerInfo.mjs loading successfully
[INFO] [2024-12-15 01:57:14:052] [api.js]: - UpdatePermissionToken.mjs loading successfully
[INFO] [2024-12-15 01:57:14:053] [api.js]: - UpdateRepetiteAttackRequest.mjs loading successfully
[INFO] [2024-12-15 01:57:14:055] [api.js]: - UpdateUserService.mjs loading successfully
[INFO] [2024-12-15 01:57:14:058] [api.js]: - DashboardApi.mjs loading successfully
[INFO] [2024-12-15 01:57:14:059] [api.js]: - GetBatchInfo.mjs loading successfully
[INFO] [2024-12-15 01:57:14:060] [api.js]: - GetPocketLog.mjs loading successfully
[INFO] [2024-12-15 01:57:14:064] [api.js]: - UpdateExchangeRate.mjs loading successfully
[INFO] [2024-12-15 01:57:14:066] [api.js]: - CheckOtpAndAccountActivate.mjs loading successfully
[INFO] [2024-12-15 01:57:14:067] [api.js]: - GetUserWithEmail.mjs loading successfully
[INFO] [2024-12-15 01:57:14:068] [api.js]: - LoginService.mjs loading successfully
[INFO] [2024-12-15 01:57:14:069] [api.js]: - PasswordResetSendOTP.mjs loading successfully
[INFO] [2024-12-15 01:57:14:070] [api.js]: - SaveUserService.mjs loading successfully
[INFO] [2024-12-15 01:57:14:071] [api.js]: - SignUpService.mjs loading successfully
[INFO] [2024-12-15 01:57:14:072] [api.js]: - UpdateUserWithEmail.mjs loading successfully
[INFO] [2024-12-15 01:57:14:074] [api.js]: - GetAccount.mjs loading successfully
[INFO] [2024-12-15 01:57:14:075] [api.js]: - Login.mjs loading successfully
[INFO] [2024-12-15 01:57:14:079] [api.js]: - CheckOTP.mjs loading successfully
[INFO] [2024-12-15 01:57:14:080] [api.js]: - CheckTOKEN.mjs loading successfully
[INFO] [2024-12-15 01:57:14:081] [api.js]: - GenerateOTP.mjs loading successfully
[INFO] [2024-12-15 01:57:14:082] [api.js]: - GetOTP.mjs loading successfully
[INFO] [2024-12-15 01:57:14:083] [api.js]: - GetTOKEN.mjs loading successfully
[INFO] [2024-12-15 01:57:14:084] [api.js]: - ITReportSender.mjs loading successfully
[INFO] [2024-12-15 01:57:14:085] [api.js]: - SaveOTP.mjs loading successfully
[INFO] [2024-12-15 01:57:14:086] [api.js]: - SendEmailActivation.mjs loading successfully
[INFO] [2024-12-15 01:57:14:086] [api.js]: - SendNotificationCode.mjs loading successfully
[INFO] [2024-12-15 01:57:14:088] [api.js]: - SendOTP.mjs loading successfully
[INFO] [2024-12-15 01:57:14:088] [api.js]: - SendResumeMail.mjs loading successfully
[INFO] [2024-12-15 01:57:14:089] [api.js]: - SendResumeMailForSuspicious.mjs loading successfully
[INFO] [2024-12-15 01:57:14:090] [api.js]: - UpdateOTP.mjs loading successfully
[INFO] [2024-12-15 01:57:14:091] [api.js]: - ValidateVerifyEmailToken.mjs loading successfully
[INFO] [2024-12-15 01:57:14:093] [api.js]: - GetBatchJobs.mjs loading successfully
[INFO] [2024-12-15 01:57:14:094] [api.js]: - GetBatchJobWithParameter.mjs loading successfully
[INFO] [2024-12-15 01:57:14:095] [api.js]: - GetSecret.mjs loading successfully
[INFO] [2024-12-15 01:57:14:096] [api.js]: - SaveBatchJobs.mjs loading successfully
[INFO] [2024-12-15 01:57:14:097] [api.js]: - SaveServiceInfo.mjs loading successfully
[INFO] [2024-12-15 01:57:14:098] [api.js]: - UpdateBatchJob.mjs loading successfully
[INFO] [2024-12-15 01:57:14:101] [api.js]: - AnalysisAndReportBatch.mjs loading successfully
[INFO] [2024-12-15 01:57:14:101] [api.js]: - APIQueryResume.mjs loading successfully
[INFO] [2024-12-15 01:57:14:102] [api.js]: - DecisionResumeEntry.mjs loading successfully
[INFO] [2024-12-15 01:57:14:103] [api.js]: - FindIpContext.mjs loading successfully
[INFO] [2024-12-15 01:57:14:104] [api.js]: - GetBatchCounter.mjs loading successfully
[INFO] [2024-12-15 01:57:14:106] [api.js]: - GetCounter.mjs loading successfully
[INFO] [2024-12-15 01:57:14:107] [api.js]: - GetResumeData.mjs loading successfully
[INFO] [2024-12-15 01:57:14:108] [api.js]: - QueryDecisionResume.mjs loading successfully
[INFO] [2024-12-15 01:57:14:110] [api.js]: - SaveDecisionResume.mjs loading successfully
[INFO] [2024-12-15 01:57:14:111] [api.js]: - SaveMail.mjs loading successfully
[INFO] [2024-12-15 01:57:14:112] [api.js]: - SearchMail.mjs loading successfully
[INFO] [2024-12-15 01:57:14:113] [api.js]: - UpdateBatchCounter.mjs loading successfully
[INFO] [2024-12-15 01:57:14:113] [api.js]: - UpdateCounter.mjs loading successfully
[INFO] [2024-12-15 01:57:14:114] [api.js]: - UpdateDecisionResume.mjs loading successfully
[INFO] [2024-12-15 01:57:14:115] [api.js]: - VerifyCaptcha.mjs loading successfully
[INFO] [2024-12-15 01:57:14:117] [api.js]: - CeyrekAltinBatch.mjs loading successfully
[INFO] [2024-12-15 01:57:14:118] [api.js]: - DovizKurlariBatch.mjs loading successfully
[INFO] [2024-12-15 01:57:14:119] [api.js]: - GetCurrencyWithName.mjs loading successfully
[INFO] [2024-12-15 01:57:14:120] [api.js]: - UpdateCurrency.mjs loading successfully
[INFO] [2024-12-15 01:57:14:123] [api.js]: - HtmlTemplateTest.mjs loading successfully
[INFO] [2024-12-15 01:57:14:126] [api.js]: - GenerateToken.mjs loading successfully
[INFO] [2024-12-15 01:57:14:128] [api.js]: - GenerateUniqueID.mjs loading successfully
[INFO] [2024-12-15 01:57:14:129] [api.js]: - IpService.mjs loading successfully
[INFO] [2024-12-15 01:57:14:130] [api.js]:
Success process: 77
Fail process: 0
Total Modules: 12
Total Service: 77
[INFO] [2024-12-15 01:57:14:131] [api.js]:
Module and service static check has been completed successfully.
[INFO] [2024-12-15 01:57:14:232] [PocketService.js]: Trigger : SaveServerInfo
[INFO] [2024-12-15 01:57:14:240] [PocketService.js]: Trigger : GetServerInfo
[INFO] [2024-12-15 01:57:14:321] [unknown]: Server is started on port 3000
[REQUEST] [2024-12-15 01:57:20:396] [api.js]:
                                   [MODULE]       : Admpanel
                                   [SERVICE]      : DashboardApi
                                   [ENDPOINT]     : adm-dashboard-info
                                   [METHOD]       : GET
                                   [X-USER-TOKEN] : 65d78580994151d94460ea1f
                                   [IP]           : ::1
[INFO] [2024-12-15 01:57:20:405] [PocketService.js]: Trigger : ControlUserPermissionToken
[INFO] [2024-12-15 01:57:20:414] [PocketService.js]: Trigger : GetPermissionToken
[INFO] [2024-12-15 01:57:20:432] [PocketService.js]: Trigger : UpdatePermissionToken
[INFO] [2024-12-15 01:57:20:462] [PocketService.js]: Trigger : DashboardApi
[INFO] [2024-12-15 01:57:20:485] [PocketService.js]: Trigger : GetEndpoints
[INFO] [2024-12-15 01:57:20:488] [PocketService.js]: Trigger : GetServerInfo
[INFO] [2024-12-15 01:57:20:498] [PocketService.js]: Trigger : GetAllServerInfo
[INFO] [2024-12-15 01:57:20:507] [PocketService.js]: Trigger : GetBatchHealth
[INFO] [2024-12-15 01:57:20:509] [GetBatchHealth.mjs]: GetBatchhealt servisinde info fırlatıldı
[INFO] [2024-12-15 01:57:20:543] [PocketService.js]: Trigger : GetBatchJobs
[INFO] [2024-12-15 01:57:20:558] [PocketService.js]: Trigger : GetPocketLog
[INFO] [2024-12-15 01:57:20:710] [DashboardApi.mjs]: Dashboard response:
[INFO] [2024-12-15 01:57:20:711] [DashboardApi.mjs]: [object Object]
[INFO] [2024-12-15 01:57:20:732] [PocketService.js]: Trigger : SaveApiLog
[INFO] [2024-12-15 01:58:46:447] [api.js]: - CheckAbuseipAttacker.mjs loading successfully
[INFO] [2024-12-15 01:58:46:449] [api.js]: - CheckTokenEndpointAuth.mjs loading successfully
[INFO] [2024-12-15 01:58:46:450] [api.js]: - ControlUserPermissionToken.mjs loading successfully
[INFO] [2024-12-15 01:58:46:451] [api.js]: - DecisionRepetiteAttackRequest.mjs loading successfully
[INFO] [2024-12-15 01:58:46:452] [api.js]: - GetActiveRepetiteAttackRequest.mjs loading successfully
[INFO] [2024-12-15 01:58:46:454] [api.js]: - GetAllServerInfo.mjs loading successfully
[INFO] [2024-12-15 01:58:46:454] [api.js]: - GetBatchHealth.mjs loading successfully
[INFO] [2024-12-15 01:58:46:456] [api.js]: - GetEndpoints.mjs loading successfully
[INFO] [2024-12-15 01:58:46:456] [api.js]: - GetPermissionToken.mjs loading successfully
[INFO] [2024-12-15 01:58:46:457] [api.js]: - GetServerInfo.mjs loading successfully
[INFO] [2024-12-15 01:58:46:458] [api.js]: - GetUserService.mjs loading successfully
[INFO] [2024-12-15 01:58:46:459] [api.js]: - GetUserWithEmail.mjs loading successfully
[INFO] [2024-12-15 01:58:46:461] [api.js]: - GetUserWithUserId.mjs loading successfully
[INFO] [2024-12-15 01:58:46:462] [api.js]: - LoginService.mjs loading successfully
[INFO] [2024-12-15 01:58:46:463] [api.js]: - LogoutService.mjs loading successfully
[INFO] [2024-12-15 01:58:46:464] [api.js]: - SaveApiLog.mjs loading successfully
[INFO] [2024-12-15 01:58:46:465] [api.js]: - SaveRepetiteAttackRequest.mjs loading successfully
[INFO] [2024-12-15 01:58:46:466] [api.js]: - SaveServerInfo.mjs loading successfully
[INFO] [2024-12-15 01:58:46:466] [api.js]: - UpdatePermissionToken.mjs loading successfully
[INFO] [2024-12-15 01:58:46:467] [api.js]: - UpdateRepetiteAttackRequest.mjs loading successfully
[INFO] [2024-12-15 01:58:46:469] [api.js]: - UpdateUserService.mjs loading successfully
[INFO] [2024-12-15 01:58:46:471] [api.js]: - DashboardApi.mjs loading successfully
[INFO] [2024-12-15 01:58:46:472] [api.js]: - GetBatchInfo.mjs loading successfully
[INFO] [2024-12-15 01:58:46:473] [api.js]: - GetPocketLog.mjs loading successfully
[INFO] [2024-12-15 01:58:46:475] [api.js]: - UpdateExchangeRate.mjs loading successfully
[INFO] [2024-12-15 01:58:46:478] [api.js]: - CheckOtpAndAccountActivate.mjs loading successfully
[INFO] [2024-12-15 01:58:46:478] [api.js]: - GetUserWithEmail.mjs loading successfully
[INFO] [2024-12-15 01:58:46:479] [api.js]: - LoginService.mjs loading successfully
[INFO] [2024-12-15 01:58:46:480] [api.js]: - PasswordResetSendOTP.mjs loading successfully
[INFO] [2024-12-15 01:58:46:481] [api.js]: - SaveUserService.mjs loading successfully
[INFO] [2024-12-15 01:58:46:482] [api.js]: - SignUpService.mjs loading successfully
[INFO] [2024-12-15 01:58:46:483] [api.js]: - UpdateUserWithEmail.mjs loading successfully
[INFO] [2024-12-15 01:58:46:485] [api.js]: - GetAccount.mjs loading successfully
[INFO] [2024-12-15 01:58:46:486] [api.js]: - Login.mjs loading successfully
[INFO] [2024-12-15 01:58:46:488] [api.js]: - CheckOTP.mjs loading successfully
[INFO] [2024-12-15 01:58:46:489] [api.js]: - CheckTOKEN.mjs loading successfully
[INFO] [2024-12-15 01:58:46:490] [api.js]: - GenerateOTP.mjs loading successfully
[INFO] [2024-12-15 01:58:46:491] [api.js]: - GetOTP.mjs loading successfully
[INFO] [2024-12-15 01:58:46:492] [api.js]: - GetTOKEN.mjs loading successfully
[INFO] [2024-12-15 01:58:46:492] [api.js]: - ITReportSender.mjs loading successfully
[INFO] [2024-12-15 01:58:46:494] [api.js]: - SaveOTP.mjs loading successfully
[INFO] [2024-12-15 01:58:46:494] [api.js]: - SendEmailActivation.mjs loading successfully
[INFO] [2024-12-15 01:58:46:495] [api.js]: - SendNotificationCode.mjs loading successfully
[INFO] [2024-12-15 01:58:46:496] [api.js]: - SendOTP.mjs loading successfully
[INFO] [2024-12-15 01:58:46:497] [api.js]: - SendResumeMail.mjs loading successfully
[INFO] [2024-12-15 01:58:46:498] [api.js]: - SendResumeMailForSuspicious.mjs loading successfully
[INFO] [2024-12-15 01:58:46:499] [api.js]: - UpdateOTP.mjs loading successfully
[INFO] [2024-12-15 01:58:46:500] [api.js]: - ValidateVerifyEmailToken.mjs loading successfully
[INFO] [2024-12-15 01:58:46:503] [api.js]: - GetBatchJobs.mjs loading successfully
[INFO] [2024-12-15 01:58:46:504] [api.js]: - GetBatchJobWithParameter.mjs loading successfully
[INFO] [2024-12-15 01:58:46:505] [api.js]: - GetSecret.mjs loading successfully
[INFO] [2024-12-15 01:58:46:506] [api.js]: - SaveBatchJobs.mjs loading successfully
[INFO] [2024-12-15 01:58:46:507] [api.js]: - SaveServiceInfo.mjs loading successfully
[INFO] [2024-12-15 01:58:46:508] [api.js]: - UpdateBatchJob.mjs loading successfully
[INFO] [2024-12-15 01:58:46:510] [api.js]: - AnalysisAndReportBatch.mjs loading successfully
[INFO] [2024-12-15 01:58:46:511] [api.js]: - APIQueryResume.mjs loading successfully
[INFO] [2024-12-15 01:58:46:512] [api.js]: - DecisionResumeEntry.mjs loading successfully
[INFO] [2024-12-15 01:58:46:513] [api.js]: - FindIpContext.mjs loading successfully
[INFO] [2024-12-15 01:58:46:514] [api.js]: - GetBatchCounter.mjs loading successfully
[INFO] [2024-12-15 01:58:46:515] [api.js]: - GetCounter.mjs loading successfully
[INFO] [2024-12-15 01:58:46:516] [api.js]: - GetResumeData.mjs loading successfully
[INFO] [2024-12-15 01:58:46:517] [api.js]: - QueryDecisionResume.mjs loading successfully
[INFO] [2024-12-15 01:58:46:518] [api.js]: - SaveDecisionResume.mjs loading successfully
[INFO] [2024-12-15 01:58:46:519] [api.js]: - SaveMail.mjs loading successfully
[INFO] [2024-12-15 01:58:46:519] [api.js]: - SearchMail.mjs loading successfully
[INFO] [2024-12-15 01:58:46:520] [api.js]: - UpdateBatchCounter.mjs loading successfully
[INFO] [2024-12-15 01:58:46:521] [api.js]: - UpdateCounter.mjs loading successfully
[INFO] [2024-12-15 01:58:46:522] [api.js]: - UpdateDecisionResume.mjs loading successfully
[INFO] [2024-12-15 01:58:46:523] [api.js]: - VerifyCaptcha.mjs loading successfully
[INFO] [2024-12-15 01:58:46:525] [api.js]: - CeyrekAltinBatch.mjs loading successfully
[INFO] [2024-12-15 01:58:46:526] [api.js]: - DovizKurlariBatch.mjs loading successfully
[INFO] [2024-12-15 01:58:46:527] [api.js]: - GetCurrencyWithName.mjs loading successfully
[INFO] [2024-12-15 01:58:46:528] [api.js]: - UpdateCurrency.mjs loading successfully
[INFO] [2024-12-15 01:58:46:530] [api.js]: - HtmlTemplateTest.mjs loading successfully
[INFO] [2024-12-15 01:58:46:532] [api.js]: - GenerateToken.mjs loading successfully
[INFO] [2024-12-15 01:58:46:534] [api.js]: - GenerateUniqueID.mjs loading successfully
[INFO] [2024-12-15 01:58:46:535] [api.js]: - IpService.mjs loading successfully
[INFO] [2024-12-15 01:58:46:537] [api.js]:
Success process: 77
Fail process: 0
Total Modules: 12
Total Service: 77
[INFO] [2024-12-15 01:58:46:539] [api.js]:
Module and service static check has been completed successfully.
[INFO] [2024-12-15 01:58:46:630] [PocketService.js]: Trigger : SaveServerInfo
[INFO] [2024-12-15 01:58:46:638] [PocketService.js]: Trigger : GetServerInfo
[INFO] [2024-12-15 01:58:46:714] [unknown]: Server is started on port 3000
[REQUEST] [2024-12-15 01:58:48:835] [api.js]:
                                   [MODULE]       : Admpanel
                                   [SERVICE]      : DashboardApi
                                   [ENDPOINT]     : adm-dashboard-info
                                   [METHOD]       : GET
                                   [X-USER-TOKEN] : 65d78580994151d94460ea1f
                                   [IP]           : ::1
[INFO] [2024-12-15 01:58:48:844] [PocketService.js]: Trigger : ControlUserPermissionToken
[INFO] [2024-12-15 01:58:48:852] [PocketService.js]: Trigger : GetPermissionToken
[INFO] [2024-12-15 01:58:48:871] [PocketService.js]: Trigger : UpdatePermissionToken
[INFO] [2024-12-15 01:58:48:901] [PocketService.js]: Trigger : DashboardApi
[INFO] [2024-12-15 01:58:48:927] [PocketService.js]: Trigger : GetEndpoints
[INFO] [2024-12-15 01:58:48:932] [PocketService.js]: Trigger : GetServerInfo
[INFO] [2024-12-15 01:58:48:942] [PocketService.js]: Trigger : GetAllServerInfo
[INFO] [2024-12-15 01:58:48:953] [PocketService.js]: Trigger : GetBatchHealth
[INFO] [2024-12-15 01:58:48:956] [GetBatchHealth.mjs]: GetBatchhealt servisinde info fırlatıldı
[INFO] [2024-12-15 01:58:48:994] [PocketService.js]: Trigger : GetBatchJobs
[INFO] [2024-12-15 01:58:49:017] [PocketService.js]: Trigger : GetPocketLog
[INFO] [2024-12-15 01:58:49:183] [PocketService.js]: Trigger : SaveApiLog
[REQUEST] [2024-12-15 01:58:50:757] [api.js]:
                                   [MODULE]       : Admpanel
                                   [SERVICE]      : DashboardApi
                                   [ENDPOINT]     : adm-dashboard-info
                                   [METHOD]       : GET
                                   [X-USER-TOKEN] : 65d78580994151d94460ea1f
                                   [IP]           : ::1
[INFO] [2024-12-15 01:58:50:765] [PocketService.js]: Trigger : ControlUserPermissionToken
[INFO] [2024-12-15 01:58:50:769] [PocketService.js]: Trigger : GetPermissionToken
[INFO] [2024-12-15 01:58:50:779] [PocketService.js]: Trigger : UpdatePermissionToken
[INFO] [2024-12-15 01:58:50:791] [PocketService.js]: Trigger : DashboardApi
[INFO] [2024-12-15 01:58:50:797] [PocketService.js]: Trigger : GetEndpoints
[INFO] [2024-12-15 01:58:50:800] [PocketService.js]: Trigger : GetBatchJobs
[INFO] [2024-12-15 01:58:50:803] [PocketService.js]: Trigger : GetAllServerInfo
[INFO] [2024-12-15 01:58:50:805] [PocketService.js]: Trigger : GetBatchHealth
[INFO] [2024-12-15 01:58:50:806] [GetBatchHealth.mjs]: GetBatchhealt servisinde info fırlatıldı
[INFO] [2024-12-15 01:58:50:808] [PocketService.js]: Trigger : GetPocketLog
[INFO] [2024-12-15 01:58:50:810] [PocketService.js]: Trigger : GetServerInfo
[INFO] [2024-12-15 01:58:50:960] [PocketService.js]: Trigger : SaveApiLog
[REQUEST] [2024-12-15 01:58:52:267] [api.js]:
                                   [MODULE]       : Admpanel
                                   [SERVICE]      : DashboardApi
                                   [ENDPOINT]     : adm-dashboard-info
                                   [METHOD]       : GET
                                   [X-USER-TOKEN] : 65d78580994151d94460ea1f
                                   [IP]           : ::1
[INFO] [2024-12-15 01:58:52:272] [PocketService.js]: Trigger : ControlUserPermissionToken
[INFO] [2024-12-15 01:58:52:274] [PocketService.js]: Trigger : GetPermissionToken
[INFO] [2024-12-15 01:58:52:290] [PocketService.js]: Trigger : UpdatePermissionToken
[INFO] [2024-12-15 01:58:52:307] [PocketService.js]: Trigger : DashboardApi
[INFO] [2024-12-15 01:58:52:315] [PocketService.js]: Trigger : GetEndpoints
[INFO] [2024-12-15 01:58:52:319] [PocketService.js]: Trigger : GetBatchJobs
[INFO] [2024-12-15 01:58:52:322] [PocketService.js]: Trigger : GetAllServerInfo
[INFO] [2024-12-15 01:58:52:324] [PocketService.js]: Trigger : GetBatchHealth
[INFO] [2024-12-15 01:58:52:325] [GetBatchHealth.mjs]: GetBatchhealt servisinde info fırlatıldı
[INFO] [2024-12-15 01:58:52:328] [PocketService.js]: Trigger : GetPocketLog
[INFO] [2024-12-15 01:58:52:330] [PocketService.js]: Trigger : GetServerInfo
[INFO] [2024-12-15 01:58:52:476] [PocketService.js]: Trigger : SaveApiLog
[REQUEST] [2024-12-15 01:58:53:740] [api.js]:
                                   [MODULE]       : Admpanel
                                   [SERVICE]      : DashboardApi
                                   [ENDPOINT]     : adm-dashboard-info
                                   [METHOD]       : GET
                                   [X-USER-TOKEN] : 65d78580994151d94460ea1f
                                   [IP]           : ::1
[INFO] [2024-12-15 01:58:53:742] [PocketService.js]: Trigger : ControlUserPermissionToken
[INFO] [2024-12-15 01:58:53:745] [PocketService.js]: Trigger : GetPermissionToken
[INFO] [2024-12-15 01:58:53:756] [PocketService.js]: Trigger : UpdatePermissionToken
[INFO] [2024-12-15 01:58:53:777] [PocketService.js]: Trigger : DashboardApi
[INFO] [2024-12-15 01:58:53:786] [PocketService.js]: Trigger : GetEndpoints
[INFO] [2024-12-15 01:58:53:788] [PocketService.js]: Trigger : GetBatchJobs
[INFO] [2024-12-15 01:58:53:790] [PocketService.js]: Trigger : GetAllServerInfo
[INFO] [2024-12-15 01:58:53:792] [PocketService.js]: Trigger : GetBatchHealth
[INFO] [2024-12-15 01:58:53:794] [GetBatchHealth.mjs]: GetBatchhealt servisinde info fırlatıldı
[INFO] [2024-12-15 01:58:53:797] [PocketService.js]: Trigger : GetPocketLog
[INFO] [2024-12-15 01:58:53:800] [PocketService.js]: Trigger : GetServerInfo
[INFO] [2024-12-15 01:58:53:942] [PocketService.js]: Trigger : SaveApiLog
[REQUEST] [2024-12-15 12:51:50:880] [api.js]:
                                   [MODULE]       : Admpanel
                                   [SERVICE]      : DashboardApi
                                   [ENDPOINT]     : adm-dashboard-info
                                   [METHOD]       : GET
                                   [X-USER-TOKEN] : 65d78580994151d94460ea1f
                                   [IP]           : ::1
[INFO] [2024-12-15 12:51:50:885] [PocketService.js]: Trigger : ControlUserPermissionToken
[INFO] [2024-12-15 12:51:50:888] [PocketService.js]: Trigger : GetPermissionToken
[INFO] [2024-12-15 12:51:50:905] [PocketService.js]: Trigger : UpdatePermissionToken
[INFO] [2024-12-15 12:51:50:926] [PocketService.js]: Trigger : DashboardApi
[INFO] [2024-12-15 12:51:50:935] [PocketService.js]: Trigger : GetEndpoints
[INFO] [2024-12-15 12:51:50:939] [PocketService.js]: Trigger : GetBatchJobs
[INFO] [2024-12-15 12:51:50:943] [PocketService.js]: Trigger : GetAllServerInfo
[INFO] [2024-12-15 12:51:50:946] [PocketService.js]: Trigger : GetBatchHealth
[INFO] [2024-12-15 12:51:50:947] [GetBatchHealth.mjs]: GetBatchhealt servisinde info fırlatıldı
[INFO] [2024-12-15 12:51:50:949] [PocketService.js]: Trigger : GetPocketLog
[INFO] [2024-12-15 12:51:50:951] [PocketService.js]: Trigger : GetServerInfo
[INFO] [2024-12-15 12:51:51:145] [PocketService.js]: Trigger : SaveApiLog
[REQUEST] [2024-12-15 12:51:52:467] [api.js]:
                                   [MODULE]       : Admpanel
                                   [SERVICE]      : DashboardApi
                                   [ENDPOINT]     : adm-dashboard-info
                                   [METHOD]       : GET
                                   [X-USER-TOKEN] : 65d78580994151d94460ea1f
                                   [IP]           : ::1
[INFO] [2024-12-15 12:51:52:472] [PocketService.js]: Trigger : ControlUserPermissionToken
[INFO] [2024-12-15 12:51:52:474] [PocketService.js]: Trigger : GetPermissionToken
[INFO] [2024-12-15 12:51:52:488] [PocketService.js]: Trigger : UpdatePermissionToken
[INFO] [2024-12-15 12:51:52:511] [PocketService.js]: Trigger : DashboardApi
[INFO] [2024-12-15 12:51:52:517] [PocketService.js]: Trigger : GetEndpoints
[INFO] [2024-12-15 12:51:52:519] [PocketService.js]: Trigger : GetBatchJobs
[INFO] [2024-12-15 12:51:52:522] [PocketService.js]: Trigger : GetAllServerInfo
[INFO] [2024-12-15 12:51:52:525] [PocketService.js]: Trigger : GetBatchHealth
[INFO] [2024-12-15 12:51:52:527] [GetBatchHealth.mjs]: GetBatchhealt servisinde info fırlatıldı
[INFO] [2024-12-15 12:51:52:532] [PocketService.js]: Trigger : GetPocketLog
[INFO] [2024-12-15 12:51:52:536] [PocketService.js]: Trigger : GetServerInfo
[INFO] [2024-12-15 12:51:52:688] [PocketService.js]: Trigger : SaveApiLog
[REQUEST] [2024-12-15 12:51:54:356] [api.js]:
                                   [MODULE]       : Admpanel
                                   [SERVICE]      : DashboardApi
                                   [ENDPOINT]     : adm-dashboard-info
                                   [METHOD]       : GET
                                   [X-USER-TOKEN] : 65d78580994151d94460ea1f
                                   [IP]           : ::1
[INFO] [2024-12-15 12:51:54:361] [PocketService.js]: Trigger : ControlUserPermissionToken
[INFO] [2024-12-15 12:51:54:364] [PocketService.js]: Trigger : GetPermissionToken
[INFO] [2024-12-15 12:51:54:380] [PocketService.js]: Trigger : UpdatePermissionToken
[INFO] [2024-12-15 12:51:54:397] [PocketService.js]: Trigger : DashboardApi
[INFO] [2024-12-15 12:51:54:406] [PocketService.js]: Trigger : GetEndpoints
[INFO] [2024-12-15 12:51:54:408] [PocketService.js]: Trigger : GetBatchJobs
[INFO] [2024-12-15 12:51:54:412] [PocketService.js]: Trigger : GetAllServerInfo
[INFO] [2024-12-15 12:51:54:415] [PocketService.js]: Trigger : GetBatchHealth
[INFO] [2024-12-15 12:51:54:416] [GetBatchHealth.mjs]: GetBatchhealt servisinde info fırlatıldı
[INFO] [2024-12-15 12:51:54:419] [PocketService.js]: Trigger : GetPocketLog
[INFO] [2024-12-15 12:51:54:422] [PocketService.js]: Trigger : GetServerInfo
[INFO] [2024-12-15 12:51:54:569] [PocketService.js]: Trigger : SaveApiLog
[INFO] [2024-12-15 12:55:27:271] [api.js]: - CheckAbuseipAttacker.mjs loading successfully
[INFO] [2024-12-15 12:55:27:276] [api.js]: - CheckTokenEndpointAuth.mjs loading successfully
[INFO] [2024-12-15 12:55:27:277] [api.js]: - ControlUserPermissionToken.mjs loading successfully
[INFO] [2024-12-15 12:55:27:278] [api.js]: - DecisionRepetiteAttackRequest.mjs loading successfully
[INFO] [2024-12-15 12:55:27:279] [api.js]: - GetActiveRepetiteAttackRequest.mjs loading successfully
[INFO] [2024-12-15 12:55:27:281] [api.js]: - GetAllServerInfo.mjs loading successfully
[INFO] [2024-12-15 12:55:27:282] [api.js]: - GetBatchHealth.mjs loading successfully
[INFO] [2024-12-15 12:55:27:284] [api.js]: - GetEndpoints.mjs loading successfully
[INFO] [2024-12-15 12:55:27:285] [api.js]: - GetPermissionToken.mjs loading successfully
[INFO] [2024-12-15 12:55:27:286] [api.js]: - GetServerInfo.mjs loading successfully
[INFO] [2024-12-15 12:55:27:287] [api.js]: - GetUserService.mjs loading successfully
[INFO] [2024-12-15 12:55:27:288] [api.js]: - GetUserWithEmail.mjs loading successfully
[INFO] [2024-12-15 12:55:27:291] [api.js]: - GetUserWithUserId.mjs loading successfully
[INFO] [2024-12-15 12:55:27:293] [api.js]: - LoginService.mjs loading successfully
[INFO] [2024-12-15 12:55:27:294] [api.js]: - LogoutService.mjs loading successfully
[INFO] [2024-12-15 12:55:27:296] [api.js]: - SaveApiLog.mjs loading successfully
[INFO] [2024-12-15 12:55:27:297] [api.js]: - SaveRepetiteAttackRequest.mjs loading successfully
[INFO] [2024-12-15 12:55:27:298] [api.js]: - SaveServerInfo.mjs loading successfully
[INFO] [2024-12-15 12:55:27:300] [api.js]: - UpdatePermissionToken.mjs loading successfully
[INFO] [2024-12-15 12:55:27:301] [api.js]: - UpdateRepetiteAttackRequest.mjs loading successfully
[INFO] [2024-12-15 12:55:27:302] [api.js]: - UpdateUserService.mjs loading successfully
[INFO] [2024-12-15 12:55:27:305] [api.js]: - DashboardApi.mjs loading successfully
[INFO] [2024-12-15 12:55:27:308] [api.js]: - GetBatchInfo.mjs loading successfully
[INFO] [2024-12-15 12:55:27:311] [api.js]: - GetPocketLog.mjs loading successfully
[INFO] [2024-12-15 12:55:27:314] [api.js]: - UpdateExchangeRate.mjs loading successfully
[INFO] [2024-12-15 12:55:27:316] [api.js]: - CheckOtpAndAccountActivate.mjs loading successfully
[INFO] [2024-12-15 12:55:27:317] [api.js]: - GetUserWithEmail.mjs loading successfully
[INFO] [2024-12-15 12:55:27:318] [api.js]: - LoginService.mjs loading successfully
[INFO] [2024-12-15 12:55:27:320] [api.js]: - PasswordResetSendOTP.mjs loading successfully
[INFO] [2024-12-15 12:55:27:321] [api.js]: - SaveUserService.mjs loading successfully
[INFO] [2024-12-15 12:55:27:322] [api.js]: - SignUpService.mjs loading successfully
[INFO] [2024-12-15 12:55:27:323] [api.js]: - UpdateUserWithEmail.mjs loading successfully
[INFO] [2024-12-15 12:55:27:329] [api.js]: - GetAccount.mjs loading successfully
[INFO] [2024-12-15 12:55:27:330] [api.js]: - Login.mjs loading successfully
[INFO] [2024-12-15 12:55:27:333] [api.js]: - CheckOTP.mjs loading successfully
[INFO] [2024-12-15 12:55:27:334] [api.js]: - CheckTOKEN.mjs loading successfully
[INFO] [2024-12-15 12:55:27:335] [api.js]: - GenerateOTP.mjs loading successfully
[INFO] [2024-12-15 12:55:27:336] [api.js]: - GetOTP.mjs loading successfully
[INFO] [2024-12-15 12:55:27:337] [api.js]: - GetTOKEN.mjs loading successfully
[INFO] [2024-12-15 12:55:27:338] [api.js]: - ITReportSender.mjs loading successfully
[INFO] [2024-12-15 12:55:27:339] [api.js]: - SaveOTP.mjs loading successfully
[INFO] [2024-12-15 12:55:27:340] [api.js]: - SendEmailActivation.mjs loading successfully
[INFO] [2024-12-15 12:55:27:341] [api.js]: - SendNotificationCode.mjs loading successfully
[INFO] [2024-12-15 12:55:27:343] [api.js]: - SendOTP.mjs loading successfully
[INFO] [2024-12-15 12:55:27:344] [api.js]: - SendResumeMail.mjs loading successfully
[INFO] [2024-12-15 12:55:27:345] [api.js]: - SendResumeMailForSuspicious.mjs loading successfully
[INFO] [2024-12-15 12:55:27:346] [api.js]: - UpdateOTP.mjs loading successfully
[INFO] [2024-12-15 12:55:27:346] [api.js]: - ValidateVerifyEmailToken.mjs loading successfully
[INFO] [2024-12-15 12:55:27:349] [api.js]: - GetBatchJobs.mjs loading successfully
[INFO] [2024-12-15 12:55:27:350] [api.js]: - GetBatchJobWithParameter.mjs loading successfully
[INFO] [2024-12-15 12:55:27:351] [api.js]: - GetSecret.mjs loading successfully
[INFO] [2024-12-15 12:55:27:352] [api.js]: - SaveBatchJobs.mjs loading successfully
[INFO] [2024-12-15 12:55:27:352] [api.js]: - SaveServiceInfo.mjs loading successfully
[INFO] [2024-12-15 12:55:27:353] [api.js]: - UpdateBatchJob.mjs loading successfully
[INFO] [2024-12-15 12:55:27:366] [api.js]: - AnalysisAndReportBatch.mjs loading successfully
[INFO] [2024-12-15 12:55:27:367] [api.js]: - APIQueryResume.mjs loading successfully
[INFO] [2024-12-15 12:55:27:368] [api.js]: - DecisionResumeEntry.mjs loading successfully
[INFO] [2024-12-15 12:55:27:370] [api.js]: - FindIpContext.mjs loading successfully
[INFO] [2024-12-15 12:55:27:371] [api.js]: - GetBatchCounter.mjs loading successfully
[INFO] [2024-12-15 12:55:27:375] [api.js]: - GetCounter.mjs loading successfully
[INFO] [2024-12-15 12:55:27:377] [api.js]: - GetResumeData.mjs loading successfully
[INFO] [2024-12-15 12:55:27:378] [api.js]: - QueryDecisionResume.mjs loading successfully
[INFO] [2024-12-15 12:55:27:379] [api.js]: - SaveDecisionResume.mjs loading successfully
[INFO] [2024-12-15 12:55:27:380] [api.js]: - SaveMail.mjs loading successfully
[INFO] [2024-12-15 12:55:27:381] [api.js]: - SearchMail.mjs loading successfully
[INFO] [2024-12-15 12:55:27:382] [api.js]: - UpdateBatchCounter.mjs loading successfully
[INFO] [2024-12-15 12:55:27:383] [api.js]: - UpdateCounter.mjs loading successfully
[INFO] [2024-12-15 12:55:27:384] [api.js]: - UpdateDecisionResume.mjs loading successfully
[INFO] [2024-12-15 12:55:27:384] [api.js]: - VerifyCaptcha.mjs loading successfully
[INFO] [2024-12-15 12:55:27:387] [api.js]: - CeyrekAltinBatch.mjs loading successfully
[INFO] [2024-12-15 12:55:27:388] [api.js]: - DovizKurlariBatch.mjs loading successfully
[INFO] [2024-12-15 12:55:27:389] [api.js]: - GetCurrencyWithName.mjs loading successfully
[INFO] [2024-12-15 12:55:27:390] [api.js]: - UpdateCurrency.mjs loading successfully
[INFO] [2024-12-15 12:55:27:393] [api.js]: - HtmlTemplateTest.mjs loading successfully
[INFO] [2024-12-15 12:55:27:395] [api.js]: - GenerateToken.mjs loading successfully
[INFO] [2024-12-15 12:55:27:397] [api.js]: - GenerateUniqueID.mjs loading successfully
[INFO] [2024-12-15 12:55:27:397] [api.js]: - IpService.mjs loading successfully
[INFO] [2024-12-15 12:55:27:399] [api.js]:
Success process: 77
Fail process: 0
Total Modules: 12
Total Service: 77
[INFO] [2024-12-15 12:55:27:401] [api.js]:
Module and service static check has been completed successfully.
[INFO] [2024-12-15 12:55:27:540] [PocketService.js]: Trigger : SaveServerInfo
[INFO] [2024-12-15 12:55:27:565] [PocketService.js]: Trigger : GetServerInfo
[INFO] [2024-12-15 12:55:27:673] [unknown]: Server is started on port 3000
[REQUEST] [2024-12-15 12:55:35:641] [api.js]:
                                   [MODULE]       : Admpanel
                                   [SERVICE]      : DashboardApi
                                   [ENDPOINT]     : adm-dashboard-info
                                   [METHOD]       : GET
                                   [X-USER-TOKEN] : 65d78580994151d94460ea1f
                                   [IP]           : ::1
[INFO] [2024-12-15 12:55:35:652] [PocketService.js]: Trigger : ControlUserPermissionToken
[INFO] [2024-12-15 12:55:35:662] [PocketService.js]: Trigger : GetPermissionToken
[INFO] [2024-12-15 12:55:35:697] [PocketService.js]: Trigger : UpdatePermissionToken
[INFO] [2024-12-15 12:55:35:734] [PocketService.js]: Trigger : DashboardApi
[INFO] [2024-12-15 12:55:35:758] [PocketService.js]: Trigger : GetEndpoints
[INFO] [2024-12-15 12:55:35:762] [PocketService.js]: Trigger : GetServerInfo
[INFO] [2024-12-15 12:55:35:770] [PocketService.js]: Trigger : GetAllServerInfo
[INFO] [2024-12-15 12:55:35:781] [PocketService.js]: Trigger : GetBatchHealth
[INFO] [2024-12-15 12:55:35:782] [GetBatchHealth.mjs]: GetBatchhealt servisinde info fırlatıldı
[INFO] [2024-12-15 12:55:35:816] [PocketService.js]: Trigger : GetBatchJobs
[INFO] [2024-12-15 12:55:35:835] [PocketService.js]: Trigger : GetPocketLog
[INFO] [2024-12-15 12:55:36:032] [PocketService.js]: Trigger : SaveApiLog
[INFO] [2024-12-15 12:57:52:766] [api.js]: - CheckAbuseipAttacker.mjs loading successfully
[INFO] [2024-12-15 12:57:52:769] [api.js]: - CheckTokenEndpointAuth.mjs loading successfully
[INFO] [2024-12-15 12:57:52:770] [api.js]: - ControlUserPermissionToken.mjs loading successfully
[INFO] [2024-12-15 12:57:52:771] [api.js]: - DecisionRepetiteAttackRequest.mjs loading successfully
[INFO] [2024-12-15 12:57:52:773] [api.js]: - GetActiveRepetiteAttackRequest.mjs loading successfully
[INFO] [2024-12-15 12:57:52:774] [api.js]: - GetAllServerInfo.mjs loading successfully
[INFO] [2024-12-15 12:57:52:775] [api.js]: - GetBatchHealth.mjs loading successfully
[INFO] [2024-12-15 12:57:52:776] [api.js]: - GetEndpoints.mjs loading successfully
[INFO] [2024-12-15 12:57:52:777] [api.js]: - GetPermissionToken.mjs loading successfully
[INFO] [2024-12-15 12:57:52:778] [api.js]: - GetServerInfo.mjs loading successfully
[INFO] [2024-12-15 12:57:52:779] [api.js]: - GetUserService.mjs loading successfully
[INFO] [2024-12-15 12:57:52:780] [api.js]: - GetUserWithEmail.mjs loading successfully
[INFO] [2024-12-15 12:57:52:781] [api.js]: - GetUserWithUserId.mjs loading successfully
[INFO] [2024-12-15 12:57:52:782] [api.js]: - LoginService.mjs loading successfully
[INFO] [2024-12-15 12:57:52:783] [api.js]: - LogoutService.mjs loading successfully
[INFO] [2024-12-15 12:57:52:784] [api.js]: - SaveApiLog.mjs loading successfully
[INFO] [2024-12-15 12:57:52:785] [api.js]: - SaveRepetiteAttackRequest.mjs loading successfully
[INFO] [2024-12-15 12:57:52:786] [api.js]: - SaveServerInfo.mjs loading successfully
[INFO] [2024-12-15 12:57:52:787] [api.js]: - UpdatePermissionToken.mjs loading successfully
[INFO] [2024-12-15 12:57:52:788] [api.js]: - UpdateRepetiteAttackRequest.mjs loading successfully
[INFO] [2024-12-15 12:57:52:789] [api.js]: - UpdateUserService.mjs loading successfully
[INFO] [2024-12-15 12:57:52:791] [api.js]: - DashboardApi.mjs loading successfully
[INFO] [2024-12-15 12:57:52:793] [api.js]: - GetBatchInfo.mjs loading successfully
[INFO] [2024-12-15 12:57:52:794] [api.js]: - GetPocketLog.mjs loading successfully
[INFO] [2024-12-15 12:57:52:796] [api.js]: - UpdateExchangeRate.mjs loading successfully
[INFO] [2024-12-15 12:57:52:799] [api.js]: - CheckOtpAndAccountActivate.mjs loading successfully
[INFO] [2024-12-15 12:57:52:800] [api.js]: - GetUserWithEmail.mjs loading successfully
[INFO] [2024-12-15 12:57:52:800] [api.js]: - LoginService.mjs loading successfully
[INFO] [2024-12-15 12:57:52:801] [api.js]: - PasswordResetSendOTP.mjs loading successfully
[INFO] [2024-12-15 12:57:52:802] [api.js]: - SaveUserService.mjs loading successfully
[INFO] [2024-12-15 12:57:52:803] [api.js]: - SignUpService.mjs loading successfully
[INFO] [2024-12-15 12:57:52:804] [api.js]: - UpdateUserWithEmail.mjs loading successfully
[INFO] [2024-12-15 12:57:52:806] [api.js]: - GetAccount.mjs loading successfully
[INFO] [2024-12-15 12:57:52:807] [api.js]: - Login.mjs loading successfully
[INFO] [2024-12-15 12:57:52:809] [api.js]: - CheckOTP.mjs loading successfully
[INFO] [2024-12-15 12:57:52:810] [api.js]: - CheckTOKEN.mjs loading successfully
[INFO] [2024-12-15 12:57:52:811] [api.js]: - GenerateOTP.mjs loading successfully
[INFO] [2024-12-15 12:57:52:812] [api.js]: - GetOTP.mjs loading successfully
[INFO] [2024-12-15 12:57:52:813] [api.js]: - GetTOKEN.mjs loading successfully
[INFO] [2024-12-15 12:57:52:814] [api.js]: - ITReportSender.mjs loading successfully
[INFO] [2024-12-15 12:57:52:815] [api.js]: - SaveOTP.mjs loading successfully
[INFO] [2024-12-15 12:57:52:816] [api.js]: - SendEmailActivation.mjs loading successfully
[INFO] [2024-12-15 12:57:52:816] [api.js]: - SendNotificationCode.mjs loading successfully
[INFO] [2024-12-15 12:57:52:817] [api.js]: - SendOTP.mjs loading successfully
[INFO] [2024-12-15 12:57:52:818] [api.js]: - SendResumeMail.mjs loading successfully
[INFO] [2024-12-15 12:57:52:819] [api.js]: - SendResumeMailForSuspicious.mjs loading successfully
[INFO] [2024-12-15 12:57:52:820] [api.js]: - UpdateOTP.mjs loading successfully
[INFO] [2024-12-15 12:57:52:821] [api.js]: - ValidateVerifyEmailToken.mjs loading successfully
[INFO] [2024-12-15 12:57:52:823] [api.js]: - GetBatchJobs.mjs loading successfully
[INFO] [2024-12-15 12:57:52:824] [api.js]: - GetBatchJobWithParameter.mjs loading successfully
[INFO] [2024-12-15 12:57:52:825] [api.js]: - GetSecret.mjs loading successfully
[INFO] [2024-12-15 12:57:52:826] [api.js]: - SaveBatchJobs.mjs loading successfully
[INFO] [2024-12-15 12:57:52:827] [api.js]: - SaveServiceInfo.mjs loading successfully
[INFO] [2024-12-15 12:57:52:828] [api.js]: - UpdateBatchJob.mjs loading successfully
[INFO] [2024-12-15 12:57:52:831] [api.js]: - AnalysisAndReportBatch.mjs loading successfully
[INFO] [2024-12-15 12:57:52:831] [api.js]: - APIQueryResume.mjs loading successfully
[INFO] [2024-12-15 12:57:52:832] [api.js]: - DecisionResumeEntry.mjs loading successfully
[INFO] [2024-12-15 12:57:52:833] [api.js]: - FindIpContext.mjs loading successfully
[INFO] [2024-12-15 12:57:52:834] [api.js]: - GetBatchCounter.mjs loading successfully
[INFO] [2024-12-15 12:57:52:836] [api.js]: - GetCounter.mjs loading successfully
[INFO] [2024-12-15 12:57:52:837] [api.js]: - GetResumeData.mjs loading successfully
[INFO] [2024-12-15 12:57:52:838] [api.js]: - QueryDecisionResume.mjs loading successfully
[INFO] [2024-12-15 12:57:52:839] [api.js]: - SaveDecisionResume.mjs loading successfully
[INFO] [2024-12-15 12:57:52:840] [api.js]: - SaveMail.mjs loading successfully
[INFO] [2024-12-15 12:57:52:843] [api.js]: - SearchMail.mjs loading successfully
[INFO] [2024-12-15 12:57:52:845] [api.js]: - UpdateBatchCounter.mjs loading successfully
[INFO] [2024-12-15 12:57:52:846] [api.js]: - UpdateCounter.mjs loading successfully
[INFO] [2024-12-15 12:57:52:847] [api.js]: - UpdateDecisionResume.mjs loading successfully
[INFO] [2024-12-15 12:57:52:848] [api.js]: - VerifyCaptcha.mjs loading successfully
[INFO] [2024-12-15 12:57:52:850] [api.js]: - CeyrekAltinBatch.mjs loading successfully
[INFO] [2024-12-15 12:57:52:851] [api.js]: - DovizKurlariBatch.mjs loading successfully
[INFO] [2024-12-15 12:57:52:851] [api.js]: - GetCurrencyWithName.mjs loading successfully
[INFO] [2024-12-15 12:57:52:852] [api.js]: - UpdateCurrency.mjs loading successfully
[INFO] [2024-12-15 12:57:52:855] [api.js]: - HtmlTemplateTest.mjs loading successfully
[INFO] [2024-12-15 12:57:52:858] [api.js]: - GenerateToken.mjs loading successfully
[INFO] [2024-12-15 12:57:52:863] [api.js]: - GenerateUniqueID.mjs loading successfully
[INFO] [2024-12-15 12:57:52:864] [api.js]: - IpService.mjs loading successfully
[INFO] [2024-12-15 12:57:52:866] [api.js]:
Success process: 77
Fail process: 0
Total Modules: 12
Total Service: 77
[INFO] [2024-12-15 12:57:52:867] [api.js]:
Module and service static check has been completed successfully.
[INFO] [2024-12-15 12:57:52:967] [PocketService.js]: Trigger : SaveServerInfo
[INFO] [2024-12-15 12:57:52:983] [PocketService.js]: Trigger : GetServerInfo
[INFO] [2024-12-15 12:57:53:105] [unknown]: Server is started on port 3000
[REQUEST] [2024-12-15 12:57:55:891] [api.js]:
                                   [MODULE]       : Admpanel
                                   [SERVICE]      : DashboardApi
                                   [ENDPOINT]     : adm-dashboard-info
                                   [METHOD]       : GET
                                   [X-USER-TOKEN] : 65d78580994151d94460ea1f
                                   [IP]           : ::1
[INFO] [2024-12-15 12:57:55:900] [PocketService.js]: Trigger : ControlUserPermissionToken
[INFO] [2024-12-15 12:57:55:906] [PocketService.js]: Trigger : GetPermissionToken
[INFO] [2024-12-15 12:57:55:924] [PocketService.js]: Trigger : UpdatePermissionToken
[INFO] [2024-12-15 12:57:55:954] [PocketService.js]: Trigger : DashboardApi
[INFO] [2024-12-15 12:57:55:976] [PocketService.js]: Trigger : GetEndpoints
[INFO] [2024-12-15 12:57:55:979] [PocketService.js]: Trigger : GetServerInfo
[INFO] [2024-12-15 12:57:55:987] [PocketService.js]: Trigger : GetAllServerInfo
[INFO] [2024-12-15 12:57:55:997] [PocketService.js]: Trigger : GetBatchHealth
[INFO] [2024-12-15 12:57:55:998] [GetBatchHealth.mjs]: GetBatchhealt servisinde info fırlatıldı
[INFO] [2024-12-15 12:57:56:039] [PocketService.js]: Trigger : GetBatchJobs
[INFO] [2024-12-15 12:57:56:055] [PocketService.js]: Trigger : GetPocketLog
[INFO] [2024-12-15 12:57:56:233] [PocketService.js]: Trigger : SaveApiLog
[REQUEST] [2024-12-15 12:58:16:667] [api.js]:
                                   [MODULE]       : Admpanel
                                   [SERVICE]      : DashboardApi
                                   [ENDPOINT]     : adm-dashboard-info
                                   [METHOD]       : GET
                                   [X-USER-TOKEN] : 65d78580994151d94460ea1f
                                   [IP]           : ::1
[INFO] [2024-12-15 12:58:16:674] [PocketService.js]: Trigger : ControlUserPermissionToken
[INFO] [2024-12-15 12:58:16:677] [PocketService.js]: Trigger : GetPermissionToken
[INFO] [2024-12-15 12:58:16:689] [PocketService.js]: Trigger : UpdatePermissionToken
[INFO] [2024-12-15 12:58:16:703] [PocketService.js]: Trigger : DashboardApi
[INFO] [2024-12-15 12:59:06:668] [PocketService.js]: Trigger : GetEndpoints
[INFO] [2024-12-15 12:59:06:670] [PocketService.js]: Trigger : GetBatchJobs
[INFO] [2024-12-15 12:59:06:673] [PocketService.js]: Trigger : GetAllServerInfo
[INFO] [2024-12-15 12:59:06:677] [PocketService.js]: Trigger : GetBatchHealth
[INFO] [2024-12-15 12:59:06:678] [GetBatchHealth.mjs]: GetBatchhealt servisinde info fırlatıldı
[INFO] [2024-12-15 12:59:06:681] [PocketService.js]: Trigger : GetPocketLog
[INFO] [2024-12-15 12:59:06:683] [PocketService.js]: Trigger : GetServerInfo
[INFO] [2024-12-15 12:59:06:698] [PocketService.js]: Trigger : SaveApiLog
[REQUEST] [2024-12-15 17:02:25:070] [api.js]:
                                   [MODULE]       : Admpanel
                                   [SERVICE]      : GetPocketLog
                                   [ENDPOINT]     : adm-pocket-log
                                   [METHOD]       : GET
                                   [X-USER-TOKEN] : 65d78580994151d94460ea1f
                                   [IP]           : ::1
[INFO] [2024-12-15 17:02:25:076] [PocketService.js]: Trigger : ControlUserPermissionToken
[INFO] [2024-12-15 17:02:25:079] [PocketService.js]: Trigger : GetPermissionToken
[INFO] [2024-12-15 17:02:25:091] [PocketService.js]: Trigger : UpdatePermissionToken
[INFO] [2024-12-15 17:02:25:124] [PocketService.js]: Trigger : GetPocketLog
[ERROR] [2024-12-15 17:02:25:126] [GetPocketLog.mjs]: GetPocketLog servisinde hata meydana geldi: Gelecekteki bir tarih için sorgulama yapılamaz.
undefined
[INFO] [2024-12-15 17:02:25:129] [PocketService.js]: Trigger : SaveApiLog
[INFO] [2024-12-15 17:03:02:611] [api.js]: - CheckAbuseipAttacker.mjs loading successfully
[INFO] [2024-12-15 17:03:02:614] [api.js]: - CheckTokenEndpointAuth.mjs loading successfully
[INFO] [2024-12-15 17:03:02:615] [api.js]: - ControlUserPermissionToken.mjs loading successfully
[INFO] [2024-12-15 17:03:02:616] [api.js]: - DecisionRepetiteAttackRequest.mjs loading successfully
[INFO] [2024-12-15 17:03:02:617] [api.js]: - GetActiveRepetiteAttackRequest.mjs loading successfully
[INFO] [2024-12-15 17:03:02:618] [api.js]: - GetAllServerInfo.mjs loading successfully
[INFO] [2024-12-15 17:03:02:619] [api.js]: - GetBatchHealth.mjs loading successfully
[INFO] [2024-12-15 17:03:02:621] [api.js]: - GetEndpoints.mjs loading successfully
[INFO] [2024-12-15 17:03:02:622] [api.js]: - GetPermissionToken.mjs loading successfully
[INFO] [2024-12-15 17:03:02:623] [api.js]: - GetServerInfo.mjs loading successfully
[INFO] [2024-12-15 17:03:02:625] [api.js]: - GetUserService.mjs loading successfully
[INFO] [2024-12-15 17:03:02:626] [api.js]: - GetUserWithEmail.mjs loading successfully
[INFO] [2024-12-15 17:03:02:627] [api.js]: - GetUserWithUserId.mjs loading successfully
[INFO] [2024-12-15 17:03:02:628] [api.js]: - LoginService.mjs loading successfully
[INFO] [2024-12-15 17:03:02:629] [api.js]: - LogoutService.mjs loading successfully
[INFO] [2024-12-15 17:03:02:630] [api.js]: - SaveApiLog.mjs loading successfully
[INFO] [2024-12-15 17:03:02:631] [api.js]: - SaveRepetiteAttackRequest.mjs loading successfully
[INFO] [2024-12-15 17:03:02:632] [api.js]: - SaveServerInfo.mjs loading successfully
[INFO] [2024-12-15 17:03:02:633] [api.js]: - UpdatePermissionToken.mjs loading successfully
[INFO] [2024-12-15 17:03:02:635] [api.js]: - UpdateRepetiteAttackRequest.mjs loading successfully
[INFO] [2024-12-15 17:03:02:636] [api.js]: - UpdateUserService.mjs loading successfully
[INFO] [2024-12-15 17:03:02:639] [api.js]: - DashboardApi.mjs loading successfully
[INFO] [2024-12-15 17:03:02:640] [api.js]: - GetBatchInfo.mjs loading successfully
[INFO] [2024-12-15 17:03:02:641] [api.js]: - GetPocketLog.mjs loading successfully
[INFO] [2024-12-15 17:03:02:644] [api.js]: - UpdateExchangeRate.mjs loading successfully
[INFO] [2024-12-15 17:03:02:646] [api.js]: - CheckOtpAndAccountActivate.mjs loading successfully
[INFO] [2024-12-15 17:03:02:647] [api.js]: - GetUserWithEmail.mjs loading successfully
[INFO] [2024-12-15 17:03:02:648] [api.js]: - LoginService.mjs loading successfully
[INFO] [2024-12-15 17:03:02:649] [api.js]: - PasswordResetSendOTP.mjs loading successfully
[INFO] [2024-12-15 17:03:02:650] [api.js]: - SaveUserService.mjs loading successfully
[INFO] [2024-12-15 17:03:02:651] [api.js]: - SignUpService.mjs loading successfully
[INFO] [2024-12-15 17:03:02:651] [api.js]: - UpdateUserWithEmail.mjs loading successfully
[INFO] [2024-12-15 17:03:02:654] [api.js]: - GetAccount.mjs loading successfully
[INFO] [2024-12-15 17:03:02:655] [api.js]: - Login.mjs loading successfully
[INFO] [2024-12-15 17:03:02:657] [api.js]: - CheckOTP.mjs loading successfully
[INFO] [2024-12-15 17:03:02:658] [api.js]: - CheckTOKEN.mjs loading successfully
[INFO] [2024-12-15 17:03:02:659] [api.js]: - GenerateOTP.mjs loading successfully
[INFO] [2024-12-15 17:03:02:660] [api.js]: - GetOTP.mjs loading successfully
[INFO] [2024-12-15 17:03:02:661] [api.js]: - GetTOKEN.mjs loading successfully
[INFO] [2024-12-15 17:03:02:662] [api.js]: - ITReportSender.mjs loading successfully
[INFO] [2024-12-15 17:03:02:663] [api.js]: - SaveOTP.mjs loading successfully
[INFO] [2024-12-15 17:03:02:664] [api.js]: - SendEmailActivation.mjs loading successfully
[INFO] [2024-12-15 17:03:02:664] [api.js]: - SendNotificationCode.mjs loading successfully
[INFO] [2024-12-15 17:03:02:666] [api.js]: - SendOTP.mjs loading successfully
[INFO] [2024-12-15 17:03:02:667] [api.js]: - SendResumeMail.mjs loading successfully
[INFO] [2024-12-15 17:03:02:667] [api.js]: - SendResumeMailForSuspicious.mjs loading successfully
[INFO] [2024-12-15 17:03:02:668] [api.js]: - UpdateOTP.mjs loading successfully
[INFO] [2024-12-15 17:03:02:669] [api.js]: - ValidateVerifyEmailToken.mjs loading successfully
[INFO] [2024-12-15 17:03:02:671] [api.js]: - GetBatchJobs.mjs loading successfully
[INFO] [2024-12-15 17:03:02:673] [api.js]: - GetBatchJobWithParameter.mjs loading successfully
[INFO] [2024-12-15 17:03:02:674] [api.js]: - GetSecret.mjs loading successfully
[INFO] [2024-12-15 17:03:02:675] [api.js]: - SaveBatchJobs.mjs loading successfully
[INFO] [2024-12-15 17:03:02:676] [api.js]: - SaveServiceInfo.mjs loading successfully
[INFO] [2024-12-15 17:03:02:677] [api.js]: - UpdateBatchJob.mjs loading successfully
[INFO] [2024-12-15 17:03:02:679] [api.js]: - AnalysisAndReportBatch.mjs loading successfully
[INFO] [2024-12-15 17:03:02:680] [api.js]: - APIQueryResume.mjs loading successfully
[INFO] [2024-12-15 17:03:02:681] [api.js]: - DecisionResumeEntry.mjs loading successfully
[INFO] [2024-12-15 17:03:02:682] [api.js]: - FindIpContext.mjs loading successfully
[INFO] [2024-12-15 17:03:02:684] [api.js]: - GetBatchCounter.mjs loading successfully
[INFO] [2024-12-15 17:03:02:685] [api.js]: - GetCounter.mjs loading successfully
[INFO] [2024-12-15 17:03:02:686] [api.js]: - GetResumeData.mjs loading successfully
[INFO] [2024-12-15 17:03:02:687] [api.js]: - QueryDecisionResume.mjs loading successfully
[INFO] [2024-12-15 17:03:02:688] [api.js]: - SaveDecisionResume.mjs loading successfully
[INFO] [2024-12-15 17:03:02:689] [api.js]: - SaveMail.mjs loading successfully
[INFO] [2024-12-15 17:03:02:691] [api.js]: - SearchMail.mjs loading successfully
[INFO] [2024-12-15 17:03:02:692] [api.js]: - UpdateBatchCounter.mjs loading successfully
[INFO] [2024-12-15 17:03:02:693] [api.js]: - UpdateCounter.mjs loading successfully
[INFO] [2024-12-15 17:03:02:694] [api.js]: - UpdateDecisionResume.mjs loading successfully
[INFO] [2024-12-15 17:03:02:694] [api.js]: - VerifyCaptcha.mjs loading successfully
[INFO] [2024-12-15 17:03:02:697] [api.js]: - CeyrekAltinBatch.mjs loading successfully
[INFO] [2024-12-15 17:03:02:698] [api.js]: - DovizKurlariBatch.mjs loading successfully
[INFO] [2024-12-15 17:03:02:699] [api.js]: - GetCurrencyWithName.mjs loading successfully
[INFO] [2024-12-15 17:03:02:700] [api.js]: - UpdateCurrency.mjs loading successfully
[INFO] [2024-12-15 17:03:02:702] [api.js]: - HtmlTemplateTest.mjs loading successfully
[INFO] [2024-12-15 17:03:02:706] [api.js]: - GenerateToken.mjs loading successfully
[INFO] [2024-12-15 17:03:02:709] [api.js]: - GenerateUniqueID.mjs loading successfully
[INFO] [2024-12-15 17:03:02:711] [api.js]: - IpService.mjs loading successfully
[INFO] [2024-12-15 17:03:02:713] [api.js]:
Success process: 77
Fail process: 0
Total Modules: 12
Total Service: 77
[INFO] [2024-12-15 17:03:02:715] [api.js]:
Module and service static check has been completed successfully.
[INFO] [2024-12-15 17:03:03:569] [PocketService.js]: Trigger : SaveServerInfo
[INFO] [2024-12-15 17:03:03:593] [PocketService.js]: Trigger : GetServerInfo
[INFO] [2024-12-15 17:03:03:685] [unknown]: Server is started on port 3000
[REQUEST] [2024-12-15 17:03:06:292] [api.js]:
                                   [MODULE]       : Admpanel
                                   [SERVICE]      : DashboardApi
                                   [ENDPOINT]     : adm-dashboard-info
                                   [METHOD]       : GET
                                   [X-USER-TOKEN] : 65d78580994151d94460ea1f
                                   [IP]           : ::1
[INFO] [2024-12-15 17:03:06:329] [PocketService.js]: Trigger : ControlUserPermissionToken
[INFO] [2024-12-15 17:03:06:356] [PocketService.js]: Trigger : GetPermissionToken
[INFO] [2024-12-15 17:03:06:412] [PocketService.js]: Trigger : UpdatePermissionToken
[INFO] [2024-12-15 17:03:06:495] [PocketService.js]: Trigger : DashboardApi
[INFO] [2024-12-15 17:03:17:311] [PocketService.js]: Trigger : GetEndpoints
[INFO] [2024-12-15 17:03:17:319] [PocketService.js]: Trigger : GetServerInfo
[INFO] [2024-12-15 17:03:17:330] [PocketService.js]: Trigger : GetAllServerInfo
[INFO] [2024-12-15 17:03:17:341] [PocketService.js]: Trigger : GetBatchHealth
[INFO] [2024-12-15 17:03:17:343] [GetBatchHealth.mjs]: GetBatchhealt servisinde info fırlatıldı
[INFO] [2024-12-15 17:03:17:380] [PocketService.js]: Trigger : GetPocketLog
[ERROR] [2024-12-15 17:03:17:384] [GetPocketLog.mjs]: GetPocketLog servisinde hata meydana geldi: Gelecekteki bir tarih için sorgulama yapılamaz.
undefined
[ERROR] [2024-12-15 17:03:17:389] [DashboardApi.mjs]: DashboardApi servisinde hata meydana geldi."Error: executeAsyncBlock sırasında hata oluştu: Gelecekteki bir tarih için sorgulama yapılamaz.
undefined
[INFO] [2024-12-15 17:03:17:400] [PocketService.js]: Trigger : GetBatchJobs
[INFO] [2024-12-15 17:03:17:542] [PocketService.js]: Trigger : SaveApiLog
[INFO] [2024-12-15 17:03:37:844] [api.js]: - CheckAbuseipAttacker.mjs loading successfully
[INFO] [2024-12-15 17:03:37:847] [api.js]: - CheckTokenEndpointAuth.mjs loading successfully
[INFO] [2024-12-15 17:03:37:848] [api.js]: - ControlUserPermissionToken.mjs loading successfully
[INFO] [2024-12-15 17:03:37:849] [api.js]: - DecisionRepetiteAttackRequest.mjs loading successfully
[INFO] [2024-12-15 17:03:37:850] [api.js]: - GetActiveRepetiteAttackRequest.mjs loading successfully
[INFO] [2024-12-15 17:03:37:851] [api.js]: - GetAllServerInfo.mjs loading successfully
[INFO] [2024-12-15 17:03:37:852] [api.js]: - GetBatchHealth.mjs loading successfully
[INFO] [2024-12-15 17:03:37:853] [api.js]: - GetEndpoints.mjs loading successfully
[INFO] [2024-12-15 17:03:37:854] [api.js]: - GetPermissionToken.mjs loading successfully
[INFO] [2024-12-15 17:03:37:856] [api.js]: - GetServerInfo.mjs loading successfully
[INFO] [2024-12-15 17:03:37:857] [api.js]: - GetUserService.mjs loading successfully
[INFO] [2024-12-15 17:03:37:858] [api.js]: - GetUserWithEmail.mjs loading successfully
[INFO] [2024-12-15 17:03:37:859] [api.js]: - GetUserWithUserId.mjs loading successfully
[INFO] [2024-12-15 17:03:37:860] [api.js]: - LoginService.mjs loading successfully
[INFO] [2024-12-15 17:03:37:861] [api.js]: - LogoutService.mjs loading successfully
[INFO] [2024-12-15 17:03:37:862] [api.js]: - SaveApiLog.mjs loading successfully
[INFO] [2024-12-15 17:03:37:863] [api.js]: - SaveRepetiteAttackRequest.mjs loading successfully
[INFO] [2024-12-15 17:03:37:864] [api.js]: - SaveServerInfo.mjs loading successfully
[INFO] [2024-12-15 17:03:37:865] [api.js]: - UpdatePermissionToken.mjs loading successfully
[INFO] [2024-12-15 17:03:37:866] [api.js]: - UpdateRepetiteAttackRequest.mjs loading successfully
[INFO] [2024-12-15 17:03:37:867] [api.js]: - UpdateUserService.mjs loading successfully
[INFO] [2024-12-15 17:03:37:869] [api.js]: - DashboardApi.mjs loading successfully
[INFO] [2024-12-15 17:03:37:870] [api.js]: - GetBatchInfo.mjs loading successfully
[INFO] [2024-12-15 17:03:37:871] [api.js]: - GetPocketLog.mjs loading successfully
[INFO] [2024-12-15 17:03:37:873] [api.js]: - UpdateExchangeRate.mjs loading successfully
[INFO] [2024-12-15 17:03:37:875] [api.js]: - CheckOtpAndAccountActivate.mjs loading successfully
[INFO] [2024-12-15 17:03:37:876] [api.js]: - GetUserWithEmail.mjs loading successfully
[INFO] [2024-12-15 17:03:37:877] [api.js]: - LoginService.mjs loading successfully
[INFO] [2024-12-15 17:03:37:878] [api.js]: - PasswordResetSendOTP.mjs loading successfully
[INFO] [2024-12-15 17:03:37:879] [api.js]: - SaveUserService.mjs loading successfully
[INFO] [2024-12-15 17:03:37:880] [api.js]: - SignUpService.mjs loading successfully
[INFO] [2024-12-15 17:03:37:881] [api.js]: - UpdateUserWithEmail.mjs loading successfully
[INFO] [2024-12-15 17:03:37:883] [api.js]: - GetAccount.mjs loading successfully
[INFO] [2024-12-15 17:03:37:884] [api.js]: - Login.mjs loading successfully
[INFO] [2024-12-15 17:03:37:889] [api.js]: - CheckOTP.mjs loading successfully
[INFO] [2024-12-15 17:03:37:890] [api.js]: - CheckTOKEN.mjs loading successfully
[INFO] [2024-12-15 17:03:37:892] [api.js]: - GenerateOTP.mjs loading successfully
[INFO] [2024-12-15 17:03:37:893] [api.js]: - GetOTP.mjs loading successfully
[INFO] [2024-12-15 17:03:37:894] [api.js]: - GetTOKEN.mjs loading successfully
[INFO] [2024-12-15 17:03:37:895] [api.js]: - ITReportSender.mjs loading successfully
[INFO] [2024-12-15 17:03:37:896] [api.js]: - SaveOTP.mjs loading successfully
[INFO] [2024-12-15 17:03:37:896] [api.js]: - SendEmailActivation.mjs loading successfully
[INFO] [2024-12-15 17:03:37:897] [api.js]: - SendNotificationCode.mjs loading successfully
[INFO] [2024-12-15 17:03:37:898] [api.js]: - SendOTP.mjs loading successfully
[INFO] [2024-12-15 17:03:37:898] [api.js]: - SendResumeMail.mjs loading successfully
[INFO] [2024-12-15 17:03:37:899] [api.js]: - SendResumeMailForSuspicious.mjs loading successfully
[INFO] [2024-12-15 17:03:37:900] [api.js]: - UpdateOTP.mjs loading successfully
[INFO] [2024-12-15 17:03:37:902] [api.js]: - ValidateVerifyEmailToken.mjs loading successfully
[INFO] [2024-12-15 17:03:37:905] [api.js]: - GetBatchJobs.mjs loading successfully
[INFO] [2024-12-15 17:03:37:907] [api.js]: - GetBatchJobWithParameter.mjs loading successfully
[INFO] [2024-12-15 17:03:37:907] [api.js]: - GetSecret.mjs loading successfully
[INFO] [2024-12-15 17:03:37:908] [api.js]: - SaveBatchJobs.mjs loading successfully
[INFO] [2024-12-15 17:03:37:909] [api.js]: - SaveServiceInfo.mjs loading successfully
[INFO] [2024-12-15 17:03:37:910] [api.js]: - UpdateBatchJob.mjs loading successfully
[INFO] [2024-12-15 17:03:37:912] [api.js]: - AnalysisAndReportBatch.mjs loading successfully
[INFO] [2024-12-15 17:03:37:913] [api.js]: - APIQueryResume.mjs loading successfully
[INFO] [2024-12-15 17:03:37:914] [api.js]: - DecisionResumeEntry.mjs loading successfully
[INFO] [2024-12-15 17:03:37:915] [api.js]: - FindIpContext.mjs loading successfully
[INFO] [2024-12-15 17:03:37:916] [api.js]: - GetBatchCounter.mjs loading successfully
[INFO] [2024-12-15 17:03:37:918] [api.js]: - GetCounter.mjs loading successfully
[INFO] [2024-12-15 17:03:37:919] [api.js]: - GetResumeData.mjs loading successfully
[INFO] [2024-12-15 17:03:37:919] [api.js]: - QueryDecisionResume.mjs loading successfully
[INFO] [2024-12-15 17:03:37:920] [api.js]: - SaveDecisionResume.mjs loading successfully
[INFO] [2024-12-15 17:03:37:921] [api.js]: - SaveMail.mjs loading successfully
[INFO] [2024-12-15 17:03:37:923] [api.js]: - SearchMail.mjs loading successfully
[INFO] [2024-12-15 17:03:37:924] [api.js]: - UpdateBatchCounter.mjs loading successfully
[INFO] [2024-12-15 17:03:37:925] [api.js]: - UpdateCounter.mjs loading successfully
[INFO] [2024-12-15 17:03:37:926] [api.js]: - UpdateDecisionResume.mjs loading successfully
[INFO] [2024-12-15 17:03:37:927] [api.js]: - VerifyCaptcha.mjs loading successfully
[INFO] [2024-12-15 17:03:37:928] [api.js]: - CeyrekAltinBatch.mjs loading successfully
[INFO] [2024-12-15 17:03:37:929] [api.js]: - DovizKurlariBatch.mjs loading successfully
[INFO] [2024-12-15 17:03:37:930] [api.js]: - GetCurrencyWithName.mjs loading successfully
[INFO] [2024-12-15 17:03:37:931] [api.js]: - UpdateCurrency.mjs loading successfully
[INFO] [2024-12-15 17:03:37:932] [api.js]: - HtmlTemplateTest.mjs loading successfully
[INFO] [2024-12-15 17:03:37:935] [api.js]: - GenerateToken.mjs loading successfully
[INFO] [2024-12-15 17:03:37:939] [api.js]: - GenerateUniqueID.mjs loading successfully
[INFO] [2024-12-15 17:03:37:939] [api.js]: - IpService.mjs loading successfully
[INFO] [2024-12-15 17:03:37:941] [api.js]:
Success process: 77
Fail process: 0
Total Modules: 12
Total Service: 77
[INFO] [2024-12-15 17:03:37:943] [api.js]:
Module and service static check has been completed successfully.
[INFO] [2024-12-15 17:03:38:030] [PocketService.js]: Trigger : SaveServerInfo
[INFO] [2024-12-15 17:03:38:039] [PocketService.js]: Trigger : GetServerInfo
[INFO] [2024-12-15 17:03:38:115] [unknown]: Server is started on port 3000
[REQUEST] [2024-12-15 17:03:40:066] [api.js]:
                                   [MODULE]       : Admpanel
                                   [SERVICE]      : DashboardApi
                                   [ENDPOINT]     : adm-dashboard-info
                                   [METHOD]       : GET
                                   [X-USER-TOKEN] : 65d78580994151d94460ea1f
                                   [IP]           : ::1
[INFO] [2024-12-15 17:03:40:074] [PocketService.js]: Trigger : ControlUserPermissionToken
[INFO] [2024-12-15 17:03:40:081] [PocketService.js]: Trigger : GetPermissionToken
[INFO] [2024-12-15 17:03:40:100] [PocketService.js]: Trigger : UpdatePermissionToken
[INFO] [2024-12-15 17:03:40:140] [PocketService.js]: Trigger : DashboardApi
[INFO] [2024-12-15 17:03:44:076] [PocketService.js]: Trigger : GetEndpoints
[INFO] [2024-12-15 17:03:44:079] [PocketService.js]: Trigger : GetServerInfo
[INFO] [2024-12-15 17:03:44:089] [PocketService.js]: Trigger : GetAllServerInfo
[INFO] [2024-12-15 17:03:44:110] [PocketService.js]: Trigger : GetBatchHealth
[INFO] [2024-12-15 17:03:44:111] [GetBatchHealth.mjs]: GetBatchhealt servisinde info fırlatıldı
[INFO] [2024-12-15 17:03:44:142] [PocketService.js]: Trigger : GetBatchJobs
[INFO] [2024-12-15 17:03:44:160] [PocketService.js]: Trigger : GetPocketLog
[ERROR] [2024-12-15 17:03:44:162] [GetPocketLog.mjs]: GetPocketLog servisinde hata meydana geldi: Gelecekteki bir tarih için sorgulama yapılamaz.
undefined
[ERROR] [2024-12-15 17:03:44:165] [DashboardApi.mjs]: DashboardApi servisinde hata meydana geldi."Error: executeAsyncBlock sırasında hata oluştu: Gelecekteki bir tarih için sorgulama yapılamaz.
undefined
[INFO] [2024-12-15 17:03:44:314] [PocketService.js]: Trigger : SaveApiLog
[INFO] [2024-12-15 18:15:54:113] [api.js]: - CheckAbuseipAttacker.mjs loading successfully
[INFO] [2024-12-15 18:15:54:123] [api.js]: - CheckTokenEndpointAuth.mjs loading successfully
[INFO] [2024-12-15 18:15:54:153] [api.js]: - ControlUserPermissionToken.mjs loading successfully
[INFO] [2024-12-15 18:15:54:155] [api.js]: - DecisionRepetiteAttackRequest.mjs loading successfully
[INFO] [2024-12-15 18:15:54:156] [api.js]: - GetActiveRepetiteAttackRequest.mjs loading successfully
[INFO] [2024-12-15 18:15:54:157] [api.js]: - GetAllServerInfo.mjs loading successfully
[INFO] [2024-12-15 18:15:54:158] [api.js]: - GetBatchHealth.mjs loading successfully
[INFO] [2024-12-15 18:15:54:159] [api.js]: - GetEndpoints.mjs loading successfully
[INFO] [2024-12-15 18:15:54:160] [api.js]: - GetPermissionToken.mjs loading successfully
[INFO] [2024-12-15 18:15:54:160] [api.js]: - GetServerInfo.mjs loading successfully
[INFO] [2024-12-15 18:15:54:161] [api.js]: - GetUserService.mjs loading successfully
[INFO] [2024-12-15 18:15:54:162] [api.js]: - GetUserWithEmail.mjs loading successfully
[INFO] [2024-12-15 18:15:54:163] [api.js]: - GetUserWithUserId.mjs loading successfully
[INFO] [2024-12-15 18:15:54:164] [api.js]: - LoginService.mjs loading successfully
[INFO] [2024-12-15 18:15:54:167] [api.js]: - LogoutService.mjs loading successfully
[INFO] [2024-12-15 18:15:54:168] [api.js]: - SaveApiLog.mjs loading successfully
[INFO] [2024-12-15 18:15:54:168] [api.js]: - SaveRepetiteAttackRequest.mjs loading successfully
[INFO] [2024-12-15 18:15:54:169] [api.js]: - SaveServerInfo.mjs loading successfully
[INFO] [2024-12-15 18:15:54:170] [api.js]: - UpdatePermissionToken.mjs loading successfully
[INFO] [2024-12-15 18:15:54:172] [api.js]: - UpdateRepetiteAttackRequest.mjs loading successfully
[INFO] [2024-12-15 18:15:54:174] [api.js]: - UpdateUserService.mjs loading successfully
[INFO] [2024-12-15 18:15:54:177] [api.js]: - DashboardApi.mjs loading successfully
[INFO] [2024-12-15 18:15:54:179] [api.js]: - GetBatchInfo.mjs loading successfully
[INFO] [2024-12-15 18:15:54:179] [api.js]: - GetPocketLog.mjs loading successfully
[INFO] [2024-12-15 18:15:54:182] [api.js]: - UpdateExchangeRate.mjs loading successfully
[INFO] [2024-12-15 18:15:54:184] [api.js]: - CheckOtpAndAccountActivate.mjs loading successfully
[INFO] [2024-12-15 18:15:54:185] [api.js]: - GetUserWithEmail.mjs loading successfully
[INFO] [2024-12-15 18:15:54:186] [api.js]: - LoginService.mjs loading successfully
[INFO] [2024-12-15 18:15:54:187] [api.js]: - PasswordResetSendOTP.mjs loading successfully
[INFO] [2024-12-15 18:15:54:187] [api.js]: - SaveUserService.mjs loading successfully
[INFO] [2024-12-15 18:15:54:188] [api.js]: - SignUpService.mjs loading successfully
[INFO] [2024-12-15 18:15:54:189] [api.js]: - UpdateUserWithEmail.mjs loading successfully
[INFO] [2024-12-15 18:15:54:191] [api.js]: - GetAccount.mjs loading successfully
[INFO] [2024-12-15 18:15:54:192] [api.js]: - Login.mjs loading successfully
[INFO] [2024-12-15 18:15:54:194] [api.js]: - CheckOTP.mjs loading successfully
[INFO] [2024-12-15 18:15:54:194] [api.js]: - CheckTOKEN.mjs loading successfully
[INFO] [2024-12-15 18:15:54:196] [api.js]: - GenerateOTP.mjs loading successfully
[INFO] [2024-12-15 18:15:54:197] [api.js]: - GetOTP.mjs loading successfully
[INFO] [2024-12-15 18:15:54:198] [api.js]: - GetTOKEN.mjs loading successfully
[INFO] [2024-12-15 18:15:54:199] [api.js]: - ITReportSender.mjs loading successfully
[INFO] [2024-12-15 18:15:54:200] [api.js]: - SaveOTP.mjs loading successfully
[INFO] [2024-12-15 18:15:54:201] [api.js]: - SendEmailActivation.mjs loading successfully
[INFO] [2024-12-15 18:15:54:202] [api.js]: - SendNotificationCode.mjs loading successfully
[INFO] [2024-12-15 18:15:54:202] [api.js]: - SendOTP.mjs loading successfully
[INFO] [2024-12-15 18:15:54:203] [api.js]: - SendResumeMail.mjs loading successfully
[INFO] [2024-12-15 18:15:54:204] [api.js]: - SendResumeMailForSuspicious.mjs loading successfully
[INFO] [2024-12-15 18:15:54:205] [api.js]: - UpdateOTP.mjs loading successfully
[INFO] [2024-12-15 18:15:54:207] [api.js]: - ValidateVerifyEmailToken.mjs loading successfully
[INFO] [2024-12-15 18:15:54:210] [api.js]: - GetBatchJobs.mjs loading successfully
[INFO] [2024-12-15 18:15:54:211] [api.js]: - GetBatchJobWithParameter.mjs loading successfully
[INFO] [2024-12-15 18:15:54:212] [api.js]: - GetSecret.mjs loading successfully
[INFO] [2024-12-15 18:15:54:213] [api.js]: - SaveBatchJobs.mjs loading successfully
[INFO] [2024-12-15 18:15:54:214] [api.js]: - SaveServiceInfo.mjs loading successfully
[INFO] [2024-12-15 18:15:54:214] [api.js]: - UpdateBatchJob.mjs loading successfully
[INFO] [2024-12-15 18:15:54:217] [api.js]: - AnalysisAndReportBatch.mjs loading successfully
[INFO] [2024-12-15 18:15:54:218] [api.js]: - APIQueryResume.mjs loading successfully
[INFO] [2024-12-15 18:15:54:219] [api.js]: - DecisionResumeEntry.mjs loading successfully
[INFO] [2024-12-15 18:15:54:220] [api.js]: - FindIpContext.mjs loading successfully
[INFO] [2024-12-15 18:15:54:221] [api.js]: - GetBatchCounter.mjs loading successfully
[INFO] [2024-12-15 18:15:54:222] [api.js]: - GetCounter.mjs loading successfully
[INFO] [2024-12-15 18:15:54:223] [api.js]: - GetResumeData.mjs loading successfully
[INFO] [2024-12-15 18:15:54:224] [api.js]: - QueryDecisionResume.mjs loading successfully
[INFO] [2024-12-15 18:15:54:225] [api.js]: - SaveDecisionResume.mjs loading successfully
[INFO] [2024-12-15 18:15:54:226] [api.js]: - SaveMail.mjs loading successfully
[INFO] [2024-12-15 18:15:54:227] [api.js]: - SearchMail.mjs loading successfully
[INFO] [2024-12-15 18:15:54:228] [api.js]: - UpdateBatchCounter.mjs loading successfully
[INFO] [2024-12-15 18:15:54:229] [api.js]: - UpdateCounter.mjs loading successfully
[INFO] [2024-12-15 18:15:54:230] [api.js]: - UpdateDecisionResume.mjs loading successfully
[INFO] [2024-12-15 18:15:54:231] [api.js]: - VerifyCaptcha.mjs loading successfully
[INFO] [2024-12-15 18:15:54:234] [api.js]: - CeyrekAltinBatch.mjs loading successfully
[INFO] [2024-12-15 18:15:54:235] [api.js]: - DovizKurlariBatch.mjs loading successfully
[INFO] [2024-12-15 18:15:54:236] [api.js]: - GetCurrencyWithName.mjs loading successfully
[INFO] [2024-12-15 18:15:54:245] [api.js]: - UpdateCurrency.mjs loading successfully
[INFO] [2024-12-15 18:15:54:247] [api.js]: - HtmlTemplateTest.mjs loading successfully
[INFO] [2024-12-15 18:15:54:249] [api.js]: - GenerateToken.mjs loading successfully
[INFO] [2024-12-15 18:15:54:252] [api.js]: - GenerateUniqueID.mjs loading successfully
[INFO] [2024-12-15 18:15:54:252] [api.js]: - IpService.mjs loading successfully
[INFO] [2024-12-15 18:15:54:254] [api.js]:
Success process: 77
Fail process: 0
Total Modules: 12
Total Service: 77
[INFO] [2024-12-15 18:15:54:255] [api.js]:
Module and service static check has been completed successfully.
[INFO] [2024-12-15 18:15:54:378] [PocketService.js]: Trigger : SaveServerInfo
[INFO] [2024-12-15 18:15:54:386] [PocketService.js]: Trigger : GetServerInfo
[INFO] [2024-12-15 18:15:54:459] [unknown]: Server is started on port 3000
[REQUEST] [2024-12-15 18:15:57:562] [api.js]:
                                   [MODULE]       : Admpanel
                                   [SERVICE]      : DashboardApi
                                   [ENDPOINT]     : adm-dashboard-info
                                   [METHOD]       : GET
                                   [X-USER-TOKEN] : 65d78580994151d94460ea1f
                                   [IP]           : ::1
[INFO] [2024-12-15 18:15:57:573] [PocketService.js]: Trigger : ControlUserPermissionToken
[INFO] [2024-12-15 18:15:57:581] [PocketService.js]: Trigger : GetPermissionToken
[INFO] [2024-12-15 18:15:57:600] [PocketService.js]: Trigger : UpdatePermissionToken
[INFO] [2024-12-15 18:15:57:633] [PocketService.js]: Trigger : DashboardApi
[INFO] [2024-12-15 18:15:57:657] [PocketService.js]: Trigger : GetEndpoints
[INFO] [2024-12-15 18:15:57:659] [PocketService.js]: Trigger : GetServerInfo
[INFO] [2024-12-15 18:15:57:676] [PocketService.js]: Trigger : GetAllServerInfo
[INFO] [2024-12-15 18:15:57:687] [PocketService.js]: Trigger : GetBatchHealth
[INFO] [2024-12-15 18:15:57:690] [GetBatchHealth.mjs]: GetBatchhealt servisinde info fırlatıldı
[INFO] [2024-12-15 18:15:57:731] [PocketService.js]: Trigger : GetBatchJobs
[INFO] [2024-12-15 18:15:57:748] [PocketService.js]: Trigger : GetPocketLog
[INFO] [2024-12-15 18:15:57:942] [PocketService.js]: Trigger : SaveApiLog
[INFO] [2024-12-15 18:51:17:716] [api.js]: - CheckAbuseipAttacker.mjs loading successfully
[INFO] [2024-12-15 18:51:17:719] [api.js]: - CheckTokenEndpointAuth.mjs loading successfully
[INFO] [2024-12-15 18:51:17:719] [api.js]: - ControlUserPermissionToken.mjs loading successfully
[INFO] [2024-12-15 18:51:17:720] [api.js]: - DecisionRepetiteAttackRequest.mjs loading successfully
[INFO] [2024-12-15 18:51:17:722] [api.js]: - GetActiveRepetiteAttackRequest.mjs loading successfully
[INFO] [2024-12-15 18:51:17:723] [api.js]: - GetAllServerInfo.mjs loading successfully
[INFO] [2024-12-15 18:51:17:724] [api.js]: - GetBatchHealth.mjs loading successfully
[INFO] [2024-12-15 18:51:17:726] [api.js]: - GetEndpoints.mjs loading successfully
[INFO] [2024-12-15 18:51:17:727] [api.js]: - GetPermissionToken.mjs loading successfully
[INFO] [2024-12-15 18:51:17:729] [api.js]: - GetServerInfo.mjs loading successfully
[INFO] [2024-12-15 18:51:17:731] [api.js]: - GetUserService.mjs loading successfully
[INFO] [2024-12-15 18:51:17:732] [api.js]: - GetUserWithEmail.mjs loading successfully
[INFO] [2024-12-15 18:51:17:733] [api.js]: - GetUserWithUserId.mjs loading successfully
[INFO] [2024-12-15 18:51:17:734] [api.js]: - LoginService.mjs loading successfully
[INFO] [2024-12-15 18:51:17:736] [api.js]: - LogoutService.mjs loading successfully
[INFO] [2024-12-15 18:51:17:737] [api.js]: - SaveApiLog.mjs loading successfully
[INFO] [2024-12-15 18:51:17:738] [api.js]: - SaveRepetiteAttackRequest.mjs loading successfully
[INFO] [2024-12-15 18:51:17:739] [api.js]: - SaveServerInfo.mjs loading successfully
[INFO] [2024-12-15 18:51:17:740] [api.js]: - UpdatePermissionToken.mjs loading successfully
[INFO] [2024-12-15 18:51:17:742] [api.js]: - UpdateRepetiteAttackRequest.mjs loading successfully
[INFO] [2024-12-15 18:51:17:744] [api.js]: - UpdateUserService.mjs loading successfully
[INFO] [2024-12-15 18:51:17:749] [api.js]: - DashboardApi.mjs loading successfully
[INFO] [2024-12-15 18:51:17:750] [api.js]: - GetBatchInfo.mjs loading successfully
[INFO] [2024-12-15 18:51:17:751] [api.js]: - GetPocketLog.mjs loading successfully
[INFO] [2024-12-15 18:51:17:753] [api.js]: - UpdateExchangeRate.mjs loading successfully
[INFO] [2024-12-15 18:51:17:756] [api.js]: - CheckOtpAndAccountActivate.mjs loading successfully
[INFO] [2024-12-15 18:51:17:756] [api.js]: - GetUserWithEmail.mjs loading successfully
[INFO] [2024-12-15 18:51:17:758] [api.js]: - LoginService.mjs loading successfully
[INFO] [2024-12-15 18:51:17:760] [api.js]: - PasswordResetSendOTP.mjs loading successfully
[INFO] [2024-12-15 18:51:17:761] [api.js]: - SaveUserService.mjs loading successfully
[INFO] [2024-12-15 18:51:17:763] [api.js]: - SignUpService.mjs loading successfully
[INFO] [2024-12-15 18:51:17:765] [api.js]: - UpdateUserWithEmail.mjs loading successfully
[INFO] [2024-12-15 18:51:17:767] [api.js]: - GetAccount.mjs loading successfully
[INFO] [2024-12-15 18:51:17:768] [api.js]: - Login.mjs loading successfully
[INFO] [2024-12-15 18:51:17:770] [api.js]: - CheckOTP.mjs loading successfully
[INFO] [2024-12-15 18:51:17:771] [api.js]: - CheckTOKEN.mjs loading successfully
[INFO] [2024-12-15 18:51:17:772] [api.js]: - GenerateOTP.mjs loading successfully
[INFO] [2024-12-15 18:51:17:773] [api.js]: - GetOTP.mjs loading successfully
[INFO] [2024-12-15 18:51:17:774] [api.js]: - GetTOKEN.mjs loading successfully
[INFO] [2024-12-15 18:51:17:775] [api.js]: - ITReportSender.mjs loading successfully
[INFO] [2024-12-15 18:51:17:776] [api.js]: - SaveOTP.mjs loading successfully
[INFO] [2024-12-15 18:51:17:777] [api.js]: - SendEmailActivation.mjs loading successfully
[INFO] [2024-12-15 18:51:17:778] [api.js]: - SendNotificationCode.mjs loading successfully
[INFO] [2024-12-15 18:51:17:779] [api.js]: - SendOTP.mjs loading successfully
[INFO] [2024-12-15 18:51:17:780] [api.js]: - SendResumeMail.mjs loading successfully
[INFO] [2024-12-15 18:51:17:781] [api.js]: - SendResumeMailForSuspicious.mjs loading successfully
[INFO] [2024-12-15 18:51:17:782] [api.js]: - UpdateOTP.mjs loading successfully
[INFO] [2024-12-15 18:51:17:783] [api.js]: - ValidateVerifyEmailToken.mjs loading successfully
[INFO] [2024-12-15 18:51:17:785] [api.js]: - GetBatchJobs.mjs loading successfully
[INFO] [2024-12-15 18:51:17:786] [api.js]: - GetBatchJobWithParameter.mjs loading successfully
[INFO] [2024-12-15 18:51:17:787] [api.js]: - GetSecret.mjs loading successfully
[INFO] [2024-12-15 18:51:17:788] [api.js]: - SaveBatchJobs.mjs loading successfully
[INFO] [2024-12-15 18:51:17:789] [api.js]: - SaveServiceInfo.mjs loading successfully
[INFO] [2024-12-15 18:51:17:791] [api.js]: - UpdateBatchJob.mjs loading successfully
[INFO] [2024-12-15 18:51:17:796] [api.js]: - AnalysisAndReportBatch.mjs loading successfully
[INFO] [2024-12-15 18:51:17:798] [api.js]: - APIQueryResume.mjs loading successfully
[INFO] [2024-12-15 18:51:17:801] [api.js]: - DecisionResumeEntry.mjs loading successfully
[INFO] [2024-12-15 18:51:17:801] [api.js]: - FindIpContext.mjs loading successfully
[INFO] [2024-12-15 18:51:17:802] [api.js]: - GetBatchCounter.mjs loading successfully
[INFO] [2024-12-15 18:51:17:804] [api.js]: - GetCounter.mjs loading successfully
[INFO] [2024-12-15 18:51:17:804] [api.js]: - GetResumeData.mjs loading successfully
[INFO] [2024-12-15 18:51:17:805] [api.js]: - QueryDecisionResume.mjs loading successfully
[INFO] [2024-12-15 18:51:17:806] [api.js]: - SaveDecisionResume.mjs loading successfully
[INFO] [2024-12-15 18:51:17:808] [api.js]: - SaveMail.mjs loading successfully
[INFO] [2024-12-15 18:51:17:809] [api.js]: - SearchMail.mjs loading successfully
[INFO] [2024-12-15 18:51:17:810] [api.js]: - UpdateBatchCounter.mjs loading successfully
[INFO] [2024-12-15 18:51:17:811] [api.js]: - UpdateCounter.mjs loading successfully
[INFO] [2024-12-15 18:51:17:814] [api.js]: - UpdateDecisionResume.mjs loading successfully
[INFO] [2024-12-15 18:51:17:815] [api.js]: - VerifyCaptcha.mjs loading successfully
[INFO] [2024-12-15 18:51:17:818] [api.js]: - CeyrekAltinBatch.mjs loading successfully
[INFO] [2024-12-15 18:51:17:819] [api.js]: - DovizKurlariBatch.mjs loading successfully
[INFO] [2024-12-15 18:51:17:820] [api.js]: - GetCurrencyWithName.mjs loading successfully
[INFO] [2024-12-15 18:51:17:820] [api.js]: - UpdateCurrency.mjs loading successfully
[INFO] [2024-12-15 18:51:17:823] [api.js]: - HtmlTemplateTest.mjs loading successfully
[INFO] [2024-12-15 18:51:17:828] [api.js]: - GenerateToken.mjs loading successfully
[INFO] [2024-12-15 18:51:17:832] [api.js]: - GenerateUniqueID.mjs loading successfully
[INFO] [2024-12-15 18:51:17:834] [api.js]: - IpService.mjs loading successfully
[INFO] [2024-12-15 18:51:17:835] [api.js]:
Success process: 77
Fail process: 0
Total Modules: 12
Total Service: 77
[INFO] [2024-12-15 18:51:17:837] [api.js]:
Module and service static check has been completed successfully.
[INFO] [2024-12-15 18:51:17:923] [PocketService.js]: Trigger : SaveServerInfo
[INFO] [2024-12-15 18:51:17:930] [PocketService.js]: Trigger : GetServerInfo
[INFO] [2024-12-15 18:51:17:996] [unknown]: Server is started on port 3000
[REQUEST] [2024-12-15 18:51:25:357] [api.js]:
                                   [MODULE]       : Admpanel
                                   [SERVICE]      : DashboardApi
                                   [ENDPOINT]     : adm-dashboard-info
                                   [METHOD]       : GET
                                   [X-USER-TOKEN] : 65d78580994151d94460ea1f
                                   [IP]           : ::1
[INFO] [2024-12-15 18:51:25:366] [PocketService.js]: Trigger : ControlUserPermissionToken
[INFO] [2024-12-15 18:51:25:373] [PocketService.js]: Trigger : GetPermissionToken
[INFO] [2024-12-15 18:51:25:389] [PocketService.js]: Trigger : UpdatePermissionToken
[INFO] [2024-12-15 18:51:25:415] [PocketService.js]: Trigger : DashboardApi
[INFO] [2024-12-15 18:51:25:440] [PocketService.js]: Trigger : GetEndpoints
[INFO] [2024-12-15 18:51:25:443] [PocketService.js]: Trigger : GetServerInfo
[INFO] [2024-12-15 18:51:25:455] [PocketService.js]: Trigger : GetAllServerInfo
[INFO] [2024-12-15 18:51:25:468] [PocketService.js]: Trigger : GetBatchHealth
[INFO] [2024-12-15 18:51:25:469] [GetBatchHealth.mjs]: GetBatchhealt servisinde info fırlatıldı
[INFO] [2024-12-15 18:51:25:515] [PocketService.js]: Trigger : GetBatchJobs
[INFO] [2024-12-15 18:51:25:541] [PocketService.js]: Trigger : GetPocketLog
[INFO] [2024-12-15 18:51:25:725] [PocketService.js]: Trigger : SaveApiLog
[INFO] [2024-12-15 19:19:28:724] [PocketService.js]: Trigger : GetBatchJobs
[INFO] [2024-12-15 19:19:28:773] [batch.js]: Scrapper/CeyrekAltinBatch included in the job queue
[INFO] [2024-12-15 19:19:28:780] [batch.js]: AdmPanel/LogProcess included in the job queue
[INFO] [2024-12-15 19:19:28:784] [batch.js]: ALL BATCHS PROCESSINGS SUCCESSFULL
[INFO] [2024-12-15 19:20:00:974] [unknown]: [Scrapper/CeyrekAltinBatch] is running
[INFO] [2024-12-15 19:20:00:982] [unknown]: [AdmPanel/LogProcess] is running
[INFO] [2024-12-15 19:20:00:998] [LogProcess.mjs]: Log dosyasından 2024-11-10 15:00:00 tarihinden önceki kayıtlar silinecek.
[INFO] [2024-12-15 19:20:01:036] [LogProcess.mjs]: Log dosyasından 0 kayıt silindi.
[INFO] [2024-12-15 19:20:01:038] [PocketBatchManager.js]: [AdmPanel/LogProcess] is terminate successfully
[INFO] [2024-12-15 19:20:04:007] [CeyrekAltinBatch.mjs]: CeyrekAltin servisine girildi.
[INFO] [2024-12-15 19:20:04:230] [PocketService.js]: Trigger : GetCurrencyWithName
[INFO] [2024-12-15 19:20:04:263] [PocketService.js]: Trigger : UpdateCurrency
[INFO] [2024-12-15 19:20:04:272] [CeyrekAltinBatch.mjs]: Ceyrek altin kaydi güncellendi.
[INFO] [2024-12-15 19:20:04:273] [CeyrekAltinBatch.mjs]: Eski Deger: 4.991,00
[INFO] [2024-12-15 19:20:04:275] [CeyrekAltinBatch.mjs]: Yeni Deger: 4.950,00
[INFO] [2024-12-15 19:20:04:276] [PocketBatchManager.js]: [Scrapper/CeyrekAltinBatch] is terminate successfully
[ERROR] [2024-12-15 19:20:47:160] [unknown]: SIGINT signal received. The application is shutting down.
Error
[INFO] [2024-12-15 19:22:57:594] [api.js]: - CheckAbuseipAttacker.mjs loading successfully
[INFO] [2024-12-15 19:22:57:597] [api.js]: - CheckTokenEndpointAuth.mjs loading successfully
[INFO] [2024-12-15 19:22:57:598] [api.js]: - ControlUserPermissionToken.mjs loading successfully
[INFO] [2024-12-15 19:22:57:599] [api.js]: - DecisionRepetiteAttackRequest.mjs loading successfully
[INFO] [2024-12-15 19:22:57:600] [api.js]: - GetActiveRepetiteAttackRequest.mjs loading successfully
[INFO] [2024-12-15 19:22:57:601] [api.js]: - GetAllServerInfo.mjs loading successfully
[INFO] [2024-12-15 19:22:57:602] [api.js]: - GetBatchHealth.mjs loading successfully
[INFO] [2024-12-15 19:22:57:603] [api.js]: - GetEndpoints.mjs loading successfully
[INFO] [2024-12-15 19:22:57:603] [api.js]: - GetPermissionToken.mjs loading successfully
[INFO] [2024-12-15 19:22:57:604] [api.js]: - GetServerInfo.mjs loading successfully
[INFO] [2024-12-15 19:22:57:605] [api.js]: - GetUserService.mjs loading successfully
[INFO] [2024-12-15 19:22:57:606] [api.js]: - GetUserWithEmail.mjs loading successfully
[INFO] [2024-12-15 19:22:57:607] [api.js]: - GetUserWithUserId.mjs loading successfully
[INFO] [2024-12-15 19:22:57:608] [api.js]: - LoginService.mjs loading successfully
[INFO] [2024-12-15 19:22:57:609] [api.js]: - LogoutService.mjs loading successfully
[INFO] [2024-12-15 19:22:57:610] [api.js]: - SaveApiLog.mjs loading successfully
[INFO] [2024-12-15 19:22:57:611] [api.js]: - SaveRepetiteAttackRequest.mjs loading successfully
[INFO] [2024-12-15 19:22:57:612] [api.js]: - SaveServerInfo.mjs loading successfully
[INFO] [2024-12-15 19:22:57:613] [api.js]: - UpdatePermissionToken.mjs loading successfully
[INFO] [2024-12-15 19:22:57:614] [api.js]: - UpdateRepetiteAttackRequest.mjs loading successfully
[INFO] [2024-12-15 19:22:57:615] [api.js]: - UpdateUserService.mjs loading successfully
[INFO] [2024-12-15 19:22:57:618] [api.js]: - DashboardApi.mjs loading successfully
[INFO] [2024-12-15 19:22:57:619] [api.js]: - GetBatchInfo.mjs loading successfully
[INFO] [2024-12-15 19:22:57:620] [api.js]: - GetPocketLog.mjs loading successfully
[INFO] [2024-12-15 19:22:57:621] [api.js]: - LogProcess.mjs loading successfully
[INFO] [2024-12-15 19:22:57:623] [api.js]: - UpdateExchangeRate.mjs loading successfully
[INFO] [2024-12-15 19:22:57:626] [api.js]: - CheckOtpAndAccountActivate.mjs loading successfully
[INFO] [2024-12-15 19:22:57:627] [api.js]: - GetUserWithEmail.mjs loading successfully
[INFO] [2024-12-15 19:22:57:628] [api.js]: - LoginService.mjs loading successfully
[INFO] [2024-12-15 19:22:57:628] [api.js]: - PasswordResetSendOTP.mjs loading successfully
[INFO] [2024-12-15 19:22:57:629] [api.js]: - SaveUserService.mjs loading successfully
[INFO] [2024-12-15 19:22:57:630] [api.js]: - SignUpService.mjs loading successfully
[INFO] [2024-12-15 19:22:57:632] [api.js]: - UpdateUserWithEmail.mjs loading successfully
[INFO] [2024-12-15 19:22:57:634] [api.js]: - GetAccount.mjs loading successfully
[INFO] [2024-12-15 19:22:57:635] [api.js]: - Login.mjs loading successfully
[INFO] [2024-12-15 19:22:57:637] [api.js]: - CheckOTP.mjs loading successfully
[INFO] [2024-12-15 19:22:57:638] [api.js]: - CheckTOKEN.mjs loading successfully
[INFO] [2024-12-15 19:22:57:639] [api.js]: - GenerateOTP.mjs loading successfully
[INFO] [2024-12-15 19:22:57:640] [api.js]: - GetOTP.mjs loading successfully
[INFO] [2024-12-15 19:22:57:641] [api.js]: - GetTOKEN.mjs loading successfully
[INFO] [2024-12-15 19:22:57:641] [api.js]: - ITReportSender.mjs loading successfully
[INFO] [2024-12-15 19:22:57:642] [api.js]: - SaveOTP.mjs loading successfully
[INFO] [2024-12-15 19:22:57:643] [api.js]: - SendEmailActivation.mjs loading successfully
[INFO] [2024-12-15 19:22:57:645] [api.js]: - SendNotificationCode.mjs loading successfully
[INFO] [2024-12-15 19:22:57:645] [api.js]: - SendOTP.mjs loading successfully
[INFO] [2024-12-15 19:22:57:646] [api.js]: - SendResumeMail.mjs loading successfully
[INFO] [2024-12-15 19:22:57:647] [api.js]: - SendResumeMailForSuspicious.mjs loading successfully
[INFO] [2024-12-15 19:22:57:649] [api.js]: - UpdateOTP.mjs loading successfully
[INFO] [2024-12-15 19:22:57:650] [api.js]: - ValidateVerifyEmailToken.mjs loading successfully
[INFO] [2024-12-15 19:22:57:652] [api.js]: - GetBatchJobs.mjs loading successfully
[INFO] [2024-12-15 19:22:57:653] [api.js]: - GetBatchJobWithParameter.mjs loading successfully
[INFO] [2024-12-15 19:22:57:653] [api.js]: - GetSecret.mjs loading successfully
[INFO] [2024-12-15 19:22:57:654] [api.js]: - SaveBatchJobs.mjs loading successfully
[INFO] [2024-12-15 19:22:57:655] [api.js]: - SaveServiceInfo.mjs loading successfully
[INFO] [2024-12-15 19:22:57:656] [api.js]: - UpdateBatchJob.mjs loading successfully
[INFO] [2024-12-15 19:22:57:658] [api.js]: - AnalysisAndReportBatch.mjs loading successfully
[INFO] [2024-12-15 19:22:57:659] [api.js]: - APIQueryResume.mjs loading successfully
[INFO] [2024-12-15 19:22:57:659] [api.js]: - DecisionResumeEntry.mjs loading successfully
[INFO] [2024-12-15 19:22:57:660] [api.js]: - FindIpContext.mjs loading successfully
[INFO] [2024-12-15 19:22:57:662] [api.js]: - GetBatchCounter.mjs loading successfully
[INFO] [2024-12-15 19:22:57:662] [api.js]: - GetCounter.mjs loading successfully
[INFO] [2024-12-15 19:22:57:663] [api.js]: - GetResumeData.mjs loading successfully
[INFO] [2024-12-15 19:22:57:664] [api.js]: - QueryDecisionResume.mjs loading successfully
[INFO] [2024-12-15 19:22:57:666] [api.js]: - SaveDecisionResume.mjs loading successfully
[INFO] [2024-12-15 19:22:57:666] [api.js]: - SaveMail.mjs loading successfully
[INFO] [2024-12-15 19:22:57:667] [api.js]: - SearchMail.mjs loading successfully
[INFO] [2024-12-15 19:22:57:668] [api.js]: - UpdateBatchCounter.mjs loading successfully
[INFO] [2024-12-15 19:22:57:669] [api.js]: - UpdateCounter.mjs loading successfully
[INFO] [2024-12-15 19:22:57:670] [api.js]: - UpdateDecisionResume.mjs loading successfully
[INFO] [2024-12-15 19:22:57:671] [api.js]: - VerifyCaptcha.mjs loading successfully
[INFO] [2024-12-15 19:22:57:673] [api.js]: - CeyrekAltinBatch.mjs loading successfully
[INFO] [2024-12-15 19:22:57:674] [api.js]: - DovizKurlariBatch.mjs loading successfully
[INFO] [2024-12-15 19:22:57:675] [api.js]: - GetCurrencyWithName.mjs loading successfully
[INFO] [2024-12-15 19:22:57:676] [api.js]: - UpdateCurrency.mjs loading successfully
[INFO] [2024-12-15 19:22:57:678] [api.js]: - HtmlTemplateTest.mjs loading successfully
[INFO] [2024-12-15 19:22:57:680] [api.js]: - GenerateToken.mjs loading successfully
[INFO] [2024-12-15 19:22:57:682] [api.js]: - GenerateUniqueID.mjs loading successfully
[INFO] [2024-12-15 19:22:57:683] [api.js]: - IpService.mjs loading successfully
[INFO] [2024-12-15 19:22:57:684] [api.js]:
Success process: 78
Fail process: 0
Total Modules: 12
Total Service: 78
[INFO] [2024-12-15 19:22:57:685] [api.js]:
Module and service static check has been completed successfully.
[INFO] [2024-12-15 19:22:57:766] [PocketService.js]: Trigger : SaveServerInfo
[INFO] [2024-12-15 19:22:57:773] [PocketService.js]: Trigger : GetServerInfo
[INFO] [2024-12-15 19:22:57:836] [unknown]: Server is started on port 3000
[INFO] [2024-12-15 19:23:15:089] [api.js]: - CheckAbuseipAttacker.mjs loading successfully
[INFO] [2024-12-15 19:23:15:091] [api.js]: - CheckTokenEndpointAuth.mjs loading successfully
[INFO] [2024-12-15 19:23:15:093] [api.js]: - ControlUserPermissionToken.mjs loading successfully
[INFO] [2024-12-15 19:23:15:093] [api.js]: - DecisionRepetiteAttackRequest.mjs loading successfully
[INFO] [2024-12-15 19:23:15:094] [api.js]: - GetActiveRepetiteAttackRequest.mjs loading successfully
[INFO] [2024-12-15 19:23:15:096] [api.js]: - GetAllServerInfo.mjs loading successfully
[INFO] [2024-12-15 19:23:15:097] [api.js]: - GetBatchHealth.mjs loading successfully
[INFO] [2024-12-15 19:23:15:098] [api.js]: - GetEndpoints.mjs loading successfully
[INFO] [2024-12-15 19:23:15:098] [api.js]: - GetPermissionToken.mjs loading successfully
[INFO] [2024-12-15 19:23:15:099] [api.js]: - GetServerInfo.mjs loading successfully
[INFO] [2024-12-15 19:23:15:100] [api.js]: - GetUserService.mjs loading successfully
[INFO] [2024-12-15 19:23:15:101] [api.js]: - GetUserWithEmail.mjs loading successfully
[INFO] [2024-12-15 19:23:15:102] [api.js]: - GetUserWithUserId.mjs loading successfully
[INFO] [2024-12-15 19:23:15:103] [api.js]: - LoginService.mjs loading successfully
[INFO] [2024-12-15 19:23:15:104] [api.js]: - LogoutService.mjs loading successfully
[INFO] [2024-12-15 19:23:15:105] [api.js]: - SaveApiLog.mjs loading successfully
[INFO] [2024-12-15 19:23:15:106] [api.js]: - SaveRepetiteAttackRequest.mjs loading successfully
[INFO] [2024-12-15 19:23:15:107] [api.js]: - SaveServerInfo.mjs loading successfully
[INFO] [2024-12-15 19:23:15:108] [api.js]: - UpdatePermissionToken.mjs loading successfully
[INFO] [2024-12-15 19:23:15:109] [api.js]: - UpdateRepetiteAttackRequest.mjs loading successfully
[INFO] [2024-12-15 19:23:15:110] [api.js]: - UpdateUserService.mjs loading successfully
[INFO] [2024-12-15 19:23:15:112] [api.js]: - DashboardApi.mjs loading successfully
[INFO] [2024-12-15 19:23:15:113] [api.js]: - GetBatchInfo.mjs loading successfully
[INFO] [2024-12-15 19:23:15:114] [api.js]: - GetPocketLog.mjs loading successfully
[INFO] [2024-12-15 19:23:15:114] [api.js]: - LogProcess.mjs loading successfully
[INFO] [2024-12-15 19:23:15:117] [api.js]: - UpdateExchangeRate.mjs loading successfully
[INFO] [2024-12-15 19:23:15:119] [api.js]: - CheckOtpAndAccountActivate.mjs loading successfully
[INFO] [2024-12-15 19:23:15:120] [api.js]: - GetUserWithEmail.mjs loading successfully
[INFO] [2024-12-15 19:23:15:121] [api.js]: - LoginService.mjs loading successfully
[INFO] [2024-12-15 19:23:15:122] [api.js]: - PasswordResetSendOTP.mjs loading successfully
[INFO] [2024-12-15 19:23:15:122] [api.js]: - SaveUserService.mjs loading successfully
[INFO] [2024-12-15 19:23:15:123] [api.js]: - SignUpService.mjs loading successfully
[INFO] [2024-12-15 19:23:15:124] [api.js]: - UpdateUserWithEmail.mjs loading successfully
[INFO] [2024-12-15 19:23:15:127] [api.js]: - GetAccount.mjs loading successfully
[INFO] [2024-12-15 19:23:15:128] [api.js]: - Login.mjs loading successfully
[INFO] [2024-12-15 19:23:15:130] [api.js]: - CheckOTP.mjs loading successfully
[INFO] [2024-12-15 19:23:15:132] [api.js]: - CheckTOKEN.mjs loading successfully
[INFO] [2024-12-15 19:23:15:133] [api.js]: - GenerateOTP.mjs loading successfully
[INFO] [2024-12-15 19:23:15:134] [api.js]: - GetOTP.mjs loading successfully
[INFO] [2024-12-15 19:23:15:134] [api.js]: - GetTOKEN.mjs loading successfully
[INFO] [2024-12-15 19:23:15:135] [api.js]: - ITReportSender.mjs loading successfully
[INFO] [2024-12-15 19:23:15:136] [api.js]: - SaveOTP.mjs loading successfully
[INFO] [2024-12-15 19:23:15:137] [api.js]: - SendEmailActivation.mjs loading successfully
[INFO] [2024-12-15 19:23:15:138] [api.js]: - SendNotificationCode.mjs loading successfully
[INFO] [2024-12-15 19:23:15:139] [api.js]: - SendOTP.mjs loading successfully
[INFO] [2024-12-15 19:23:15:140] [api.js]: - SendResumeMail.mjs loading successfully
[INFO] [2024-12-15 19:23:15:141] [api.js]: - SendResumeMailForSuspicious.mjs loading successfully
[INFO] [2024-12-15 19:23:15:142] [api.js]: - UpdateOTP.mjs loading successfully
[INFO] [2024-12-15 19:23:15:143] [api.js]: - ValidateVerifyEmailToken.mjs loading successfully
[INFO] [2024-12-15 19:23:15:145] [api.js]: - GetBatchJobs.mjs loading successfully
[INFO] [2024-12-15 19:23:15:146] [api.js]: - GetBatchJobWithParameter.mjs loading successfully
[INFO] [2024-12-15 19:23:15:147] [api.js]: - GetSecret.mjs loading successfully
[INFO] [2024-12-15 19:23:15:148] [api.js]: - SaveBatchJobs.mjs loading successfully
[INFO] [2024-12-15 19:23:15:149] [api.js]: - SaveServiceInfo.mjs loading successfully
[INFO] [2024-12-15 19:23:15:149] [api.js]: - UpdateBatchJob.mjs loading successfully
[INFO] [2024-12-15 19:23:15:151] [api.js]: - AnalysisAndReportBatch.mjs loading successfully
[INFO] [2024-12-15 19:23:15:152] [api.js]: - APIQueryResume.mjs loading successfully
[INFO] [2024-12-15 19:23:15:153] [api.js]: - DecisionResumeEntry.mjs loading successfully
[INFO] [2024-12-15 19:23:15:154] [api.js]: - FindIpContext.mjs loading successfully
[INFO] [2024-12-15 19:23:15:155] [api.js]: - GetBatchCounter.mjs loading successfully
[INFO] [2024-12-15 19:23:15:156] [api.js]: - GetCounter.mjs loading successfully
[INFO] [2024-12-15 19:23:15:157] [api.js]: - GetResumeData.mjs loading successfully
[INFO] [2024-12-15 19:23:15:158] [api.js]: - QueryDecisionResume.mjs loading successfully
[INFO] [2024-12-15 19:23:15:159] [api.js]: - SaveDecisionResume.mjs loading successfully
[INFO] [2024-12-15 19:23:15:160] [api.js]: - SaveMail.mjs loading successfully
[INFO] [2024-12-15 19:23:15:161] [api.js]: - SearchMail.mjs loading successfully
[INFO] [2024-12-15 19:23:15:162] [api.js]: - UpdateBatchCounter.mjs loading successfully
[INFO] [2024-12-15 19:23:15:163] [api.js]: - UpdateCounter.mjs loading successfully
[INFO] [2024-12-15 19:23:15:163] [api.js]: - UpdateDecisionResume.mjs loading successfully
[INFO] [2024-12-15 19:23:15:164] [api.js]: - VerifyCaptcha.mjs loading successfully
[INFO] [2024-12-15 19:23:15:166] [api.js]: - CeyrekAltinBatch.mjs loading successfully
[INFO] [2024-12-15 19:23:15:167] [api.js]: - DovizKurlariBatch.mjs loading successfully
[INFO] [2024-12-15 19:23:15:167] [api.js]: - GetCurrencyWithName.mjs loading successfully
[INFO] [2024-12-15 19:23:15:168] [api.js]: - UpdateCurrency.mjs loading successfully
[INFO] [2024-12-15 19:23:15:170] [api.js]: - HtmlTemplateTest.mjs loading successfully
[INFO] [2024-12-15 19:23:15:172] [api.js]: - GenerateToken.mjs loading successfully
[INFO] [2024-12-15 19:23:15:175] [api.js]: - GenerateUniqueID.mjs loading successfully
[INFO] [2024-12-15 19:23:15:176] [api.js]: - IpService.mjs loading successfully
[INFO] [2024-12-15 19:23:15:177] [api.js]:
Success process: 78
Fail process: 0
Total Modules: 12
Total Service: 78
[INFO] [2024-12-15 19:23:15:178] [api.js]:
Module and service static check has been completed successfully.
[INFO] [2024-12-15 19:23:15:249] [PocketService.js]: Trigger : SaveServerInfo
[INFO] [2024-12-15 19:23:15:256] [PocketService.js]: Trigger : GetServerInfo
[INFO] [2024-12-15 19:23:15:318] [unknown]: Server is started on port 3000